07-18 06:53:34.542  2005  4941 I wm_pause_activity: [0,169667388,com.google.android.setupwizard/.WizardManagerActivity,userLeaving=true,resumeTopActivity]
07-18 06:53:34.551  2005  2160 I wm_finish_activity: [0,169667388,8,com.google.android.setupwizard/.WizardManagerActivity,app-request]
07-18 06:53:34.551  3101  3101 I wm_on_create_called: [169667388,com.google.android.setupwizard.WizardManagerActivity,performCreate]
07-18 06:53:34.559  2005  2159 I wm_add_to_stopping: [0,169667388,com.google.android.setupwizard/.WizardManagerActivity,completeFinishing]
07-18 06:53:34.561  2005  2055 I am_uid_active: 10198
07-18 06:53:34.568  2005  2159 I wm_add_to_stopping: [0,225435484,com.google.android.setupwizard/.user.WelcomeActivity,makeInvisible]
07-18 06:53:34.568  2005  2159 I wm_restart_activity: [0,180650517,8,com.google.android.setupwizard/.carrier.SimMissingActivity]
07-18 06:53:34.569  2005  2159 I wm_set_resumed_activity: [0,com.google.android.setupwizard/.carrier.SimMissingActivity,minimalResumeActivityLocked - onActivityStateChanged]
07-18 06:53:34.570  2005  2052 I sysui_multi_action: [757,803,799,window_time_0,802,0]
07-18 06:53:34.570  4827  4827 I service_manager_slow: [52,netstats]
07-18 06:53:34.575  2005  2049 I am_proc_bound: [0,5053,com.android.keychain]
07-18 06:53:34.584  2005  2062 I am_proc_start: [0,5104,1000,com.zebra.location,service,{com.zebra.location/com.zebra.location.ZebraRttLocationService}]
07-18 06:53:34.588  2005  2055 I wm_destroy_activity: [0,169667388,8,com.google.android.setupwizard/.WizardManagerActivity,finish-imm:idle]
07-18 06:53:34.590  2005  2055 I wm_destroy_activity: [0,50909802,8,com.google.android.setupwizard/.carrier.SlotsSelectionActivity,finish-imm:idle]
07-18 06:53:34.591  2005  2055 I wm_destroy_activity: [0,258860805,8,com.google.android.setupwizard/.WizardManagerActivity,finish-imm:idle]
07-18 06:53:34.592  2005  2055 I wm_destroy_activity: [0,46512233,8,com.google.android.setupwizard/.account.CheckUserUnlock,finish-imm:idle]
07-18 06:53:34.598  2005  2062 I am_proc_start: [0,5119,10084,com.android.managedprovisioning,broadcast,{com.android.managedprovisioning/com.android.managedprovisioning.ota.PreBootListener}]
07-18 06:53:34.604  2005  3118 I am_proc_bound: [0,5104,com.zebra.location]
07-18 06:53:34.633  2005  2062 I am_proc_start: [0,5130,10198,com.qualcomm.qti.performancemode,broadcast,{com.qualcomm.qti.performancemode/com.qualcomm.qti.performancemode.SystemEventReceiver}]
07-18 06:53:34.635  5047  5047 I service_manager_slow: [146,activity]
07-18 06:53:34.655  2005  2062 I am_proc_start: [0,5148,10141,com.google.process.gapps,content provider,{com.google.android.gsf/com.google.android.gsf.settings.GoogleSettingsProvider}]
07-18 06:53:34.656  2005  2160 I am_proc_bound: [0,5047,com.android.printspooler]
07-18 06:53:34.690  2005  2160 I am_uid_active: 10094
07-18 06:53:34.697  2005  3118 I wm_task_moved: [7,1,1]
07-18 06:53:34.697  2005  3118 I wm_task_moved: [8,1,2147483647]
07-18 06:53:34.697  2005  3118 I wm_create_activity: [0,124934437,8,com.google.android.setupwizard/.WizardManagerActivity,com.android.wizard.NEXT,NULL,NULL,8388608]
07-18 06:53:34.699  2005  3118 I wm_pause_activity: [0,180650517,com.google.android.setupwizard/.carrier.SimMissingActivity,userLeaving=true,resumeTopActivity]
07-18 06:53:34.701  2005  2159 I wm_finish_activity: [0,180650517,8,com.google.android.setupwizard/.carrier.SimMissingActivity,app-request]
07-18 06:53:34.701  3101  3101 I wm_on_create_called: [180650517,com.google.android.setupwizard.carrier.SimMissingActivity,performCreate]
07-18 06:53:34.704  3101  3101 I wm_on_destroy_called: [169667388,com.google.android.setupwizard.WizardManagerActivity,performDestroy]
07-18 06:53:34.704  3101  3101 I wm_on_destroy_called: [50909802,com.google.android.setupwizard.carrier.SlotsSelectionActivity,performDestroy]
07-18 06:53:34.704  3101  3101 I wm_on_destroy_called: [258860805,com.google.android.setupwizard.WizardManagerActivity,performDestroy]
07-18 06:53:34.704  3101  3101 I wm_on_destroy_called: [46512233,com.google.android.setupwizard.account.CheckUserUnlock,performDestroy]
07-18 06:53:34.706  2005  2752 I wm_add_to_stopping: [0,180650517,com.google.android.setupwizard/.carrier.SimMissingActivity,completeFinishing]
07-18 06:53:34.708  2005  2752 I wm_restart_activity: [0,124934437,8,com.google.android.setupwizard/.WizardManagerActivity]
07-18 06:53:34.708  2005  2752 I wm_set_resumed_activity: [0,com.google.android.setupwizard/.WizardManagerActivity,minimalResumeActivityLocked - onActivityStateChanged]
07-18 06:53:34.709  2005  2052 I sysui_multi_action: [757,803,799,window_time_0,802,0]
07-18 06:53:34.734  2005  4911 I am_proc_bound: [0,5130,com.qualcomm.qti.performancemode]
07-18 06:53:34.736  2005  4926 I wm_task_moved: [7,1,1]
07-18 06:53:34.737  2005  4926 I wm_task_moved: [8,1,2147483647]
07-18 06:53:34.737  2005  4926 I wm_create_activity: [0,16811690,8,com.google.android.setupwizard/.carrier.SimReadyActivity,com.android.setupwizard.SIM_READY,NULL,NULL,67108864]
07-18 06:53:34.737  2005  4926 I wm_pause_activity: [0,124934437,com.google.android.setupwizard/.WizardManagerActivity,userLeaving=true,resumeTopActivity]
07-18 06:53:34.746  2005  2049 I wm_finish_activity: [0,124934437,8,com.google.android.setupwizard/.WizardManagerActivity,app-request]
07-18 06:53:34.747  3101  3101 I wm_on_create_called: [124934437,com.google.android.setupwizard.WizardManagerActivity,performCreate]
07-18 06:53:34.750  2005  4911 I wm_add_to_stopping: [0,124934437,com.google.android.setupwizard/.WizardManagerActivity,makeInvisible]
07-18 06:53:34.750  2005  4911 I wm_add_to_stopping: [0,225435484,com.google.android.setupwizard/.user.WelcomeActivity,makeInvisible]
07-18 06:53:34.753  4794  4794 I service_manager_slow: [27,netstats]
07-18 06:53:34.763  2005  3118 I wm_restart_activity: [0,16811690,8,com.google.android.setupwizard/.carrier.SimReadyActivity]
07-18 06:53:34.764  2005  3118 I wm_set_resumed_activity: [0,com.google.android.setupwizard/.carrier.SimReadyActivity,minimalResumeActivityLocked - onActivityStateChanged]
07-18 06:53:34.768  2005  2052 I sysui_multi_action: [757,803,799,window_time_0,802,0]
07-18 06:53:34.778  2005  2159 I am_proc_bound: [0,5148,com.google.process.gapps]
07-18 06:53:34.783  5104  5104 I service_manager_slow: [20,vendor.perfservice]
07-18 06:53:34.785  5053  5053 I service_manager_slow: [32,netstats]
07-18 06:53:34.786  2005  5026 I am_proc_bound: [0,5119,com.android.managedprovisioning]
07-18 06:53:34.788  2005  4926 I wm_task_moved: [7,1,1]
07-18 06:53:34.788  2005  4926 I wm_task_moved: [8,1,2147483647]
07-18 06:53:34.788  2005  4926 I wm_create_activity: [0,196491453,8,com.google.android.setupwizard/.WizardManagerActivity,com.android.wizard.NEXT,NULL,NULL,8388608]
07-18 06:53:34.789  2005  4926 I wm_pause_activity: [0,16811690,com.google.android.setupwizard/.carrier.SimReadyActivity,userLeaving=true,resumeTopActivity]
07-18 06:53:34.791  2005  3492 I wm_finish_activity: [0,16811690,8,com.google.android.setupwizard/.carrier.SimReadyActivity,app-request]
07-18 06:53:34.791  3101  3101 I wm_on_create_called: [16811690,com.google.android.setupwizard.carrier.SimReadyActivity,performCreate]
07-18 06:53:34.791  5189  5189 I service_manager_slow: [59,activity]
07-18 06:53:34.794  2005  4926 I wm_add_to_stopping: [0,16811690,com.google.android.setupwizard/.carrier.SimReadyActivity,completeFinishing]
07-18 06:53:34.795  2005  4926 I wm_restart_activity: [0,196491453,8,com.google.android.setupwizard/.WizardManagerActivity]
07-18 06:53:34.796  2005  4926 I wm_set_resumed_activity: [0,com.google.android.setupwizard/.WizardManagerActivity,minimalResumeActivityLocked - onActivityStateChanged]
07-18 06:53:34.796  2005  2052 I sysui_multi_action: [757,803,799,window_time_0,802,0]
07-18 06:53:34.807  2005  2062 I am_proc_start: [0,5189,10057,android.process.acore,content provider,{com.android.providers.contacts/com.android.providers.contacts.ContactsProvider2}]
07-18 06:53:34.808  2005  4911 I wm_task_moved: [7,1,1]
07-18 06:53:34.808  2005  4911 I wm_task_moved: [8,1,2147483647]
07-18 06:53:34.809  2005  4911 I wm_create_activity: [0,265014061,8,com.google.android.setupwizard/.carrier.CarrierSetupWrapper,com.android.setupwizard.CARRIER_SETUP,NULL,NULL,67108864]
07-18 06:53:34.810  2005  4911 I wm_pause_activity: [0,196491453,com.google.android.setupwizard/.WizardManagerActivity,userLeaving=true,resumeTopActivity]
07-18 06:53:34.817  2005  4911 I wm_finish_activity: [0,196491453,8,com.google.android.setupwizard/.WizardManagerActivity,app-request]
07-18 06:53:34.817  3101  3101 I wm_on_create_called: [196491453,com.google.android.setupwizard.WizardManagerActivity,performCreate]
07-18 06:53:34.819  2005  2159 I am_proc_bound: [0,5189,android.process.acore]
07-18 06:53:34.821  2005  2159 I wm_add_to_stopping: [0,196491453,com.google.android.setupwizard/.WizardManagerActivity,makeInvisible]
07-18 06:53:34.821  2005  2159 I wm_add_to_stopping: [0,225435484,com.google.android.setupwizard/.user.WelcomeActivity,makeInvisible]
07-18 06:53:34.822  2005  2159 I am_uid_active: 10057
07-18 06:53:34.830  2005  2159 I wm_restart_activity: [0,265014061,8,com.google.android.setupwizard/.carrier.CarrierSetupWrapper]
07-18 06:53:34.831  2005  2159 I wm_set_resumed_activity: [0,com.google.android.setupwizard/.carrier.CarrierSetupWrapper,minimalResumeActivityLocked - onActivityStateChanged]
07-18 06:53:34.832  2005  2052 I sysui_multi_action: [757,803,799,window_time_0,802,0]
07-18 06:53:34.848  2005  2802 I wm_task_moved: [7,1,1]
07-18 06:53:34.848  2005  2802 I wm_task_moved: [8,1,2147483647]
07-18 06:53:34.848  2005  2802 I wm_create_activity: [0,116316207,8,com.google.android.setupwizard/.WizardManagerActivity,com.android.wizard.NEXT,NULL,NULL,8388608]
07-18 06:53:34.849  2005  2802 I wm_pause_activity: [0,265014061,com.google.android.setupwizard/.carrier.CarrierSetupWrapper,userLeaving=true,resumeTopActivity]
07-18 06:53:34.853  2005  2055 I wm_destroy_activity: [0,196491453,8,com.google.android.setupwizard/.WizardManagerActivity,finish-imm:idle]
07-18 06:53:34.854  2005  2055 I wm_destroy_activity: [0,16811690,8,com.google.android.setupwizard/.carrier.SimReadyActivity,finish-imm:idle]
07-18 06:53:34.856  2005  2055 I wm_destroy_activity: [0,124934437,8,com.google.android.setupwizard/.WizardManagerActivity,finish-imm:idle]
07-18 06:53:34.857  2005  2055 I wm_destroy_activity: [0,180650517,8,com.google.android.setupwizard/.carrier.SimMissingActivity,finish-imm:idle]
07-18 06:53:34.860  2005  3492 I wm_finish_activity: [0,265014061,8,com.google.android.setupwizard/.carrier.CarrierSetupWrapper,app-request]
07-18 06:53:34.860  3101  3101 I wm_on_create_called: [265014061,com.google.android.setupwizard.carrier.CarrierSetupWrapper,performCreate]
07-18 06:53:34.863  2005  2802 I wm_add_to_stopping: [0,265014061,com.google.android.setupwizard/.carrier.CarrierSetupWrapper,completeFinishing]
07-18 06:53:34.864  2005  2802 I wm_restart_activity: [0,116316207,8,com.google.android.setupwizard/.WizardManagerActivity]
07-18 06:53:34.865  2005  2802 I wm_set_resumed_activity: [0,com.google.android.setupwizard/.WizardManagerActivity,minimalResumeActivityLocked - onActivityStateChanged]
07-18 06:53:34.870  2005  2052 I sysui_multi_action: [757,803,799,window_time_0,802,0]
07-18 06:53:34.874  3101  3101 I wm_on_destroy_called: [196491453,com.google.android.setupwizard.WizardManagerActivity,performDestroy]
07-18 06:53:34.874  3101  3101 I wm_on_destroy_called: [16811690,com.google.android.setupwizard.carrier.SimReadyActivity,performDestroy]
07-18 06:53:34.874  3101  3101 I wm_on_destroy_called: [124934437,com.google.android.setupwizard.WizardManagerActivity,performDestroy]
07-18 06:53:34.874  3101  3101 I wm_on_destroy_called: [180650517,com.google.android.setupwizard.carrier.SimMissingActivity,performDestroy]
07-18 06:53:34.887  2005  4940 I sysui_multi_action: [757,856,758,1,806,com.android.printspooler,857,PRINT_PROGRESS,858,2]
07-18 06:53:34.894  2005  4940 I wm_task_moved: [7,1,1]
07-18 06:53:34.894  2005  4940 I wm_task_moved: [8,1,2147483647]
07-18 06:53:34.894  2005  4940 I wm_create_activity: [0,46292759,8,com.google.android.setupwizard/.carrier.SimSetupActivity,com.android.setupwizard.SIM_SETUP,NULL,NULL,67108864]
07-18 06:53:34.895  2005  4940 I wm_pause_activity: [0,116316207,com.google.android.setupwizard/.WizardManagerActivity,userLeaving=true,resumeTopActivity]
07-18 06:53:34.898  2005  4911 I sysui_multi_action: [757,856,758,1,806,com.android.printspooler,857,PRINT_FAILURES,858,3]
07-18 06:53:34.902  2005  4926 I wm_finish_activity: [0,116316207,8,com.google.android.setupwizard/.WizardManagerActivity,app-request]
07-18 06:53:34.902  3101  3101 I wm_on_create_called: [116316207,com.google.android.setupwizard.WizardManagerActivity,performCreate]
07-18 06:53:34.905  5104  5104 I service_manager_slow: [36,netstats]
07-18 06:53:34.906  2005  2159 I wm_add_to_stopping: [0,116316207,com.google.android.setupwizard/.WizardManagerActivity,completeFinishing]
07-18 06:53:34.907  2005  2159 I wm_add_to_stopping: [0,225435484,com.google.android.setupwizard/.user.WelcomeActivity,makeInvisible]
07-18 06:53:34.907  2005  2159 I wm_restart_activity: [0,46292759,8,com.google.android.setupwizard/.carrier.SimSetupActivity]
07-18 06:53:34.908  2005  2159 I wm_set_resumed_activity: [0,com.google.android.setupwizard/.carrier.SimSetupActivity,minimalResumeActivityLocked - onActivityStateChanged]
07-18 06:53:34.909  2005  2052 I sysui_multi_action: [757,803,799,window_time_0,802,0]
07-18 06:53:34.913  2005  2062 I am_proc_start: [0,5244,10149,com.google.android.googlequicksearchbox:search,service,{com.google.android.googlequicksearchbox/com.google.android.hotword.service.HotwordService}]
07-18 06:53:34.939  2005  2802 I wm_task_moved: [7,1,1]
07-18 06:53:34.939  2005  2802 I wm_task_moved: [8,1,2147483647]
07-18 06:53:34.939  2005  2802 I wm_create_activity: [0,84623761,8,com.google.android.setupwizard/.WizardManagerActivity,com.android.wizard.NEXT,NULL,NULL,8388608]
07-18 06:53:34.940  2005  2802 I wm_pause_activity: [0,46292759,com.google.android.setupwizard/.carrier.SimSetupActivity,userLeaving=true,resumeTopActivity]
07-18 06:53:34.942  2005  4942 I wm_finish_activity: [0,46292759,8,com.google.android.setupwizard/.carrier.SimSetupActivity,app-request]
07-18 06:53:34.943  3101  3101 I wm_on_create_called: [46292759,com.google.android.setupwizard.carrier.SimSetupActivity,performCreate]
07-18 06:53:34.951  2005  3583 I wm_add_to_stopping: [0,46292759,com.google.android.setupwizard/.carrier.SimSetupActivity,completeFinishing]
07-18 06:53:34.953  2005  3583 I wm_restart_activity: [0,84623761,8,com.google.android.setupwizard/.WizardManagerActivity]
07-18 06:53:34.953  2005  3583 I wm_set_resumed_activity: [0,com.google.android.setupwizard/.WizardManagerActivity,minimalResumeActivityLocked - onActivityStateChanged]
07-18 06:53:34.954  2005  2052 I sysui_multi_action: [757,803,799,window_time_0,802,0]
07-18 06:53:34.956  2005  2055 I wm_destroy_activity: [0,46292759,8,com.google.android.setupwizard/.carrier.SimSetupActivity,finish-imm:idle]
07-18 06:53:34.957  2005  2055 I wm_destroy_activity: [0,116316207,8,com.google.android.setupwizard/.WizardManagerActivity,finish-imm:idle]
07-18 06:53:34.959  2005  2055 I wm_destroy_activity: [0,265014061,8,com.google.android.setupwizard/.carrier.CarrierSetupWrapper,finish-imm:idle]
07-18 06:53:34.968  2005  3492 I wm_task_moved: [7,1,1]
07-18 06:53:34.968  2005  3492 I wm_task_moved: [8,1,2147483647]
07-18 06:53:34.968  2005  3492 I wm_create_activity: [0,41342716,8,com.google.android.setupwizard/.user.DeviceOwnerWarningActivity,com.google.android.setupwizard.DEVICE_OWNER_WARNING,NULL,NULL,67108864]
07-18 06:53:34.969  2005  3492 I wm_pause_activity: [0,84623761,com.google.android.setupwizard/.WizardManagerActivity,userLeaving=true,resumeTopActivity]
07-18 06:53:34.976  2005  3121 I wm_finish_activity: [0,84623761,8,com.google.android.setupwizard/.WizardManagerActivity,app-request]
07-18 06:53:34.976  3101  3101 I wm_on_create_called: [84623761,com.google.android.setupwizard.WizardManagerActivity,performCreate]
07-18 06:53:34.993  2005  4911 I am_proc_bound: [0,5244,com.google.android.googlequicksearchbox:search]
07-18 06:53:35.002  2005  2054 I commit_sys_config_file: [jobs,1]
07-18 06:53:35.006  3101  3101 I wm_on_destroy_called: [46292759,com.google.android.setupwizard.carrier.SimSetupActivity,performDestroy]
07-18 06:53:35.007  3101  3101 I wm_on_destroy_called: [116316207,com.google.android.setupwizard.WizardManagerActivity,performDestroy]
07-18 06:53:35.007  3101  3101 I wm_on_destroy_called: [265014061,com.google.android.setupwizard.carrier.CarrierSetupWrapper,performDestroy]
07-18 06:53:35.013  2005  4911 I wm_add_to_stopping: [0,84623761,com.google.android.setupwizard/.WizardManagerActivity,makeInvisible]
07-18 06:53:35.014  2005  4911 I wm_add_to_stopping: [0,225435484,com.google.android.setupwizard/.user.WelcomeActivity,makeInvisible]
07-18 06:53:35.017  2005  2049 I wm_restart_activity: [0,41342716,8,com.google.android.setupwizard/.user.DeviceOwnerWarningActivity]
07-18 06:53:35.018  2005  2049 I wm_set_resumed_activity: [0,com.google.android.setupwizard/.user.DeviceOwnerWarningActivity,minimalResumeActivityLocked - onActivityStateChanged]
07-18 06:53:35.020  2005  2052 I sysui_multi_action: [757,803,799,window_time_0,802,0]
07-18 06:53:35.023  2005  2055 I wm_destroy_activity: [0,84623761,8,com.google.android.setupwizard/.WizardManagerActivity,finish-imm:idle]
07-18 06:53:35.058  2005  4941 I wm_task_moved: [7,1,1]
07-18 06:53:35.058  2005  4941 I wm_task_moved: [8,1,2147483647]
07-18 06:53:35.058  2005  4941 I wm_create_activity: [0,200965004,8,com.google.android.setupwizard/.WizardManagerActivity,com.android.wizard.NEXT,NULL,NULL,8388608]
07-18 06:53:35.059  2005  4941 I wm_pause_activity: [0,41342716,com.google.android.setupwizard/.user.DeviceOwnerWarningActivity,userLeaving=true,resumeTopActivity]
07-18 06:53:35.062  2005  2159 I wm_finish_activity: [0,41342716,8,com.google.android.setupwizard/.user.DeviceOwnerWarningActivity,app-request]
07-18 06:53:35.063  3101  3101 I wm_on_create_called: [41342716,com.google.android.setupwizard.user.DeviceOwnerWarningActivity,performCreate]
07-18 06:53:35.065  3101  3101 I wm_on_destroy_called: [84623761,com.google.android.setupwizard.WizardManagerActivity,performDestroy]
07-18 06:53:35.073  2005  2752 I wm_add_to_stopping: [0,41342716,com.google.android.setupwizard/.user.DeviceOwnerWarningActivity,completeFinishing]
07-18 06:53:35.076  2005  2752 I wm_restart_activity: [0,200965004,8,com.google.android.setupwizard/.WizardManagerActivity]
07-18 06:53:35.078  2005  2752 I wm_set_resumed_activity: [0,com.google.android.setupwizard/.WizardManagerActivity,minimalResumeActivityLocked - onActivityStateChanged]
07-18 06:53:35.080  2005  2052 I sysui_multi_action: [757,803,799,window_time_0,802,0]
07-18 06:53:35.112  2005  3121 I am_uid_running: 10114
07-18 06:53:35.128  2005  2181 I am_compact: [5053,com.android.keychain,anon,92248,45324,46228,0,-3480,44,-3524,3524,156,0,0,905,19,3129340,-3840]
07-18 06:53:35.134  2005  3118 I wm_task_moved: [7,1,1]
07-18 06:53:35.134  2005  3118 I wm_task_moved: [8,1,2147483647]
07-18 06:53:35.134  2005  3118 I wm_create_activity: [0,210785943,8,com.google.android.setupwizard/.account.CheckFrp,com.google.android.setupwizard.CHECK_FRP,NULL,NULL,67108864]
07-18 06:53:35.135  2005  3118 I wm_pause_activity: [0,200965004,com.google.android.setupwizard/.WizardManagerActivity,userLeaving=true,resumeTopActivity]
07-18 06:53:35.142  2005  4926 I wm_finish_activity: [0,200965004,8,com.google.android.setupwizard/.WizardManagerActivity,app-request]
07-18 06:53:35.144  3101  3101 I wm_on_create_called: [200965004,com.google.android.setupwizard.WizardManagerActivity,performCreate]
07-18 06:53:35.146  2005  2054 I commit_sys_config_file: [notification-policy,8920]
07-18 06:53:35.149  2005  4940 I am_uid_running: 10050
07-18 06:53:35.156  2005  2086 I am_uid_stopped: 10198
07-18 06:53:35.158  2005  2086 I am_kill : [0,5130,com.qualcomm.qti.performancemode,0,change com.qualcomm.qti.performancemode]
07-18 06:53:35.159  2005  3118 I wm_add_to_stopping: [0,200965004,com.google.android.setupwizard/.WizardManagerActivity,completeFinishing]
07-18 06:53:35.164  2005  3118 I wm_add_to_stopping: [0,225435484,com.google.android.setupwizard/.user.WelcomeActivity,makeInvisible]
07-18 06:53:35.164  2005  3118 I wm_restart_activity: [0,210785943,8,com.google.android.setupwizard/.account.CheckFrp]
07-18 06:53:35.166  2005  3118 I wm_set_resumed_activity: [0,com.google.android.setupwizard/.account.CheckFrp,minimalResumeActivityLocked - onActivityStateChanged]
07-18 06:53:35.167  2005  2052 I sysui_multi_action: [757,803,799,window_time_0,802,0]
07-18 06:53:35.171  2005  2086 I am_broadcast_discard_app: [0,33091742,android.intent.action.LOCKED_BOOT_COMPLETED,22,ResolveInfo{d64a938 com.qualcomm.qti.performancemode/.SystemEventReceiver m=0x108000}]
07-18 06:53:35.194  2005  2062 I am_proc_start: [0,5300,10114,com.zebra.valueadd.enfc,service,{com.zebra.valueadd.enfc/com.zebra.valueadd.enfc.ENFCSettingsService}]
07-18 06:53:35.233  3101  3101 I wm_on_create_called: [210785943,com.google.android.setupwizard.account.CheckFrp,performCreate]
07-18 06:53:35.238  2005  4940 I wm_task_moved: [7,1,1]
07-18 06:53:35.238  2005  4940 I wm_task_moved: [8,1,2147483647]
07-18 06:53:35.238  2005  4940 I wm_create_activity: [0,42805682,8,com.google.android.setupwizard/.WizardManagerActivity,com.android.wizard.NEXT,NULL,NULL,8388608]
07-18 06:53:35.244  2005  4940 I wm_pause_activity: [0,210785943,com.google.android.setupwizard/.account.CheckFrp,userLeaving=true,resumeTopActivity]
07-18 06:53:35.248  2005  4954 I wm_finish_activity: [0,210785943,8,com.google.android.setupwizard/.account.CheckFrp,app-request]
07-18 06:53:35.252  2005  2752 I wm_add_to_stopping: [0,210785943,com.google.android.setupwizard/.account.CheckFrp,completeFinishing]
07-18 06:53:35.254  2005  2752 I wm_restart_activity: [0,42805682,8,com.google.android.setupwizard/.WizardManagerActivity]
07-18 06:53:35.254  2005  2752 I wm_set_resumed_activity: [0,com.google.android.setupwizard/.WizardManagerActivity,minimalResumeActivityLocked - onActivityStateChanged]
07-18 06:53:35.266  2005  2753 I wm_task_moved: [7,1,1]
07-18 06:53:35.266  2005  2753 I wm_task_moved: [8,1,2147483647]
07-18 06:53:35.266  2005  2753 I wm_create_activity: [0,217653206,8,com.google.android.setupwizard/.quickstart.CheckQuickStartActivity,com.android.setupwizard.CHECK_QUICK_START,NULL,NULL,67108864]
07-18 06:53:35.267  2005  2753 I wm_pause_activity: [0,42805682,com.google.android.setupwizard/.WizardManagerActivity,userLeaving=true,resumeTopActivity]
07-18 06:53:35.271  2005  2802 I am_proc_bound: [0,5300,com.zebra.valueadd.enfc]
07-18 06:53:35.274  2005  2050 I wm_finish_activity: [0,42805682,8,com.google.android.setupwizard/.WizardManagerActivity,app-request]
07-18 06:53:35.274  3101  3101 I wm_on_create_called: [42805682,com.google.android.setupwizard.WizardManagerActivity,performCreate]
07-18 06:53:35.275  2005  2802 I wm_add_to_stopping: [0,42805682,com.google.android.setupwizard/.WizardManagerActivity,makeInvisible]
07-18 06:53:35.276  2005  2802 I wm_add_to_stopping: [0,225435484,com.google.android.setupwizard/.user.WelcomeActivity,makeInvisible]
07-18 06:53:35.276  2005  2802 I am_uid_active: 10114
07-18 06:53:35.278  2005  2052 I sysui_multi_action: [757,803,799,window_time_0,802,0]
07-18 06:53:35.283  2005  3492 I wm_restart_activity: [0,217653206,8,com.google.android.setupwizard/.quickstart.CheckQuickStartActivity]
07-18 06:53:35.284  2005  3492 I wm_set_resumed_activity: [0,com.google.android.setupwizard/.quickstart.CheckQuickStartActivity,minimalResumeActivityLocked - onActivityStateChanged]
07-18 06:53:35.287  2005  2055 I wm_destroy_activity: [0,42805682,8,com.google.android.setupwizard/.WizardManagerActivity,finish-imm:idle]
07-18 06:53:35.287  2005  2055 I wm_destroy_activity: [0,210785943,8,com.google.android.setupwizard/.account.CheckFrp,finish-imm:idle]
07-18 06:53:35.288  2005  2055 I wm_destroy_activity: [0,200965004,8,com.google.android.setupwizard/.WizardManagerActivity,finish-imm:idle]
07-18 06:53:35.288  2005  2055 I wm_destroy_activity: [0,41342716,8,com.google.android.setupwizard/.user.DeviceOwnerWarningActivity,finish-imm:idle]
07-18 06:53:35.289  2005  2062 I am_proc_start: [0,5327,10050,android.process.media,content provider,{com.android.providers.media/com.android.providers.media.LegacyMediaProvider}]
07-18 06:53:35.308  2005  2181 I am_compact: [5148,com.google.process.gapps,anon,97120,49888,46528,0,44,44,0,0,20,0,0,905,5,3126268,256]
07-18 06:53:35.321  2005  2159 I am_proc_bound: [0,5327,android.process.media]
07-18 06:53:35.324  2005  2050 I wm_task_moved: [7,1,1]
07-18 06:53:35.325  2005  2050 I wm_task_moved: [8,1,2147483647]
07-18 06:53:35.325  2005  2050 I wm_create_activity: [0,232577138,8,com.google.android.setupwizard/.WizardManagerActivity,com.android.wizard.NEXT,NULL,NULL,8388608]
07-18 06:53:35.325  2005  2052 I sysui_multi_action: [757,803,799,window_time_0,802,0]
07-18 06:53:35.326  2005  2050 I wm_pause_activity: [0,217653206,com.google.android.setupwizard/.quickstart.CheckQuickStartActivity,userLeaving=true,resumeTopActivity]
07-18 06:53:35.331  2005  4911 I wm_finish_activity: [0,217653206,8,com.google.android.setupwizard/.quickstart.CheckQuickStartActivity,app-request]
07-18 06:53:35.333  3101  3101 I wm_on_create_called: [217653206,com.google.android.setupwizard.quickstart.CheckQuickStartActivity,performCreate]
07-18 06:53:35.337  2005  2159 I am_uid_active: 10050
07-18 06:53:35.337  3101  3101 I wm_on_destroy_called: [42805682,com.google.android.setupwizard.WizardManagerActivity,performDestroy]
07-18 06:53:35.337  3101  3101 I wm_on_destroy_called: [210785943,com.google.android.setupwizard.account.CheckFrp,performDestroy]
07-18 06:53:35.338  3101  3101 I wm_on_destroy_called: [200965004,com.google.android.setupwizard.WizardManagerActivity,performDestroy]
07-18 06:53:35.338  3101  3101 I wm_on_destroy_called: [41342716,com.google.android.setupwizard.user.DeviceOwnerWarningActivity,performDestroy]
07-18 06:53:35.349  2005  2061 I am_uid_running: 10200
07-18 06:53:35.349  2005  4954 I wm_add_to_stopping: [0,217653206,com.google.android.setupwizard/.quickstart.CheckQuickStartActivity,completeFinishing]
07-18 06:53:35.350  2005  4954 I wm_restart_activity: [0,232577138,8,com.google.android.setupwizard/.WizardManagerActivity]
07-18 06:53:35.351  2005  4954 I wm_set_resumed_activity: [0,com.google.android.setupwizard/.WizardManagerActivity,minimalResumeActivityLocked - onActivityStateChanged]
07-18 06:53:35.351  2005  2052 I sysui_multi_action: [757,803,799,window_time_0,802,1]
07-18 06:53:35.364  2005  4926 I wm_finish_activity: [0,232577138,8,com.google.android.setupwizard/.WizardManagerActivity,clear-task-top]
07-18 06:53:35.365  2005  4926 I wm_pause_activity: [0,232577138,com.google.android.setupwizard/.WizardManagerActivity,userLeaving=false,finish]
07-18 06:53:35.367  2005  4926 I wm_task_moved: [7,1,1]
07-18 06:53:35.367  2005  4926 I wm_task_moved: [8,1,2147483647]
07-18 06:53:35.367  2005  4926 I wm_create_activity: [0,4182037,8,com.google.android.setupwizard/.WizardManagerActivity,com.android.wizard.LOAD,NULL,NULL,75497472]
07-18 06:53:35.370  3101  3101 I wm_on_create_called: [232577138,com.google.android.setupwizard.WizardManagerActivity,performCreate]
07-18 06:53:35.378  2005  5026 I wm_add_to_stopping: [0,232577138,com.google.android.setupwizard/.WizardManagerActivity,completeFinishing]
07-18 06:53:35.379  2005  5026 I wm_restart_activity: [0,4182037,8,com.google.android.setupwizard/.WizardManagerActivity]
07-18 06:53:35.380  2005  5026 I wm_set_resumed_activity: [0,com.google.android.setupwizard/.WizardManagerActivity,minimalResumeActivityLocked - onActivityStateChanged]
07-18 06:53:35.381  2005  2052 I sysui_multi_action: [757,803,799,window_time_0,802,0]
07-18 06:53:35.393  2005  5026 I wm_task_moved: [7,1,1]
07-18 06:53:35.393  2005  5026 I wm_task_moved: [8,1,2147483647]
07-18 06:53:35.393  2005  5026 I wm_create_activity: [0,131680050,8,com.google.android.setupwizard/.network.ProvisioningProfileCheckerFragment,com.android.setupwizard.PROV_PROFILE_CHECKING,NULL,NULL,67108864]
07-18 06:53:35.398  2005  5026 I wm_pause_activity: [0,4182037,com.google.android.setupwizard/.WizardManagerActivity,userLeaving=true,resumeTopActivity]
07-18 06:53:35.404  2005  4942 I wm_finish_activity: [0,4182037,8,com.google.android.setupwizard/.WizardManagerActivity,app-request]
07-18 06:53:35.404  3101  3101 I wm_on_create_called: [4182037,com.google.android.setupwizard.WizardManagerActivity,performCreate]
07-18 06:53:35.407  2005  4911 I wm_add_to_stopping: [0,4182037,com.google.android.setupwizard/.WizardManagerActivity,completeFinishing]
07-18 06:53:35.425  2005  2062 I am_proc_start: [0,5376,10200,com.qualcomm.qti.powersavemode,broadcast,{com.qualcomm.qti.powersavemode/com.qualcomm.qti.powersavemode.SystemEventReceiver}]
07-18 06:53:35.425  2005  4911 I wm_add_to_stopping: [0,225435484,com.google.android.setupwizard/.user.WelcomeActivity,makeInvisible]
07-18 06:53:35.425  2005  4911 I wm_restart_activity: [0,131680050,8,com.google.android.setupwizard/.network.ProvisioningProfileCheckerFragment]
07-18 06:53:35.426  2005  4911 I wm_set_resumed_activity: [0,com.google.android.setupwizard/.network.ProvisioningProfileCheckerFragment,minimalResumeActivityLocked - onActivityStateChanged]
07-18 06:53:35.427  2005  2052 I sysui_multi_action: [757,803,799,window_time_0,802,0]
07-18 06:53:35.429  2005  2005 I notification_cancel_all: [1000,2005,com.zebra.location,0,0,0,20,NULL]
07-18 06:53:35.429  2005  2055 I wm_destroy_activity: [0,4182037,8,com.google.android.setupwizard/.WizardManagerActivity,finish-imm:idle]
07-18 06:53:35.430  2005  2055 I wm_destroy_activity: [0,232577138,8,com.google.android.setupwizard/.WizardManagerActivity,finish-imm:idle]
07-18 06:53:35.430  2005  2055 I wm_destroy_activity: [0,217653206,8,com.google.android.setupwizard/.quickstart.CheckQuickStartActivity,finish-imm:idle]
07-18 06:53:35.432  2005  2055 I am_uid_active: 10200
07-18 06:53:35.453  3101  3101 I wm_on_create_called: [131680050,com.google.android.setupwizard.network.ProvisioningProfileCheckerFragment,performCreate]
07-18 06:53:35.457  2005  2802 I wm_task_moved: [7,1,1]
07-18 06:53:35.457  2005  2802 I wm_task_moved: [8,1,2147483647]
07-18 06:53:35.457  2005  2802 I wm_create_activity: [0,237790452,8,com.google.android.setupwizard/.WizardManagerActivity,com.android.wizard.NEXT,NULL,NULL,8388608]
07-18 06:53:35.459  2005  2802 I wm_pause_activity: [0,131680050,com.google.android.setupwizard/.network.ProvisioningProfileCheckerFragment,userLeaving=true,resumeTopActivity]
07-18 06:53:35.461  2005  4942 I wm_finish_activity: [0,131680050,8,com.google.android.setupwizard/.network.ProvisioningProfileCheckerFragment,app-request]
07-18 06:53:35.464  3101  3101 I wm_on_destroy_called: [4182037,com.google.android.setupwizard.WizardManagerActivity,performDestroy]
07-18 06:53:35.464  3101  3101 I wm_on_destroy_called: [232577138,com.google.android.setupwizard.WizardManagerActivity,performDestroy]
07-18 06:53:35.464  3101  3101 I wm_on_destroy_called: [217653206,com.google.android.setupwizard.quickstart.CheckQuickStartActivity,performDestroy]
07-18 06:53:35.468  2005  4954 I wm_add_to_stopping: [0,131680050,com.google.android.setupwizard/.network.ProvisioningProfileCheckerFragment,completeFinishing]
07-18 06:53:35.474  2005  4954 I wm_restart_activity: [0,237790452,8,com.google.android.setupwizard/.WizardManagerActivity]
07-18 06:53:35.477  2005  4954 I wm_set_resumed_activity: [0,com.google.android.setupwizard/.WizardManagerActivity,minimalResumeActivityLocked - onActivityStateChanged]
07-18 06:53:35.479  2005  2052 I sysui_multi_action: [757,803,799,window_time_0,802,0]
07-18 06:53:35.499  2005  2731 I am_proc_bound: [0,5376,com.qualcomm.qti.powersavemode]
07-18 06:53:35.502  2005  4968 I wm_task_moved: [7,1,1]
07-18 06:53:35.502  2005  4968 I wm_task_moved: [8,1,2147483647]
07-18 06:53:35.502  2005  4968 I wm_create_activity: [0,156727362,8,com.google.android.setupwizard/.network.NetworkActivity,com.android.setupwizard.NETWORK_SETTINGS,NULL,NULL,67108864]
07-18 06:53:35.503  2005  4968 I wm_pause_activity: [0,237790452,com.google.android.setupwizard/.WizardManagerActivity,userLeaving=true,resumeTopActivity]
07-18 06:53:35.507  2005  4926 I wm_finish_activity: [0,237790452,8,com.google.android.setupwizard/.WizardManagerActivity,app-request]
07-18 06:53:35.507  3101  3101 I wm_on_create_called: [237790452,com.google.android.setupwizard.WizardManagerActivity,performCreate]
07-18 06:53:35.508  2005  2731 I wm_add_to_stopping: [0,237790452,com.google.android.setupwizard/.WizardManagerActivity,makeInvisible]
07-18 06:53:35.509  2005  2731 I wm_add_to_stopping: [0,225435484,com.google.android.setupwizard/.user.WelcomeActivity,makeInvisible]
07-18 06:53:35.510  2005  4926 I wm_restart_activity: [0,156727362,8,com.google.android.setupwizard/.network.NetworkActivity]
07-18 06:53:35.511  2005  4926 I wm_set_resumed_activity: [0,com.google.android.setupwizard/.network.NetworkActivity,minimalResumeActivityLocked - onActivityStateChanged]
07-18 06:53:35.512  2005  2052 I sysui_multi_action: [757,803,799,window_time_0,802,0]
07-18 06:53:35.515  2005  2055 I wm_destroy_activity: [0,237790452,8,com.google.android.setupwizard/.WizardManagerActivity,finish-imm:idle]
07-18 06:53:35.517  2005  2055 I wm_destroy_activity: [0,131680050,8,com.google.android.setupwizard/.network.ProvisioningProfileCheckerFragment,finish-imm:idle]
07-18 06:53:35.571  3101  3101 I wm_on_create_called: [156727362,com.google.android.setupwizard.network.NetworkActivity,performCreate]
07-18 06:53:35.580  3101  3101 I wm_on_start_called: [156727362,com.google.android.setupwizard.network.NetworkActivity,handleStartActivity]
07-18 06:53:35.586  3101  3101 I wm_on_resume_called: [156727362,com.google.android.setupwizard.network.NetworkActivity,RESUME_ACTIVITY]
07-18 06:53:35.592  3101  3101 I wm_on_top_resumed_gained_called: [156727362,com.google.android.setupwizard.network.NetworkActivity,topStateChangedWhenResumed]
07-18 06:53:35.606  3101  3101 I wm_on_destroy_called: [237790452,com.google.android.setupwizard.WizardManagerActivity,performDestroy]
07-18 06:53:35.607  3101  3101 I wm_on_destroy_called: [131680050,com.google.android.setupwizard.network.ProvisioningProfileCheckerFragment,performDestroy]
07-18 06:53:35.625  2005  2056 I input_focus: [Focus request a98509b com.google.android.setupwizard/com.google.android.setupwizard.network.NetworkActivity,reason=UpdateInputWindows]
07-18 06:53:35.678  2005  3118 I sysui_multi_action: [757,856,758,1,806,com.symbol.dd,857,RxLogger,858,2]
07-18 06:53:35.686  2005  2802 I sysui_multi_action: [757,856,758,1,806,com.android.mtp,857,device_notification_channel,858,2]
07-18 06:53:35.714  2005  2052 I wm_activity_launch_time: [0,156727362,com.google.android.setupwizard/.network.NetworkActivity,1486]
07-18 06:53:35.732  2005  2313 I input_focus: [Focus entering a98509b com.google.android.setupwizard/com.google.android.setupwizard.network.NetworkActivity (server),reason=Window became focusable. Previous reason: NOT_VISIBLE]
07-18 06:53:35.740  2005  4940 I am_pre_boot: [0,com.android.providers.calendar]
07-18 06:53:35.743  2005  2005 I notification_enqueue: [1000,2005,android,13,PreBootBroadcaster,0,Notification(channel=UPDATES shortcut=null contentView=null vibrate=null sound=null tick defaults=0x0 flags=0x2 color=0x00000000 vis=PUBLIC),1]
07-18 06:53:35.753  2005  2086 I am_uid_stopped: 10200
07-18 06:53:35.754  2005  2086 I am_kill : [0,5376,com.qualcomm.qti.powersavemode,0,change com.qualcomm.qti.powersavemode]
07-18 06:53:35.755  2005  2086 I am_broadcast_discard_app: [0,33091742,android.intent.action.LOCKED_BOOT_COMPLETED,23,ResolveInfo{5db4e7a com.qualcomm.qti.powersavemode/.SystemEventReceiver m=0x108000}]
07-18 06:53:35.757  2005  2061 I am_uid_running: 10128
07-18 06:53:35.793  2005  2086 I commit_sys_config_file: [package-user-0,8]
07-18 06:53:35.861  2005  2062 I am_proc_start: [0,5468,10128,com.qualcomm.qti.smq,broadcast,{com.qualcomm.qti.smq/com.qualcomm.qti.smq.receiver.BootReceiver}]
07-18 06:53:35.868  2005  4926 I am_proc_bound: [0,5468,com.qualcomm.qti.smq]
07-18 06:53:35.893  2005  4926 I am_uid_active: 10128
07-18 06:53:35.935  2005  2054 I commit_sys_config_file: [notification-policy,9708]
07-18 06:53:36.058  2005  4954 I am_uid_running: 10165
07-18 06:53:36.075  2005  2062 I am_proc_start: [0,5509,10165,com.google.android.contacts,content provider,{com.google.android.contacts/com.google.android.apps.contacts.othercontacts.OtherContactsProvider}]
07-18 06:53:36.082  1329  1329 I auditd  : type=1400 audit(0.0:99): avc: denied { read } for comm="HwBinder:1329_2" name="enterprise" dev="dm-6" ino=23 scontext=u:r:hal_dchwmanager_hwservice:s0 tcontext=u:object_r:media_rw_data_file:s0 tclass=lnk_file permissive=0
07-18 06:53:36.130  2005  4370 I backup_transport_lifecycle: [com.android.localtransport/.LocalTransportService,1]
07-18 06:53:36.181  2005  2062 I am_proc_start: [0,5522,1000,com.android.localtransport,service,{com.android.localtransport/com.android.localtransport.LocalTransportService}]
07-18 06:53:36.199  2005  2055 I wm_stop_activity: [0,225435484,com.google.android.setupwizard/.user.WelcomeActivity]
07-18 06:53:36.231  2005  5026 I am_proc_bound: [0,5509,com.google.android.contacts]
07-18 06:53:36.251  5522  5522 I service_manager_slow: [15,activity]
07-18 06:53:36.264  2005  5026 I am_uid_active: 10165
07-18 06:53:36.272  2005  4954 I am_proc_bound: [0,5522,com.android.localtransport]
07-18 06:53:36.292  3101  3101 I wm_on_stop_called: [225435484,com.google.android.setupwizard.user.WelcomeActivity,STOP_ACTIVITY_ITEM]
07-18 06:53:36.322  2005  2731 I am_uid_running: 10197
07-18 06:53:36.329  2005  3121 I am_uid_active: 10197
07-18 06:53:36.335  2005  2062 I am_proc_start: [0,5562,10197,com.qualcomm.qtil.aptxui,broadcast,{com.qualcomm.qtil.aptxui/com.qualcomm.qtil.aptxui.aptxuiBootReceiver}]
07-18 06:53:36.424  2005  2086 I commit_sys_config_file: [package-user-0,2]
07-18 06:53:36.424  2005  2086 I commit_sys_config_file: [package,53]
07-18 06:53:36.425  2005  2159 I am_proc_bound: [0,5562,com.qualcomm.qtil.aptxui]
07-18 06:53:36.484  2005  2005 I backup_transport_connection: [com.android.localtransport/.LocalTransportService,1]
07-18 06:53:36.498  2005  2784 I commit_sys_config_file: [appops,30]
07-18 06:53:36.516  2005  4370 I backup_transport_lifecycle: [com.android.localtransport/.LocalTransportService,0]
07-18 06:53:36.516  2005  4370 I backup_transport_connection: [com.android.localtransport/.LocalTransportService,0]
07-18 06:53:36.530  2005  4370 I backup_transport_lifecycle: [com.google.android.gms/.backup.BackupTransportService,1]
07-18 06:53:36.612  2005  2802 I sysui_multi_action: [757,856,758,1,806,com.google.android.contacts,857,DEFAULT_CHANNEL,858,2]
07-18 06:53:36.613  2005  2802 I sysui_multi_action: [757,856,758,1,806,com.google.android.contacts,857,SUGGESTIONS_CHANNEL,858,3]
07-18 06:53:36.614  2005  2802 I sysui_multi_action: [757,856,758,1,806,com.google.android.contacts,857,PEOPLE_PROMPTS_CHANNEL,858,4]
07-18 06:53:36.627  2005  2049 I am_uid_running: 10164
07-18 06:53:36.645  2005  2181 I am_compact: [5522,com.android.localtransport,anon,86644,39940,46008,0,-3188,44,-3232,3232,110,0,0,905,19,3131388,-3328]
07-18 06:53:36.668  2005  2062 I am_proc_start: [0,5622,10164,com.google.android.gm,content provider,{com.google.android.gm/com.android.exchange.provider.ExchangeDirectoryProvider}]
07-18 06:53:36.700  3346  3531 I gtalk_connection: 16778495
07-18 06:53:36.716  2005  2816 I am_uid_running: 10211
07-18 06:53:36.736  2005  2062 I am_proc_start: [0,5647,10211,com.qualcomm.qtil.btdsda,broadcast,{com.qualcomm.qtil.btdsda/com.qualcomm.qtil.btdsda.BtStateReceiver}]
07-18 06:53:36.746  5622  5622 I service_manager_slow: [50,activity]
07-18 06:53:36.772  2005  2159 I am_proc_bound: [0,5622,com.google.android.gm]
07-18 06:53:36.795  2005  2159 I am_uid_active: 10164
07-18 06:53:36.801  2005  2049 I am_proc_bound: [0,5647,com.qualcomm.qtil.btdsda]
07-18 06:53:36.805  2005  2049 I am_uid_active: 10211
07-18 06:53:36.855  2005  2181 I am_compact: [5562,com.qualcomm.qtil.aptxui,anon,90728,43900,46132,0,-3332,44,-3376,3376,113,0,0,905,19,3128316,-3328]
07-18 06:53:36.872  2005  2159 I pm_snapshot_rebuild: [64,2]
07-18 06:53:36.877  2005  2062 I am_proc_start: [0,5668,10141,com.google.android.gms.unstable,service,{com.google.android.gms/com.google.android.gms.droidguard.DroidGuardService}]
07-18 06:53:36.889  2005  3583 I am_proc_bound: [0,5668,com.google.android.gms.unstable]
07-18 06:53:36.942  2005  2054 I commit_sys_config_file: [notification-policy,10716]
07-18 06:53:37.015  2005  2005 I backup_transport_connection: [com.google.android.gms/.backup.BackupTransportService,1]
07-18 06:53:37.072  2005  4370 I backup_transport_lifecycle: [com.google.android.gms/.backup.BackupTransportService,0]
07-18 06:53:37.072  2005  4370 I backup_transport_connection: [com.google.android.gms/.backup.BackupTransportService,0]
07-18 06:53:37.219  2005  2181 I am_compact: [5047,com.android.printspooler,anon,87092,40340,46056,0,-3344,44,-3388,3388,113,0,0,905,19,3124988,-3328]
07-18 06:53:37.396  2005  3118 I pm_snapshot_rebuild: [41,2]
07-18 06:53:37.495  2005  2062 I am_proc_start: [0,5779,1000,com.symbol.WakeupSources,broadcast,{com.symbol.WakeupSources/com.symbol.WakeupSources.WakeupSourcesBCReceiver}]
07-18 06:53:37.549  2005  2816 I am_proc_bound: [0,5779,com.symbol.WakeupSources]
07-18 06:53:37.702  5779  5779 I service_manager_slow: [19,vendor.perfservice]
07-18 06:53:37.747  2005  2054 I commit_sys_config_file: [jobs,119]
07-18 06:53:37.867  2005  2049 I pm_snapshot_rebuild: [33,638]
07-18 06:53:37.942  2005  2062 I am_proc_start: [0,5855,1000,com.symbol.ethernetsettings,broadcast,{com.symbol.ethernetsettings/com.symbol.ethernetsettings.EthernetReceiver}]
07-18 06:53:38.000  2005  4926 I sysui_multi_action: [757,859,758,6,806,com.google.android.gms,860,NEARBY_CHANNEL_GROUP_ID]
07-18 06:53:38.001  2005  4811 I sysui_multi_action: [757,859,758,6,806,com.google.android.gms,860,DEVICES_CHANNEL_GROUP_ID]
07-18 06:53:38.001  2005  4926 I sysui_multi_action: [757,856,758,1,806,com.google.android.gms,857,DEVICES_WITHIN_REACH_REBRANDED,858,4]
07-18 06:53:38.002  2005  4926 I sysui_multi_action: [757,856,758,1,806,com.google.android.gms,857,DEVICES_REBRANDED,858,2]
07-18 06:53:38.002  2005  4926 I sysui_multi_action: [757,856,758,1,806,com.google.android.gms,857,DEVICES_WITH_YOUR_ACCOUNT,858,1]
07-18 06:53:38.026  2005  2050 I am_proc_bound: [0,5855,com.symbol.ethernetsettings]
07-18 06:53:38.064  2005  3118 I sysui_multi_action: [757,856,758,1,806,com.google.android.gm,857,^nc_default_,858,4]
07-18 06:53:38.140  5244  5460 I service_manager_slow: [67,bluetooth_manager]
07-18 06:53:38.258  2005  2054 I commit_sys_config_file: [notification-policy,12032]
07-18 06:53:38.355  2005  5056 I service_manager_slow: [42,soundtrigger_middleware]
07-18 06:53:38.418  2005  2049 I am_uid_running: 10044
07-18 06:53:38.521  2005  5056 I am_proc_start: [0,5934,10044,com.android.providers.calendar,broadcast,{com.android.providers.calendar/com.android.providers.calendar.CalendarUpgradeReceiver}]
07-18 06:53:38.521  2005  5056 I am_proc_bound: [0,5934,com.android.providers.calendar]
07-18 06:53:38.525  2005  5056 I am_uid_active: 10044
07-18 06:53:38.603  2005  2054 I commit_sys_config_file: [notification-policy,12377]
07-18 06:53:38.771  2005  2060 I sysui_multi_action: [757,1717,758,1,759,0]
07-18 06:53:38.771  2005  2060 I sysui_multi_action: [757,1717,758,2,759,2]
07-18 06:53:38.771  2005  2060 I sysui_multi_action: [757,1717,758,3,759,0]
07-18 06:53:38.911  2005  2062 I am_proc_start: [0,5990,1000,com.symbol.zremotekey,broadcast,{com.symbol.zremotekey/com.symbol.zremotekey.BootReceiver}]
07-18 06:53:38.949  5934  5934 I [4000]  : 5
07-18 06:53:38.952  2005  5056 I am_pre_boot: [0,com.android.providers.contacts]
07-18 06:53:38.957  2005  2005 I notification_enqueue: [1000,2005,android,13,PreBootBroadcaster,0,Notification(channel=UPDATES shortcut=null contentView=null vibrate=null sound=null tick defaults=0x0 flags=0x2 color=0x00000000 vis=PUBLIC),1]
07-18 06:53:39.051  2005  3047 I am_uid_running: 10151
07-18 06:53:39.061  2005  2816 I am_proc_bound: [0,5990,com.symbol.zremotekey]
07-18 06:53:39.091  2005  2062 I am_proc_start: [0,6018,10151,com.google.android.webview:webview_service,service,{com.google.android.webview/org.chromium.android_webview.services.VariationsSeedServer}]
07-18 06:53:39.094  3556  3556 I auditd  : type=1400 audit(0.0:100): avc: denied { search } for comm=".proxyframework" name="cache" dev="dm-42" ino=140 scontext=u:r:system_app:s0 tcontext=u:object_r:cache_file:s0 tclass=dir permissive=0
07-18 06:53:39.172  2005  2816 I am_proc_bound: [0,6018,com.google.android.webview:webview_service]
07-18 06:53:39.172  2005  4941 I sysui_multi_action: [757,1243,758,4,806,com.symbol.mxmf,1241,android.permission.POST_NOTIFICATIONS]
07-18 06:53:39.199  2005  2808 I sysui_multi_action: [757,1243,758,4,806,com.symbol.emdk.emdkservice,1241,android.permission.BLUETOOTH_CONNECT]
07-18 06:53:39.200  2005  2808 I sysui_multi_action: [757,1243,758,4,806,com.symbol.emdk.emdkservice,1241,android.permission.BLUETOOTH_SCAN]
07-18 06:53:39.203  2005  2808 I sysui_multi_action: [757,1243,758,4,806,com.symbol.dataanalytics,1241,android.permission.READ_PHONE_STATE]
07-18 06:53:39.203  2005  2753 I sysui_multi_action: [757,1243,758,4,806,com.symbol.dataanalytics,1241,android.permission.WRITE_EXTERNAL_STORAGE]
07-18 06:53:39.205  2005  2753 I sysui_multi_action: [757,1243,758,4,806,com.symbol.dataanalytics,1241,android.permission.READ_EXTERNAL_STORAGE]
07-18 06:53:39.228  2005  4941 I sysui_multi_action: [757,1243,758,4,806,com.android.dreams.phototable,1241,android.permission.READ_EXTERNAL_STORAGE]
07-18 06:53:39.229  2005  4941 I sysui_multi_action: [757,1243,758,4,806,com.android.dreams.phototable,1241,android.permission.POST_NOTIFICATIONS]
07-18 06:53:39.229  2005  4941 I sysui_multi_action: [757,1243,758,4,806,com.android.dreams.phototable,1241,android.permission.READ_MEDIA_AUDIO]
07-18 06:53:39.230  2005  4941 I sysui_multi_action: [757,1243,758,4,806,com.android.dreams.phototable,1241,android.permission.READ_MEDIA_VIDEO]
07-18 06:53:39.231  2005  4941 I sysui_multi_action: [757,1243,758,4,806,com.android.dreams.phototable,1241,android.permission.READ_MEDIA_IMAGES]
07-18 06:53:39.233  2005  4941 I sysui_multi_action: [757,1243,758,4,806,com.google.android.inputmethod.latin,1241,android.permission.GET_ACCOUNTS]
07-18 06:53:39.235  2005  2802 I sysui_multi_action: [757,1243,758,4,806,com.google.android.inputmethod.latin,1241,android.permission.READ_CONTACTS]
07-18 06:53:39.236  2005  2808 I sysui_multi_action: [757,1243,758,4,806,com.google.android.inputmethod.latin,1241,android.permission.READ_MEDIA_IMAGES]
07-18 06:53:39.236  2005  2808 I sysui_multi_action: [757,1243,758,4,806,com.google.android.inputmethod.latin,1241,android.permission.RECORD_AUDIO]
07-18 06:53:39.237  2005  2802 I sysui_multi_action: [757,1243,758,4,806,com.google.android.inputmethod.latin,1241,android.permission.CAMERA]
07-18 06:53:39.263  2005  2802 I sysui_multi_action: [757,1243,758,4,806,com.android.inputmethod.latin,1241,android.permission.GET_ACCOUNTS]
07-18 06:53:39.272  2005  2802 I sysui_multi_action: [757,1243,758,4,806,com.android.inputmethod.latin,1241,android.permission.READ_CONTACTS]
07-18 06:53:39.281  2005  2802 I sysui_multi_action: [757,1243,758,4,806,com.android.inputmethod.latin,1241,android.permission.WRITE_EXTERNAL_STORAGE]
07-18 06:53:39.283  4364  5971 I force_gc: Binder
07-18 06:53:39.286  2005  2005 I notification_enqueue: [10188,3101,com.google.android.setupwizard,9,NULL,0,Notification(channel=initial shortcut=null contentView=null vibrate=null sound=null defaults=0x0 flags=0x840 color=0xff1a73e8 vis=PUBLIC),0]
07-18 06:53:39.294  2005  4811 I sysui_multi_action: [757,1243,758,4,806,com.android.inputmethod.latin,1241,android.permission.READ_EXTERNAL_STORAGE]
07-18 06:53:39.301  2005  2816 I sysui_multi_action: [757,1243,758,4,806,com.symbol.datawedge,1241,android.permission.BLUETOOTH_CONNECT]
07-18 06:53:39.302  2005  2816 I sysui_multi_action: [757,1243,758,4,806,com.symbol.datawedge,1241,android.permission.BLUETOOTH_SCAN]
07-18 06:53:39.304  2005  2816 I sysui_multi_action: [757,1243,758,4,806,com.symbol.datawedge,1241,android.permission.POST_NOTIFICATIONS]
07-18 06:53:39.310  2005  2808 I sysui_multi_action: [757,1243,758,4,806,com.symbol.dataanalytics.dca,1241,android.permission.READ_PHONE_STATE]
07-18 06:53:39.312  2005  2802 I sysui_multi_action: [757,1243,758,4,806,com.symbol.dataanalytics.dca,1241,android.permission.CAMERA]
07-18 06:53:39.313  2005  4941 I sysui_multi_action: [757,1243,758,4,806,com.symbol.dataanalytics.dca,1241,android.permission.WRITE_EXTERNAL_STORAGE]
07-18 06:53:39.313  2005  4941 I sysui_multi_action: [757,1243,758,4,806,com.symbol.dataanalytics.dca,1241,android.permission.ACCESS_BACKGROUND_LOCATION]
07-18 06:53:39.314  2005  2802 I sysui_multi_action: [757,1243,758,4,806,com.symbol.dataanalytics.dca,1241,android.permission.ACCESS_FINE_LOCATION]
07-18 06:53:39.315  2005  3492 I sysui_multi_action: [757,1243,758,4,806,com.symbol.dataanalytics.dca,1241,android.permission.ACCESS_COARSE_LOCATION]
07-18 06:53:39.325  2005  3492 I sysui_multi_action: [757,1243,758,4,806,com.symbol.dataanalytics.dca,1241,android.permission.BLUETOOTH_CONNECT]
