07-18 07:14:06.310  2005  4911 I am_kill : [0,4445,com.qualcomm.qti.biometrics.fingerprint.service,999,empty #56]
07-18 07:14:06.311  2005  4911 I am_kill : [0,8129,com.google.android.packageinstaller,999,empty #57]
07-18 07:14:06.313  2005  4911 I am_kill : [0,8110,com.google.android.onetimeinitializer,999,empty #58]
07-18 07:14:06.314  2005  4911 I am_kill : [0,5119,com.android.managedprovisioning,999,empty #59]
07-18 07:14:06.315  2005  4911 I am_kill : [0,7343,com.android.dynsystem:dynsystem,999,empty #60]
07-18 07:14:06.317  2005  4911 I am_kill : [0,7345,com.android.imsserviceentitlement,999,empty #61]
07-18 07:14:06.319  2005  4911 I am_kill : [0,7303,com.android.dynsystem,999,empty #62]
07-18 07:14:06.320  2005  2060 I am_pss  : [9741,10141,com.google.android.gms:car,15506432,413696,7839744,134135808,0,19,9]
07-18 07:14:06.321  2005  4911 I am_kill : [0,4208,com.google.android.marvin.talkback,999,empty #63]
07-18 07:14:06.322  2005  4911 I am_kill : [0,7127,com.symbol.rxloggerutility,999,empty #64]
07-18 07:14:06.323  2005  4911 I am_kill : [0,3961,com.symbol.tool.stagenow,999,empty #65]
07-18 07:14:06.324  2005  4911 I am_kill : [0,7074,com.symbol.zebrafolders,999,empty #66]
07-18 07:14:06.324  2005  4911 I am_kill : [0,6265,com.android.externalstorage,999,empty #67]
07-18 07:14:06.325  2005  4911 I am_kill : [0,6880,com.google.android.documentsui,999,empty #68]
07-18 07:14:06.326  2005  4911 I am_kill : [0,6018,com.google.android.webview:webview_service,999,empty #69]
07-18 07:14:06.327  2005  4911 I am_kill : [0,5047,com.android.printspooler,999,empty #70]
07-18 07:14:06.328  2005  4911 I am_kill : [0,5647,com.qualcomm.qtil.btdsda,999,empty #71]
07-18 07:14:06.328  2005  4911 I am_kill : [0,5522,com.android.localtransport,999,empty #72]
07-18 07:14:06.329  2005  4911 I am_kill : [0,5053,com.android.keychain,999,empty #73]
07-18 07:14:06.336  2005  2060 I am_pss  : [3422,10065,com.zebra.securestoragemanager,10932224,5963776,3260416,105119744,0,10,8]
07-18 07:14:06.355  2005  4954 I am_proc_died: [0,8019,com.android.chrome,995,19]
07-18 07:14:06.357  2005  4954 I am_schedule_service_restart: [0,com.android.chrome/org.chromium.chrome.browser.customtabs.CustomTabsConnectionService,1000]
07-18 07:14:06.358  2005  4954 I am_uid_stopped: 10177
07-18 07:14:06.369  2005  6624 I am_proc_died: [0,6187,com.zebra.eventinjectionservice,995,19]
07-18 07:14:06.370  2005  6624 I am_uid_stopped: 10081
07-18 07:14:06.375  2005  2816 I am_proc_died: [0,5562,com.qualcomm.qtil.aptxui,999,19]
07-18 07:14:06.379  2005  2816 I am_uid_stopped: 10197
07-18 07:14:06.383  2005  3583 I am_proc_died: [0,8542,com.zebra.enrollmentmgr,999,19]
07-18 07:14:06.386  2005  3583 I am_uid_stopped: 10068
07-18 07:14:06.402  2005  3583 I am_proc_died: [0,5468,com.qualcomm.qti.smq,999,19]
07-18 07:14:06.404  2005  3583 I am_uid_stopped: 10128
07-18 07:14:06.410  2005  6624 I am_proc_died: [0,4445,com.qualcomm.qti.biometrics.fingerprint.service,999,19]
07-18 07:14:06.411  2005  6624 I am_uid_stopped: 10131
07-18 07:14:06.420  2005  6624 I am_proc_died: [0,8129,com.google.android.packageinstaller,999,19]
07-18 07:14:06.421  2005  6624 I am_uid_stopped: 10047
07-18 07:14:06.453  2005  3583 I am_proc_died: [0,5119,com.android.managedprovisioning,999,19]
07-18 07:14:06.455  2005  3583 I am_uid_stopped: 10084
07-18 07:14:06.462  2005  4911 I am_proc_died: [0,6265,com.android.externalstorage,999,19]
07-18 07:14:06.463  2005  4911 I am_uid_stopped: 10064
07-18 07:14:06.469  2005  3583 I am_proc_died: [0,7074,com.symbol.zebrafolders,999,19]
07-18 07:14:06.471  2005  3583 I am_uid_stopped: 10069
07-18 07:14:06.477  2005  4954 I am_proc_died: [0,8477,com.symbol.fusionsettings,999,19]
07-18 07:14:06.478  2005  4954 I am_uid_stopped: 10206
07-18 07:14:06.481  2005  5600 I am_proc_died: [0,8386,com.qualcomm.qti.performancemode,999,19]
07-18 07:14:06.482  2005  5600 I am_uid_stopped: 10198
07-18 07:14:06.485  2005  2816 I am_proc_died: [0,7345,com.android.imsserviceentitlement,999,19]
07-18 07:14:06.485  2005  2816 I am_uid_stopped: 10144
07-18 07:14:06.488  2005  3583 I am_proc_died: [0,7303,com.android.dynsystem,999,19]
07-18 07:14:06.491  2005  3583 I am_proc_died: [0,6018,com.google.android.webview:webview_service,999,19]
07-18 07:14:06.492  2005  3583 I am_uid_stopped: 10151
07-18 07:14:06.497  2005  4911 I am_proc_died: [0,7127,com.symbol.rxloggerutility,999,19]
07-18 07:14:06.501  2005  7120 I am_proc_died: [0,7343,com.android.dynsystem:dynsystem,999,19]
07-18 07:14:06.506  2005  5600 I am_proc_died: [0,8110,com.google.android.onetimeinitializer,999,19]
07-18 07:14:06.507  2005  5600 I am_uid_stopped: 10137
07-18 07:14:06.515  2005  4954 I am_proc_died: [0,3961,com.symbol.tool.stagenow,999,19]
07-18 07:14:06.515  2005  4954 I am_uid_stopped: 10059
07-18 07:14:06.519  2005  3583 I am_proc_died: [0,5522,com.android.localtransport,999,19]
07-18 07:14:06.523  2005  7120 I am_proc_died: [0,4208,com.google.android.marvin.talkback,999,19]
07-18 07:14:06.524  2005  7120 I am_uid_stopped: 10172
07-18 07:14:06.528  2005  2816 I am_proc_died: [0,6880,com.google.android.documentsui,999,19]
07-18 07:14:06.529  2005  2816 I am_uid_stopped: 10077
07-18 07:14:06.533  2005  3121 I am_proc_died: [0,5053,com.android.keychain,999,19]
07-18 07:14:06.537  2005  4942 I am_proc_died: [0,5047,com.android.printspooler,999,19]
07-18 07:14:06.538  2005  4942 I am_uid_stopped: 10094
07-18 07:14:06.542  2005  4968 I am_proc_died: [0,5647,com.qualcomm.qtil.btdsda,999,19]
07-18 07:14:06.543  2005  4968 I am_uid_stopped: 10211
07-18 07:14:21.061  2005  4942 I am_proc_died: [0,5668,com.google.android.gms.unstable,915,19]
07-18 07:14:21.090  2005  2060 I am_pss  : [2005,1000,system,257648640,222158848,14192640,436527104,0,0,25]
07-18 07:14:21.129  2005  4942 I am_proc_died: [0,3509,com.google.android.gms,905,19]
07-18 07:14:29.978  2005  2005 I am_uid_running: 10148
07-18 07:14:30.010  2005  2062 I am_proc_start: [0,10739,10148,com.google.android.dialer,service,{com.google.android.dialer/androidx.work.impl.background.systemjob.SystemJobService}]
07-18 07:14:30.037  2005  5600 I am_proc_bound: [0,10739,com.google.android.dialer]
07-18 07:14:30.454  2005  2181 I am_compact: [10739,com.google.android.dialer,anon,122472,70780,50808,128,-8980,168,-9148,9600,109,0,0,905,19,2388220,-9472]
07-18 07:14:36.176  2005  3583 I am_proc_died: [0,6401,com.google.android.apps.photos,965,19]
07-18 07:14:36.177  2005  3583 I am_uid_stopped: 10157
07-18 07:14:36.181  2005  2160 I am_proc_died: [0,6933,com.google.android.apps.docs,965,19]
07-18 07:14:36.182  2005  2160 I am_uid_stopped: 10154
07-18 07:14:36.192  2005  2060 I am_pss  : [3709,10171,com.google.android.inputmethod.latin,61024256,53346304,360448,198868992,0,7,12]
07-18 07:14:36.200  2005  2060 I am_pss  : [3601,10159,com.android.deskclock,7828480,4018176,2375680,97710080,0,19,8]
07-18 07:14:36.207  2005  2060 I am_pss  : [4266,10048,com.symbol.scanning.scanningframework:hwinfoservice,4545536,1949696,1634304,89350144,0,6,7]
07-18 07:14:36.215  2005  2060 I am_pss  : [3298,10048,com.symbol.scanning.scanningframework:btscanner,5037056,2224128,1708032,93417472,0,6,7]
07-18 07:14:36.224  2005  2060 I am_pss  : [5300,10114,com.zebra.valueadd.enfc,5278720,2707456,1798144,91066368,0,6,9]
07-18 07:14:36.233  2005  2060 I am_pss  : [5104,1000,com.zebra.location,6234112,3239936,1871872,99053568,0,8,8]
07-18 07:14:36.242  2005  2060 I am_pss  : [3728,10221,com.google.android.ext.services,8400896,3313664,3043328,101687296,0,5,8]
07-18 07:14:36.250  2005  2060 I am_pss  : [3744,10056,com.android.proxyhandler,4385792,442368,3133440,87502848,0,8,6]
07-18 07:14:36.254  2005  2181 I am_compact: [4364,com.google.process.gservices,,96392,50984,44664,2000,0,0,0,0,2,4,431545,700,5,2402556,0]
07-18 07:14:42.719  2005  2160 I am_proc_died: [0,6747,com.google.android.ims,925,19]
07-18 07:14:42.720  2005  2160 I am_uid_stopped: 10132
07-18 07:14:42.727  2005  2160 I am_proc_died: [0,7461,com.google.android.apps.maps,965,19]
07-18 07:14:42.729  2005  2160 I am_uid_stopped: 10178
07-18 07:14:42.732  2005  2060 I am_pss  : [4389,10220,com.google.android.providers.media.module,19384320,6148096,10854400,113508352,0,0,8]
07-18 07:14:42.734  2005  3047 I am_proc_died: [0,7195,com.google.android.calendar,955,19]
07-18 07:14:42.735  2005  3047 I am_uid_stopped: 10168
07-18 07:14:42.739  2005  2060 I am_pss  : [4972,1000,com.qualcomm.qti.services.secureui:sui_service,4729856,991232,2887680,90738688,0,0,7]
07-18 07:14:42.746  2005  2060 I am_pss  : [4980,1000,com.symbol.osx.securestorage,4834304,462848,3465216,91099136,0,0,6]
07-18 07:14:42.753  2005  2060 I am_pss  : [4794,1000,com.zebra.indicators,6321152,1699840,3616768,93794304,0,0,6]
07-18 07:14:42.761  2005  2060 I am_pss  : [4781,10187,com.qualcomm.qti.services.systemhelper:systemhelper_service,4807680,1077248,2883584,89841664,0,0,7]
07-18 07:14:42.769  2005  2060 I am_pss  : [4956,1002,com.zebra.beaconconfigservice,4990976,970752,3145728,88285184,0,0,7]
07-18 07:14:42.777  2005  2060 I am_pss  : [4896,1000,com.zebra.persistencedataservice,4908032,884736,3231744,89481216,0,0,6]
07-18 07:14:42.785  2005  2060 I am_pss  : [4827,10204,com.qualcomm.qti.workloadclassifier,11201536,2920448,7294976,96579584,0,0,7]
07-18 07:14:42.793  2005  2060 I am_pss  : [4739,10130,.pasr,4361216,1126400,2494464,87584768,0,0,6]
07-18 07:14:42.801  2005  2060 I am_pss  : [4799,10080,com.zebra.greenmode,5849088,1409024,3330048,92119040,0,0,7]
07-18 07:14:42.808  2005  2060 I am_pss  : [4690,1000,com.zebra.server,6372352,2265088,3149824,92401664,0,0,7]
07-18 07:14:42.816  2005  2060 I am_pss  : [4727,1000,com.symbol.batterymanager,5952512,3616768,1589248,91377664,0,0,7]
07-18 07:14:42.824  2005  2060 I am_pss  : [4659,10060,com.symbol.osx.rootdetection,4400128,421888,3149824,88154112,0,0,6]
07-18 07:14:42.833  2005  2060 I am_pss  : [4709,1027,com.android.nfc,18117632,8114176,7217152,117288960,0,0,8]
07-18 07:14:42.841  2005  2060 I am_pss  : [4648,1000,com.symbol.dd,5710848,1413120,3432448,91484160,0,0,6]
07-18 07:14:42.848  2005  2060 I am_pss  : [4610,1000,com.zebra.ethtracker,5401600,1110016,3485696,90546176,0,0,6]
07-18 07:14:42.856  2005  2060 I am_pss  : [4589,1000,com.zebra.zdatafileio,5030912,1118208,3166208,88567808,0,0,6]
07-18 07:14:42.864  2005  2060 I am_pss  : [4621,1000,com.symbol.cu,5082112,1163264,3174400,88506368,0,0,7]
07-18 07:14:42.872  2005  2060 I am_pss  : [4548,1000,com.zebra.backio,4897792,946176,3207168,88522752,0,0,8]
07-18 07:14:42.879  2005  2060 I am_pss  : [4567,1000,com.symbol.osx.threatdetectionservice,4690944,471040,3391488,90001408,0,0,7]
07-18 07:14:42.887  2005  2060 I am_pss  : [4504,1000,com.zebra.bluetoothsystem,4816896,901120,3170304,88477696,0,0,7]
07-18 07:14:42.895  2005  2060 I am_pss  : [8766,1001,com.android.phone,4125696,630784,2760704,86454272,0,0,7]
07-18 07:14:42.902  2005  2060 I am_pss  : [4456,10052,com.zebra.zcm,5049344,1110016,3190784,87437312,0,0,7]
07-18 07:14:42.910  2005  2060 I am_pss  : [4294,10055,com.zebra.datacapturevision,13662208,8851456,3706880,102400000,0,0,8]
07-18 07:14:42.917  2005  2060 I am_pss  : [4242,10048,com.symbol.scanning.scanningframework:datacapture,4546560,364544,3178496,87523328,0,0,7]
07-18 07:14:42.925  2005  2060 I am_pss  : [3556,1000,com.symbol.osx.proxyframework,12947456,618496,11210752,96096256,0,0,7]
07-18 07:14:42.933  2005  2060 I am_pss  : [3222,1002,com.zebra.bluetooth,8631296,1675264,5881856,97939456,0,0,7]
07-18 07:14:42.941  2005  2060 I am_pss  : [3099,10202,com.qti.qcc,7581696,2715648,3698688,96829440,0,0,7]
07-18 07:14:42.949  2005  2060 I am_pss  : [3077,10203,com.qti.phone,4515840,491520,3280896,87248896,0,0,6]
07-18 07:14:42.956  2005  2060 I am_pss  : [3070,1068,com.android.se,4630528,659456,3182592,88530944,0,0,7]
07-18 07:14:42.964  2005  2060 I am_pss  : [3055,1000,com.zebra.batteryswapservice,5835776,1601536,3428352,91500544,0,0,7]
07-18 07:14:42.972  2005  2060 I am_pss  : [3019,10106,com.zebra.zvahelper,10106880,7553024,1384448,102440960,0,0,7]
07-18 07:14:42.980  2005  2060 I am_pss  : [3013,1000,vendor.qti.qesdk.sysservice,4467712,499712,3194880,88518656,0,0,7]
07-18 07:14:42.987  2005  2060 I am_pss  : [2989,10191,com.qualcomm.qtil.aptxals,6359040,1691648,3637248,93577216,0,0,7]
07-18 07:14:42.994  2005  2060 I am_pss  : [2967,10107,com.android.pacprocessor,4252672,368640,3141632,86257664,0,0,7]
07-18 07:14:43.002  2005  2060 I am_pss  : [2977,10208,com.qualcomm.qtil.aptxacu,5152768,1159168,3256320,87711744,0,0,7]
07-18 07:14:43.010  2005  2060 I am_pss  : [2965,10126,.qtidataservices,6115328,1712128,3510272,92680192,0,0,7]
07-18 07:14:43.018  2005  2060 I am_pss  : [2946,1001,.dataservices,6465536,2289664,3420160,89042944,0,0,7]
07-18 07:14:43.026  2005  2060 I am_pss  : [2929,1000,com.zebra.keyeventservice,10406912,1757184,7770112,93261824,0,0,7]
07-18 07:14:43.034  2005  2060 I am_pss  : [2902,1000,com.zebra.batteryswapnotification,5722112,1724416,3047424,92094464,0,0,6]
07-18 07:14:43.042  2005  2060 I am_pss  : [2832,1073,com.android.networkstack.process,9056256,4116480,3874816,98349056,0,0,7]
07-18 07:14:43.058  2005  2060 I am_pss  : [2669,10193,com.android.systemui,86494208,60321792,11800576,231448576,0,0,15]
07-18 07:14:43.211  2005  2181 I am_compact: [4364,com.google.process.gservices,,96392,50984,44664,2000,0,0,0,0,4,4,676754,700,5,2417404,0]
07-18 07:14:46.922  2005  2160 I am_proc_died: [0,7375,com.google.android.apps.turbo,935,19]
07-18 07:14:47.008  2005  2160 I am_proc_died: [0,8063,com.google.android.keep,955,19]
07-18 07:14:47.009  2005  2160 I am_uid_stopped: 10161
07-18 07:14:52.998  2005  2160 I am_proc_died: [0,7721,com.google.android.apps.turbo:aab,965,19]
07-18 07:14:53.005  2005  2160 I am_proc_died: [0,7747,com.google.android.apps.turbo:ssb,985,19]
07-18 07:14:53.005  2005  2160 I am_uid_stopped: 10134
07-18 07:14:53.010  2005  2060 I am_pss  : [10739,10148,com.google.android.dialer,29524992,23367680,2586624,126849024,0,19,8]
07-18 07:14:53.018  2005  2060 I am_pss  : [4048,1000,com.symbol.mxmf.proxyframework,11228160,7979008,1998848,104980480,0,6,7]
07-18 07:14:53.021  2005  2160 I am_proc_died: [0,8179,com.google.android.videos,955,19]
07-18 07:14:53.022  2005  2160 I am_uid_stopped: 10153
07-18 07:14:53.029  2005  2060 I am_pss  : [4269,10048,com.symbol.scanning.scanningframework:zdcpservice,47094784,16986112,27553792,120791040,0,6,9]
07-18 07:14:53.038  2005  2060 I am_pss  : [4319,10078,com.symbol.datawedge,20129792,14057472,3186688,124436480,0,6,9]
07-18 07:15:10.141  2005  2181 I am_compact: [4364,com.google.process.gservices,,96392,50984,44664,2000,0,0,0,0,4,4,683710,700,5,2429948,0]
07-18 07:15:46.803  2005  2181 I am_compact: [3367,com.zebra.devicemanager,anon,119540,71728,46688,8072,16,0,16,-16,17,2,169120,905,8,2429948,0]
07-18 07:15:46.974  2005  2181 I am_compact: [8499,com.zebra.commontransportlayer,anon,112176,63736,47248,6936,-7176,0,-7176,7176,144,2,424780,905,19,2430204,-7168]
07-18 07:16:49.567  2005  2160 I am_proc_died: [0,9637,com.google.android.gms.ui,905,19]
07-18 07:16:49.581  2005  2060 I am_pss  : [10739,10148,com.google.android.dialer,29431808,23351296,2496512,126832640,0,19,8]
07-18 07:16:49.589  2005  2060 I am_pss  : [8148,10143,com.google.android.partnersetup,6606848,4042752,1605632,98349056,0,19,7]
07-18 07:16:49.596  2005  2060 I am_pss  : [5934,10044,com.android.providers.calendar,6839296,3936256,1925120,97083392,0,19,7]
07-18 07:16:49.604  2005  2060 I am_pss  : [4176,10058,com.zebra.licensemgrservice,10810368,7852032,1871872,103477248,0,6,8]
07-18 07:16:49.618  2005  2060 I am_pss  : [8255,10175,com.google.android.youtube,68427776,55922688,4825088,182423552,0,19,12]
07-18 07:16:49.628  2005  2060 I am_pss  : [7943,10164,com.google.android.gm,40310784,30789632,7856128,131129344,0,19,10]
07-18 07:16:49.640  2005  2060 I am_pss  : [7589,10167,com.google.android.apps.tachyon,53961728,45371392,6107136,154460160,0,19,11]
07-18 07:16:49.649  2005  2060 I am_pss  : [7408,10183,com.android.remoteprovisioner,7302144,2174976,3915776,97021952,0,19,8]
07-18 07:16:49.657  2005  2060 I am_pss  : [7774,10209,com.google.android.apps.wallpaper,9609216,6795264,0,101335040,0,19,7]
07-18 07:16:49.665  2005  2060 I am_pss  : [8816,1000,com.zebra.zchargeled,5943296,5152768,0,92602368,0,19,7]
07-18 07:16:49.673  2005  2060 I am_pss  : [8791,1000,com.zebra.valueadd.batterymgr,4994048,4222976,0,90742784,0,19,7]
07-18 07:16:49.680  2005  2060 I am_pss  : [8747,1000,com.zebra.popupcontrol,5165056,2883584,1470464,91414528,0,19,7]
07-18 07:16:49.688  2005  2060 I am_pss  : [8655,10061,com.zebra.licenseuiapp,5566464,4767744,0,91840512,0,19,6]
07-18 07:16:49.695  2005  2060 I am_pss  : [7300,10207,com.symbol.fusionservice,6039552,3170304,1769472,96186368,0,4,7]
07-18 07:16:49.703  2005  2060 I am_pss  : [7278,10205,com.symbol.fusionlogger,6106112,3366912,1544192,97427456,0,4,7]
07-18 07:16:49.711  2005  2060 I am_pss  : [6290,10119,com.zebra.smartmu.service,7252992,4530176,1822720,94638080,0,4,6]
07-18 07:16:49.718  2005  2060 I am_pss  : [6358,10105,com.zebra.smartmu.wfwsupportservice,6072320,3338240,1822720,94752768,0,4,7]
07-18 07:17:32.218  2005  3047 I am_proc_died: [0,9741,com.google.android.gms:car,925,19]
07-18 07:17:32.235  2005  2060 I am_pss  : [6832,1000,com.android.settings,53075968,38920192,4210688,191266816,0,2,13]
07-18 07:17:42.711  2005  2049 I am_proc_died: [0,9993,com.google.android.setupwizard:remote,955,19]
07-18 07:18:43.324  2005  2181 I am_freeze: [8655,com.zebra.licenseuiapp]
07-18 07:18:43.331  2005  2181 I am_freeze: [8747,com.zebra.popupcontrol]
07-18 07:18:43.338  2005  2181 I am_freeze: [8791,com.zebra.valueadd.batterymgr]
07-18 07:18:43.343  2005  2181 I am_freeze: [8816,com.zebra.zchargeled]
07-18 07:18:43.347  2005  2181 I am_freeze: [7774,com.google.android.apps.wallpaper]
07-18 07:18:43.351  2005  2181 I am_freeze: [9402,com.qualcomm.timeservice]
07-18 07:18:43.354  2005  2181 I am_freeze: [3601,com.android.deskclock]
07-18 07:18:43.358  2005  2181 I am_freeze: [7408,com.android.remoteprovisioner]
07-18 07:18:43.364  2005  2181 I am_freeze: [8255,com.google.android.youtube]
07-18 07:18:43.367  2005  2181 I am_freeze: [5934,com.android.providers.calendar]
07-18 07:18:43.371  2005  2181 I am_freeze: [3597,com.google.android.tts]
07-18 07:18:43.374  2005  2181 I am_freeze: [5189,android.process.acore]
07-18 07:18:43.378  2005  2181 I am_freeze: [5244,com.google.android.googlequicksearchbox:search]
07-18 07:18:43.381  2005  2181 I am_freeze: [8148,com.google.android.partnersetup]
07-18 07:18:43.384  2005  2181 I am_freeze: [5327,android.process.media]
07-18 07:18:44.305  2005  2181 I am_freeze: [7943,com.google.android.gm]
07-18 07:19:31.087  2005  2060 I am_pss  : [3163,10190,com.android.launcher3,54010880,38825984,2613248,198979584,0,5,18]
07-18 07:19:31.104  2005  2060 I am_pss  : [3346,10141,com.google.android.gms.persistent,101849088,84905984,53248,230211584,0,5,15]
07-18 07:19:31.114  2005  2060 I am_pss  : [4430,10146,com.google.android.as,22758400,18436096,2863104,119951360,0,5,8]
07-18 07:19:31.470  2005  2181 I am_compact: [6085,com.android.vending,anon,169536,109656,57260,24244,-16904,0,-16904,14040,295,2,380725,905,19,2465532,-13568]
07-18 07:19:37.846  2005  2181 I am_freeze: [7872,com.google.android.configupdater]
07-18 07:20:14.632  3346  9736 I gtalk_connection: 16778495
07-18 07:20:20.673  2005  2181 I am_compact: [4364,com.google.process.gservices,,96392,50984,44664,2000,0,0,0,0,5,4,710641,700,5,2453756,0]
07-18 07:22:59.754  2005  2181 I am_freeze: [5148,com.google.process.gapps]
07-18 07:23:00.331  2005  2049 I am_proc_died: [0,10739,com.google.android.dialer,915,19]
07-18 07:23:00.332  2005  2049 I am_uid_stopped: 10148
07-18 07:23:00.347  2005  2060 I am_pss  : [6832,1000,com.android.settings,47598592,36397056,3227648,181227520,0,2,11]
07-18 07:23:00.356  2005  2060 I am_pss  : [3829,10216,com.google.android.permissioncontroller,24137728,17846272,1970176,124256256,0,6,8]
07-18 07:23:00.367  2005  2060 I am_pss  : [4377,10149,com.google.android.googlequicksearchbox:interactor,55095296,12095488,6397952,188219392,0,19,10]
07-18 07:23:00.375  2005  2060 I am_pss  : [5148,10141,com.google.process.gapps,7702528,3723264,1806336,99389440,0,19,8]
07-18 07:23:00.384  2005  2060 I am_pss  : [6724,10072,com.symbol.dataanalytics,19718144,17268736,1114112,115519488,0,19,8]
07-18 07:23:00.393  2005  2060 I am_pss  : [8456,10071,com.symbol.dataanalytics.dca,12780544,7073792,4239360,104747008,0,19,7]
07-18 07:23:00.401  2005  2060 I am_pss  : [10199,2000,com.android.shell,4782080,3342336,516096,91680768,0,19,6]
07-18 07:23:00.413  2005  2060 I am_pss  : [3101,10188,com.google.android.setupwizard,51384320,37294080,6361088,182878208,0,3,11]
07-18 07:23:00.422  2005  2060 I am_pss  : [5189,10057,android.process.acore,14582784,7266304,5382144,109064192,0,19,7]
07-18 07:23:00.431  2005  2060 I am_pss  : [3597,10174,com.google.android.tts,25554944,13082624,11182080,111751168,0,19,8]
07-18 07:23:00.439  2005  2060 I am_pss  : [8710,1000,com.zebra.oeminfo,6435840,5464064,0,97255424,0,10,7]
07-18 07:23:00.447  2005  2060 I am_pss  : [3422,10065,com.zebra.securestoragemanager,11067392,5828608,3252224,105009152,0,10,7]
07-18 07:23:00.459  2005  2060 I am_pss  : [3655,10145,com.google.android.apps.wellbeing,60939264,51781632,1384448,169586688,0,3,11]
07-18 07:23:00.468  2005  2060 I am_pss  : [9402,10124,com.qualcomm.timeservice,4368384,3538944,0,90558464,0,19,8]
07-18 07:23:00.477  2005  2060 I am_pss  : [8680,1000,com.zebra.nfcbatteryswap,4495360,3637248,0,92614656,0,10,8]
07-18 07:23:00.484  2005  2060 I am_pss  : [5855,1000,com.symbol.ethernetsettings,5378048,1855488,2637824,91590656,0,10,7]
07-18 07:23:00.492  2005  2060 I am_pss  : [8365,1000,com.qualcomm.qti.notificationservice,4947968,4087808,0,92311552,0,10,7]
07-18 07:23:00.500  2005  2060 I am_pss  : [7300,10207,com.symbol.fusionservice,6164480,3272704,1765376,96272384,0,4,7]
07-18 07:23:00.508  2005  2060 I am_pss  : [7278,10205,com.symbol.fusionlogger,6610944,3846144,1536000,98041856,0,4,7]
07-18 07:23:00.515  2005  2060 I am_pss  : [6598,1000,com.zebra.zebravolumecontrol3,5868544,1290240,3469312,93028352,0,10,7]
07-18 07:23:00.523  2005  2060 I am_pss  : [6290,10119,com.zebra.smartmu.service,7276544,4530176,1822720,94638080,0,4,7]
07-18 07:23:00.531  2005  2060 I am_pss  : [6358,10105,com.zebra.smartmu.wfwsupportservice,6097920,3338240,1822720,94752768,0,4,7]
07-18 07:23:00.538  2005  2060 I am_pss  : [5779,1000,com.symbol.WakeupSources,6542336,3903488,1794048,91987968,0,10,6]
07-18 07:23:00.546  2005  2060 I am_pss  : [5990,1000,com.symbol.zremotekey,5279744,1179648,3289088,88825856,0,10,6]
07-18 07:23:00.554  2005  2060 I am_pss  : [4147,1000,com.symbol.osx.osxprovisionservice,4913152,1323008,2723840,91398144,0,10,6]
07-18 07:23:00.561  2005  2060 I am_pss  : [3753,1000,com.symbol.csp.audiovoluimgr,7591936,3477504,3051520,99012608,0,10,7]
07-18 07:23:00.569  2005  2060 I am_pss  : [3736,1000,com.zebra.dhcpoptionmgr,5095424,925696,3321856,88858624,0,10,7]
07-18 07:24:32.391  2005  2181 I am_compact: [6085,com.android.vending,anon,159284,109988,46676,32628,-9668,0,-9668,9668,173,2,971970,905,19,2461436,-9728]
07-18 07:24:34.885  2005  2060 I am_pss  : [5244,10149,com.google.android.googlequicksearchbox:search,147606528,49610752,58281984,240070656,0,19,28]
07-18 07:25:46.820  2005  2181 I am_freeze: [8558,com.zebra.zebracontentprovider]
07-18 07:26:24.134  3346  9736 I c2dm    : [-19,ERR_AUTHENTICATION_FAILED,0,0]
07-18 07:26:24.138  2005  2060 I am_pss  : [8499,10086,com.zebra.commontransportlayer,25835520,20246528,3977216,119492608,0,19,15]
07-18 07:26:50.592  2005  2599 I netstats_mobile_sample: [0,0,0,0,0,0,0,0,0,0,0,0,1689679610591]
07-18 07:26:50.592  2005  2599 I netstats_wifi_sample: [0,0,0,0,0,0,0,0,0,0,0,0,1689679610591]
07-18 07:26:50.612  2005  2062 I am_proc_start: [0,11239,10141,com.google.android.gms,service,{com.google.android.gms/com.google.android.gms.chimera.GmsIntentOperationService}]
07-18 07:26:50.652  2005  4926 I am_proc_bound: [0,11239,com.google.android.gms]
07-18 07:26:50.879 11239 11264 I aggregation: 1689679610879
07-18 07:26:57.030  2005  2181 I am_compact: [4364,com.google.process.gservices,,96548,50984,44820,1992,0,0,0,0,5,4,1021173,700,5,2455036,0]
07-18 07:26:58.201  2005  2181 I am_compact: [11239,com.google.android.gms,anon,145548,94468,50212,64,-9156,40,-9196,9196,134,0,0,905,19,2455036,-8960]
07-18 07:27:51.012  2005  2060 I am_pss  : [11239,10141,com.google.android.gms,29619200,6791168,5937152,145285120,0,19,20]
07-18 07:28:25.617  2005  2067 I battery_level: [53,3751,240]
07-18 07:28:25.640  2005  2061 I am_uid_running: 10134
07-18 07:28:25.668  2005  2062 I am_proc_start: [0,11341,10134,com.google.android.apps.turbo,broadcast,{com.google.android.apps.turbo/com.google.android.apps.turbo.nudges.broadcasts.BatteryStatusChangedReceiver}]
07-18 07:28:25.703  2005  4926 I am_proc_bound: [0,11341,com.google.android.apps.turbo]
07-18 07:28:25.722   911   911 I auditd  : type=1400 audit(0.0:2291): avc: denied { read } for comm="binder:911_5" name="wakeup0" dev="sysfs" ino=52670 scontext=u:r:system_suspend:s0 tcontext=u:object_r:sysfs_gpio_keys:s0 tclass=dir permissive=0
07-18 07:28:38.889  2005  2181 I am_compact: [4364,com.google.process.gservices,,96548,50984,44820,1992,0,0,0,0,4,4,1417529,700,5,2449660,0]
07-18 07:28:47.902  2005  2060 I am_pss  : [11341,10134,com.google.android.apps.turbo,8783872,7634944,1024,100360192,0,19,15]
07-18 07:29:08.458  2005  2178 I commit_sys_config_file: [settings-1-0,12]
07-18 07:29:13.089  2005  2178 I commit_sys_config_file: [settings-1-0,10]
07-18 07:29:13.741  2005  2178 I commit_sys_config_file: [settings-1-0,8]
07-18 07:29:17.238  2005  2060 I am_pss  : [11239,10141,com.google.android.gms,29652992,7188480,5583872,145739776,0,19,20]
07-18 07:29:32.304  2005  2060 I am_pss  : [2005,1000,system,246447104,210464768,13721600,420749312,0,0,44]
07-18 07:29:33.597  2005  2181 I am_compact: [6085,com.android.vending,anon,159048,109988,46440,33852,-9456,0,-9456,9456,186,2,1272890,905,19,2456828,-9472]
07-18 07:30:06.391  2005  2178 I commit_sys_config_file: [settings-1-0,11]
07-18 07:30:07.970  2005  2178 I commit_sys_config_file: [settings-1-0,8]
07-18 07:30:08.471  2005  2178 I commit_sys_config_file: [settings-1-0,8]
07-18 07:30:11.176  2005  2178 I commit_sys_config_file: [settings-1-0,9]
07-18 07:30:15.839  2005  2178 I commit_sys_config_file: [settings-1-0,7]
07-18 07:30:24.589  2005  2178 I commit_sys_config_file: [settings-1-0,9]
07-18 07:31:15.858  2005  2178 I commit_sys_config_file: [settings-1-0,13]
07-18 07:32:23.165  2005  2178 I commit_sys_config_file: [settings-1-0,12]
07-18 07:32:28.115  2005  2178 I commit_sys_config_file: [settings-1-0,11]
07-18 07:33:19.638   911   911 I auditd  : type=1400 audit(0.0:2292): avc: denied { read } for comm="binder:911_2" name="wakeup0" dev="sysfs" ino=52670 scontext=u:r:system_suspend:s0 tcontext=u:object_r:sysfs_gpio_keys:s0 tclass=dir permissive=0
07-18 07:33:19.711  2005  2060 I commit_sys_config_file: [batterystats,19]
07-18 07:33:19.717  2005  2060 I commit_sys_config_file: [batterystats,5]
07-18 07:33:25.538  2005  2178 I commit_sys_config_file: [settings-1-0,11]
07-18 07:33:27.194  2005  2178 I commit_sys_config_file: [settings-1-0,8]
07-18 07:33:28.821  2005  2178 I commit_sys_config_file: [settings-1-0,8]
07-18 07:33:29.857  2005  2067 I sysui_multi_action: [757,1417,758,4,1418,53,1421,2]
07-18 07:33:29.857  2005  2067 I battery_discharge: [1493869,54,53]
07-18 07:33:29.857  2005  2067 I battery_status: [3,2,1,2,Li-ion]
07-18 07:33:29.908  2005  2005 I battery_saving_stats: [0,1,0,1493876,58284,1,1619377,80635,1]
07-18 07:33:29.922  2005  2060 I am_pss  : [3709,10171,com.google.android.inputmethod.latin,62905344,53551104,360448,199008256,0,7,14]
07-18 07:33:29.930  2005  2060 I am_pss  : [4389,10220,com.google.android.providers.media.module,19458048,6582272,10420224,113942528,0,0,8]
07-18 07:33:29.937  2005  2060 I am_pss  : [5104,1000,com.zebra.location,6362112,3289088,1851392,99434496,0,8,6]
07-18 07:33:29.938   911   911 I auditd  : type=1400 audit(0.0:2293): avc: denied { read } for comm="binder:911_5" name="wakeup0" dev="sysfs" ino=52670 scontext=u:r:system_suspend:s0 tcontext=u:object_r:sysfs_gpio_keys:s0 tclass=dir permissive=0
07-18 07:33:29.944  2005  2060 I am_pss  : [3728,10221,com.google.android.ext.services,8595456,3313664,3043328,101687296,0,5,6]
07-18 07:33:29.949  2005  2181 I am_unfreeze: [8558,com.zebra.zebracontentprovider]
07-18 07:33:29.951  2005  2060 I am_pss  : [3744,10056,com.android.proxyhandler,4450304,442368,3133440,87502848,0,8,6]
07-18 07:33:29.958  2005  2060 I am_pss  : [2946,1001,.dataservices,6511616,2289664,3420160,89042944,0,0,7]
07-18 07:33:29.969  2005  2060 I am_pss  : [2929,1000,com.zebra.keyeventservice,10465280,1757184,7770112,93261824,0,0,7]
07-18 07:33:29.977  2005  2060 I am_pss  : [2832,1073,com.android.networkstack.process,9110528,4251648,3739648,98484224,0,0,7]
07-18 07:33:30.004  2005  2060 I am_pss  : [2669,10193,com.android.systemui,82511872,59555840,9580544,224108544,0,0,14]
07-18 07:33:30.017  2005  2060 I am_pss  : [7589,10167,com.google.android.apps.tachyon,54808576,46084096,6090752,155181056,0,19,8]
07-18 07:33:30.023  2005  2060 I am_pss  : [8558,10066,com.zebra.zebracontentprovider,7387136,5267456,1191936,98029568,0,19,5]
07-18 07:33:30.030  2005  2060 I am_pss  : [6724,10072,com.symbol.dataanalytics,20154368,17702912,1114112,116039680,0,19,7]
07-18 07:33:30.037  2005  2060 I am_pss  : [8456,10071,com.symbol.dataanalytics.dca,13236224,7557120,4231168,105230336,0,19,6]
07-18 07:33:30.043  2005  2060 I am_pss  : [9245,1000,com.symbol.dataanalytics.systemhelper,4353024,2228224,1339392,88715264,0,19,6]
07-18 07:33:30.052  2005  2060 I am_pss  : [4269,10048,com.symbol.scanning.scanningframework:zdcpservice,47118336,16986112,27553792,120791040,0,6,9]
07-18 07:33:30.059  2005  2060 I am_pss  : [4266,10048,com.symbol.scanning.scanningframework:hwinfoservice,4608000,1949696,1634304,89350144,0,6,6]
07-18 07:33:30.068  2005  2060 I am_pss  : [3298,10048,com.symbol.scanning.scanningframework:btscanner,5110784,2224128,1708032,93417472,0,6,6]
07-18 07:33:30.077  2005  2060 I am_pss  : [4319,10078,com.symbol.datawedge,21446656,15364096,3153920,125825024,0,6,8]
07-18 07:33:30.085  2005  2060 I am_pss  : [4294,10055,com.zebra.datacapturevision,13088768,8241152,3678208,101834752,0,0,7]
07-18 07:33:30.092  2005  2060 I am_pss  : [3222,1002,com.zebra.bluetooth,8697856,1675264,5881856,97939456,0,0,7]
07-18 07:33:30.100  2005  2060 I am_pss  : [3055,1000,com.zebra.batteryswapservice,6479872,2244608,3379200,92143616,0,0,7]
07-18 07:33:30.107  2005  2060 I am_pss  : [3019,10106,com.zebra.zvahelper,9824256,7168000,1372160,102387712,0,0,7]
07-18 07:33:30.690  2005  2638 I battery_status: [2,2,1,1,Li-ion]
07-18 07:33:30.891  2005  2005 I notification_enqueue: [1000,2005,android,32,NULL,-1,Notification(channel=USB shortcut=null contentView=null vibrate=null sound=null tick defaults=0x0 flags=0x2 color=0x00000000 vis=PUBLIC),0]
07-18 07:33:30.904  2005  2181 I am_unfreeze: [5327,android.process.media]
07-18 07:33:30.922  2005  2060 I am_pss  : [5327,10050,android.process.media,13389824,2990080,9150464,99467264,0,11,10]
07-18 07:33:31.094  2005  2005 I sysui_multi_action: [757,1501,758,1,793,208,794,0,795,208,796,32,806,android,857,USB,858,1,947,0,1500,0]
07-18 07:33:31.094  2005  2005 I sysui_multi_action: [757,804,799,note_interruptive,801,0,802,1]
07-18 07:33:32.484  2005  2178 I commit_sys_config_file: [settings-1-0,6]
07-18 07:33:34.238  2005  2178 I commit_sys_config_file: [settings-1-0,7]
07-18 07:33:36.005  2005  2060 I commit_sys_config_file: [procstats,34]
07-18 07:33:36.473  2005  2313 I input_interaction: Interaction with: 6673bd4 NavigationBar0 (server), PointerEventDispatcher0 (server), 
07-18 07:33:36.478  2669  2669 I sysui_multi_action: [757,931,758,4,759,3,932,0,933,0]
07-18 07:33:36.569  2669  2669 I sysui_multi_action: [757,931,758,4,759,3,932,0,933,1]
07-18 07:33:36.576  2005  2053 I wm_task_moved: [7,1,2]
07-18 07:33:36.576  2005  2053 I wm_task_moved: [9,1,2147483647]
07-18 07:33:36.577  2005  2053 I wm_task_to_front: [0,9]
07-18 07:33:36.577  2005  2053 I wm_focused_root_task: [0,0,7,10,bringingFoundTaskToFront]
07-18 07:33:36.577  6832  6832 I wm_on_top_resumed_lost_called: [99225388,com.android.settings.Settings,topStateChangedWhenResumed]
07-18 07:33:36.577  2005  2053 I wm_set_resumed_activity: [0,com.android.launcher3/.uioverrides.QuickstepLauncher,bringingFoundTaskToFront]
07-18 07:33:36.577  2005  2053 I wm_new_intent: [0,165868674,9,com.android.launcher3/.uioverrides.QuickstepLauncher,android.intent.action.MAIN,NULL,NULL,270565376]
07-18 07:33:36.578  2005  2053 I wm_pause_activity: [0,99225388,com.android.settings/.Settings,userLeaving=true,pauseBackTasks]
07-18 07:33:36.580  2005  2053 I wm_add_to_stopping: [0,99225388,com.android.settings/.Settings,makeInvisible]
07-18 07:33:36.580  2005  2052 I sysui_multi_action: [757,803,799,window_time_0,802,1523]
07-18 07:33:36.580  2005  2053 I wm_set_resumed_activity: [0,com.android.launcher3/.uioverrides.QuickstepLauncher,resumeTopActivity - onActivityStateChanged]
07-18 07:33:36.581  2005  2053 I wm_resume_activity: [0,165868674,9,com.android.launcher3/.uioverrides.QuickstepLauncher]
07-18 07:33:36.582  3163  3163 I wm_on_restart_called: [165868674,com.android.launcher3.uioverrides.QuickstepLauncher,performRestartActivity]
07-18 07:33:36.583  3163  3163 I wm_on_start_called: [165868674,com.android.launcher3.uioverrides.QuickstepLauncher,handleStartActivity]
07-18 07:33:36.584  2005  2056 I input_focus: [Requesting to set focus to null window,reason=UpdateInputWindows]
07-18 07:33:36.591  3163  3163 I wm_on_resume_called: [165868674,com.android.launcher3.uioverrides.QuickstepLauncher,RESUME_ACTIVITY]
07-18 07:33:36.597  6832  6832 I sysui_multi_action: [757,35,758,2,1089,1523141]
07-18 07:33:36.597  2005  2313 I input_focus: [Focus leaving 28f7d06 com.android.settings/com.android.settings.Settings (server),reason=Waiting for window because NOT_FOCUSABLE]
07-18 07:33:36.597  6832  6832 I wm_on_paused_called: [99225388,com.android.settings.Settings,performPause]
07-18 07:33:36.605  2005  2056 I input_focus: [Focus request fafc400 com.android.launcher3/com.android.launcher3.uioverrides.QuickstepLauncher,reason=UpdateInputWindows]
07-18 07:33:36.613  2005  2060 I am_pss  : [6832,1000,com.android.settings,49287168,38109184,3219456,182988800,0,2,10]
07-18 07:33:36.621  2005  2060 I am_pss  : [7157,10083,com.symbol.fota,15415296,12509184,1544192,112099328,0,19,6]
07-18 07:33:36.621  3163  3163 I wm_on_top_resumed_gained_called: [165868674,com.android.launcher3.uioverrides.QuickstepLauncher,topStateChangedWhenResumed]
07-18 07:33:36.622  2005  2056 I wm_wallpaper_surface: [0,1,Window{fafc400 u0 com.android.launcher3/com.android.launcher3.uioverrides.QuickstepLauncher}]
07-18 07:33:36.629  2005  2060 I am_pss  : [3367,10079,com.zebra.devicemanager,32628736,22777856,7892992,126779392,0,19,7]
07-18 07:33:36.638  2005  2060 I am_pss  : [6246,10147,com.android.vending:instant_app_installer,15351808,4497408,1855488,125661184,0,19,7]
07-18 07:33:36.640  2005  2052 I sysui_multi_action: [319,57,322,53,325,1817,757,761,758,9,759,2,806,com.android.launcher3,871,com.android.launcher3.uioverrides.QuickstepLauncher,904,com.google.android.setupwizard,905,0,1320,4,1321,23]
07-18 07:33:36.644  2005  2060 I am_pss  : [7872,10140,com.google.android.configupdater,9315328,8491008,0,97906688,0,19,6]
07-18 07:33:36.652  2005  2060 I am_pss  : [6453,10147,com.android.vending:background,20086784,4546560,4218880,131198976,0,19,7]
07-18 07:33:36.661  2005  2060 I am_pss  : [4377,10149,com.google.android.googlequicksearchbox:interactor,55417856,12550144,6295552,188674048,0,19,8]
07-18 07:33:36.668  2005  2060 I am_pss  : [4048,1000,com.symbol.mxmf.proxyframework,11245568,7979008,1998848,104980480,0,6,6]
07-18 07:33:36.675  2005  2060 I am_pss  : [5148,10141,com.google.process.gapps,7685120,3723264,1806336,99389440,0,19,6]
07-18 07:33:36.681  2005  2313 I input_focus: [Focus entering fafc400 com.android.launcher3/com.android.launcher3.uioverrides.QuickstepLauncher (server),reason=Window became focusable. Previous reason: NOT_VISIBLE]
07-18 07:33:36.682  2005  2060 I am_pss  : [8148,10143,com.google.android.partnersetup,6618112,4042752,1605632,98349056,0,19,6]
07-18 07:33:36.692  2005  2060 I am_pss  : [3101,10188,com.google.android.setupwizard,51347456,37294080,6361088,182878208,0,3,9]
07-18 07:33:36.698  2005  2060 I am_pss  : [5934,10044,com.android.providers.calendar,6848512,3940352,1921024,97087488,0,19,5]
07-18 07:33:36.705  2005  2060 I am_pss  : [4176,10058,com.zebra.licensemgrservice,10817536,7852032,1871872,103477248,0,6,6]
07-18 07:33:36.716  2005  2060 I am_pss  : [8255,10175,com.google.android.youtube,68568064,55922688,4825088,182423552,0,19,10]
07-18 07:33:36.724  2005  2060 I am_pss  : [7943,10164,com.google.android.gm,40325120,30797824,7847936,131137536,0,19,8]
07-18 07:33:36.731  2005  2060 I am_pss  : [7408,10183,com.android.remoteprovisioner,7312384,2183168,3907584,97030144,0,19,6]
07-18 07:33:36.738  2005  2060 I am_pss  : [3601,10159,com.android.deskclock,7913472,4022272,2371584,97714176,0,19,6]
07-18 07:33:36.743  2005  2060 I am_pss  : [7774,10209,com.google.android.apps.wallpaper,9617408,6795264,0,101335040,0,19,5]
07-18 07:33:36.749  2005  2060 I am_pss  : [8816,1000,com.zebra.zchargeled,5950464,5152768,0,92602368,0,19,5]
07-18 07:33:36.754  2005  2060 I am_pss  : [8791,1000,com.zebra.valueadd.batterymgr,5001216,4222976,0,90742784,0,19,5]
07-18 07:33:36.759  2005  2060 I am_pss  : [8747,1000,com.zebra.popupcontrol,5172224,2883584,1470464,91414528,0,19,5]
07-18 07:33:36.765  2005  2060 I am_pss  : [8655,10061,com.zebra.licenseuiapp,5572608,4767744,0,91840512,0,19,5]
07-18 07:33:36.771  2005  2060 I am_pss  : [7300,10207,com.symbol.fusionservice,6318080,3444736,1765376,96436224,0,4,5]
07-18 07:33:36.778  2005  2060 I am_pss  : [7278,10205,com.symbol.fusionlogger,6374400,3629056,1536000,97824768,0,4,5]
07-18 07:33:36.784  2005  2060 I am_pss  : [6290,10119,com.zebra.smartmu.service,7265280,4534272,1822720,94642176,0,4,5]
07-18 07:33:36.790  2005  2060 I am_pss  : [6358,10105,com.zebra.smartmu.wfwsupportservice,6081536,3338240,1822720,94752768,0,4,6]
07-18 07:33:36.796  2005  2060 I am_pss  : [5300,10114,com.zebra.valueadd.enfc,5347328,2707456,1798144,91066368,0,6,6]
07-18 07:33:36.802  2005  2060 I am_pss  : [4972,1000,com.qualcomm.qti.services.secureui:sui_service,4779008,991232,2887680,90738688,0,0,5]
07-18 07:33:36.810  2005  2060 I am_pss  : [4980,1000,com.symbol.osx.securestorage,4884480,462848,3465216,91099136,0,0,5]
07-18 07:33:36.815  2005  2060 I am_pss  : [4794,1000,com.zebra.indicators,6392832,1699840,3616768,93794304,0,0,6]
07-18 07:33:36.822  2005  2060 I am_pss  : [4781,10187,com.qualcomm.qti.services.systemhelper:systemhelper_service,4855808,1077248,2883584,89841664,0,0,6]
07-18 07:33:36.828  2005  2060 I am_pss  : [4956,1002,com.zebra.beaconconfigservice,5036032,970752,3145728,88285184,0,0,5]
07-18 07:33:36.834  2005  2060 I am_pss  : [4896,1000,com.zebra.persistencedataservice,4957184,884736,3231744,89481216,0,0,5]
07-18 07:33:36.840  2005  2060 I am_pss  : [4827,10204,com.qualcomm.qti.workloadclassifier,11266048,2920448,7294976,96579584,0,0,6]
07-18 07:33:36.846  2005  2060 I am_pss  : [4739,10130,.pasr,4406272,1126400,2494464,87584768,0,0,5]
07-18 07:33:36.852  2005  2060 I am_pss  : [4799,10080,com.zebra.greenmode,6127616,1867776,3325952,92123136,0,0,6]
07-18 07:33:36.859  2005  2060 I am_pss  : [4690,1000,com.zebra.server,7238656,3088384,3141632,93224960,0,0,6]
07-18 07:33:36.865  2005  2060 I am_pss  : [4727,1000,com.symbol.batterymanager,6998016,4632576,1572864,92389376,0,0,6]
07-18 07:33:36.871  2005  2060 I am_pss  : [4659,10060,com.symbol.osx.rootdetection,4445184,421888,3149824,88154112,0,0,5]
07-18 07:33:36.879  2005  2060 I am_pss  : [4709,1027,com.android.nfc,18395136,8118272,7213056,117293056,0,0,7]
07-18 07:33:36.885  2005  2060 I am_pss  : [4648,1000,com.symbol.dd,5769216,1413120,3432448,91484160,0,0,5]
07-18 07:33:36.892  2005  2060 I am_pss  : [4610,1000,com.zebra.ethtracker,5451776,1110016,3485696,90546176,0,0,6]
07-18 07:33:36.898  2005  2060 I am_pss  : [4589,1000,com.zebra.zdatafileio,5075968,1118208,3166208,88567808,0,0,6]
07-18 07:33:36.905  2005  2060 I am_pss  : [4621,1000,com.symbol.cu,5127168,1163264,3174400,88506368,0,0,6]
07-18 07:33:36.911  2005  2060 I am_pss  : [4548,1000,com.zebra.backio,4943872,946176,3207168,88522752,0,0,6]
07-18 07:33:36.918  2005  2060 I am_pss  : [4567,1000,com.symbol.osx.threatdetectionservice,4739072,471040,3391488,90001408,0,0,6]
07-18 07:33:36.924  2005  2060 I am_pss  : [4504,1000,com.zebra.bluetoothsystem,4862976,901120,3170304,88477696,0,0,6]
07-18 07:33:36.930  2005  2060 I am_pss  : [8766,1001,com.android.phone,4170752,630784,2760704,86454272,0,0,6]
07-18 07:33:36.937  2005  2060 I am_pss  : [4456,10052,com.zebra.zcm,5091328,1110016,3190784,87437312,0,0,6]
07-18 07:33:36.943  2005  2060 I am_pss  : [4242,10048,com.symbol.scanning.scanningframework:datacapture,4591616,364544,3178496,87523328,0,0,6]
07-18 07:33:36.950  2005  2060 I am_pss  : [3556,1000,com.symbol.osx.proxyframework,13005824,618496,11210752,96096256,0,0,6]
07-18 07:33:36.958  2005  2060 I am_pss  : [3099,10202,com.qti.qcc,7644160,2715648,3698688,96829440,0,0,6]
07-18 07:33:36.964  2005  2060 I am_pss  : [3077,10203,com.qti.phone,4561920,491520,3280896,87248896,0,0,6]
07-18 07:33:36.971  2005  2060 I am_pss  : [3070,1068,com.android.se,4677632,659456,3182592,88530944,0,0,5]
07-18 07:33:36.978  2005  2060 I am_pss  : [3013,1000,vendor.qti.qesdk.sysservice,4513792,499712,3194880,88518656,0,0,6]
07-18 07:33:36.985  2005  2060 I am_pss  : [2989,10191,com.qualcomm.qtil.aptxals,6431744,1699840,3637248,93585408,0,0,6]
07-18 07:33:36.985  2005  2055 I wm_stop_activity: [0,99225388,com.android.settings/.Settings]
07-18 07:33:36.992  2005  2060 I am_pss  : [2967,10107,com.android.pacprocessor,4297728,368640,3141632,86257664,0,0,6]
07-18 07:33:36.999  2005  2060 I am_pss  : [2977,10208,com.qualcomm.qtil.aptxacu,5197824,1159168,3256320,87711744,0,0,7]
07-18 07:33:37.006  2005  2060 I am_pss  : [2965,10126,.qtidataservices,6167552,1712128,3510272,92680192,0,0,6]
07-18 07:33:37.010  6832  6832 I wm_on_stop_called: [99225388,com.android.settings.Settings,STOP_ACTIVITY_ITEM]
07-18 07:33:37.012  2005  2060 I am_pss  : [2902,1000,com.zebra.batteryswapnotification,5914624,2007040,3047424,92094464,0,0,5]
07-18 07:33:37.031  2005  2181 I am_compact: [6832,com.android.settings,,175676,109096,64524,3384,0,0,0,0,2,2,254565,700,15,2452988,0]
07-18 07:33:37.032  2005  2181 I am_compact: [3655,com.google.android.apps.wellbeing,,162264,90652,70420,1724,0,0,0,0,1,2,65797,700,15,2452988,0]
07-18 07:33:37.307  2005  2313 I input_interaction: Interaction with: fafc400 com.android.launcher3/com.android.launcher3.uioverrides.QuickstepLauncher (server), 2679b52 com.android.systemui.wallpapers.ImageWallpaper (server), PointerEventDispatcher0 (server), 
07-18 07:33:37.478  2005  2181 I am_compact: [11239,com.google.android.gms,anon,148216,99024,48284,3120,-8084,0,-8084,8084,193,2,1418701,905,19,2452988,-7936]
07-18 07:33:38.011  2005  3461 I wm_task_created: [11,-1]
07-18 07:33:38.017  2005  3461 I wm_task_moved: [11,1,3]
07-18 07:33:38.017  2005  3461 I wm_task_to_front: [0,11]
07-18 07:33:38.018  2005  3461 I wm_create_task: [0,11]
07-18 07:33:38.018  2005  3461 I wm_create_activity: [0,92435138,11,com.symbol.rxlogger/.MainActivity,android.intent.action.MAIN,NULL,NULL,270532608]
07-18 07:33:38.018  2005  3461 I wm_task_moved: [11,1,3]
07-18 07:33:38.020  2005  3461 I wm_pause_activity: [0,165868674,com.android.launcher3/.uioverrides.QuickstepLauncher,userLeaving=true,pauseBackTasks]
07-18 07:33:38.027  3163  3163 I wm_on_top_resumed_lost_called: [165868674,com.android.launcher3.uioverrides.QuickstepLauncher,topStateChangedWhenResumed]
07-18 07:33:38.031  3163  3163 I wm_on_paused_called: [165868674,com.android.launcher3.uioverrides.QuickstepLauncher,performPause]
07-18 07:33:38.033  2005  3461 I wm_add_to_stopping: [0,165868674,com.android.launcher3/.uioverrides.QuickstepLauncher,makeInvisible]
07-18 07:33:38.036  2005  2052 I sysui_multi_action: [757,803,799,window_time_0,802,1]
07-18 07:33:38.050  2005  2062 I am_proc_start: [0,11624,1000,com.symbol.rxlogger,next-top-activity,{com.symbol.rxlogger/com.symbol.rxlogger.MainActivity}]
07-18 07:33:38.069  2005  2313 I input_focus: [Focus leaving fafc400 com.android.launcher3/com.android.launcher3.uioverrides.QuickstepLauncher (server),reason=NO_WINDOW]
07-18 07:33:38.072  2005  3461 I am_proc_bound: [0,11624,com.symbol.rxlogger]
07-18 07:33:38.074  2005  3461 I wm_restart_activity: [0,92435138,11,com.symbol.rxlogger/.MainActivity]
07-18 07:33:38.075  2005  3461 I wm_set_resumed_activity: [0,com.symbol.rxlogger/.MainActivity,minimalResumeActivityLocked - onActivityStateChanged]
07-18 07:33:38.151 11624 11624 I wm_on_create_called: [92435138,com.symbol.rxlogger.MainActivity,performCreate]
07-18 07:33:38.153 11624 11624 I wm_on_start_called: [92435138,com.symbol.rxlogger.MainActivity,handleStartActivity]
07-18 07:33:38.155 11624 11624 I wm_on_resume_called: [92435138,com.symbol.rxlogger.MainActivity,RESUME_ACTIVITY]
07-18 07:33:38.163 11624 11624 I wm_on_top_resumed_gained_called: [92435138,com.symbol.rxlogger.MainActivity,topStateChangedWhenResumed]
07-18 07:33:38.173  2005  2056 I input_focus: [Focus request 24e2058 com.symbol.rxlogger/com.symbol.rxlogger.MainActivity,reason=UpdateInputWindows]
07-18 07:33:38.281  2005  2052 I sysui_multi_action: [319,73,321,68,322,285,325,1818,757,761,758,7,759,1,806,com.symbol.rxlogger,871,com.symbol.rxlogger.MainActivity,904,com.android.launcher3,905,0,945,82,1320,4,1321,23]
07-18 07:33:38.282  2005  2052 I wm_activity_launch_time: [0,92435138,com.symbol.rxlogger/.MainActivity,285]
07-18 07:33:38.286  2005  2313 I input_focus: [Focus entering 24e2058 com.symbol.rxlogger/com.symbol.rxlogger.MainActivity (server),reason=Window became focusable. Previous reason: NOT_VISIBLE]
07-18 07:33:38.605  2005  2055 I wm_stop_activity: [0,165868674,com.android.launcher3/.uioverrides.QuickstepLauncher]
07-18 07:33:38.607  2005  2056 I wm_wallpaper_surface: [0,0,null]
07-18 07:33:38.629  3163  3163 I wm_on_stop_called: [165868674,com.android.launcher3.uioverrides.QuickstepLauncher,STOP_ACTIVITY_ITEM]
07-18 07:33:38.914  2005  2313 I input_interaction: Interaction with: 24e2058 com.symbol.rxlogger/com.symbol.rxlogger.MainActivity (server), PointerEventDispatcher0 (server), 
07-18 07:33:39.034  2005  2005 I notification_enqueue: [1000,4648,com.symbol.dd,31415926,NULL,0,Notification(channel=RxLogger shortcut=null contentView=null vibrate=null sound=null defaults=0x0 flags=0x2 color=0x00000000 vis=PRIVATE),0]
07-18 07:33:39.145  2005  2005 I notification_enqueue: [1000,4648,com.symbol.dd,31415926,NULL,0,Notification(channel=RxLogger shortcut=null contentView=null vibrate=null sound=null defaults=0x0 flags=0x2 color=0x00000000 vis=PRIVATE),0]
07-18 07:33:39.142  1628  1628 I auditd  : type=1400 audit(0.0:2294): avc: denied { read } for comm="diagdaemon" name="voltage_now" dev="sysfs" ino=105021 scontext=u:r:dumpstate:s0 tcontext=u:object_r:vendor_sysfs_battery_supply:s0 tclass=file permissive=0
07-18 07:33:39.142  1628  1628 I auditd  : type=1400 audit(0.0:2295): avc: denied { read } for comm="diagdaemon" name="current_now" dev="sysfs" ino=105025 scontext=u:r:dumpstate:s0 tcontext=u:object_r:vendor_sysfs_battery_supply:s0 tclass=file permissive=0
07-18 07:33:39.142  1628  1628 I auditd  : type=1400 audit(0.0:2296): avc: denied { read } for comm="diagdaemon" name="temp" dev="sysfs" ino=105035 scontext=u:r:dumpstate:s0 tcontext=u:object_r:vendor_sysfs_battery_supply:s0 tclass=file permissive=0
07-18 07:33:39.142  1628  1628 I auditd  : type=1400 audit(0.0:2297): avc: denied { read } for comm="diagdaemon" name="capacity" dev="sysfs" ino=105034 scontext=u:r:dumpstate:s0 tcontext=u:object_r:vendor_sysfs_battery_supply:s0 tclass=file permissive=0
07-18 07:33:39.142  1628  1628 I auditd  : type=1400 audit(0.0:2298): avc: denied { read } for comm="diagdaemon" name="voltage_now" dev="sysfs" ino=105021 scontext=u:r:dumpstate:s0 tcontext=u:object_r:vendor_sysfs_battery_supply:s0 tclass=file permissive=0
07-18 07:33:39.236  2005  2005 I sysui_multi_action: [757,1501,758,1,793,204,794,0,795,204,796,31415926,806,com.symbol.dd,857,RxLogger,858,2,947,0,1500,0,1688,1]
07-18 07:33:39.236  2005  2005 I sysui_multi_action: [757,804,799,note_interruptive,801,0,802,1]
07-18 07:33:39.505  2005  2313 I input_interaction: Interaction with: 6673bd4 NavigationBar0 (server), PointerEventDispatcher0 (server), 
07-18 07:33:39.515  2669  2669 I sysui_multi_action: [757,931,758,4,759,3,932,0,933,0]
07-18 07:33:39.595  2669  2669 I sysui_multi_action: [757,931,758,4,759,3,932,0,933,1]
07-18 07:33:39.609  2005  2053 I wm_task_moved: [7,1,3]
07-18 07:33:39.611  2005  2053 I wm_task_moved: [9,1,2147483647]
07-18 07:33:39.611  2005  2053 I wm_task_to_front: [0,9]
07-18 07:33:39.611  2005  2053 I wm_focused_root_task: [0,0,7,11,bringingFoundTaskToFront]
07-18 07:33:39.612 11624 11624 I wm_on_top_resumed_lost_called: [92435138,com.symbol.rxlogger.MainActivity,topStateChangedWhenResumed]
07-18 07:33:39.613  2005  2053 I wm_set_resumed_activity: [0,com.android.launcher3/.uioverrides.QuickstepLauncher,bringingFoundTaskToFront]
07-18 07:33:39.614  2005  2053 I wm_new_intent: [0,165868674,9,com.android.launcher3/.uioverrides.QuickstepLauncher,android.intent.action.MAIN,NULL,NULL,270565376]
