--------- beginning of events
01-04 17:13:26.549   360   360 I liblog  : 35
01-04 17:13:26.634   385   385 I snet_event_log: [121035042,-1,]
01-04 17:13:26.637   385   385 I auditd  : SELinux: Loaded service_contexts from:
01-04 17:13:26.637   385   385 I auditd  :     /system/etc/selinux/plat_service_contexts
01-04 17:13:26.637   385   385 I auditd  :     /system_ext/etc/selinux/system_ext_service_contexts
01-04 17:13:26.637   385   385 I auditd  :     /product/etc/selinux/product_service_contexts
01-04 17:13:26.637   385   385 I auditd  :     /vendor/etc/selinux/vendor_service_contexts
01-04 17:13:26.666   391   391 I snet_event_log: [121035042,-1,]
12-31 19:00:00.092   373   373 I auditd  : type=2000 audit(0.0:1): state=initialized audit_enabled=0 res=1
01-04 17:13:25.751   373   373 I auditd  : type=1403 audit(0.0:2): auid=4294967295 ses=4294967295 lsm=selinux res=1
01-04 17:13:25.755   373   373 I auditd  : type=1404 audit(0.0:3): enforcing=1 old_enforcing=0 auid=4294967295 ses=4294967295 enabled=1 old-enabled=1 lsm=selinux res=1
01-04 17:13:25.831     1     1 I auditd  : type=1107 audit(0.0:4): uid=0 auid=4294967295 ses=4294967295 subj=u:r:init:s0 msg='avc: denied { read } for property=ro.build.type! pid=0 uid=0 gid=0 scontext=u:r:vendor_init:s0 tcontext=u:object_r:default_prop:s0 tclass=file permissive=0'
01-04 17:13:26.467   280   280 I auditd  : type=1400 audit(0.0:5): avc: denied { setattr } for comm="init" name="enterprise" dev="tmpfs" ino=9 scontext=u:r:vendor_init:s0 tcontext=u:object_r:media_rw_data_file:s0 tclass=dir permissive=0
01-04 17:13:26.467   280   280 I auditd  : type=1400 audit(0.0:6): avc: denied { setattr } for comm="init" name="enterprise" dev="tmpfs" ino=9 scontext=u:r:vendor_init:s0 tcontext=u:object_r:media_rw_data_file:s0 tclass=dir permissive=0
01-04 17:13:26.467   280   280 I auditd  : type=1400 audit(0.0:7): avc: denied { relabelto } for comm="init" name="/" dev="sdg6" ino=2 scontext=u:r:vendor_init:s0 tcontext=u:object_r:zproduct_file:s0 tclass=dir permissive=0
01-04 17:13:26.471   280   280 I auditd  : type=1400 audit(0.0:8): avc: denied { relabelto } for comm="init" name="build.prop" dev="sdg6" ino=14 scontext=u:r:vendor_init:s0 tcontext=u:object_r:zproduct_file:s0 tclass=file permissive=0
01-04 17:13:26.471   280   280 I auditd  : type=1400 audit(0.0:9): avc: denied { relabelto } for comm="init" name="lost+found" dev="sdg6" ino=11 scontext=u:r:vendor_init:s0 tcontext=u:object_r:zproduct_file:s0 tclass=dir permissive=0
01-04 17:13:26.471   280   280 I auditd  : type=1400 audit(0.0:10): avc: denied { relabelfrom } for comm="init" name="regulatory_MC94.ini" dev="sdg6" ino=13 scontext=u:r:vendor_init:s0 tcontext=u:object_r:vendor_file:s0 tclass=file permissive=0
01-04 17:13:26.803   517   517 I auditd  : type=1400 audit(0.0:14): avc: denied { ptrace } for comm="crash_dump64" scontext=u:r:crash_dump:s0 tcontext=u:r:init:s0 tclass=process permissive=0
01-04 17:13:27.419   695   695 I auditd  : type=1400 audit(0.0:15): avc: denied { write } for comm="modprobe" scontext=u:r:vendor_modprobe:s0 tcontext=u:r:vendor_modprobe:s0 tclass=key permissive=0
01-04 17:13:27.587   761   761 I auditd  : type=1400 audit(0.0:16): avc: denied { sys_admin } for comm="modprobe" capability=21 scontext=u:r:vendor_modprobe:s0 tcontext=u:r:vendor_modprobe:s0 tclass=capability permissive=0
01-04 17:13:33.210   912   912 I auditd  : SELinux: Loaded keystore2_key_contexts from:
01-04 17:13:33.210   912   912 I auditd  :     /system/etc/selinux/plat_keystore2_key_contexts
01-04 17:13:36.695     1     1 I auditd  : type=1400 audit(0.0:17): avc: denied { read } for comm="init" name="enterprise" dev="dm-6" ino=23 scontext=u:r:init:s0 tcontext=u:object_r:media_rw_data_file:s0 tclass=lnk_file permissive=0
01-04 17:13:36.695     1     1 I auditd  : type=1400 audit(0.0:18): avc: denied { relabelfrom } for comm="init" name="regulatory_MC94.ini" dev="sdg6" ino=13 scontext=u:r:init:s0 tcontext=u:object_r:vendor_file:s0 tclass=file permissive=0
01-04 17:13:36.695     1     1 I auditd  : type=1400 audit(0.0:19): avc: denied { relabelfrom } for comm="init" name="wifi.ini" dev="sdg6" ino=12 scontext=u:r:init:s0 tcontext=u:object_r:vendor_file:s0 tclass=file permissive=0
01-04 17:13:36.695     1     1 I auditd  : type=1400 audit(0.0:20): avc: denied { relabelfrom } for comm="init" name="regulatory_label.jpg" dev="sdg6" ino=15 scontext=u:r:init:s0 tcontext=u:object_r:zproduct_file:s0 tclass=file permissive=0
01-04 17:13:36.703     1     1 I auditd  : type=1107 audit(0.0:21): uid=0 auid=4294967295 ses=4294967295 subj=u:r:init:s0 msg='avc: denied { set } for property=ro.nfc.port pid=280 uid=0 gid=0 scontext=u:r:vendor_init:s0 tcontext=u:object_r:default_prop:s0 tclass=property_service permissive=0'
01-04 17:13:36.707   280   280 I auditd  : type=1400 audit(0.0:22): avc: denied { getattr } for comm="init" path="/data/tmp" dev="dm-42" ino=251 scontext=u:r:vendor_init:s0 tcontext=u:object_r:data_tmp_file:s0 tclass=dir permissive=0
01-04 17:13:36.707   280   280 I auditd  : type=1400 audit(0.0:23): avc: denied { search } for comm="init" name="tmp" dev="dm-42" ino=251 scontext=u:r:vendor_init:s0 tcontext=u:object_r:data_tmp_file:s0 tclass=dir permissive=0
01-04 17:13:36.707   280   280 I auditd  : type=1400 audit(0.0:24): avc: denied { search } for comm="init" name="tmp" dev="dm-42" ino=251 scontext=u:r:vendor_init:s0 tcontext=u:object_r:data_tmp_file:s0 tclass=dir permissive=0
01-04 17:13:36.707   280   280 I auditd  : type=1400 audit(0.0:25): avc: denied { search } for comm="init" name="product" dev="tmpfs" ino=3 scontext=u:r:vendor_init:s0 tcontext=u:object_r:mnt_product_file:s0 tclass=dir permissive=0
01-04 17:13:36.707   280   280 I auditd  : type=1400 audit(0.0:26): avc: denied { search } for comm="init" name="product" dev="tmpfs" ino=3 scontext=u:r:vendor_init:s0 tcontext=u:object_r:mnt_product_file:s0 tclass=dir permissive=0
01-04 17:13:36.707   280   280 I auditd  : type=1400 audit(0.0:27): avc: denied { search } for comm="init" name="product" dev="tmpfs" ino=3 scontext=u:r:vendor_init:s0 tcontext=u:object_r:mnt_product_file:s0 tclass=dir permissive=0
01-04 17:13:36.707   280   280 I auditd  : type=1400 audit(0.0:28): avc: denied { search } for comm="init" name="product" dev="tmpfs" ino=3 scontext=u:r:vendor_init:s0 tcontext=u:object_r:mnt_product_file:s0 tclass=dir permissive=0
01-04 17:13:36.707   280   280 I auditd  : type=1400 audit(0.0:29): avc: denied { search } for comm="init" name="product" dev="tmpfs" ino=3 scontext=u:r:vendor_init:s0 tcontext=u:object_r:mnt_product_file:s0 tclass=dir permissive=0
01-04 17:13:36.707   280   280 I auditd  : type=1400 audit(0.0:30): avc: denied { search } for comm="init" name="product" dev="tmpfs" ino=3 scontext=u:r:vendor_init:s0 tcontext=u:object_r:mnt_product_file:s0 tclass=dir permissive=0
01-04 17:13:36.707   280   280 I auditd  : type=1400 audit(0.0:31): avc: denied { search } for comm="init" name="product" dev="tmpfs" ino=3 scontext=u:r:vendor_init:s0 tcontext=u:object_r:mnt_product_file:s0 tclass=dir permissive=0
01-04 17:13:36.707   280   280 I auditd  : type=1400 audit(0.0:32): avc: denied { search } for comm="init" name="product" dev="tmpfs" ino=3 scontext=u:r:vendor_init:s0 tcontext=u:object_r:mnt_product_file:s0 tclass=dir permissive=0
01-04 17:13:36.711   280   280 I auditd  : type=1400 audit(0.0:33): avc: denied { search } for comm="init" name="product" dev="tmpfs" ino=3 scontext=u:r:vendor_init:s0 tcontext=u:object_r:mnt_product_file:s0 tclass=dir permissive=0
01-04 17:13:36.711   280   280 I auditd  : type=1400 audit(0.0:34): avc: denied { search } for comm="init" name="product" dev="tmpfs" ino=3 scontext=u:r:vendor_init:s0 tcontext=u:object_r:mnt_product_file:s0 tclass=dir permissive=0
01-04 17:13:36.711   280   280 I auditd  : type=1400 audit(0.0:35): avc: denied { search } for comm="init" name="product" dev="tmpfs" ino=3 scontext=u:r:vendor_init:s0 tcontext=u:object_r:mnt_product_file:s0 tclass=dir permissive=0
01-04 17:13:36.711   280   280 I auditd  : type=1400 audit(0.0:36): avc: denied { search } for comm="init" name="product" dev="tmpfs" ino=3 scontext=u:r:vendor_init:s0 tcontext=u:object_r:mnt_product_file:s0 tclass=dir permissive=0
01-04 17:13:36.711   280   280 I auditd  : type=1400 audit(0.0:37): avc: denied { search } for comm="init" name="product" dev="tmpfs" ino=3 scontext=u:r:vendor_init:s0 tcontext=u:object_r:mnt_product_file:s0 tclass=dir permissive=0
01-04 17:13:36.711   280   280 I auditd  : type=1400 audit(0.0:38): avc: denied { search } for comm="init" name="product" dev="tmpfs" ino=3 scontext=u:r:vendor_init:s0 tcontext=u:object_r:mnt_product_file:s0 tclass=dir permissive=0
01-04 17:13:36.711   280   280 I auditd  : type=1400 audit(0.0:39): avc: denied { search } for comm="init" name="product" dev="tmpfs" ino=3 scontext=u:r:vendor_init:s0 tcontext=u:object_r:mnt_product_file:s0 tclass=dir permissive=0
01-04 17:13:36.711   280   280 I auditd  : type=1400 audit(0.0:40): avc: denied { search } for comm="init" name="product" dev="tmpfs" ino=3 scontext=u:r:vendor_init:s0 tcontext=u:object_r:mnt_product_file:s0 tclass=dir permissive=0
01-04 17:13:36.711   280   280 I auditd  : type=1400 audit(0.0:41): avc: denied { search } for comm="init" name="product" dev="tmpfs" ino=3 scontext=u:r:vendor_init:s0 tcontext=u:object_r:mnt_product_file:s0 tclass=dir permissive=0
01-04 17:13:36.711   280   280 I auditd  : type=1400 audit(0.0:42): avc: denied { search } for comm="init" name="product" dev="tmpfs" ino=3 scontext=u:r:vendor_init:s0 tcontext=u:object_r:mnt_product_file:s0 tclass=dir permissive=0
01-04 17:13:36.711   280   280 I auditd  : type=1400 audit(0.0:43): avc: denied { search } for comm="init" name="product" dev="tmpfs" ino=3 scontext=u:r:vendor_init:s0 tcontext=u:object_r:mnt_product_file:s0 tclass=dir permissive=0
01-04 17:13:36.711   280   280 I auditd  : type=1400 audit(0.0:44): avc: denied { search } for comm="init" name="product" dev="tmpfs" ino=3 scontext=u:r:vendor_init:s0 tcontext=u:object_r:mnt_product_file:s0 tclass=dir permissive=0
01-04 17:13:36.711   280   280 I auditd  : type=1400 audit(0.0:45): avc: denied { search } for comm="init" name="product" dev="tmpfs" ino=3 scontext=u:r:vendor_init:s0 tcontext=u:object_r:mnt_product_file:s0 tclass=dir permissive=0
01-04 17:13:36.711   280   280 I auditd  : type=1400 audit(0.0:46): avc: denied { search } for comm="init" name="product" dev="tmpfs" ino=3 scontext=u:r:vendor_init:s0 tcontext=u:object_r:mnt_product_file:s0 tclass=dir permissive=0
01-04 17:13:36.711   280   280 I auditd  : type=1400 audit(0.0:47): avc: denied { search } for comm="init" name="product" dev="tmpfs" ino=3 scontext=u:r:vendor_init:s0 tcontext=u:object_r:mnt_product_file:s0 tclass=dir permissive=0
01-04 17:13:36.711   280   280 I auditd  : type=1400 audit(0.0:48): avc: denied { search } for comm="init" name="product" dev="tmpfs" ino=3 scontext=u:r:vendor_init:s0 tcontext=u:object_r:mnt_product_file:s0 tclass=dir permissive=0
01-04 17:13:36.711   280   280 I auditd  : type=1400 audit(0.0:49): avc: denied { search } for comm="init" name="product" dev="tmpfs" ino=3 scontext=u:r:vendor_init:s0 tcontext=u:object_r:mnt_product_file:s0 tclass=dir permissive=0
01-04 17:13:36.731  1078  1078 I auditd  : type=1400 audit(0.0:50): avc: denied { execute_no_trans } for comm="fusionloader" path="/vendor/bin/sh" dev="dm-9" ino=405 scontext=u:r:fusionloader:s0 tcontext=u:object_r:vendor_shell_exec:s0 tclass=file permissive=0
01-04 17:13:36.755     1     1 I auditd  : type=1400 audit(0.0:51): avc: denied { getattr } for comm="init" path="/product/bin/init.qti.display.sh" dev="dm-8" ino=234 scontext=u:r:init:s0 tcontext=u:object_r:vendor_sys_qti_display_exec:s0 tclass=file permissive=0
07-18 06:53:02.534  1114  1114 I boot_progress_start: 12215
07-18 06:53:02.578     1     1 I auditd  : type=1400 audit(0.0:52): avc: denied { write } for comm="init" name="discard_max_bytes" dev="sysfs" ino=61829 scontext=u:r:init:s0 tcontext=u:object_r:sysfs:s0 tclass=file permissive=0
07-18 06:53:02.806  1285  1285 I auditd  : type=1400 audit(0.0:53): avc: denied { read } for comm="vendor.qti.hard" name="u:object_r:vendor_cap_configstore_dbg_prop:s0" dev="tmpfs" ino=347 scontext=u:r:vendor_hal_capabilityconfigstore_qti_default:s0 tcontext=u:object_r:vendor_cap_configstore_dbg_prop:s0 tclass=file permissive=0
07-18 06:53:03.006  1329  1329 I auditd  : type=1400 audit(0.0:54): avc: denied { read } for comm="vendor.symbol.h" name="enterprise" dev="dm-6" ino=23 scontext=u:r:hal_dchwmanager_hwservice:s0 tcontext=u:object_r:media_rw_data_file:s0 tclass=lnk_file permissive=0
07-18 06:53:03.420  1280  1280 I liblog  : 23
07-18 06:53:03.420  1280  1280 I liblog  : 1
07-18 06:53:03.494  1114  1114 I snet_event_log: [200284993,-1,]
07-18 06:53:03.574  1503  1503 I auditd  : type=1400 audit(0.0:55): avc: denied { write } for comm="atrace" name="enable" dev="tracefs" ino=5947 scontext=u:r:atrace:s0 tcontext=u:object_r:debugfs_tracing_debug:s0 tclass=file permissive=0
07-18 06:53:03.622  1116  1116 I snet_event_log: [200284993,-1,]
07-18 06:53:03.754  1528  1528 I auditd  : type=1400 audit(0.0:56): avc: denied { search } for comm="smartmu" name="product" dev="tmpfs" ino=3 scontext=u:r:smartmu:s0 tcontext=u:object_r:mnt_product_file:s0 tclass=dir permissive=0
07-18 06:53:04.062  1282  1282 I auditd  : type=1400 audit(0.0:57): avc: denied { read } for comm="vendor.qti.hard" name="u:object_r:vendor_pd_locater_dbg_prop:s0" dev="tmpfs" ino=407 scontext=u:r:vendor_agmservice_qti:s0 tcontext=u:object_r:vendor_pd_locater_dbg_prop:s0 tclass=file permissive=0
07-18 06:53:04.100  1114  1114 I boot_progress_preload_start: 13782
07-18 06:53:04.106  1282  1282 I auditd  : type=1400 audit(0.0:58): avc: denied { read } for comm="vendor.qti.hard" name="u:object_r:vendor_pd_locater_dbg_prop:s0" dev="tmpfs" ino=407 scontext=u:r:vendor_agmservice_qti:s0 tcontext=u:object_r:vendor_pd_locater_dbg_prop:s0 tclass=file permissive=0
07-18 06:53:04.522  1282  1282 I auditd  : type=1400 audit(0.0:59): avc: denied { read } for comm="AGMIPC@1.0-serv" name="debug" dev="sysfs" ino=19909 scontext=u:r:vendor_agmservice_qti:s0 tcontext=u:object_r:sysfs:s0 tclass=dir permissive=0
07-18 06:53:04.526  1282  1282 I auditd  : type=1400 audit(0.0:60): avc: denied { read } for comm="AGMIPC@1.0-serv" name="debug" dev="sysfs" ino=19909 scontext=u:r:vendor_agmservice_qti:s0 tcontext=u:object_r:sysfs:s0 tclass=dir permissive=0
07-18 06:53:04.526  1282  1282 I auditd  : type=1400 audit(0.0:61): avc: denied { read } for comm="AGMIPC@1.0-serv" name="debug" dev="sysfs" ino=19909 scontext=u:r:vendor_agmservice_qti:s0 tcontext=u:object_r:sysfs:s0 tclass=dir permissive=0
07-18 06:53:05.365  1114  1114 I boot_progress_preload_end: 15047
07-18 06:53:05.805  2005  2005 I system_server_start: [1,15481,15481]
07-18 06:53:05.806  2005  2005 I boot_progress_system_run: 15488
07-18 06:53:06.246   911   911 I auditd  : type=1400 audit(0.0:62): avc: denied { read } for comm="binder:911_2" name="wakeup0" dev="sysfs" ino=52670 scontext=u:r:system_suspend:s0 tcontext=u:object_r:sysfs_gpio_keys:s0 tclass=dir permissive=0
07-18 06:53:06.260  2005  2060 I commit_sys_config_file: [batterystats,1]
07-18 06:53:06.261  2005  2060 I commit_sys_config_file: [batterystats,2]
07-18 06:53:06.287  2005  2005 I rescue_note: [0,1,15968]
07-18 06:53:06.314  2005  2060 I commit_sys_config_file: [display-state,5]
07-18 06:53:06.323  2005  2005 I boot_progress_pms_start: 16005
07-18 06:53:06.339  2005  2005 I pm_critical_info: No settings file; creating initial state
07-18 06:53:06.340  2005  2005 I boot_progress_pms_system_scan_start: 16022
07-18 06:53:07.798  2005  2005 I pm_critical_info: Adding duplicate shared id: 1000 name=android
07-18 06:53:07.823  2005  2005 I pm_critical_info: Adding duplicate shared id: 1000 name=com.zebra.valueadd.batterymgr
07-18 06:53:07.833  2005  2005 I pm_critical_info: Adding duplicate shared id: 1000 name=com.symbol.mxmf.proxyframework
07-18 06:53:07.848  2005  2005 I pm_critical_info: Adding duplicate app id: 10044 name=com.android.providers.calendar
07-18 06:53:07.856  2005  2005 I pm_critical_info: Adding duplicate shared id: 1000 name=com.symbol.dataanalytics.systemhelper
07-18 06:53:07.859  2005  2005 I pm_critical_info: Adding duplicate shared id: 1000 name=com.symbol.psfserv
07-18 06:53:07.899  2005  2005 I pm_critical_info: Adding duplicate app id: 10050 name=com.android.soundpicker
07-18 06:53:07.909  2005  2005 I pm_critical_info: Adding duplicate shared id: 1000 name=com.zebra.nfcbatteryswap
07-18 06:53:07.913  2005  2005 I pm_critical_info: Adding duplicate shared id: 1000 name=com.zebra.zchargeled
07-18 06:53:07.916  2005  2005 I pm_critical_info: Adding duplicate shared id: 2000 name=com.android.shell
07-18 06:53:07.921  2005  2005 I pm_critical_info: Adding duplicate app id: 10050 name=com.android.providers.downloads
07-18 06:53:07.926  2005  2005 I pm_critical_info: Adding duplicate shared id: 1000 name=com.symbol.dd
07-18 06:53:07.928  2005  2005 I service_manager_stats: [100,32,17610]
07-18 06:53:07.929  2005  2005 I pm_critical_info: Adding duplicate app id: 10050 name=com.android.mtp
07-18 06:53:07.935  2005  2005 I pm_critical_info: Adding duplicate shared id: 1000 name=com.symbol.osx.proxyframework
07-18 06:53:07.938  2005  2005 I pm_critical_info: Adding duplicate shared id: 1000 name=com.symbol.osx.securestorage
07-18 06:53:07.951  2005  2005 I pm_critical_info: Adding duplicate app id: 10050 name=com.android.providers.media
07-18 06:53:07.961  2005  2005 I pm_critical_info: Adding duplicate app id: 10057 name=com.android.providers.userdictionary
07-18 06:53:07.973  2005  2005 I pm_critical_info: Adding duplicate app id: 10057 name=com.android.providers.blockednumber
07-18 06:53:07.981  2005  2005 I pm_critical_info: Adding duplicate shared id: 1000 name=com.symbol.heatercontrolserv
07-18 06:53:08.009  2005  2005 I pm_critical_info: Adding duplicate shared id: 1000 name=com.symbol.osx.threatdetectionservice
07-18 06:53:08.012  2005  2005 I pm_critical_info: Adding duplicate shared id: 1000 name=com.symbol.rxloggerutility
07-18 06:53:08.015  2005  2005 I pm_critical_info: Adding duplicate shared id: 1000 name=com.android.server.telecom
07-18 06:53:08.024  2005  2005 I pm_critical_info: Adding duplicate shared id: 1000 name=com.symbol.screenblankingservice
07-18 06:53:08.036  2005  2005 I pm_critical_info: Adding duplicate shared id: 1000 name=com.android.providers.settings
07-18 06:53:08.040  2005  2005 I pm_critical_info: Adding duplicate shared id: 1000 name=com.zebra.oeminfo
07-18 06:53:08.046  2005  2005 I pm_critical_info: Adding duplicate shared id: 1000 name=com.zebra.adboverwifi
07-18 06:53:08.065  2005  2005 I pm_critical_info: Adding duplicate shared id: 1000 name=com.android.dynsystem
07-18 06:53:08.074  2005  2005 I pm_critical_info: Adding duplicate shared id: 1000 name=com.symbol.rxlogger
07-18 06:53:08.079  2005  2005 I pm_critical_info: Adding duplicate shared id: 1000 name=com.zebra.batteryswapservice
07-18 06:53:08.082  2005  2005 I pm_critical_info: Adding duplicate shared id: 1000 name=com.android.location.fused
07-18 06:53:08.084  2005  2005 I pm_critical_info: Adding duplicate shared id: 1000 name=com.symbol.osx.osxprovisionservice
07-18 06:53:08.095  2005  2005 I pm_critical_info: Adding duplicate shared id: 1073 name=com.google.android.networkstack
07-18 06:53:08.099  2005  2005 I pm_critical_info: Adding duplicate shared id: 1000 name=com.android.localtransport
07-18 06:53:08.101  2005  2005 I pm_critical_info: Adding duplicate app id: 10057 name=com.android.calllogbackup
07-18 06:53:08.104  2005  2005 I pm_critical_info: Adding duplicate shared id: 1000 name=com.symbol.batterymanager
07-18 06:53:08.113  2005  2005 I pm_critical_info: Adding duplicate app id: 10050 name=com.android.providers.downloads.ui
07-18 06:53:08.118  2005  2005 I pm_critical_info: Adding duplicate shared id: 1000 name=com.android.inputdevices
07-18 06:53:08.130  2005  2005 I pm_critical_info: Adding duplicate shared id: 1000 name=com.zebra.batteryswapnotification
07-18 06:53:08.132  2005  2005 I pm_critical_info: Adding duplicate app id: 10057 name=com.android.providers.contacts
07-18 06:53:08.143  2005  2005 I pm_critical_info: Adding duplicate shared id: 1000 name=com.zebra.backio
07-18 06:53:08.171  2005  2005 I pm_critical_info: Adding duplicate shared id: 1000 name=com.android.wallpaperbackup
07-18 06:53:08.183  2005  2005 I pm_critical_info: Adding duplicate shared id: 1000 name=com.android.keychain
07-18 06:53:08.188  2005  2005 I pm_critical_info: Adding duplicate shared id: 1000 name=com.qualcomm.qti.notificationservice
07-18 06:53:08.192  2005  2005 I pm_critical_info: Adding duplicate shared id: 1000 name=com.zebra.server
07-18 06:53:08.195  2005  2005 I pm_critical_info: Adding duplicate shared id: 1000 name=com.symbol.heatercontrolapp
07-18 06:53:08.205  2005  2005 I pm_critical_info: Adding duplicate shared id: 1000 name=com.zebra.persistencedataservice
07-18 06:53:08.214  2005  2005 I pm_critical_info: Adding duplicate shared id: 1000 name=com.zebra.bluetoothsystem
07-18 06:53:08.219  2005  2005 I pm_critical_info: Adding duplicate shared id: 1001 name=com.zebra.engtools
07-18 06:53:08.222  2005  2005 I pm_critical_info: Adding duplicate shared id: 1000 name=com.symbol.csp.audiomgr
07-18 06:53:08.246  2005  2005 I pm_critical_info: Adding duplicate shared id: 1001 name=com.zebra.autoserviceselection
07-18 06:53:08.299  2005  2005 I pm_critical_info: Adding duplicate shared id: 1068 name=com.android.se
07-18 06:53:08.303  2005  2005 I pm_critical_info: Adding duplicate shared id: 1002 name=com.zebra.beaconconfigservice
07-18 06:53:08.318  2005  2005 I pm_critical_info: Adding duplicate shared id: 1001 name=com.zebra.networkconnectionmgr
07-18 06:53:08.327  2005  2005 I pm_critical_info: Adding duplicate shared id: 1000 name=com.zebra.enterprisenfcsettings
07-18 06:53:08.335  2005  2005 I pm_critical_info: Adding duplicate shared id: 1000 name=com.zebra.srvantennasettings
07-18 06:53:08.338  2005  2005 I pm_critical_info: Adding duplicate shared id: 1000 name=com.symbol.csp.audiovoluimgr
07-18 06:53:08.341  2005  2005 I pm_critical_info: Adding duplicate shared id: 1000 name=com.zebra.ethtracker
07-18 06:53:08.354  2005  2005 I pm_critical_info: Adding duplicate shared id: 1000 name=com.zebra.zdatafileio
07-18 06:53:08.359  2005  2005 I pm_critical_info: Adding duplicate shared id: 1000 name=com.symbol.zebravolumecontrol
07-18 06:53:08.372  2005  2005 I pm_critical_info: Adding duplicate shared id: 1002 name=com.android.bluetooth
07-18 06:53:08.375  2005  2005 I pm_critical_info: Adding duplicate shared id: 1000 name=com.zebra.popupcontrol
07-18 06:53:08.378  2005  2005 I pm_critical_info: Adding duplicate shared id: 1001 name=com.zebra.csp.cellularmgr
07-18 06:53:08.380  2005  2005 I pm_critical_info: Adding duplicate shared id: 1000 name=com.symbol.swcomponents
07-18 06:53:08.382  2005  2005 I pm_critical_info: Adding duplicate shared id: 1000 name=com.symbol.ledbrightness
07-18 06:53:08.392  2005  2005 I pm_critical_info: Adding duplicate shared id: 1000 name=com.friendly.foda
07-18 06:53:08.394  2005  2005 I pm_critical_info: Adding duplicate shared id: 1002 name=com.zebra.bluetooth
07-18 06:53:08.396  2005  2005 I pm_critical_info: Adding duplicate shared id: 1000 name=com.symbol.ethernetsettings
07-18 06:53:08.399  2005  2005 I pm_critical_info: Adding duplicate shared id: 1000 name=com.zebra.zebravolumecontrol3
07-18 06:53:08.401  2005  2005 I pm_critical_info: Adding duplicate shared id: 1001 name=com.zebra.plmn
07-18 06:53:08.406  2005  2005 I pm_critical_info: Adding duplicate shared id: 1027 name=com.android.nfc
07-18 06:53:08.417  2005  2005 I pm_critical_info: Adding duplicate shared id: 1000 name=com.symbol.cu
07-18 06:53:08.437  2005  2005 I pm_critical_info: Adding duplicate app id: 10126 name=vendor.qti.hardware.cacert.server
07-18 06:53:08.448  2005  2005 I pm_critical_info: Adding duplicate app id: 10126 name=vendor.qti.iwlan
07-18 06:53:08.459  2005  2005 I pm_critical_info: Adding duplicate app id: 10126 name=com.qualcomm.qti.cne
07-18 06:53:08.636  2005  2005 I pm_critical_info: Adding duplicate app id: 10141 name=com.google.android.gms
07-18 06:53:08.940  2005  2005 I pm_critical_info: Adding duplicate shared id: 1001 name=com.zebra.zcarrierconfig
07-18 06:53:08.978  2005  2005 I pm_critical_info: Adding duplicate app id: 10168 name=com.google.android.calendar
07-18 06:53:09.141  2005  2005 I pm_critical_info: Adding duplicate shared id: 1000 name=com.qualcomm.qti.xrvd.service
07-18 06:53:09.224  2005  2005 I pm_critical_info: Adding duplicate shared id: 1001 name=com.qti.dpmserviceapp
07-18 06:53:09.239  2005  2005 I pm_critical_info: Adding duplicate app id: 10193 name=com.android.systemui
07-18 06:53:09.244  2005  2005 I pm_critical_info: Adding duplicate app id: 10194 name=com.android.emergency
07-18 06:53:09.253  2005  2005 I pm_critical_info: Adding duplicate app id: 10141 name=com.google.android.gsf
07-18 06:53:09.260  2005  2005 I pm_critical_info: Adding duplicate shared id: 1000 name=com.android.settings
07-18 06:53:09.276  2005  2005 I pm_critical_info: Adding duplicate shared id: 1000 name=com.symbol.wakeupsourcesui
07-18 06:53:09.295  2005  2005 I pm_critical_info: Adding duplicate shared id: 1000 name=com.qualcomm.qti.services.secureui
07-18 06:53:09.300  2005  2005 I pm_critical_info: Adding duplicate shared id: 1001 name=com.zebra.wwan
07-18 06:53:09.307  2005  2005 I pm_critical_info: Adding duplicate shared id: 1000 name=com.zebra.zkeymapper
07-18 06:53:09.316  2005  2005 I pm_critical_info: Adding duplicate shared id: 1001 name=com.zebra.phone
07-18 06:53:09.334  2005  2005 I pm_critical_info: Adding duplicate shared id: 1001 name=com.zebra.phone.common
07-18 06:53:09.343  2005  2005 I pm_critical_info: Adding duplicate shared id: 1000 name=com.zebra.location
07-18 06:53:09.349  2005  2005 I pm_critical_info: Adding duplicate shared id: 1000 name=com.zebra.vdfsmsprovisioning
07-18 06:53:09.352  2005  2005 I pm_critical_info: Adding duplicate app id: 10203 name=com.qualcomm.qti.devicestatisticsservice
07-18 06:53:09.354  2005  2005 I pm_critical_info: Adding duplicate shared id: 1000 name=com.symbol.zremotekey
07-18 06:53:09.361  2005  2005 I pm_critical_info: Adding duplicate shared id: 1000 name=com.zebra.dhcpoptionmgr
07-18 06:53:09.364  2005  2005 I pm_critical_info: Adding duplicate shared id: 1000 name=vendor.qti.qesdk.sysservice
07-18 06:53:09.368  2005  2005 I pm_critical_info: Adding duplicate shared id: 1001 name=com.qualcomm.qti.dynamicddsservice
07-18 06:53:09.371  2005  2005 I pm_critical_info: Adding duplicate shared id: 1000 name=com.qti.snapdragon.qdcm_ff
07-18 06:53:09.376  2005  2005 I pm_critical_info: Adding duplicate shared id: 1000 name=com.zebra.zva.wificonfig
07-18 06:53:09.383  2005  2005 I pm_critical_info: Adding duplicate shared id: 1001 name=vendor.qti.imsrcs
07-18 06:53:09.386  2005  2005 I pm_critical_info: Adding duplicate shared id: 1001 name=com.qualcomm.qti.uceShimService
07-18 06:53:09.392  2005  2005 I pm_critical_info: Adding duplicate shared id: 1000 name=com.zebra.keyeventservice
07-18 06:53:09.395  2005  2005 I pm_critical_info: Adding duplicate shared id: 1000 name=com.symbol.WakeupSources
07-18 06:53:09.398  2005  2005 I pm_critical_info: Adding duplicate shared id: 1000 name=com.zebra.indicators
07-18 06:53:09.408  2005  2005 I pm_critical_info: Adding duplicate app id: 10213 name=com.android.cts.ctsshim
07-18 06:53:09.421  2005  2005 I pm_critical_info: Adding duplicate shared id: 1073 name=com.google.android.cellbroadcastservice
07-18 06:53:09.467  2005  2005 I pm_critical_info: Adding duplicate shared id: 1073 name=com.google.android.networkstack.tethering
07-18 06:53:09.649  2005  2005 I pm_critical_info: System package com.google.android.cellbroadcastreceiver no longer exists; its data will be wiped
07-18 06:53:09.698  2005  2005 I pm_critical_info: System package com.zebra.vdfsmsprovisioning no longer exists; its data will be wiped
07-18 06:53:09.729  2005  2005 I pm_critical_info: System package com.zebra.zcarrierconfig no longer exists; its data will be wiped
07-18 06:53:09.756  2005  2005 I pm_critical_info: System package com.zebra.wfc.service no longer exists; its data will be wiped
07-18 06:53:09.784  2005  2005 I pm_critical_info: System package com.android.emergency no longer exists; its data will be wiped
07-18 06:53:09.810  2005  2005 I pm_critical_info: System package com.symbol.heatercontrolapp no longer exists; its data will be wiped
07-18 06:53:09.840  2005  2005 I pm_critical_info: System package com.zebra.cellbroadcast no longer exists; its data will be wiped
07-18 06:53:09.868  2005  2005 I pm_critical_info: System package com.zebra.csp.gprsmgr no longer exists; its data will be wiped
07-18 06:53:09.893  2005  2005 I pm_critical_info: System package com.friendly.foda no longer exists; its data will be wiped
07-18 06:53:09.923  2005  2005 I pm_critical_info: System package com.zebra.csp.cellularmgr no longer exists; its data will be wiped
07-18 06:53:09.948  2005  2005 I pm_critical_info: System package com.zebra.adboverwifi no longer exists; its data will be wiped
07-18 06:53:09.979  2005  2005 I pm_critical_info: System package com.zebra.dimensioning no longer exists; its data will be wiped
07-18 06:53:10.003  2005  2005 I pm_critical_info: System package com.symbol.mxmf.csp.enterprisekeyboard no longer exists; its data will be wiped
07-18 06:53:10.027  2005  2005 I pm_critical_info: System package com.zebra.engtools no longer exists; its data will be wiped
07-18 06:53:10.053  2005  2005 I pm_critical_info: System package com.android.simappdialog no longer exists; its data will be wiped
07-18 06:53:10.079  2005  2005 I pm_critical_info: System package com.symbol.screenblankingservice no longer exists; its data will be wiped
07-18 06:53:10.108  2005  2005 I pm_critical_info: System package com.symbol.psfserv no longer exists; its data will be wiped
07-18 06:53:10.135  2005  2005 I pm_critical_info: System package com.symbol.heatercontrolserv no longer exists; its data will be wiped
07-18 06:53:10.167  2005  2005 I pm_critical_info: System package com.zebra.mobiledimensioning no longer exists; its data will be wiped
07-18 06:53:10.190  2005  2005 I pm_critical_info: System package com.zebra.plmn no longer exists; its data will be wiped
07-18 06:53:10.216  2005  2005 I pm_critical_info: System package com.google.android.apps.messaging no longer exists; its data will be wiped
07-18 06:53:10.240  2005  2005 I pm_critical_info: System package com.android.messaging no longer exists; its data will be wiped
07-18 06:53:10.266  2005  2005 I pm_critical_info: System package com.zebra.autoserviceselection no longer exists; its data will be wiped
07-18 06:53:10.290  2005  2005 I pm_critical_info: System package com.zebra.srvantennasettings no longer exists; its data will be wiped
07-18 06:53:10.316  2005  2005 I pm_critical_info: System package com.google.android.cellbroadcastservice no longer exists; its data will be wiped
07-18 06:53:10.340  2005  2005 I pm_critical_info: System package com.displaylink.desktop.oem no longer exists; its data will be wiped
07-18 06:53:10.366  2005  2005 I boot_progress_pms_data_scan_start: 20048
07-18 06:53:10.376  2005  2005 I boot_progress_pms_scan_end: 20057
07-18 06:53:10.408  2005  2005 I am_wtf  : [0,2005,system_server,-1,SystemServiceRegistry,No service published for: role]
07-18 06:53:10.409  2005  2005 I am_wtf  : [0,2005,system_server,-1,SystemServiceRegistry,Manager wrapper not available: role]
07-18 06:53:10.410  2005  2005 I am_wtf  : [0,2005,system_server,-1,SystemServiceRegistry,No service published for: role]
07-18 06:53:10.411  2005  2005 I am_wtf  : [0,2005,system_server,-1,SystemServiceRegistry,Manager wrapper not available: role]
07-18 06:53:10.414  2005  2005 I am_wtf  : [0,2005,system_server,-1,SystemServiceRegistry,No service published for: role]
07-18 06:53:10.415  2005  2005 I am_wtf  : [0,2005,system_server,-1,SystemServiceRegistry,Manager wrapper not available: role]
07-18 06:53:10.416  2005  2005 I am_wtf  : [0,2005,system_server,-1,SystemServiceRegistry,No service published for: role]
07-18 06:53:10.417  2005  2005 I am_wtf  : [0,2005,system_server,-1,SystemServiceRegistry,Manager wrapper not available: role]
07-18 06:53:10.494  2005  2005 I commit_sys_config_file: [package-user-0,2]
07-18 06:53:10.494  2005  2005 I commit_sys_config_file: [package,20]
07-18 06:53:10.494  2005  2005 I boot_progress_pms_ready: 20176
07-18 06:53:10.533  2005  2005 I am_uid_running: 1000
07-18 06:53:10.537  2005  2005 I am_uid_active: 1000
07-18 06:53:10.636  2005  2005 I commit_sys_config_file: [overlays,4]
07-18 06:53:10.662   911   911 I auditd  : type=1400 audit(0.0:63): avc: denied { read } for comm="binder:911_2" name="wakeup0" dev="sysfs" ino=52670 scontext=u:r:system_suspend:s0 tcontext=u:object_r:sysfs_gpio_keys:s0 tclass=dir permissive=0
07-18 06:53:10.670  2005  2067 I battery_status: [3,2,1,0,Li-ion]
07-18 06:53:10.671  2005  2067 I battery_level: [54,3643,250]
07-18 06:53:10.674   911   911 I auditd  : type=1400 audit(0.0:64): avc: denied { read } for comm="binder:911_2" name="wakeup0" dev="sysfs" ino=52670 scontext=u:r:system_suspend:s0 tcontext=u:object_r:sysfs_gpio_keys:s0 tclass=dir permissive=0
07-18 06:53:10.815  2005  2005 I commit_sys_config_file: [settings-1-0,3]
07-18 06:53:10.823  2005  2005 I commit_sys_config_file: [settings-2-0,4]
07-18 06:53:10.834  2005  2005 I commit_sys_config_file: [settings-0-0,4]
07-18 06:53:10.844  2005  2005 I commit_sys_config_file: [settings-0-0,2]
07-18 06:53:10.845  2005  2005 I commit_sys_config_file: [settings-2-0,1]
07-18 06:53:10.846  2005  2005 I commit_sys_config_file: [settings-1-0,1]
07-18 06:53:11.050  2005  2178 I commit_sys_config_file: [settings-0-0,2]
07-18 06:53:11.053  2005  2178 I commit_sys_config_file: [settings-2-0,2]
07-18 06:53:11.055  2005  2178 I commit_sys_config_file: [settings-1-0,2]
07-18 06:53:11.344  2005  2178 I commit_sys_config_file: [settings-4-0,6]
07-18 06:53:14.691  2005  2005 I service_manager_stats: [297,129,6763]
07-18 06:53:14.712  2005  2005 I wm_task_created: [1,-1]
07-18 06:53:14.718  2005  2055 I sysui_multi_action: [757,1594,758,4,759,0,806,NULL]
07-18 06:53:14.714  2005  2005 I auditd  : type=1400 audit(0.0:65): avc: denied { read } for comm="android.ui" name="name" dev="sysfs" ino=106792 scontext=u:r:system_server:s0 tcontext=u:object_r:sysfs:s0 tclass=file permissive=0
07-18 06:53:14.714  2005  2005 I auditd  : type=1400 audit(0.0:66): avc: denied { read } for comm="android.ui" name="name" dev="sysfs" ino=106786 scontext=u:r:system_server:s0 tcontext=u:object_r:sysfs:s0 tclass=file permissive=0
07-18 06:53:14.714  2005  2005 I auditd  : type=1400 audit(0.0:67): avc: denied { read } for comm="android.ui" name="name" dev="sysfs" ino=106789 scontext=u:r:system_server:s0 tcontext=u:object_r:sysfs:s0 tclass=file permissive=0
07-18 06:53:14.714  2005  2005 I auditd  : type=1400 audit(0.0:68): avc: denied { read } for comm="android.ui" name="name" dev="sysfs" ino=106783 scontext=u:r:system_server:s0 tcontext=u:object_r:sysfs:s0 tclass=file permissive=0
07-18 06:53:14.714  2005  2005 I auditd  : type=1400 audit(0.0:69): avc: denied { read } for comm="android.ui" name="name" dev="sysfs" ino=77299 scontext=u:r:system_server:s0 tcontext=u:object_r:sysfs:s0 tclass=file permissive=0
07-18 06:53:14.718  2005  2005 I auditd  : type=1400 audit(0.0:70): avc: denied { read } for comm="android.ui" name="name" dev="sysfs" ino=77302 scontext=u:r:system_server:s0 tcontext=u:object_r:sysfs:s0 tclass=file permissive=0
07-18 06:53:14.718  2005  2005 I auditd  : type=1400 audit(0.0:71): avc: denied { read } for comm="android.ui" name="name" dev="sysfs" ino=77296 scontext=u:r:system_server:s0 tcontext=u:object_r:sysfs:s0 tclass=file permissive=0
07-18 06:53:14.718  2005  2005 I auditd  : type=1400 audit(0.0:72): avc: denied { read } for comm="android.ui" name="name" dev="sysfs" ino=105192 scontext=u:r:system_server:s0 tcontext=u:object_r:sysfs:s0 tclass=file permissive=0
07-18 06:53:14.718  2005  2005 I auditd  : type=1400 audit(0.0:73): avc: denied { read } for comm="android.ui" name="name" dev="sysfs" ino=105189 scontext=u:r:system_server:s0 tcontext=u:object_r:sysfs:s0 tclass=file permissive=0
07-18 06:53:14.736  2005  2005 I commit_sys_config_file: [net-watchlist,1]
07-18 06:53:14.780  2005  2005 I configuration_changed: 536894968
07-18 06:53:14.782  2005  2005 I sysui_multi_action: [757,1659,758,4,759,1,1660,0]
07-18 06:53:14.788  2005  2005 I configuration_changed: 8
07-18 06:53:14.804  2005  2054 I am_uid_running: 10221
07-18 06:53:14.943  2005  2178 I commit_sys_config_file: [settings-0-0,1]
07-18 06:53:19.681  2005  2086 I commit_sys_config_file: [package-user-0,1]
07-18 06:53:19.681  2005  2086 I commit_sys_config_file: [package,26]
07-18 06:53:25.703  2005  2005 I sysui_multi_action: [757,804,799,opt_dialog_num_dexopted,801,23,802,1]
07-18 06:53:25.703  2005  2005 I sysui_multi_action: [757,804,799,opt_dialog_num_skipped,801,275,802,1]
07-18 06:53:25.703  2005  2005 I sysui_multi_action: [757,804,799,opt_dialog_num_failed,801,0,802,1]
07-18 06:53:25.703  2005  2005 I sysui_multi_action: [757,804,799,opt_dialog_num_total,801,255,802,1]
07-18 06:53:25.703  2005  2005 I sysui_multi_action: [757,804,799,opt_dialog_time_s,801,10,802,1]
07-18 06:53:25.710   856   856 I auditd  : type=1400 audit(0.0:74): avc: denied { read } for comm="binder:856_2" name="/" dev="sde25" ino=1 scontext=u:r:vold:s0 tcontext=u:object_r:vendor_qmcs_file:s0 tclass=dir permissive=0
07-18 06:53:25.710   856   856 I auditd  : type=1400 audit(0.0:75): avc: denied { search } for comm="binder:856_2" name="product" dev="tmpfs" ino=3 scontext=u:r:vold:s0 tcontext=u:object_r:mnt_product_file:s0 tclass=dir permissive=0
07-18 06:53:25.710   856   856 I auditd  : type=1400 audit(0.0:76): avc: denied { search } for comm="binder:856_2" name="product" dev="tmpfs" ino=3 scontext=u:r:vold:s0 tcontext=u:object_r:mnt_product_file:s0 tclass=dir permissive=0
07-18 06:53:25.744  2005  2005 I device_idle: [0,boot]
07-18 06:53:25.744  2005  2005 I device_idle_light: [0,boot]
07-18 06:53:25.780  2005  2061 I am_wtf  : [0,2005,system_server,-1,SystemServiceRegistry,Manager wrapper not available: osx_lite]
07-18 06:53:25.782  2005  2061 I am_wtf  : [0,2005,system_server,-1,SystemServiceRegistry,Manager wrapper not available: osx_lite]
07-18 06:53:25.922  2005  2005 I am_uid_running: 10056
07-18 06:53:25.977  2005  2005 I am_uid_running: 10145
07-18 06:53:25.986  2005  2005 I sysui_multi_action: [757,856,758,1,806,android,857,VIRTUAL_KEYBOARD,858,2]
07-18 06:53:25.986  2005  2005 I sysui_multi_action: [757,856,758,1,806,android,857,PHYSICAL_KEYBOARD,858,3]
07-18 06:53:25.987  2005  2005 I sysui_multi_action: [757,856,758,1,806,android,857,SECURITY,858,2]
07-18 06:53:25.987  2005  2005 I sysui_multi_action: [757,856,758,1,806,android,857,CAR_MODE,858,2]
07-18 06:53:25.987  2005  2005 I sysui_multi_action: [757,856,758,1,806,android,857,ACCOUNT,858,2]
07-18 06:53:25.987  2005  2005 I sysui_multi_action: [757,856,758,1,806,android,857,DEVELOPER,858,2]
07-18 06:53:25.987  2005  2005 I sysui_multi_action: [757,856,758,1,806,android,857,DEVELOPER_IMPORTANT,858,4]
07-18 06:53:25.987  2005  2005 I sysui_multi_action: [757,856,758,1,806,android,857,UPDATES,858,2]
07-18 06:53:25.987  2005  2005 I sysui_multi_action: [757,856,758,1,806,android,857,NETWORK_STATUS,858,2]
07-18 06:53:25.987  2005  2005 I sysui_multi_action: [757,856,758,1,806,android,857,NETWORK_ALERTS,858,4]
07-18 06:53:25.987  2005  2005 I sysui_multi_action: [757,856,758,1,806,android,857,NETWORK_AVAILABLE,858,2]
07-18 06:53:25.988  2005  2005 I sysui_multi_action: [757,856,758,1,806,android,857,VPN,858,2]
07-18 06:53:25.988  2005  2005 I sysui_multi_action: [757,856,758,1,806,android,857,DEVICE_ADMIN_ALERTS,858,4]
07-18 06:53:25.988  2005  2005 I sysui_multi_action: [757,856,758,1,806,android,857,ALERTS,858,3]
07-18 06:53:25.988  2005  2005 I sysui_multi_action: [757,856,758,1,806,android,857,RETAIL_MODE,858,2]
07-18 06:53:25.988  2005  2005 I sysui_multi_action: [757,856,758,1,806,android,857,USB,858,1]
07-18 06:53:25.988  2005  2005 I sysui_multi_action: [757,856,758,1,806,android,857,FOREGROUND_SERVICE,858,2]
07-18 06:53:25.988  2005  2005 I sysui_multi_action: [757,856,758,1,806,android,857,HEAVY_WEIGHT_APP,858,3]
07-18 06:53:25.988  2005  2005 I sysui_multi_action: [757,856,758,1,806,android,857,SYSTEM_CHANGES_ALERTS,858,3]
07-18 06:53:25.988  2005  2005 I sysui_multi_action: [757,856,758,1,806,android,857,DO_NOT_DISTURB,858,2]
07-18 06:53:25.988  2005  2005 I sysui_multi_action: [757,856,758,1,806,android,857,ACCESSIBILITY_MAGNIFICATION,858,4]
07-18 06:53:25.989  2005  2005 I sysui_multi_action: [757,856,758,1,806,android,857,ACCESSIBILITY_SECURITY_POLICY,858,2]
07-18 06:53:25.989  2005  2005 I sysui_multi_action: [757,856,758,1,806,android,857,ABUSIVE_BACKGROUND_APPS,858,2]
07-18 06:53:25.990  2005  2620 I storage_state: [41217664-9172-527a-b3d5-edabb50a7d69,0,0,108993187840,111236952064]
07-18 06:53:26.006  2005  2178 I commit_sys_config_file: [settings-2-0,2]
07-18 06:53:26.075  2005  2622 I stream_devices_changed: [4,0,2]
07-18 06:53:26.076  2005  2622 I stream_devices_changed: [6,0,2]
07-18 06:53:26.076  2005  2622 I stream_devices_changed: [3,0,2]
07-18 06:53:26.077  2005  2622 I stream_devices_changed: [2,0,2]
07-18 06:53:26.077  2005  2622 I stream_devices_changed: [0,0,2]
07-18 06:53:26.174   911   911 I auditd  : type=1400 audit(0.0:77): avc: denied { read } for comm="binder:911_2" name="wakeup0" dev="sysfs" ino=52670 scontext=u:r:system_suspend:s0 tcontext=u:object_r:sysfs_gpio_keys:s0 tclass=dir permissive=0
07-18 06:53:26.189  2005  2178 I commit_sys_config_file: [settings-0-0,2]
07-18 06:53:26.182   911   911 I auditd  : type=1400 audit(0.0:78): avc: denied { read } for comm="binder:911_2" name="wakeup67" dev="sysfs" ino=109457 scontext=u:r:system_suspend:s0 tcontext=u:object_r:sysfs:s0 tclass=dir permissive=0
07-18 06:53:26.198  2005  2005 I service_manager_stats: [100,24,11506]
07-18 06:53:26.199  2005  2060 I commit_sys_config_file: [display-state,19890]
07-18 06:53:26.228  2005  2005 I configuration_changed: 512
07-18 06:53:26.231  2005  2054 I commit_sys_config_file: [notification-policy,5]
07-18 06:53:26.237  2005  2061 I am_wtf  : [0,2005,system_server,-1,SystemServiceRegistry,No service published for: wifiaware]
07-18 06:53:26.238  2005  2061 I am_wtf  : [0,2005,system_server,-1,SystemServiceRegistry,Manager wrapper not available: wifiaware]
07-18 06:53:26.272  2005  2005 I commit_sys_config_file: [package-session,1]
07-18 06:53:26.266  1276  1276 I auditd  : type=1400 audit(0.0:79): avc: denied { read } for comm="wifi@1.0-servic" name="u:object_r:persist_vendor_debug_wifi_prop:s0" dev="tmpfs" ino=275 scontext=u:r:hal_wifi_default:s0 tcontext=u:object_r:persist_vendor_debug_wifi_prop:s0 tclass=file permissive=0
07-18 06:53:26.344  2005  2178 I commit_sys_config_file: [settings-2-0,1]
07-18 06:53:26.369  2005  2005 I sysui_multi_action: [757,1243,758,4,806,com.android.dynsystem,1241,android.permission.POST_NOTIFICATIONS]
07-18 06:53:26.370  2005  2005 I sysui_multi_action: [757,1243,758,4,806,com.android.server.telecom,1241,android.permission.READ_CALL_LOG]
07-18 06:53:26.370  2005  2005 I sysui_multi_action: [757,1243,758,4,806,com.zebra.location,1241,android.permission.ACCESS_FINE_LOCATION]
07-18 06:53:26.370  2005  2005 I sysui_multi_action: [757,1243,758,4,806,com.zebra.location,1241,android.permission.NEARBY_WIFI_DEVICES]
07-18 06:53:26.370  2005  2005 I sysui_multi_action: [757,1243,758,4,806,com.android.settings,1241,android.permission.BLUETOOTH_CONNECT]
07-18 06:53:26.371  2005  2005 I sysui_multi_action: [757,1243,758,4,806,com.android.server.telecom,1241,android.permission.READ_EXTERNAL_STORAGE]
07-18 06:53:26.371  2005  2005 I sysui_multi_action: [757,1243,758,4,806,com.zebra.location,1241,android.permission.ACCESS_COARSE_LOCATION]
07-18 06:53:26.371  2005  2005 I sysui_multi_action: [757,1243,758,4,806,com.android.settings,1241,android.permission.READ_PHONE_STATE]
07-18 06:53:26.371  2005  2005 I sysui_multi_action: [757,1243,758,4,806,com.android.server.telecom,1241,android.permission.SEND_SMS]
07-18 06:53:26.371  2005  2005 I sysui_multi_action: [757,1243,758,4,806,com.android.settings,1241,android.permission.CALL_PHONE]
07-18 06:53:26.372  2005  2005 I sysui_multi_action: [757,1243,758,4,806,com.android.settings,1241,android.permission.READ_MEDIA_IMAGES]
07-18 06:53:26.372  2005  2005 I sysui_multi_action: [757,1243,758,4,806,com.android.settings,1241,android.permission.WRITE_CONTACTS]
07-18 06:53:26.372  2005  2005 I sysui_multi_action: [757,1243,758,4,806,com.android.settings,1241,android.permission.CAMERA]
07-18 06:53:26.372  2005  2005 I sysui_multi_action: [757,1243,758,4,806,com.android.server.telecom,1241,android.permission.WRITE_CALL_LOG]
07-18 06:53:26.372  2005  2005 I sysui_multi_action: [757,1243,758,4,806,com.android.settings,1241,android.permission.READ_MEDIA_AUDIO]
07-18 06:53:26.372  2005  2005 I sysui_multi_action: [757,1243,758,4,806,com.android.settings,1241,android.permission.READ_MEDIA_VIDEO]
07-18 06:53:26.373  2005  2005 I sysui_multi_action: [757,1243,758,4,806,com.android.settings,1241,android.permission.BLUETOOTH_ADVERTISE]
07-18 06:53:26.373  2005  2005 I sysui_multi_action: [757,1243,758,4,806,android,1241,android.permission.GET_ACCOUNTS]
07-18 06:53:26.373  2005  2005 I sysui_multi_action: [757,1243,758,4,806,com.android.settings,1241,android.permission.WRITE_EXTERNAL_STORAGE]
07-18 06:53:26.373  2005  2005 I sysui_multi_action: [757,1243,758,4,806,com.android.server.telecom,1241,android.permission.READ_CONTACTS]
07-18 06:53:26.373  2005  2005 I sysui_multi_action: [757,1243,758,4,806,com.android.location.fused,1241,android.permission.ACCESS_BACKGROUND_LOCATION]
07-18 06:53:26.373  2005  2005 I sysui_multi_action: [757,1243,758,4,806,com.android.settings,1241,android.permission.BLUETOOTH_SCAN]
07-18 06:53:26.374  2005  2005 I sysui_multi_action: [757,1243,758,4,806,com.zebra.networkconnectionmgr,1241,android.permission.ACCESS_FINE_LOCATION]
07-18 06:53:26.374  2005  2005 I sysui_multi_action: [757,1243,758,4,806,com.zebra.networkconnectionmgr,1241,android.permission.ACCESS_COARSE_LOCATION]
07-18 06:53:26.374  2005  2005 I sysui_multi_action: [757,1243,758,4,806,com.zebra.phone.common,1241,android.permission.READ_PHONE_STATE]
07-18 06:53:26.374  2005  2005 I sysui_multi_action: [757,1243,758,4,806,com.android.bluetooth,1241,android.permission.READ_SMS]
07-18 06:53:26.374  2005  2005 I sysui_multi_action: [757,1243,758,4,806,com.android.bluetooth,1241,android.permission.POST_NOTIFICATIONS]
07-18 06:53:26.374  2005  2005 I sysui_multi_action: [757,1243,758,4,806,com.android.bluetooth,1241,android.permission.READ_CALL_LOG]
07-18 06:53:26.375  2005  2005 I sysui_multi_action: [757,1243,758,4,806,com.android.bluetooth,1241,android.permission.ACCESS_FINE_LOCATION]
07-18 06:53:26.375  2005  2005 I sysui_multi_action: [757,1243,758,4,806,com.android.bluetooth,1241,android.permission.RECEIVE_SMS]
07-18 06:53:26.375  2005  2005 I sysui_multi_action: [757,1243,758,4,806,com.zebra.beaconconfigservice,1241,android.permission.BLUETOOTH_CONNECT]
07-18 06:53:26.375  2005  2005 I sysui_multi_action: [757,1243,758,4,806,com.android.bluetooth,1241,android.permission.READ_EXTERNAL_STORAGE]
07-18 06:53:26.375  2005  2005 I sysui_multi_action: [757,1243,758,4,806,com.android.bluetooth,1241,android.permission.ACCESS_COARSE_LOCATION]
07-18 06:53:26.375  2005  2005 I sysui_multi_action: [757,1243,758,4,806,com.android.bluetooth,1241,android.permission.SEND_SMS]
07-18 06:53:26.376  2005  2005 I sysui_multi_action: [757,1243,758,4,806,com.android.bluetooth,1241,android.permission.WRITE_CONTACTS]
07-18 06:53:26.376  2005  2005 I sysui_multi_action: [757,1243,758,4,806,com.android.bluetooth,1241,android.permission.WRITE_CALL_LOG]
07-18 06:53:26.376  2005  2005 I sysui_multi_action: [757,1243,758,4,806,com.android.bluetooth,1241,android.permission.BLUETOOTH_ADVERTISE]
07-18 06:53:26.376  2005  2005 I sysui_multi_action: [757,1243,758,4,806,com.android.bluetooth,1241,android.permission.GET_ACCOUNTS]
07-18 06:53:26.376  2005  2005 I sysui_multi_action: [757,1243,758,4,806,com.android.bluetooth,1241,android.permission.WRITE_EXTERNAL_STORAGE]
07-18 06:53:26.376  2005  2005 I sysui_multi_action: [757,1243,758,4,806,com.android.bluetooth,1241,android.permission.READ_CONTACTS]
07-18 06:53:26.376  2005  2005 I sysui_multi_action: [757,1243,758,4,806,com.android.bluetooth,1241,android.permission.BLUETOOTH_SCAN]
07-18 06:53:26.377  2005  2005 I sysui_multi_action: [757,1243,758,4,806,com.android.nfc,1241,android.permission.POST_NOTIFICATIONS]
07-18 06:53:26.377  2005  2005 I sysui_multi_action: [757,1243,758,4,806,com.android.nfc,1241,android.permission.BLUETOOTH_CONNECT]
07-18 06:53:26.377  2005  2005 I sysui_multi_action: [757,1243,758,4,806,com.android.nfc,1241,android.permission.READ_EXTERNAL_STORAGE]
07-18 06:53:26.377  2005  2005 I sysui_multi_action: [757,1243,758,4,806,com.android.nfc,1241,android.permission.WRITE_EXTERNAL_STORAGE]
07-18 06:53:26.377  2005  2005 I sysui_multi_action: [757,1243,758,4,806,com.android.nfc,1241,android.permission.READ_CONTACTS]
07-18 06:53:26.377  2005  2005 I sysui_multi_action: [757,1243,758,4,806,com.android.nfc,1241,android.permission.BLUETOOTH_SCAN]
07-18 06:53:26.378  2005  2005 I sysui_multi_action: [757,1243,758,4,806,com.google.android.networkstack.tethering,1241,android.permission.POST_NOTIFICATIONS]
