07-18 06:53:49.212  2005  2086 I commit_sys_config_file: [package,39]
07-18 06:53:49.218  2005  5056 I am_uid_active: 10168
07-18 06:53:49.470  2005  2005 I auditd  : type=1400 audit(0.0:358): avc: denied { write } for comm="CachedAppOptimi" dev="tmpfs" ino=2052 scontext=u:r:system_server:s0 tcontext=u:object_r:zygote_tmpfs:s0 tclass=file permissive=0
07-18 06:53:49.470  2005  2005 I auditd  : type=1400 audit(0.0:359): avc: denied { write } for comm="CachedAppOptimi" dev="tmpfs" ino=2052 scontext=u:r:system_server:s0 tcontext=u:object_r:zygote_tmpfs:s0 tclass=file permissive=0
07-18 06:53:49.538  2005  2005 I auditd  : type=1400 audit(0.0:360): avc: denied { write } for comm="CachedAppOptimi" dev="tmpfs" ino=2052 scontext=u:r:system_server:s0 tcontext=u:object_r:zygote_tmpfs:s0 tclass=file permissive=0
07-18 06:53:49.538  2005  2005 I auditd  : type=1400 audit(0.0:361): avc: denied { write } for comm="CachedAppOptimi" dev="tmpfs" ino=2052 scontext=u:r:system_server:s0 tcontext=u:object_r:zygote_tmpfs:s0 tclass=file permissive=0
07-18 06:53:49.554  2005  2005 I auditd  : type=1400 audit(0.0:362): avc: denied { write } for comm="CachedAppOptimi" dev="tmpfs" ino=3122 scontext=u:r:system_server:s0 tcontext=u:object_r:tmpfs:s0 tclass=file permissive=0
07-18 06:53:49.761  2005  2005 I notification_cancel_all: [10168,7195,com.google.android.calendar,0,0,64,9,NULL]
07-18 06:53:49.887  2005  2178 I commit_sys_config_file: [settings-3-0,5]
07-18 06:53:49.928  2005  5600 I am_uid_running: 10205
07-18 06:53:49.941  3346  5930 I c2dm    : [-19,ERR_AUTHENTICATION_FAILED,0,0]
07-18 06:53:49.943  2005  2062 I am_proc_start: [0,7278,10205,com.symbol.fusionlogger,broadcast,{com.symbol.fusionlogger/com.symbol.fusionlogger.FusionLoggerReceiver}]
07-18 06:53:49.970  2005  3121 I am_proc_bound: [0,7278,com.symbol.fusionlogger]
07-18 06:53:49.971  2005  3121 I am_uid_active: 10205
07-18 06:53:50.005  3346  5751 I c2dm    : [-19,ERR_AUTHENTICATION_FAILED,0,0]
07-18 06:53:50.062  2005  3121 I sysui_multi_action: [757,856,758,1,806,com.symbol.fusionlogger,857,FUSION_LOGGER_SERVICE,858,3]
07-18 06:53:50.067  2005  2802 I am_foreground_service_start: [0,com.symbol.fusionlogger/.FusionLoggerService,0,SYSTEM_ALERT_WINDOW_PERMISSION,33,33,0,0,0,1,UNKNOWN]
07-18 06:53:50.078  2005  2802 I am_uid_running: 10207
07-18 06:53:50.088  2005  2062 I am_proc_start: [0,7300,10207,com.symbol.fusionservice,service,{com.symbol.fusionservice/com.symbol.fusionservice.FusionService}]
07-18 06:53:50.126  2005  2062 I am_proc_start: [0,7303,1000,com.android.dynsystem,broadcast,{com.android.dynsystem/com.android.dynsystem.BootCompletedReceiver}]
07-18 06:53:50.140  2005  4926 I am_proc_bound: [0,7300,com.symbol.fusionservice]
07-18 06:53:50.141  2005  4926 I am_uid_active: 10207
07-18 06:53:50.179  2005  4926 I am_proc_bound: [0,7303,com.android.dynsystem]
07-18 06:53:50.247  2005  2802 I am_uid_running: 10144
07-18 06:53:50.257  2005  2062 I am_proc_start: [0,7343,1000,com.android.dynsystem:dynsystem,service,{com.android.dynsystem/com.android.dynsystem.DynamicSystemInstallationService}]
07-18 06:53:50.273  2005  2062 I am_proc_start: [0,7345,10144,com.android.imsserviceentitlement,broadcast,{com.android.imsserviceentitlement/com.android.imsserviceentitlement.fcm.FcmRegistrationReceiver}]
07-18 06:53:50.304  2005  3121 I am_proc_bound: [0,7345,com.android.imsserviceentitlement]
07-18 06:53:50.305  2005  3121 I am_uid_active: 10144
07-18 06:53:50.317  2005  2054 I commit_sys_config_file: [notification-policy,24091]
07-18 06:53:50.319  2005  2061 I am_uid_running: 10134
07-18 06:53:50.320  2005  3121 I am_proc_bound: [0,7343,com.android.dynsystem:dynsystem]
07-18 06:53:50.329  2005  2062 I am_proc_start: [0,7375,10134,com.google.android.apps.turbo,broadcast,{com.google.android.apps.turbo/com.google.android.apps.turbo.deadline.library.DeadlineUpdateReceiver}]
07-18 06:53:50.365  2005  2802 I am_proc_bound: [0,7375,com.google.android.apps.turbo]
07-18 06:53:50.372  2005  2061 I am_wtf  : [0,2005,system_server,-1,ActivityManager,Sending non-protected broadcast com.symbol.intent.DEVICE_PROPERTIES from system 4690:com.zebra.server/1000 pkg com.zebra.server]
07-18 06:53:50.375  2005  2061 I am_wtf  : [0,2005,system_server,-1,ActivityManager,Sending non-protected broadcast com.symbol.intent.DEVICE_PROPERTIES from system 4690:com.zebra.server/1000 pkg com.zebra.server]
07-18 06:53:50.378  2005  2061 I am_wtf  : [0,2005,system_server,-1,ActivityManager,Sending non-protected broadcast com.symbol.intent.action.CheckPendingJobs from system 4690:com.zebra.server/1000 pkg com.zebra.server]
07-18 06:53:50.380  2005  2061 I am_wtf  : [0,2005,system_server,-1,ActivityManager,Sending non-protected broadcast com.symbol.intent.action.CheckPendingJobs from system 4690:com.zebra.server/1000 pkg com.zebra.server]
07-18 06:53:50.415  2005  3121 I sysui_multi_action: [757,856,758,1,806,com.android.dynsystem,857,com.android.dynsystem,858,2]
07-18 06:53:50.521  2005  4886 I am_uid_running: 10183
07-18 06:53:50.532  2005  2062 I am_proc_start: [0,7408,10183,com.android.remoteprovisioner,broadcast,{com.android.remoteprovisioner/com.android.remoteprovisioner.BootReceiver}]
07-18 06:53:50.542  2005  2005 I auditd  : type=1400 audit(0.0:394): avc: denied { write } for comm="CachedAppOptimi" dev="tmpfs" ino=2052 scontext=u:r:system_server:s0 tcontext=u:object_r:zygote_tmpfs:s0 tclass=file permissive=0
07-18 06:53:50.542  2005  2005 I auditd  : type=1400 audit(0.0:395): avc: denied { write } for comm="CachedAppOptimi" dev="tmpfs" ino=2052 scontext=u:r:system_server:s0 tcontext=u:object_r:zygote_tmpfs:s0 tclass=file permissive=0
07-18 06:53:50.567  2005  4886 I am_proc_bound: [0,7408,com.android.remoteprovisioner]
07-18 06:53:50.573  2005  4886 I am_uid_active: 10183
07-18 06:53:50.598  2005  2005 I auditd  : type=1400 audit(0.0:396): avc: denied { write } for comm="CachedAppOptimi" dev="tmpfs" ino=2052 scontext=u:r:system_server:s0 tcontext=u:object_r:zygote_tmpfs:s0 tclass=file permissive=0
07-18 06:53:50.598  2005  2005 I auditd  : type=1400 audit(0.0:397): avc: denied { write } for comm="CachedAppOptimi" dev="tmpfs" ino=2052 scontext=u:r:system_server:s0 tcontext=u:object_r:zygote_tmpfs:s0 tclass=file permissive=0
07-18 06:53:50.650  2005  2005 I auditd  : type=1400 audit(0.0:398): avc: denied { write } for comm="CachedAppOptimi" dev="tmpfs" ino=2052 scontext=u:r:system_server:s0 tcontext=u:object_r:zygote_tmpfs:s0 tclass=file permissive=0
07-18 06:53:50.673  2005  2054 I commit_sys_config_file: [notification-policy,24447]
07-18 06:53:50.823  2005  3121 I am_uid_running: 2000
07-18 06:53:50.842  2005  2062 I am_proc_start: [0,7434,2000,com.android.shell,broadcast,{com.android.shell/com.android.shell.HeapDumpReceiver}]
07-18 06:53:50.867  2005  3121 I am_proc_bound: [0,7434,com.android.shell]
07-18 06:53:50.868  2005  3121 I am_uid_active: 2000
07-18 06:53:50.972  2005  2802 I am_uid_active: 10154
07-18 06:53:51.169  2005  5600 I am_uid_running: 10178
07-18 06:53:51.188  2005  2062 I am_proc_start: [0,7461,10178,com.google.android.apps.maps,broadcast,{com.google.android.apps.maps/com.google.android.apps.gmm.geofence.RestartDetectionBroadcastReceiver}]
07-18 06:53:51.227  2005  2802 I am_proc_bound: [0,7461,com.google.android.apps.maps]
07-18 06:53:51.229  2005  2802 I am_uid_active: 10178
07-18 06:53:51.371  6085  6162 I google_http_request: [12,-1,Android-Finsky/35.0.15-21%20%5B0%5D%20%5BPR%5D%20519197268 (api=3,versionCode=83501510,sdk=33,device=MC9400,hardware=qcom,product=MC9400PG,platformVersionRelease=13,model=MC9400,buildId=13-06-18.00-TG-U00-PRD-NEM-04,isWideScreen=0,supportedAbis=arm64-v8a;armeabi-v7a;armeabi),0]
07-18 06:53:51.417  6085  6162 I google_http_request: [1,-1,Android-Finsky/35.0.15-21%20%5B0%5D%20%5BPR%5D%20519197268 (api=3,versionCode=83501510,sdk=33,device=MC9400,hardware=qcom,product=MC9400PG,platformVersionRelease=13,model=MC9400,buildId=13-06-18.00-TG-U00-PRD-NEM-04,isWideScreen=0,supportedAbis=arm64-v8a;armeabi-v7a;armeabi),0]
07-18 06:53:51.590  2005  2005 I auditd  : type=1400 audit(0.0:450): avc: denied { write } for comm="CachedAppOptimi" dev="tmpfs" ino=2052 scontext=u:r:system_server:s0 tcontext=u:object_r:zygote_tmpfs:s0 tclass=file permissive=0
07-18 06:53:51.590  2005  2005 I auditd  : type=1400 audit(0.0:451): avc: denied { write } for comm="CachedAppOptimi" dev="tmpfs" ino=2052 scontext=u:r:system_server:s0 tcontext=u:object_r:zygote_tmpfs:s0 tclass=file permissive=0
07-18 06:53:51.646  2005  2005 I auditd  : type=1400 audit(0.0:452): avc: denied { write } for comm="CachedAppOptimi" dev="tmpfs" ino=2052 scontext=u:r:system_server:s0 tcontext=u:object_r:zygote_tmpfs:s0 tclass=file permissive=0
07-18 06:53:51.646  2005  2005 I auditd  : type=1400 audit(0.0:453): avc: denied { write } for comm="CachedAppOptimi" dev="tmpfs" ino=2052 scontext=u:r:system_server:s0 tcontext=u:object_r:zygote_tmpfs:s0 tclass=file permissive=0
07-18 06:53:51.702  2005  2005 I auditd  : type=1400 audit(0.0:454): avc: denied { write } for comm="CachedAppOptimi" dev="tmpfs" ino=2052 scontext=u:r:system_server:s0 tcontext=u:object_r:zygote_tmpfs:s0 tclass=file permissive=0
07-18 06:53:51.720  2005  2061 I ssm_user_completed_event: [0,2]
07-18 06:53:52.291  2005  2178 I commit_sys_config_file: [settings-1-0,6]
07-18 06:53:52.530  2005  2062 I am_proc_start: [0,7562,10178,com.google.android.apps.maps:server_recovery_process,broadcast,{com.google.android.apps.maps/com.google.android.apps.gmm.plugins.serverrecovery.PhenotypeServerRecoveryHandlerImpl}]
07-18 06:53:52.563  2005  6665 I am_proc_bound: [0,7562,com.google.android.apps.maps:server_recovery_process]
07-18 06:53:52.663  2005  4926 I am_uid_active: 10157
07-18 06:53:52.674  2005  2060 I am_pss  : [6290,10119,com.zebra.smartmu.service,8547328,7671808,0,98189312,0,4,6]
07-18 06:53:52.680  2005  2060 I am_pss  : [6358,10105,com.zebra.smartmu.wfwsupportservice,6250496,5378048,0,97185792,0,4,5]
07-18 06:53:52.808  2005  2054 I commit_sys_config_file: [jobs,8]
07-18 06:53:52.936  2005  6665 I am_uid_running: 10167
07-18 06:53:52.942  2005  2005 I auditd  : type=1400 audit(0.0:472): avc: denied { write } for comm="CachedAppOptimi" dev="tmpfs" ino=2052 scontext=u:r:system_server:s0 tcontext=u:object_r:zygote_tmpfs:s0 tclass=file permissive=0
07-18 06:53:52.942  2005  2005 I auditd  : type=1400 audit(0.0:473): avc: denied { write } for comm="CachedAppOptimi" dev="tmpfs" ino=2052 scontext=u:r:system_server:s0 tcontext=u:object_r:zygote_tmpfs:s0 tclass=file permissive=0
07-18 06:53:52.957  2005  2062 I am_proc_start: [0,7589,10167,com.google.android.apps.tachyon,broadcast,{com.google.android.apps.tachyon/com.google.android.apps.tachyon.common.applifecycle.BootReceiver}]
07-18 06:53:52.993  2005  2170 I am_uid_active: 10167
07-18 06:53:53.003  2005  4926 I am_proc_bound: [0,7589,com.google.android.apps.tachyon]
07-18 06:53:52.998  2005  2005 I auditd  : type=1400 audit(0.0:474): avc: denied { write } for comm="CachedAppOptimi" dev="tmpfs" ino=2052 scontext=u:r:system_server:s0 tcontext=u:object_r:zygote_tmpfs:s0 tclass=file permissive=0
07-18 06:53:52.998  2005  2005 I auditd  : type=1400 audit(0.0:475): avc: denied { write } for comm="CachedAppOptimi" dev="tmpfs" ino=2052 scontext=u:r:system_server:s0 tcontext=u:object_r:zygote_tmpfs:s0 tclass=file permissive=0
07-18 06:53:53.078  2005  2005 I auditd  : type=1400 audit(0.0:476): avc: denied { write } for comm="CachedAppOptimi" dev="tmpfs" ino=2052 scontext=u:r:system_server:s0 tcontext=u:object_r:zygote_tmpfs:s0 tclass=file permissive=0
07-18 06:53:53.363  2005  2784 I commit_sys_config_file: [appops,16895]
07-18 06:53:53.946  2005  2005 I auditd  : type=1400 audit(0.0:496): avc: denied { write } for comm="CachedAppOptimi" dev="tmpfs" ino=2052 scontext=u:r:system_server:s0 tcontext=u:object_r:zygote_tmpfs:s0 tclass=file permissive=0
07-18 06:53:53.946  2005  2005 I auditd  : type=1400 audit(0.0:497): avc: denied { write } for comm="CachedAppOptimi" dev="tmpfs" ino=2052 scontext=u:r:system_server:s0 tcontext=u:object_r:zygote_tmpfs:s0 tclass=file permissive=0
07-18 06:53:53.998  2005  2005 I auditd  : type=1400 audit(0.0:498): avc: denied { write } for comm="CachedAppOptimi" dev="tmpfs" ino=2052 scontext=u:r:system_server:s0 tcontext=u:object_r:zygote_tmpfs:s0 tclass=file permissive=0
07-18 06:53:53.998  2005  2005 I auditd  : type=1400 audit(0.0:499): avc: denied { write } for comm="CachedAppOptimi" dev="tmpfs" ino=2052 scontext=u:r:system_server:s0 tcontext=u:object_r:zygote_tmpfs:s0 tclass=file permissive=0
07-18 06:53:54.062  2005  2005 I auditd  : type=1400 audit(0.0:500): avc: denied { write } for comm="CachedAppOptimi" dev="tmpfs" ino=2052 scontext=u:r:system_server:s0 tcontext=u:object_r:zygote_tmpfs:s0 tclass=file permissive=0
07-18 06:53:54.117  2005  5600 I sysui_multi_action: [757,859,758,6,806,com.google.android.apps.tachyon,860,z010_notification_group_for_messages]
07-18 06:53:54.117  2005  5600 I sysui_multi_action: [757,859,758,6,806,com.google.android.apps.tachyon,860,notification_group_for_calls]
07-18 06:53:54.126  2005  2731 I sysui_multi_action: [757,856,758,1,806,com.google.android.apps.tachyon,857,notification_channel_contact_updates,858,1]
07-18 06:53:54.126  2005  2731 I sysui_multi_action: [757,856,758,1,806,com.google.android.apps.tachyon,857,notification_channel_new_in_duo,858,1]
07-18 06:53:54.127  2005  2731 I sysui_multi_action: [757,856,758,1,806,com.google.android.apps.tachyon,857,notification_channel_special_event,858,1]
07-18 06:53:54.127  2005  2731 I sysui_multi_action: [757,856,758,1,806,com.google.android.apps.tachyon,857,notification_channel_call_notifications,858,3]
07-18 06:53:54.127  2005  2731 I sysui_multi_action: [757,856,758,1,806,com.google.android.apps.tachyon,857,notification_channel_missed_calls,858,4]
07-18 06:53:54.127  2005  2731 I sysui_multi_action: [757,856,758,1,806,com.google.android.apps.tachyon,857,notification_channel_call_retry,858,4]
07-18 06:53:54.127  2005  2731 I sysui_multi_action: [757,856,758,1,806,com.google.android.apps.tachyon,857,notification_channel_group_call_transfer_device,858,4]
07-18 06:53:54.127  2005  2731 I sysui_multi_action: [757,856,758,1,806,com.google.android.apps.tachyon,857,notification_channel_account_updates,858,3]
07-18 06:53:54.127  2005  2731 I sysui_multi_action: [757,856,758,1,806,com.google.android.apps.tachyon,857,notification_channel_incoming_call,858,5]
07-18 06:53:54.127  2005  2731 I sysui_multi_action: [757,856,758,1,806,com.google.android.apps.tachyon,857,notification_channel_messages_notifications,858,4]
07-18 06:53:54.127  2005  2731 I sysui_multi_action: [757,856,758,1,806,com.google.android.apps.tachyon,857,notification_channel_new_group,858,3]
07-18 06:53:54.127  2005  2731 I sysui_multi_action: [757,856,758,1,806,com.google.android.apps.tachyon,857,notification_channel_incoming_group_calls,858,5]
07-18 06:53:54.127  2005  2731 I sysui_multi_action: [757,856,758,1,806,com.google.android.apps.tachyon,857,notification_channel_unseen_clips_reminder,858,3]
07-18 06:53:54.128  2005  2731 I sysui_multi_action: [757,856,758,1,806,com.google.android.apps.tachyon,857,notification_channel_quick_reactions,858,3]
07-18 06:53:54.128  2005  2731 I sysui_multi_action: [757,856,758,1,806,com.google.android.apps.tachyon,857,notification_channel_promotional_clips,858,4]
07-18 06:53:54.380  2005  2054 I commit_sys_config_file: [notification-policy,28154]
07-18 06:53:54.908  2005  2054 I commit_sys_config_file: [jobs,3]
07-18 06:53:54.954  2005  2005 I auditd  : type=1400 audit(0.0:522): avc: denied { write } for comm="CachedAppOptimi" dev="tmpfs" ino=2052 scontext=u:r:system_server:s0 tcontext=u:object_r:zygote_tmpfs:s0 tclass=file permissive=0
07-18 06:53:54.954  2005  2005 I auditd  : type=1400 audit(0.0:523): avc: denied { write } for comm="CachedAppOptimi" dev="tmpfs" ino=2052 scontext=u:r:system_server:s0 tcontext=u:object_r:zygote_tmpfs:s0 tclass=file permissive=0
07-18 06:53:55.046  2005  2005 I auditd  : type=1400 audit(0.0:524): avc: denied { write } for comm="CachedAppOptimi" dev="tmpfs" ino=2052 scontext=u:r:system_server:s0 tcontext=u:object_r:zygote_tmpfs:s0 tclass=file permissive=0
07-18 06:53:55.046  2005  2005 I auditd  : type=1400 audit(0.0:525): avc: denied { write } for comm="CachedAppOptimi" dev="tmpfs" ino=2052 scontext=u:r:system_server:s0 tcontext=u:object_r:zygote_tmpfs:s0 tclass=file permissive=0
07-18 06:53:55.154  2005  2005 I auditd  : type=1400 audit(0.0:526): avc: denied { write } for comm="CachedAppOptimi" dev="tmpfs" ino=2052 scontext=u:r:system_server:s0 tcontext=u:object_r:zygote_tmpfs:s0 tclass=file permissive=0
07-18 06:53:55.982  2005  2181 I am_compact: [3367,com.zebra.devicemanager,anon,125672,77400,47292,6524,-6628,0,-6628,6628,76,0,0,905,19,2260220,-5120]
07-18 06:53:55.983  2005  2181 I am_compact: [5327,android.process.media,,92944,50180,42076,5396,0,0,0,0,1,0,0,700,5,2255100,0]
07-18 06:53:55.984  2005  2181 I am_compact: [5509,com.google.android.contacts,,119880,67388,51724,0,0,0,0,0,1,0,0,700,5,2255100,0]
07-18 06:53:55.985  2005  2181 I am_compact: [5622,com.google.android.gm,,144948,91540,52496,0,0,0,0,0,1,0,0,700,5,2255100,0]
07-18 06:53:56.007  2005  2181 I am_compact: [6933,com.google.android.apps.docs,anon,134000,93956,39304,12524,-216,0,-216,216,21,0,0,905,19,2255100,0]
07-18 06:53:56.019  2005  2181 I am_compact: [7074,com.symbol.zebrafolders,anon,84408,41296,42392,3556,0,0,0,0,11,0,0,905,19,2255100,-256]
07-18 06:53:56.115  2005  2181 I am_compact: [3655,com.google.android.apps.wellbeing,anon,113756,65160,47752,3696,-7904,0,-7904,7904,96,2,51423,905,19,2254844,-2816]
07-18 06:53:56.116  2005  2181 I am_compact: [5148,com.google.process.gapps,,94880,50196,43948,2516,0,0,0,0,1,2,44990,700,5,2252028,0]
07-18 06:53:56.129  2005  2181 I am_compact: [7343,com.android.dynsystem:dynsystem,anon,84144,41112,42312,3616,0,0,0,0,13,0,0,905,19,2252028,256]
07-18 06:53:56.152  2005  4926 I am_uid_active: 10134
07-18 06:53:56.208  2005  2062 I am_proc_start: [0,7721,10134,com.google.android.apps.turbo:aab,broadcast,{com.google.android.apps.turbo/com.google.android.libraries.smartbattery.appusage.library.BootReceiver}]
07-18 06:53:56.232  2005  7120 I am_proc_bound: [0,7721,com.google.android.apps.turbo:aab]
07-18 06:53:56.252  2005  2181 I am_compact: [5244,com.google.android.googlequicksearchbox:search,anon,232740,191988,38572,59504,-5164,0,-5164,5164,122,0,0,905,19,2252284,4096]
07-18 06:53:56.296  3346  7521 I gtalk_connection: 16778495
07-18 06:53:56.322  2005  2181 I am_compact: [4377,com.google.android.googlequicksearchbox:interactor,anon,174264,131036,42428,12288,-3196,0,-3196,3196,69,0,0,905,10,2256380,2048]
07-18 06:53:56.393  2005  2062 I am_proc_start: [0,7747,10134,com.google.android.apps.turbo:ssb,broadcast,{com.google.android.apps.turbo/com.google.android.libraries.smartbattery.brightness.library.BootReceiver}]
07-18 06:53:56.426  2005  4940 I am_proc_bound: [0,7747,com.google.android.apps.turbo:ssb]
07-18 06:53:56.499  2005  2181 I am_compact: [5668,com.google.android.gms.unstable,anon,182248,121780,59464,0,-19128,44,-19172,19172,177,0,0,905,19,2258428,-15616]
07-18 06:53:56.534  2005  4926 I am_uid_running: 10209
07-18 06:53:56.542  2005  2622 I volume_changed: [3,5,3,15,AS.AudioService]
07-18 06:53:56.553  2005  2181 I am_compact: [7721,com.google.android.apps.turbo:aab,anon,94316,47204,46424,140,-4208,44,-4252,4252,53,0,0,905,19,2242812,-3072]
07-18 06:53:56.554  2005  2062 I am_proc_start: [0,7774,10209,com.google.android.apps.wallpaper,broadcast,{com.google.android.apps.wallpaper/com.android.wallpaper.module.RotationWallpaperUpdateReceiver}]
07-18 06:53:56.586  2005  4926 I am_proc_bound: [0,7774,com.google.android.apps.wallpaper]
07-18 06:53:56.588  2005  4926 I am_uid_active: 10209
07-18 06:53:56.761  2005  2178 I commit_sys_config_file: [settings-0-0,4]
07-18 06:53:57.284  2005  2178 I commit_sys_config_file: [settings-1-0,27]
07-18 06:53:57.605  2005  2178 I commit_sys_config_file: [settings-2-0,6]
07-18 06:53:57.976  2005  2160 I sysui_multi_action: [757,856,758,1,806,com.google.android.apps.wellbeing,857,app_limit_updates,858,2]
07-18 06:53:57.994  2005  2160 I am_foreground_service_start: [0,com.google.android.apps.wellbeing/com.google.apps.tiktok.concurrent.InternalForegroundService,1,BACKGROUND_ACTIVITY_PERMISSION,33,33,0,0,0,1,UNKNOWN]
07-18 06:53:58.018  2005  2160 I am_foreground_service_stop: [0,com.google.android.apps.wellbeing/com.google.apps.tiktok.concurrent.InternalForegroundService,1,BACKGROUND_ACTIVITY_PERMISSION,33,33,1,0,24,1,STOP_FOREGROUND]
07-18 06:53:58.186  2005  2054 I commit_sys_config_file: [jobs,4]
07-18 06:53:58.234  2005  2054 I commit_sys_config_file: [notification-policy,32007]
07-18 06:53:58.354  2005  6624 I am_uid_active: 10146
07-18 06:53:59.609  2005  2802 I am_uid_running: 10140
07-18 06:53:59.630  2005  2062 I am_proc_start: [0,7872,10140,com.google.android.configupdater,broadcast,{com.google.android.configupdater/com.google.android.configupdater.MainReceiver}]
07-18 06:53:59.642  2005  2723 I am_proc_bound: [0,7872,com.google.android.configupdater]
07-18 06:53:59.645  2005  2723 I am_uid_active: 10140
07-18 06:53:59.685  2005  2086 I commit_sys_config_file: [package-user-0,6]
07-18 06:54:00.026  3346  3346 I service_manager_stats: [200,321,19216]
07-18 06:54:00.109  2005  2060 I am_pss  : [7278,10205,com.symbol.fusionlogger,6194176,1613824,3686400,92962816,0,4,6]
07-18 06:54:00.260  2005  2060 I am_pss  : [7300,10207,com.symbol.fusionservice,5872640,765952,4091904,94031872,0,4,5]
07-18 06:54:00.450  2005  2723 I sysui_multi_action: [757,859,758,6,806,com.google.android.gm,860,^ncg_~_misc]
07-18 06:54:00.457  2005  2723 I sysui_multi_action: [757,856,758,1,806,com.google.android.gm,857,^nc_~_misc,858,3]
07-18 06:54:00.470  2005  2005 I notification_cancel_all: [1000,2005,com.google.android.gm,0,0,0,20,NULL]
07-18 06:54:00.471  2005  4942 I sysui_multi_action: [757,856,758,1,806,com.google.android.gm,857,^nc_~_z_gmail_attachments,858,1]
07-18 06:54:00.482  2005  2086 I am_uid_stopped: 10164
07-18 06:54:00.484  2005  2086 I am_kill : [0,5622,com.google.android.gm,0,change com.google.android.gm]
07-18 06:54:00.487  2005  2086 I am_broadcast_discard_app: [0,32475838,android.intent.action.BOOT_COMPLETED,131,ResolveInfo{a80a693 com.google.android.gm/.utils.ExchangeUpgradeReceiver m=0x108000}]
07-18 06:54:00.488  2005  2086 I am_schedule_service_restart: [0,com.google.android.gm/androidx.work.impl.background.systemjob.SystemJobService,1000]
07-18 06:54:00.488  2005  2086 I am_schedule_service_restart: [0,com.google.android.gm/com.android.email.job.BootCompletedJob$BootCompletedJobService,11000]
07-18 06:54:00.500  2005  2061 I am_uid_running: 10164
07-18 06:54:00.599  2005  2062 I am_proc_start: [0,7943,10164,com.google.android.gm,broadcast,{com.google.android.gm/com.google.android.libraries.internal.growth.growthkit.tiktok.GrowthKitBootCompletedListener_Receiver}]
07-18 06:54:00.665  2005  4886 I am_proc_bound: [0,7943,com.google.android.gm]
07-18 06:54:00.671  2005  4886 I am_uid_active: 10164
07-18 06:54:00.689  2005  2181 I am_compact: [6573,com.google.android.dialer,anon,124476,75852,47480,6592,-4880,260,-5140,4236,277,0,0,905,19,2320636,-256]
07-18 06:54:00.708  2005  2054 I commit_sys_config_file: [notification-policy,34482]
07-18 06:54:00.782  2005  2181 I am_compact: [6246,com.android.vending:instant_app_installer,anon,114204,69248,44224,3308,-2556,0,-2556,2556,91,0,0,905,19,2320380,-1024]
07-18 06:54:00.910  2005  2178 I commit_sys_config_file: [settings-2-0,8]
07-18 06:54:01.166  2005  2753 I am_uid_running: 10177
07-18 06:54:01.186  2005  2062 I am_proc_start: [0,8019,10177,com.android.chrome,service,{com.android.chrome/org.chromium.chrome.browser.customtabs.CustomTabsConnectionService}]
07-18 06:54:01.225  2005  4886 I am_proc_bound: [0,8019,com.android.chrome]
07-18 06:54:01.242  2005  2054 I commit_sys_config_file: [jobs,3]
07-18 06:54:01.740  2005  2181 I am_compact: [8019,com.android.chrome,anon,91480,52328,38460,124,1112,4528,-3760,4080,116,0,0,905,19,2352380,-1536]
07-18 06:54:01.923  2005  4942 I am_uid_active: 10132
07-18 06:54:01.984  2005  4926 I am_uid_running: 10161
07-18 06:54:02.000  2005  2062 I am_proc_start: [0,8063,10161,com.google.android.keep,broadcast,{com.google.android.keep/com.google.android.keep.sharing.SharingRepostNotificationReceiver}]
07-18 06:54:02.038  2005  4926 I am_proc_bound: [0,8063,com.google.android.keep]
07-18 06:54:02.039  2005  4926 I am_uid_active: 10161
07-18 06:54:02.254  2005  4941 I sysui_multi_action: [757,856,758,1,806,com.google.android.keep,857,Reminders,858,4]
07-18 06:54:02.254  2005  4941 I sysui_multi_action: [757,856,758,1,806,com.google.android.keep,857,SharedNotes,858,2]
07-18 06:54:02.255  2005  4941 I sysui_multi_action: [757,856,758,1,806,com.google.android.keep,857,Others,858,1]
07-18 06:54:02.481  2005  2060 I am_pss  : [6598,1000,com.zebra.zebravolumecontrol3,6300672,1490944,3973120,93323264,0,10,6]
07-18 06:54:02.508  2005  2054 I commit_sys_config_file: [notification-policy,36282]
07-18 06:54:02.584  2005  2060 I am_pss  : [3346,10141,com.google.android.gms.persistent,71815168,47271936,0,226676736,0,3,15]
07-18 06:54:02.600  2005  2060 I am_pss  : [3509,10141,com.google.android.gms,91599872,60006400,0,262676480,0,3,15]
07-18 06:54:02.609  2005  2060 I am_pss  : [4364,10141,com.google.process.gservices,8836096,2125824,4567040,97034240,0,5,7]
07-18 06:54:02.622  2005  2060 I am_pss  : [3709,10171,com.google.android.inputmethod.latin,75457536,70762496,0,192266240,0,7,12]
07-18 06:54:02.629  2005  2060 I am_pss  : [5104,1000,com.zebra.location,6056960,2793472,2211840,96804864,0,8,6]
07-18 06:54:02.636  2005  4926 I am_uid_running: 10137
07-18 06:54:02.637  2005  2060 I am_pss  : [3163,10190,com.android.launcher3,20720640,5840896,9641984,129462272,0,5,7]
07-18 06:54:02.644  2005  2060 I am_pss  : [3728,10221,com.google.android.ext.services,7783424,610304,5476352,96534528,0,5,6]
07-18 06:54:02.651  2005  2060 I am_pss  : [3829,10216,com.google.android.permissioncontroller,12736512,4763648,4485120,107855872,0,6,6]
07-18 06:54:02.656  2005  2060 I am_pss  : [3744,10056,com.android.proxyhandler,4368384,102400,3473408,87425024,0,8,6]
07-18 06:54:02.657  2005  2062 I am_proc_start: [0,8110,10137,com.google.android.onetimeinitializer,broadcast,{com.google.android.onetimeinitializer/com.google.android.onetimeinitializer.OneTimeInitializerReceiver}]
07-18 06:54:02.664  2005  2060 I am_pss  : [3597,10174,com.google.android.tts,30722048,23715840,5853184,122744832,0,6,6]
07-18 06:54:02.693  2005  4886 I am_proc_bound: [0,8110,com.google.android.onetimeinitializer]
07-18 06:54:02.695  2005  4886 I am_uid_active: 10137
07-18 06:54:02.753  2005  2753 I am_uid_running: 10047
07-18 06:54:02.776  2005  2062 I am_proc_start: [0,8129,10047,com.google.android.packageinstaller,broadcast,{com.google.android.packageinstaller/com.android.packageinstaller.TemporaryFileManager}]
07-18 06:54:02.802  2005  2753 I am_proc_bound: [0,8129,com.google.android.packageinstaller]
07-18 06:54:02.803  2005  2753 I am_uid_active: 10047
07-18 06:54:02.860  2005  4926 I am_uid_running: 10143
07-18 06:54:02.871  2005  2062 I am_proc_start: [0,8148,10143,com.google.android.partnersetup,broadcast,{com.google.android.partnersetup/com.google.android.partnersetup.GooglePartnerSetup}]
07-18 06:54:02.892  2005  2753 I am_proc_bound: [0,8148,com.google.android.partnersetup]
07-18 06:54:02.893  2005  2753 I am_uid_active: 10143
07-18 06:54:02.942  2005  2181 I am_compact: [6401,com.google.android.apps.photos,anon,128436,83152,44524,8912,-4372,0,-4372,4372,108,0,0,905,19,2360060,-3840]
07-18 06:54:03.138  2005  2181 I am_compact: [5509,com.google.android.contacts,,119332,68348,50172,0,0,0,0,0,4,4,65666,700,5,2356988,0]
07-18 06:54:03.228  2005  2060 I am_pss  : [4048,1000,com.symbol.mxmf.proxyframework,10983424,6713344,3080192,104095744,0,5,7]
07-18 06:54:03.235  2005  2060 I am_pss  : [4430,10146,com.google.android.as,16932864,7249920,8531968,106606592,0,19,5]
07-18 06:54:03.241  2005  2060 I am_pss  : [5119,10084,com.android.managedprovisioning,7752704,3076096,3969024,91529216,0,19,5]
07-18 06:54:03.248  2005  2060 I am_pss  : [3422,10065,com.zebra.securestoragemanager,12168192,6381568,4116480,105365504,0,5,6]
07-18 06:54:03.255  2005  2060 I am_pss  : [3601,10159,com.android.deskclock,9046016,5632000,2654208,97148928,0,19,6]
07-18 06:54:03.261  2005  2060 I am_pss  : [4208,10172,com.google.android.marvin.talkback,9921536,5992448,3215360,95469568,0,19,6]
07-18 06:54:03.267  2005  2060 I am_pss  : [3961,10059,com.symbol.tool.stagenow,6339584,2199552,3489792,88313856,0,19,5]
07-18 06:54:03.272  2005  2060 I am_pss  : [6187,10081,com.zebra.eventinjectionservice,4905984,516096,3723264,87527424,0,19,5]
07-18 06:54:03.278  2005  2060 I am_pss  : [6265,10064,com.android.externalstorage,4567040,81920,3706880,90042368,0,19,5]
07-18 06:54:03.284  2005  2060 I am_pss  : [4319,10078,com.symbol.datawedge,25437184,9478144,13561856,119377920,0,6,6]
07-18 06:54:03.291  2005  2060 I am_pss  : [4269,10048,com.symbol.scanning.scanningframework:zdcpservice,53401600,11976704,38703104,116781056,0,6,7]
07-18 06:54:03.296  2005  2060 I am_pss  : [4266,10048,com.symbol.scanning.scanningframework:hwinfoservice,4566016,1814528,1761280,89755648,0,6,5]
07-18 06:54:03.302  2005  2060 I am_pss  : [3298,10048,com.symbol.scanning.scanningframework:btscanner,5094400,2244608,1728512,94048256,0,6,5]
07-18 06:54:03.307  2005  2060 I am_pss  : [6018,10151,com.google.android.webview:webview_service,20580352,1101824,3772416,77303808,0,19,5]
07-18 06:54:03.313  2005  2060 I am_pss  : [5990,1000,com.symbol.zremotekey,5297152,978944,3637248,88932352,0,10,5]
07-18 06:54:03.319  2005  2060 I am_pss  : [5047,10094,com.android.printspooler,5101568,774144,3633152,88768512,0,19,5]
07-18 06:54:03.325  2005  2060 I am_pss  : [5647,10211,com.qualcomm.qtil.btdsda,4500480,163840,3555328,88727552,0,19,6]
07-18 06:54:03.331  2005  2060 I am_pss  : [5562,10197,com.qualcomm.qtil.aptxui,4600832,196608,3694592,88985600,0,19,5]
07-18 06:54:03.336  2005  2060 I am_pss  : [5522,1000,com.android.localtransport,4346880,106496,3522560,88653824,0,19,5]
07-18 06:54:03.342  2005  2060 I am_pss  : [5468,10128,com.qualcomm.qti.smq,6159360,1802240,3661824,89968640,0,19,5]
07-18 06:54:03.348  2005  2060 I am_pss  : [5053,1000,com.android.keychain,8372224,3878912,3792896,92262400,0,19,5]
07-18 06:54:03.353  2005  2060 I am_pss  : [5300,10114,com.zebra.valueadd.enfc,5580800,2940928,1921024,91656192,0,6,5]
07-18 06:54:03.359  2005  2060 I am_pss  : [4445,10131,com.qualcomm.qti.biometrics.fingerprint.service,4632576,253952,3710976,86921216,0,19,5]
07-18 06:54:03.365  2005  2060 I am_pss  : [4147,1000,com.symbol.osx.osxprovisionservice,4785152,1077248,2973696,91549696,0,10,5]
07-18 06:54:03.370  2005  2060 I am_pss  : [3753,1000,com.symbol.csp.audiovoluimgr,8371200,3850240,3575808,99770368,0,10,6]
07-18 06:54:03.376  2005  2060 I am_pss  : [3736,1000,com.zebra.dhcpoptionmgr,5244928,872448,3649536,89178112,0,10,5]
07-18 06:54:03.389  2005  4926 I am_uid_running: 10153
07-18 06:54:03.406  2005  2062 I am_proc_start: [0,8179,10153,com.google.android.videos,broadcast,{com.google.android.videos/com.google.android.apps.play.movies.common.service.pinning.TransferService$Receiver}]
07-18 06:54:03.442  2005  7120 I am_proc_bound: [0,8179,com.google.android.videos]
07-18 06:54:03.445  2005  7120 I am_uid_active: 10153
07-18 06:54:03.718  2005  2054 I commit_sys_config_file: [jobs,8]
07-18 06:54:03.997  2005  2060 I am_pss  : [6747,10132,com.google.android.ims,16035840,10059776,5128192,104513536,0,19,6]
07-18 06:54:04.010  2005  2178 I commit_sys_config_file: [settings-3-0,2]
07-18 06:54:04.249  2005  7120 I sysui_multi_action: [757,856,758,1,806,com.google.android.videos,857,TEMPORARY007,858,2]
07-18 06:54:04.254  2005  2061 I am_wtf  : [0,2005,system_server,-1,ActivityManager,Background started FGS: Allowed [callingPackage: com.google.android.videos; callingUid: 10153; uidState: TRNB; intent: Intent { cmp=com.google.android.videos/com.google.android.apps.play.movies.common.service.pinning.TransferService (has extras) }; code:BOOT_COMPLETED; tempAllowListReason:<broadcast:1000:android.intent.action.BOOT_COMPLETED,reason:,reasonCode:BOOT_COMPLETED,duration:20000,callingUid:1000>; targetSdkVersion:33; callerTargetSdkVersion:33; startForegroundCount:0; bindFromPackage:null]]
07-18 06:54:04.255  2005  7120 I am_foreground_service_start: [0,com.google.android.videos/com.google.android.apps.play.movies.common.service.pinning.TransferService,0,BOOT_COMPLETED,33,33,0,0,0,1,UNKNOWN]
07-18 06:54:04.312  2005  4942 I am_foreground_service_stop: [0,com.google.android.videos/com.google.android.apps.play.movies.common.service.pinning.TransferService,0,BOOT_COMPLETED,33,33,1,0,59,1,STOP_SERVICE]
07-18 06:54:04.380  2005  2181 I am_compact: [6085,com.android.vending,anon,137632,96292,40424,16496,-3700,0,-3700,3700,103,2,50886,905,19,2366460,-3584]
07-18 06:54:04.441  2005  2753 I am_uid_running: 10175
07-18 06:54:04.454  2005  2062 I am_proc_start: [0,8255,10175,com.google.android.youtube,broadcast,{com.google.android.youtube/com.google.android.libraries.notifications.entrypoints.restart.RestartReceiver}]
07-18 06:54:04.484  2005  2753 I am_proc_bound: [0,8255,com.google.android.youtube]
07-18 06:54:04.485  2005  2753 I am_uid_active: 10175
07-18 06:54:04.504  2005  2054 I commit_sys_config_file: [notification-policy,38278]
07-18 06:54:04.623  2005  2181 I am_compact: [8179,com.google.android.videos,anon,135236,79704,54800,128,-15364,44,-15408,15408,145,0,0,905,19,2362876,-15360]
07-18 06:54:04.718  2005  2181 I am_compact: [5189,android.process.acore,,107636,60656,46200,4836,0,0,0,0,5,0,0,700,5,2348540,0]
07-18 06:54:04.719  2005  2181 I am_compact: [7943,com.google.android.gm,,144004,89644,53576,140,0,0,0,0,1,0,0,700,5,2348540,0]
07-18 06:54:05.065  2005  2086 I commit_sys_config_file: [package-user-0,4]
07-18 06:54:05.065  2005  2086 I commit_sys_config_file: [package,34]
07-18 06:54:05.160  2005  2060 I am_pss  : [6832,1000,com.android.settings,18589696,13762560,4030464,104398848,0,19,7]
07-18 06:54:05.175  2005  2060 I am_pss  : [6724,10072,com.symbol.dataanalytics,17660928,10698752,6012928,105340928,0,19,7]
07-18 06:54:05.267  2005  2062 I am_proc_start: [0,8365,1000,com.qualcomm.qti.notificationservice,broadcast,{com.qualcomm.qti.notificationservice/com.qualcomm.qti.notificationservice.BootReceiver}]
07-18 06:54:05.307  2005  7120 I am_proc_bound: [0,8365,com.qualcomm.qti.notificationservice]
07-18 06:54:05.318  8365  8365 I auditd  : type=1400 audit(0.0:552): avc: denied { search } for comm="ficationservice" name="data" dev="dm-42" ino=103 scontext=u:r:notificationservice_app:s0 tcontext=u:object_r:system_data_file:s0:c512,c768 tclass=dir permissive=0
07-18 06:54:05.318  8365  8365 I auditd  : type=1400 audit(0.0:553): avc: denied { search } for comm="ficationservice" name="data" dev="dm-42" ino=103 scontext=u:r:notificationservice_app:s0 tcontext=u:object_r:system_data_file:s0:c512,c768 tclass=dir permissive=0
07-18 06:54:05.322  8365  8365 I auditd  : type=1400 audit(0.0:554): avc: denied { search } for comm="ficationservice" name="0" dev="dm-42" ino=271 scontext=u:r:notificationservice_app:s0 tcontext=u:object_r:user_profile_root_file:s0:c512,c768 tclass=dir permissive=0
07-18 06:54:05.338  8365  8365 I auditd  : type=1400 audit(0.0:555): avc: denied { search } for comm="ficationservice" name="data" dev="dm-42" ino=103 scontext=u:r:notificationservice_app:s0 tcontext=u:object_r:system_data_file:s0:c512,c768 tclass=dir permissive=0
07-18 06:54:05.347  2005  4926 I am_wtf  : [0,8365,com.qualcomm.qti.notificationservice,545832517,ContextImpl,Data directory doesn't exist for package com.qualcomm.qti.notificationservice]
07-18 06:54:05.342  8365  8365 I auditd  : type=1400 audit(0.0:556): avc: denied { search } for comm="ficationservice" name="data" dev="dm-42" ino=103 scontext=u:r:notificationservice_app:s0 tcontext=u:object_r:system_data_file:s0:c512,c768 tclass=dir permissive=0
07-18 06:54:05.371  2005  2723 I am_uid_running: 10198
07-18 06:54:05.380  2005  4926 I sysui_multi_action: [757,856,758,1,806,com.qualcomm.qti.notificationservice,857,battery,858,4]
07-18 06:54:05.383  2005  2062 I am_proc_start: [0,8386,10198,com.qualcomm.qti.performancemode,broadcast,{com.qualcomm.qti.performancemode/com.qualcomm.qti.performancemode.SystemEventReceiver}]
07-18 06:54:05.402  2005  2178 I commit_sys_config_file: [settings-3-0,5]
07-18 06:54:05.438  2005  2723 I am_proc_bound: [0,8386,com.qualcomm.qti.performancemode]
07-18 06:54:05.442  2005  2723 I am_uid_active: 10198
07-18 06:54:05.587  2005  7120 I am_uid_running: 10180
07-18 06:54:05.615  2005  2062 I am_proc_start: [0,8410,10180,com.quicinc.voice.activation,broadcast,{com.quicinc.voice.activation/com.quicinc.voice.activation.receiver.VoiceAssistReceiver}]
07-18 06:54:05.622  2005  2170 I am_uid_active: 10180
07-18 06:54:05.635  2005  2054 I commit_sys_config_file: [notification-policy,39409]
07-18 06:54:05.655  2005  2723 I am_proc_bound: [0,8410,com.quicinc.voice.activation]
07-18 06:54:05.812  2005  2060 I am_pss  : [6880,10077,com.google.android.documentsui,13341696,8441856,3784704,105586688,0,19,6]
07-18 06:54:05.827  2005  3121 I am_proc_died: [0,8410,com.quicinc.voice.activation,0,10]
07-18 06:54:05.828  2005  3121 I am_uid_stopped: 10180
07-18 06:54:05.833  2005  3121 I am_mem_factor: [1,0]
07-18 06:54:05.864  2005  5600 I sysui_multi_action: [757,856,758,1,806,com.symbol.batterymanager,857,BatteryApplicationService,858,3]
07-18 06:54:05.901  2005  4942 I am_uid_active: 10072
07-18 06:54:05.951  2005  4954 I am_uid_running: 10071
07-18 06:54:05.975  2005  2062 I am_proc_start: [0,8456,10071,com.symbol.dataanalytics.dca,broadcast,{com.symbol.dataanalytics.dca/com.symbol.dataanalytics.dca.disruption.SystemBroadcastReceiver}]
07-18 06:54:06.032  2005  3121 I am_proc_bound: [0,8456,com.symbol.dataanalytics.dca]
07-18 06:54:06.037  2005  3121 I am_uid_active: 10071
07-18 06:54:06.122  2005  2054 I commit_sys_config_file: [notification-policy,39895]
07-18 06:54:06.155  2005  2060 I am_pss  : [6933,10154,com.google.android.apps.docs,37772288,21942272,9322496,148066304,0,19,8]
07-18 06:54:06.177  2005  6624 I am_uid_running: 10206
07-18 06:54:06.199  2005  2062 I am_proc_start: [0,8477,10206,com.symbol.fusionsettings,broadcast,{com.symbol.fusionsettings/com.symbol.fusionsettings.StartFusionServiceReceiver}]
07-18 06:54:06.234  2005  6624 I am_proc_bound: [0,8477,com.symbol.fusionsettings]
07-18 06:54:06.238  2005  6624 I am_uid_active: 10206
07-18 06:54:06.256  2005  2178 I commit_sys_config_file: [settings-2-0,2]
07-18 06:54:06.325  2005  7120 I am_uid_running: 10086
07-18 06:54:06.353  2005  2062 I am_proc_start: [0,8499,10086,com.zebra.commontransportlayer,broadcast,{com.zebra.commontransportlayer/com.zebra.commontransportlayer.core.android.receivers.CtlConfigReceiver}]
07-18 06:54:06.402  2005  4954 I am_mem_factor: [0,1]
07-18 06:54:06.434  2005  2723 I am_proc_bound: [0,8499,com.zebra.commontransportlayer]
07-18 06:54:06.436  2005  2723 I am_uid_active: 10086
07-18 06:54:06.441  2005  2005 I notification_cancel_all: [1000,2005,com.google.android.gms,0,0,0,20,NULL]
07-18 06:54:06.441  2005  2005 I notification_cancel_all: [1000,2005,com.google.android.gms,0,0,0,20,NULL]
07-18 06:54:06.490  8518  8518 I auditd  : type=1400 audit(0.0:562): avc: denied { read } for comm="toybox" name="pid_max" dev="proc" ino=97852 scontext=u:r:system_server:s0 tcontext=u:object_r:proc_pid_max:s0 tclass=file permissive=0
07-18 06:54:06.494  8518  8518 I auditd  : type=1400 audit(0.0:563): avc: denied { getattr } for comm="toybox" scontext=u:r:system_server:s0 tcontext=u:r:init:s0 tclass=process permissive=0
07-18 06:54:06.494  8518  8518 I auditd  : type=1400 audit(0.0:564): avc: denied { getattr } for comm="toybox" scontext=u:r:system_server:s0 tcontext=u:r:kernel:s0 tclass=process permissive=0
07-18 06:54:06.494  8518  8518 I auditd  : type=1400 audit(0.0:565): avc: denied { getattr } for comm="toybox" scontext=u:r:system_server:s0 tcontext=u:r:kernel:s0 tclass=process permissive=0
07-18 06:54:06.498  8518  8518 I auditd  : type=1400 audit(0.0:566): avc: denied { getattr } for comm="toybox" scontext=u:r:system_server:s0 tcontext=u:r:kernel:s0 tclass=process permissive=0
07-18 06:54:06.880  3509  8451 I gms_unknown: 47122
07-18 06:54:06.910  3509  8450 I gms_unknown: [CheckinTask:duration,0]
07-18 06:54:06.990  2005  2181 I am_compact: [7943,com.google.android.gm,anon,145040,89960,54296,120,-14528,44,-14572,14572,206,4,74401,915,19,2386940,-12288]
07-18 06:54:07.149  2005  5056 I am_uid_running: 10068
07-18 06:54:07.161  2005  2062 I am_proc_start: [0,8542,10068,com.zebra.enrollmentmgr,broadcast,{com.zebra.enrollmentmgr/com.zebra.enrollmentmgr.CspReceiver}]
07-18 06:54:07.225  2005  5056 I am_uid_running: 10066
07-18 06:54:07.257  2005  2049 I am_proc_bound: [0,8542,com.zebra.enrollmentmgr]
07-18 06:54:07.258  2005  2049 I am_uid_active: 10068
07-18 06:54:07.266  2005  2062 I am_proc_start: [0,8558,10066,com.zebra.zebracontentprovider,content provider,{com.zebra.zebracontentprovider/com.zebra.dataprovider.provider.DataLakeProvider}]
07-18 06:54:07.275  2005  5056 I am_proc_bound: [0,8558,com.zebra.zebracontentprovider]
07-18 06:54:07.282  2005  2060 I am_pss  : [6993,10103,com.android.traceur,8847360,5001216,3117056,94904320,0,19,6]
07-18 06:54:07.284  2005  2005 I notification_cancel_all: [1000,2005,com.google.android.youtube,0,0,0,20,NULL]
07-18 06:54:07.286  2005  4940 I sysui_multi_action: [757,856,758,1,806,com.google.android.youtube,857,generic_notifications,858,2]
07-18 06:54:07.298  2005  2181 I am_compact: [6724,com.symbol.dataanalytics,anon,109932,62012,47080,2464,-700,512,-1220,744,88,0,0,905,19,2375676,-512]
07-18 06:54:07.394  2005  2054 I commit_sys_config_file: [notification-policy,41168]
07-18 06:54:07.494  8541  8541 I auditd  : type=1400 audit(0.0:2116): avc: denied { getattr } for comm="toybox" scontext=u:r:system_server:s0 tcontext=u:r:kernel:s0 tclass=process permissive=0
07-18 06:54:07.494  8541  8541 I auditd  : type=1400 audit(0.0:2117): avc: denied { getattr } for comm="toybox" scontext=u:r:system_server:s0 tcontext=u:r:network_stack:s0 tclass=process permissive=0
07-18 06:54:07.494  8541  8541 I auditd  : type=1400 audit(0.0:2118): avc: denied { getattr } for comm="toybox" scontext=u:r:system_server:s0 tcontext=u:r:kernel:s0 tclass=process permissive=0
07-18 06:54:07.494  8541  8541 I auditd  : type=1400 audit(0.0:2119): avc: denied { getattr } for comm="toybox" scontext=u:r:system_server:s0 tcontext=u:r:kernel:s0 tclass=process permissive=0
07-18 06:54:07.494  8541  8541 I auditd  : type=1400 audit(0.0:2120): avc: denied { getattr } for comm="toybox" scontext=u:r:system_server:s0 tcontext=u:r:kernel:s0 tclass=process permissive=0
07-18 06:54:07.809  2005  2178 I commit_sys_config_file: [settings-1-0,26]
07-18 06:54:08.044  2005  2061 I am_wtf  : [0,2005,system_server,-1,ActivityManager,Sending non-protected broadcast com.zebra.greenmode.STATUS_BAR_ENABLED from system 4799:com.zebra.greenmode/u0a80 pkg com.zebra.greenmode]
07-18 06:54:08.051  2005  2061 I am_wtf  : [0,2005,system_server,-1,ActivityManager,Sending non-protected broadcast com.zebra.greenmode.STATUS_BAR_ENABLED from system 4799:com.zebra.greenmode/u0a80 pkg com.zebra.greenmode]
07-18 06:54:08.092  2005  2178 I commit_sys_config_file: [settings-2-0,7]
07-18 06:54:08.145  2005  4811 I am_uid_running: 10061
07-18 06:54:08.172  2005  2062 I am_proc_start: [0,8655,10061,com.zebra.licenseuiapp,broadcast,{com.zebra.licenseuiapp/com.zebra.licenseuiapp.reminder.BootCompletedReceiver}]
07-18 06:54:08.255  2005  4954 I am_proc_bound: [0,8655,com.zebra.licenseuiapp]
07-18 06:54:08.256  2005  4954 I am_uid_active: 10061
07-18 06:54:08.548  2005  2062 I am_proc_start: [0,8680,1000,com.zebra.nfcbatteryswap,broadcast,{com.zebra.nfcbatteryswap/com.zebra.nfcbatteryswap.NFCBatterySwapReceiver}]
07-18 06:54:08.605  8680  8680 I service_manager_slow: [20,activity]
07-18 06:54:08.610  2005  7120 I am_proc_bound: [0,8680,com.zebra.nfcbatteryswap]
07-18 06:54:08.774  2005  2181 I am_compact: [8255,com.google.android.youtube,anon,186660,122172,63732,108,-21192,756,-21948,22628,566,0,0,905,19,2386940,-14592]
07-18 06:54:08.834  2005  2062 I am_proc_start: [0,8710,1000,com.zebra.oeminfo,broadcast,{com.zebra.oeminfo/com.zebra.oeminfo.SystemEvents}]
07-18 06:54:08.836  2005  2054 I commit_sys_config_file: [notification-policy,42610]
07-18 06:54:08.852  2005  2178 I commit_sys_config_file: [settings-2-0,8]
07-18 06:54:08.867  2005  2181 I am_compact: [8558,com.zebra.zebracontentprovider,anon,91072,43876,46500,96,-4124,44,-4168,4168,91,0,0,905,10,2372348,-3328]
07-18 06:54:08.898  2005  3461 I am_proc_bound: [0,8710,com.zebra.oeminfo]
07-18 06:54:08.934  2005  2005 I notification_cancel_all: [1000,2005,com.google.android.gms,0,0,0,20,NULL]
07-18 06:54:08.944  2005  2005 I notification_cancel_all: [1000,2005,com.google.android.gms,0,0,0,20,NULL]
07-18 06:54:08.977  2005  2060 I am_pss  : [7074,10069,com.symbol.zebrafolders,5824512,2387968,2826240,89403392,0,19,6]
07-18 06:54:08.984  2005  2060 I am_pss  : [7127,1000,com.symbol.rxloggerutility,5295104,1830912,2859008,88731648,0,19,7]
07-18 06:54:09.133  2005  3492 I am_crash: [4514,0,com.android.phone,545799757,java.lang.SecurityException,Permission denial: writing to settings requires:android.permission.WRITE_SECURE_SETTINGS,Parcel.java,3011]
07-18 06:54:09.146  2005  3492 I sysui_multi_action: [757,316,758,4,759,-1]
07-18 06:54:09.151  2005  2062 I am_proc_start: [0,8747,1000,com.zebra.popupcontrol,broadcast,{com.zebra.popupcontrol/com.zebra.popupcontrol.PopupBroadcastReceiver}]
07-18 06:54:09.177  2005  2181 I am_compact: [8499,com.zebra.commontransportlayer,anon,131108,62996,67080,112,-26220,44,-26264,26264,302,0,0,905,19,2369020,-19968]
07-18 06:54:09.181  2005  2054 I commit_sys_config_file: [notification-policy,42955]
07-18 06:54:09.196  2005  4968 I am_proc_died: [0,4514,com.android.phone,-800,0]
07-18 06:54:09.210  2005  2062 I am_proc_start: [0,8766,1001,com.android.phone,restart,com.android.phone]
07-18 06:54:09.232  2005  6624 I am_proc_bound: [0,8747,com.zebra.popupcontrol]
07-18 06:54:09.237  2005  4968 I am_proc_bound: [0,8766,com.android.phone]
07-18 06:54:09.367  2005  2062 I am_proc_start: [0,8791,1000,com.zebra.valueadd.batterymgr,broadcast,{com.zebra.valueadd.batterymgr/com.zebra.valueadd.batterymgr.BootCompleteReceiver}]
07-18 06:54:09.370  2005  2060 I am_pss  : [7157,10083,com.symbol.fota,11912192,6881280,4173824,101466112,0,19,6]
07-18 06:54:09.380  2005  2060 I am_pss  : [7195,10168,com.google.android.calendar,29320192,21360640,5865472,126062592,0,19,8]
07-18 06:54:09.409  2005  4968 I am_proc_bound: [0,8791,com.zebra.valueadd.batterymgr]
07-18 06:54:09.417  2005  2181 I am_compact: [8747,com.zebra.popupcontrol,anon,88728,42020,46012,92,-3296,44,-3340,3340,70,0,0,905,19,2357824,1212]
07-18 06:54:09.486  2005  2062 I am_proc_start: [0,8816,1000,com.zebra.zchargeled,broadcast,{com.zebra.zchargeled/com.zebra.zchargeled.ZChargeLedBootCompleteReceiver}]
07-18 06:54:09.517  2005  6624 I am_proc_bound: [0,8816,com.zebra.zchargeled]
07-18 06:54:09.886  3346  5753 I service_manager_stats: [200,373,9860]
07-18 06:54:10.104  2005  2178 I commit_sys_config_file: [settings-0-0,4]
07-18 06:54:10.264  2005  2060 I am_pss  : [7303,1000,com.android.dynsystem,4209664,815104,2740224,87711744,0,19,6]
07-18 06:54:10.270  2005  2060 I am_pss  : [7300,10207,com.symbol.fusionservice,5770240,1093632,3780608,94609408,0,4,6]
07-18 06:54:10.276  2005  2060 I am_pss  : [7278,10205,com.symbol.fusionlogger,6341632,1904640,3653632,93507584,0,4,5]
07-18 06:54:10.378  2005  2060 I am_pss  : [7375,10134,com.google.android.apps.turbo,6714368,3133440,1941504,98881536,0,19,7]
07-18 06:54:10.459  2005  2060 I am_pss  : [7345,10144,com.android.imsserviceentitlement,7535616,3993600,2895872,92295168,0,19,6]
07-18 06:54:10.465  2005  2060 I am_pss  : [4176,10058,com.zebra.licensemgrservice,9135104,5853184,2379776,101916672,0,6,5]
07-18 06:54:10.490  2005  2060 I am_pss  : [7343,1000,com.android.dynsystem:dynsystem,4490240,937984,2826240,89776128,0,19,5]
07-18 06:54:10.766  2005  2181 I am_compact: [5668,com.google.android.gms.unstable,anon,169684,121888,46784,6824,-6840,0,-6840,6840,125,2,66181,905,19,2380540,-6912]
07-18 06:54:10.840  2005  2060 I am_pss  : [7408,10183,com.android.remoteprovisioner,7958528,2658304,4284416,97984512,0,19,8]
07-18 06:54:10.956  2005  2060 I am_pss  : [7434,2000,com.android.shell,4720640,3661824,458752,90877952,0,19,6]
07-18 06:54:11.241  2005  2060 I am_pss  : [7461,10178,com.google.android.apps.maps,56154112,42176512,0,182403072,0,19,10]
07-18 06:54:11.299  3509  6068 I gms_unknown: 47122
07-18 06:54:11.333  3509  7604 I aggregation: 1689677651333
07-18 06:54:11.635  3509  7604 I gms_unknown: [5,0,0]
07-18 06:54:11.637  3509  7604 I gms_unknown: [CheckinTask:SentRequest,81319]
07-18 06:54:11.666  3509  7604 I gms_unknown: [CheckinTask:ReceivedFailedResponse,81348]
07-18 06:54:11.666  3509  7604 I gms_unknown: 7
07-18 06:54:11.674  3509  7604 I gms_unknown: 8
07-18 06:54:11.674  3509  7604 I gms_unknown: [CheckinTask:duration,349]
07-18 06:54:11.776  2005  2054 I commit_sys_config_file: [notification-policy,45549]
07-18 06:54:12.087  2005  2005 I notification_cancel_all: [1000,2005,com.google.android.gms,0,0,0,20,NULL]
07-18 06:54:12.093  2005  2005 I notification_cancel_all: [1000,2005,com.google.android.gms,0,0,0,20,NULL]
07-18 06:54:12.190  2005  2054 I commit_sys_config_file: [notification-policy,45964]
07-18 06:54:12.256  2005  2005 I notification_cancel_all: [1000,2005,com.google.android.gms,0,0,0,20,NULL]
