07-18 07:19:58.218  1547  9906 D fusionconfd: SkinnyCat: print_reg_handler: get country from NL cmd: 00
07-18 07:19:58.218  1547  9906 D fusionconfd: SkinnyCat: print_reg_handler: get country from NL cmd: US
07-18 07:19:58.218  1547  9906 E fusionconfd: SkinnyCat is_country_available: device_ccode=US
07-18 07:19:58.218  1547  9906 D fusionconfd: SkinnyCat: inside listen events
07-18 07:19:58.249  2005  2608 D WificondScannerImpl: Filtering out 16 scan results.
07-18 07:19:58.324  7278  7278 I FusionManager: getCountry ENTER
07-18 07:19:58.325  1332  1332 D vendor.zebra.fusion@1.0-service: is80211dEnabled: returns 1
07-18 07:19:58.326  7300  7317 E z       : is80211dEnabled true
07-18 07:19:58.328  1547  1547 D fusionconfd: SkinnyCat: is_country_available getting country
07-18 07:19:58.328  1547  1547 D fusionconfd: SkinnyCat: print_reg_handler: get country from NL cmd: 00
07-18 07:19:58.328  1547  1547 D fusionconfd: SkinnyCat: print_reg_handler: get country from NL cmd: US
07-18 07:19:58.328  1547  1547 E fusionconfd: SkinnyCat is_country_available: device_ccode=US
07-18 07:19:58.730  1339  1339 I vendor.zebra.hardware.health@1.0-service: getZebraHealthInfo
07-18 07:19:58.734  1333  1333 E BattSwapHIDL: Unable open read file /sys/battery_swap/capacity, errno=2
07-18 07:19:58.739  2005  2005 D BatterySaverStateMachine: on BATTERY_CHANGED: current BatteryLevel: 54
07-18 07:19:58.739  2005  2005 D BatterySaverStateMachine: received  intent action android.intent.action.BATTERY_CHANGED
07-18 07:19:58.742  3055  3055 D BatterySwapService: Received Intent.ACTION_BATTERY_CHANGED
07-18 07:19:58.748  4690  4690 D OSUService: dev-dbg:is_charging current_now -123903, batteryLevel: 54, adapter_charge_limit: 500000, isCharging(isCharging): false
07-18 07:19:58.749  4690  4690 D OSUService: dev-dbg: calling for resume
07-18 07:19:58.750  4690  4690 I OSUService: handle_ab_resume -1 3
07-18 07:19:58.750  4690  4690 E OSUService: Can't resume - there are no update in suspended state
07-18 07:19:58.753  8456  8456 D b.b.b.c.a.d.b: Received battery event
07-18 07:19:58.753  8456  8456 D b.b.b.c.a.d.b: BatteryFactory event action = android.intent.action.BATTERY_CHANGED
07-18 07:19:58.753  8365  8365 D HighTemperatureReceiver: Receive action: android.intent.action.BATTERY_CHANGED
07-18 07:19:58.857  1288  1354 I SDM     : DisplayBase::CommitThread: Received idle timeout
07-18 07:20:00.020  2005  3047 D CompatibilityInfo: mCompatibilityFlags - 4
07-18 07:20:00.021  2005  3047 D CompatibilityInfo: applicationDensity - 240
07-18 07:20:00.021  2005  3047 D CompatibilityInfo: applicationScale - 1.0
07-18 07:20:00.109  1288  1354 I SDM     : DisplayBase::CommitThread: Received idle timeout
07-18 07:20:02.203  3346 10963 W ehwz    : [{0}] Failed to resolve name. status={1}
07-18 07:20:03.868  1339  1339 I vendor.zebra.hardware.health@1.0-service: getZebraHealthInfo
07-18 07:20:03.873  1333  1333 E BattSwapHIDL: Unable open read file /sys/battery_swap/capacity, errno=2
07-18 07:20:03.878  2005  2005 D BatterySaverStateMachine: on BATTERY_CHANGED: current BatteryLevel: 54
07-18 07:20:03.878  2005  2005 D BatterySaverStateMachine: received  intent action android.intent.action.BATTERY_CHANGED
07-18 07:20:03.881  3055  3055 D BatterySwapService: Received Intent.ACTION_BATTERY_CHANGED
07-18 07:20:03.885  8365  8365 D HighTemperatureReceiver: Receive action: android.intent.action.BATTERY_CHANGED
07-18 07:20:03.890  8456  8456 D b.b.b.c.a.d.b: Received battery event
07-18 07:20:03.890  8456  8456 D b.b.b.c.a.d.b: BatteryFactory event action = android.intent.action.BATTERY_CHANGED
07-18 07:20:03.892  4690  4690 D OSUService: dev-dbg:is_charging current_now -107728, batteryLevel: 54, adapter_charge_limit: 500000, isCharging(isCharging): false
07-18 07:20:03.893  4690  4690 D OSUService: dev-dbg: calling for resume
07-18 07:20:03.894  4690  4690 I OSUService: handle_ab_resume -1 3
07-18 07:20:03.894  4690  4690 E OSUService: Can't resume - there are no update in suspended state
07-18 07:20:04.003  1288  1354 I SDM     : DisplayBase::CommitThread: Received idle timeout
07-18 07:20:05.945  2005  2603 E WifiScoringParams: Invalid frequency(-1), using 5G as default rssi array
07-18 07:20:05.981  2005  2608 I android_os_HwBinder: HwBinder: Starting thread pool for getting: vendor.zebra.fusion@1.0::IFusionWifi/default
07-18 07:20:05.983  2005  2608 D WifiNl80211Manager: setupFusionHAL on OnBind true
07-18 07:20:05.985  1332  1332 I vendor.zebra.fusion@1.0-service:  getParam: VOICE_CALL_IN_PROGRESS:  0
07-18 07:20:05.985  1332  1332 I vendor.zebra.fusion@1.0-service:  getParam: allow_zebra_app_scans 0
07-18 07:20:05.988  1547  9906 D fusionconfd: SkinnyCat: inside listen events
07-18 07:20:05.988  1528  1581 D SMARTMU : #(1581) [ os_wlan_driver_event.cpp : 40] ------------------>  NL80211_CMD_TRIGGER_SCAN : 33 
07-18 07:20:07.774  1528  1581 D SMARTMU : #(1581) [ os_wlan_driver_event.cpp : 40] ------------------>  NL80211_CMD_NEW_SCAN_RESULTS : 34 
07-18 07:20:07.775  1547  9906 D fusionconfd: SkinnyCat: is_country_available getting country
07-18 07:20:07.776  2005  2049 D WifiNl80211Manager: Scan result ready event
07-18 07:20:07.776  2005  2049 D WifiNative: Scan result ready event
07-18 07:20:07.776  1547  9906 D fusionconfd: SkinnyCat: print_reg_handler: get country from NL cmd: 00
07-18 07:20:07.776  1547  9906 D fusionconfd: SkinnyCat: print_reg_handler: get country from NL cmd: US
07-18 07:20:07.777  1547  9906 E fusionconfd: SkinnyCat is_country_available: device_ccode=US
07-18 07:20:07.777  1547  9906 D fusionconfd: SkinnyCat: inside listen events
07-18 07:20:07.810  2005  2608 D WificondScannerImpl: Filtering out 13 scan results.
07-18 07:20:07.891  7278  7278 I FusionManager: getCountry ENTER
07-18 07:20:07.892  1332  1332 D vendor.zebra.fusion@1.0-service: is80211dEnabled: returns 1
07-18 07:20:07.892  7300  7317 E z       : is80211dEnabled true
07-18 07:20:07.893  1547  1547 D fusionconfd: SkinnyCat: is_country_available getting country
07-18 07:20:07.893  1547  1547 D fusionconfd: SkinnyCat: print_reg_handler: get country from NL cmd: 00
07-18 07:20:07.894  1547  1547 D fusionconfd: SkinnyCat: print_reg_handler: get country from NL cmd: US
07-18 07:20:07.894  1547  1547 E fusionconfd: SkinnyCat is_country_available: device_ccode=US
07-18 07:20:08.965  1339  1339 I vendor.zebra.hardware.health@1.0-service: getZebraHealthInfo
07-18 07:20:08.968  1333  1333 E BattSwapHIDL: Unable open read file /sys/battery_swap/capacity, errno=2
07-18 07:20:08.973  2005  2005 D BatterySaverStateMachine: on BATTERY_CHANGED: current BatteryLevel: 54
07-18 07:20:08.973  2005  2005 D BatterySaverStateMachine: received  intent action android.intent.action.BATTERY_CHANGED
07-18 07:20:08.975  3055  3055 D BatterySwapService: Received Intent.ACTION_BATTERY_CHANGED
07-18 07:20:08.982  8365  8365 D HighTemperatureReceiver: Receive action: android.intent.action.BATTERY_CHANGED
07-18 07:20:08.982  8456  8456 D b.b.b.c.a.d.b: Received battery event
07-18 07:20:08.982  8456  8456 D b.b.b.c.a.d.b: BatteryFactory event action = android.intent.action.BATTERY_CHANGED
07-18 07:20:08.987  4690  4690 D OSUService: dev-dbg:is_charging current_now -109254, batteryLevel: 54, adapter_charge_limit: 500000, isCharging(isCharging): false
07-18 07:20:08.987  4690  4690 D OSUService: dev-dbg: calling for resume
07-18 07:20:08.988  4690  4690 I OSUService: handle_ab_resume -1 3
07-18 07:20:08.988  4690  4690 E OSUService: Can't resume - there are no update in suspended state
07-18 07:20:09.081  1288  1354 I SDM     : DisplayBase::CommitThread: Received idle timeout
07-18 07:20:12.327  1179  1218 E sec_channel  : Modemcomm: qmi_client_send_msg_sync for ssgsca svc failed -18
07-18 07:20:12.330  1179  1237 E minksocket: MinkIPC_QRTR_Service: client with node 1 port 41eb went down
07-18 07:20:12.332  1179  1237 E minksocket: MinkIPC_QRTR_Service: client with node 1 port 41ec went down
07-18 07:20:12.336  1179  1237 E minksocket: MinkIPC_QRTR_Service: client with node 1 port 41ed went down
07-18 07:20:14.079  1339  1339 I vendor.zebra.hardware.health@1.0-service: getZebraHealthInfo
07-18 07:20:14.084  1333  1333 E BattSwapHIDL: Unable open read file /sys/battery_swap/capacity, errno=2
07-18 07:20:14.089  2005  2005 D BatterySaverStateMachine: on BATTERY_CHANGED: current BatteryLevel: 54
07-18 07:20:14.090  2005  2005 D BatterySaverStateMachine: received  intent action android.intent.action.BATTERY_CHANGED
07-18 07:20:14.091  3055  3055 D BatterySwapService: Received Intent.ACTION_BATTERY_CHANGED
07-18 07:20:14.098  4690  4690 D OSUService: dev-dbg:is_charging current_now -101624, batteryLevel: 54, adapter_charge_limit: 500000, isCharging(isCharging): false
07-18 07:20:14.098  8365  8365 D HighTemperatureReceiver: Receive action: android.intent.action.BATTERY_CHANGED
07-18 07:20:14.099  4690  4690 D OSUService: dev-dbg: calling for resume
07-18 07:20:14.099  4690  4690 I OSUService: handle_ab_resume -1 3
07-18 07:20:14.099  8456  8456 D b.b.b.c.a.d.b: Received battery event
07-18 07:20:14.099  8456  8456 D b.b.b.c.a.d.b: BatteryFactory event action = android.intent.action.BATTERY_CHANGED
07-18 07:20:14.100  4690  4690 E OSUService: Can't resume - there are no update in suspended state
07-18 07:20:14.195  1288  1354 I SDM     : DisplayBase::CommitThread: Received idle timeout
07-18 07:20:14.586  3346  9736 E WakeLock: GCM_HB_ALARM release without a matched acquire!
07-18 07:20:14.586  3346  9736 W WakeLock: GCM_HB_ALARM counter does not exist
07-18 07:20:14.610  3346  9736 I AlarmManager: setExactAndAllowWhileIdle [name: GCM_CONN_ALARM type: 2 triggerAtMillis: 3245315]
07-18 07:20:15.953  2005  2603 E WifiScoringParams: Invalid frequency(-1), using 5G as default rssi array
07-18 07:20:15.988  2005  2608 I android_os_HwBinder: HwBinder: Starting thread pool for getting: vendor.zebra.fusion@1.0::IFusionWifi/default
07-18 07:20:15.990  2005  2608 D WifiNl80211Manager: setupFusionHAL on OnBind true
07-18 07:20:15.991  1332  1332 I vendor.zebra.fusion@1.0-service:  getParam: VOICE_CALL_IN_PROGRESS:  0
07-18 07:20:15.992  1332  1332 I vendor.zebra.fusion@1.0-service:  getParam: allow_zebra_app_scans 0
07-18 07:20:15.995  1547  9906 D fusionconfd: SkinnyCat: inside listen events
07-18 07:20:15.995  1528  1581 D SMARTMU : #(1581) [ os_wlan_driver_event.cpp : 40] ------------------>  NL80211_CMD_TRIGGER_SCAN : 33 
07-18 07:20:17.338  1179  1218 E sec_channel  : Modemcomm: Init Instance on handle:0 failed with -3 
07-18 07:20:17.338  1179  1218 E sec_channel  : Modemcomm: Failed to get handle of SSGQMSCA service
07-18 07:20:17.341  1179  1237 E minksocket: MinkIPC_QRTR_Service: client with node 1 port 41ee went down
07-18 07:20:17.343  1179  1237 E minksocket: MinkIPC_QRTR_Service: client with node 1 port 41ef went down
07-18 07:20:17.347  1179  1237 E minksocket: MinkIPC_QRTR_Service: client with node 1 port 41f0 went down
07-18 07:20:18.239  1528  1581 D SMARTMU : #(1581) [ os_wlan_driver_event.cpp : 40] ------------------>  NL80211_CMD_NEW_SCAN_RESULTS : 34 
07-18 07:20:18.239  1547  9906 D fusionconfd: SkinnyCat: is_country_available getting country
07-18 07:20:18.240  1547  9906 D fusionconfd: SkinnyCat: print_reg_handler: get country from NL cmd: 00
07-18 07:20:18.240  1547  9906 D fusionconfd: SkinnyCat: print_reg_handler: get country from NL cmd: US
07-18 07:20:18.241  1547  9906 E fusionconfd: SkinnyCat is_country_available: device_ccode=US
07-18 07:20:18.241  1547  9906 D fusionconfd: SkinnyCat: inside listen events
07-18 07:20:18.241  2005  3047 D WifiNl80211Manager: Scan result ready event
07-18 07:20:18.241  2005  3047 D WifiNative: Scan result ready event
07-18 07:20:18.273  2005  2608 D WificondScannerImpl: Filtering out 10 scan results.
07-18 07:20:18.330  7278  7278 I FusionManager: getCountry ENTER
07-18 07:20:18.331  1332  1332 D vendor.zebra.fusion@1.0-service: is80211dEnabled: returns 1
07-18 07:20:18.331  7300  7317 E z       : is80211dEnabled true
07-18 07:20:18.333  1547  1547 D fusionconfd: SkinnyCat: is_country_available getting country
07-18 07:20:18.333  1547  1547 D fusionconfd: SkinnyCat: print_reg_handler: get country from NL cmd: 00
07-18 07:20:18.333  1547  1547 D fusionconfd: SkinnyCat: print_reg_handler: get country from NL cmd: US
07-18 07:20:18.333  1547  1547 E fusionconfd: SkinnyCat is_country_available: device_ccode=US
07-18 07:20:19.201  1339  1339 I vendor.zebra.hardware.health@1.0-service: getZebraHealthInfo
07-18 07:20:19.205  1333  1333 E BattSwapHIDL: Unable open read file /sys/battery_swap/capacity, errno=2
07-18 07:20:19.211  2005  2005 D BatterySaverStateMachine: on BATTERY_CHANGED: current BatteryLevel: 54
07-18 07:20:19.211  2005  2005 D BatterySaverStateMachine: received  intent action android.intent.action.BATTERY_CHANGED
07-18 07:20:19.217  3055  3055 D BatterySwapService: Received Intent.ACTION_BATTERY_CHANGED
07-18 07:20:19.220  4690  4690 D OSUService: dev-dbg:is_charging current_now -111085, batteryLevel: 54, adapter_charge_limit: 500000, isCharging(isCharging): false
07-18 07:20:19.220  4690  4690 D OSUService: dev-dbg: calling for resume
07-18 07:20:19.221  4690  4690 I OSUService: handle_ab_resume -1 3
07-18 07:20:19.221  4690  4690 E OSUService: Can't resume - there are no update in suspended state
07-18 07:20:19.225  8365  8365 D HighTemperatureReceiver: Receive action: android.intent.action.BATTERY_CHANGED
07-18 07:20:19.229  8456  8456 D b.b.b.c.a.d.b: Received battery event
07-18 07:20:19.229  8456  8456 D b.b.b.c.a.d.b: BatteryFactory event action = android.intent.action.BATTERY_CHANGED
07-18 07:20:19.324  1288  1354 I SDM     : DisplayBase::CommitThread: Received idle timeout
07-18 07:20:22.347  1179  1218 E sec_channel  : Modemcomm: Init Instance on handle:0 failed with -3 
07-18 07:20:22.347  1179  1218 E sec_channel  : Modemcomm: Failed to get handle of SSGSCA service as well - exiting
07-18 07:20:24.328  1339  1339 I vendor.zebra.hardware.health@1.0-service: getZebraHealthInfo
07-18 07:20:24.332  1333  1333 E BattSwapHIDL: Unable open read file /sys/battery_swap/capacity, errno=2
07-18 07:20:24.338  2005  2005 D BatterySaverStateMachine: on BATTERY_CHANGED: current BatteryLevel: 54
07-18 07:20:24.338  2005  2005 D BatterySaverStateMachine: received  intent action android.intent.action.BATTERY_CHANGED
07-18 07:20:24.342  3055  3055 D BatterySwapService: Received Intent.ACTION_BATTERY_CHANGED
07-18 07:20:24.349  4690  4690 D OSUService: dev-dbg:is_charging current_now -136415, batteryLevel: 54, adapter_charge_limit: 500000, isCharging(isCharging): false
07-18 07:20:24.349  4690  4690 D OSUService: dev-dbg: calling for resume
07-18 07:20:24.349  4690  4690 I OSUService: handle_ab_resume -1 3
07-18 07:20:24.349  4690  4690 E OSUService: Can't resume - there are no update in suspended state
07-18 07:20:24.349  8365  8365 D HighTemperatureReceiver: Receive action: android.intent.action.BATTERY_CHANGED
07-18 07:20:24.351  8456  8456 D b.b.b.c.a.d.b: Received battery event
07-18 07:20:24.351  8456  8456 D b.b.b.c.a.d.b: BatteryFactory event action = android.intent.action.BATTERY_CHANGED
07-18 07:20:24.451  1288  1354 I SDM     : DisplayBase::CommitThread: Received idle timeout
07-18 07:20:25.957  2005  2603 E WifiScoringParams: Invalid frequency(-1), using 5G as default rssi array
07-18 07:20:25.990  2005  2608 I android_os_HwBinder: HwBinder: Starting thread pool for getting: vendor.zebra.fusion@1.0::IFusionWifi/default
07-18 07:20:25.991  2005  2608 D WifiNl80211Manager: setupFusionHAL on OnBind true
07-18 07:20:25.993  1332  1332 I vendor.zebra.fusion@1.0-service:  getParam: VOICE_CALL_IN_PROGRESS:  0
07-18 07:20:25.993  1332  1332 I vendor.zebra.fusion@1.0-service:  getParam: allow_zebra_app_scans 0
07-18 07:20:25.996  1547  9906 D fusionconfd: SkinnyCat: inside listen events
07-18 07:20:25.996  1528  1581 D SMARTMU : #(1581) [ os_wlan_driver_event.cpp : 40] ------------------>  NL80211_CMD_TRIGGER_SCAN : 33 
07-18 07:20:26.777  1547  9905 D fusionconfd: SkinnyCat: Finished waiting 60 seconds timer
07-18 07:20:26.777  1547  9905 I fusionconfd: SkinnyCat: dispatch_events initiating scan
07-18 07:20:26.778  1547  9905 D fusionconfd: SkinnyCat: start_reg_scan started
07-18 07:20:26.778  1547  9905 D fusionconfd: SkinnyCat: WW_MODE_CCODE is already set: 00
07-18 07:20:26.778  1547  9905 D fusionconfd: SkinnyCat: set_reg_country setting country 00
07-18 07:20:26.778  1547  9905 E fusionconfd: Skinnycat: fill_worldwidemode_ccode : worldwidemode_code: 00
07-18 07:20:26.779  1547  9905 D fusionconfd: SkinnyCat: is_country_available getting country
07-18 07:20:26.779  1547  9905 D fusionconfd: SkinnyCat: print_reg_handler: get country from NL cmd: 00
07-18 07:20:26.779  1547  9905 D fusionconfd: SkinnyCat: print_reg_handler: get country from NL cmd: US
07-18 07:20:26.780  1547  9905 E fusionconfd: SkinnyCat is_country_available: device_ccode=US
07-18 07:20:26.781  1547  9905 I fusionconfd: SkinnyCat: set country : 00
07-18 07:20:26.782  1547  9905 D fusionconfd: SkinnyCat: DEVICE_DISCONNECTED initiating reg_scan with world wide mode cc(00)
07-18 07:20:26.783  1547  9905 E fusionconfd: SkinnyCat: Scan Trigger failed because of concurrent ongoing scan, err_code=-16
07-18 07:20:26.784  1547  9905 D fusionconfd: SkinnyCat: returning SKU 1
07-18 07:20:26.784  1547  9905 D fusionconfd: SkinnyCat: AP with better RSSI skipped due to SKU mismatch (RSSI: -9999.-99 dBm, Country: IN)
07-18 07:20:26.785  1547  9905 D fusionconfd: SkinnyCat: returning SKU 1
07-18 07:20:26.785  1547  9905 D fusionconfd: SkinnyCat: AP with better RSSI skipped due to SKU mismatch (RSSI: -9999.-99 dBm, Country: IN)
07-18 07:20:26.785  1547  9905 D fusionconfd: SkinnyCat: returning SKU 1
07-18 07:20:26.785  1547  9905 D fusionconfd: SkinnyCat: AP with better RSSI skipped due to SKU mismatch (RSSI: -9999.-99 dBm, Country: IN)
07-18 07:20:26.785  1547  9905 D fusionconfd: SkinnyCat: returning SKU 1
07-18 07:20:26.786  1547  9905 D fusionconfd: SkinnyCat max rssi:  -35.00 dBm country: US
07-18 07:20:26.787  1547  9905 D fusionconfd: SkinnyCat: trying to set country after reg_scan
07-18 07:20:26.787  1547  9905 D fusionconfd: SkinnyCat: found DEVICE_DISCONNECTED
07-18 07:20:26.788  1547  9905 I fusionconfd: SkinnyCat: setting country US
07-18 07:20:26.788  1528  1581 D SMARTMU : #(1581) [ os_wlan_driver_event.cpp : 40] ------------------>  NL80211_CMD_WIPHY_REG_CHANGE : 113 
07-18 07:20:26.788  9979  9979 I wpa_supplicant: wlan0: CTRL-EVENT-REGDOM-CHANGE init=DRIVER type=WORLD
07-18 07:20:26.789  1547  9905 D fusionconfd: SkinnyCat: set_reg_country setting country US
07-18 07:20:26.789  1547  9905 E fusionconfd: Skinnycat: fill_worldwidemode_ccode : worldwidemode_code: 00
07-18 07:20:26.789  2005  4926 D WifiNl80211Manager: OnRegDomainChanged 00
07-18 07:20:26.789  2005  4926 D WifiNative: onCountryCodeChanged: 00
07-18 07:20:26.790  1547  9905 D fusionconfd: SkinnyCat: is_country_available getting country
07-18 07:20:26.790  2005  4926 I WifiCountryCode: Receive onDriverCountryCodeChanged 00
07-18 07:20:26.790  1547  9905 D fusionconfd: SkinnyCat: print_reg_handler: get country from NL cmd: 00
07-18 07:20:26.790  1547  9905 D fusionconfd: SkinnyCat: print_reg_handler: get country from NL cmd: 00
07-18 07:20:26.790  2005  4926 D WifiScanRequestProxy: Sending scan available broadcast: true
07-18 07:20:26.790  1547  9905 E fusionconfd: SkinnyCat is_country_available: device_ccode=00
07-18 07:20:26.790  1547  9905 D fusionconfd: SkinnyCat: returning SKU 1
07-18 07:20:26.790  2005  2608 I WifiScanningService: Received a request to enable scanning, UID = 1000
07-18 07:20:26.790  1547  9905 I fusionconfd: SkinnyCat: set country : US
07-18 07:20:26.791  2005  2608 I WifiScanningService: scanner impls already exists
07-18 07:20:26.791  2005  2608 E WifiScanningService: wifi driver loaded received while already loaded
07-18 07:20:26.791  1547  9905 D fusionconfd: SkinnyCat: after scan dump for reg return value 0
07-18 07:20:26.791  1547  9905 D fusionconfd: SkinnyCat: start_reg_scan completed
07-18 07:20:26.791  1547  9905 I fusionconfd: SkinnyCat: dispatch_events completed scan
07-18 07:20:26.791  1547  9905 D fusionconfd: SkinnyCat: starting 60 seconds timer
07-18 07:20:26.793  2005  4926 I WifiScanRequestProxy: Scanning is enabled
07-18 07:20:26.793  2005  4926 I WifiScanRequestProxy: Scanning for hidden networks is enabled
07-18 07:20:26.793  2005  2603 I WifiService: Receive onDriverCountryCodeChanged to 00, update available channel list
07-18 07:20:26.796  7300  7300 I FusionSarManager: state: Intent { act=android.net.wifi.action.WIFI_SCAN_AVAILABILITY_CHANGED flg=0x4000010 (has extras) }
07-18 07:20:26.796  7300  7300 I FusionSarManager: scan only state: true
07-18 07:20:26.797  9979  9979 I wpa_supplicant: wlan0: CTRL-EVENT-REGDOM-CHANGE init=DRIVER type=COUNTRY alpha2=US
07-18 07:20:26.800  2005  2603 E ApConfigUtil: Malformed channel value detected: java.lang.NumberFormatException: For input string: ""
07-18 07:20:26.800  2005  2603 I ApConfigUtil: WLAN device we do not support 5Ghz
07-18 07:20:26.800  1528  1581 D SMARTMU : #(1581) [ os_wlan_driver_event.cpp : 40] ------------------>  NL80211_CMD_WIPHY_REG_CHANGE : 113 
07-18 07:20:26.803  2005  2603 E ApConfigUtil: Malformed channel value detected: java.lang.NumberFormatException: For input string: ""
07-18 07:20:26.804  2005  2603 I ApConfigUtil: WLAN device we do not support 5Ghz
07-18 07:20:26.807  2005  4926 D WifiNl80211Manager: OnRegDomainChanged US
07-18 07:20:26.807  2005  4926 D WifiNative: onCountryCodeChanged: US
07-18 07:20:26.807  2005  4926 I WifiCountryCode: Receive onDriverCountryCodeChanged US
07-18 07:20:26.807  2005  4926 D WifiScanRequestProxy: Sending scan available broadcast: true
07-18 07:20:26.808  2005  2608 I WifiScanningService: Received a request to enable scanning, UID = 1000
07-18 07:20:26.808  2005  2608 I WifiScanningService: scanner impls already exists
07-18 07:20:26.808  2005  2608 E WifiScanningService: wifi driver loaded received while already loaded
07-18 07:20:26.808  2005  4926 I WifiScanRequestProxy: Scanning is enabled
07-18 07:20:26.808  2005  4926 I WifiScanRequestProxy: Scanning for hidden networks is enabled
07-18 07:20:26.809  2005  2603 I WifiService: Receive onDriverCountryCodeChanged to US, update available channel list
07-18 07:20:26.810  7300  7300 I FusionSarManager: state: Intent { act=android.net.wifi.action.WIFI_SCAN_AVAILABILITY_CHANGED flg=0x4000010 (has extras) }
07-18 07:20:26.810  7300  7300 I FusionSarManager: scan only state: true
07-18 07:20:26.812  2005  2603 E ApConfigUtil: Malformed channel value detected: java.lang.NumberFormatException: For input string: ""
07-18 07:20:26.812  2005  2603 I ApConfigUtil: WLAN device we do not support 5Ghz
07-18 07:20:26.815  2005  2603 E ApConfigUtil: Malformed channel value detected: java.lang.NumberFormatException: For input string: ""
07-18 07:20:26.815  2005  2603 I ApConfigUtil: WLAN device we do not support 5Ghz
07-18 07:20:27.794  1547  9906 I fusionconfd: SkinnyCat: Process new scan result event because reg_scan_trigger_failed
07-18 07:20:27.794  1528  1581 D SMARTMU : #(1581) [ os_wlan_driver_event.cpp : 40] ------------------>  NL80211_CMD_NEW_SCAN_RESULTS : 34 
07-18 07:20:27.794  1547  9906 I fusionconfd: SkinnyCat: Dump scan results
07-18 07:20:27.795  1547  9906 D fusionconfd: SkinnyCat: returning SKU 1
07-18 07:20:27.795  1547  9906 D fusionconfd: SkinnyCat: AP with better RSSI skipped due to SKU mismatch (RSSI: -9999.-99 dBm, Country: IN)
07-18 07:20:27.795  1547  9906 D fusionconfd: SkinnyCat: returning SKU 1
07-18 07:20:27.795  1547  9906 D fusionconfd: SkinnyCat: AP with better RSSI skipped due to SKU mismatch (RSSI: -9999.-99 dBm, Country: IN)
07-18 07:20:27.796  1547  9906 D fusionconfd: SkinnyCat: returning SKU 1
07-18 07:20:27.796  2005  4926 D WifiNl80211Manager: Scan result ready event
07-18 07:20:27.796  2005  4926 D WifiNative: Scan result ready event
07-18 07:20:27.796  1547  9906 D fusionconfd: SkinnyCat: AP with better RSSI skipped due to SKU mismatch (RSSI: -9999.-99 dBm, Country: IN)
07-18 07:20:27.796  1547  9906 D fusionconfd: SkinnyCat: returning SKU 1
07-18 07:20:27.797  1547  9906 D fusionconfd: SkinnyCat max rssi:  -35.00 dBm country: US
07-18 07:20:27.798  1547  9906 D fusionconfd: SkinnyCat: trying to set country after reg_scan
07-18 07:20:27.798  1547  9906 D fusionconfd: SkinnyCat: found DEVICE_DISCONNECTED
07-18 07:20:27.799  1547  9906 I fusionconfd: SkinnyCat: setting country US
07-18 07:20:27.799  1547  9906 D fusionconfd: SkinnyCat: set_reg_country setting country US
07-18 07:20:27.799  1547  9906 E fusionconfd: Skinnycat: fill_worldwidemode_ccode : worldwidemode_code: 00
07-18 07:20:27.800  1547  9906 D fusionconfd: SkinnyCat: is_country_available getting country
07-18 07:20:27.801  1547  9906 D fusionconfd: SkinnyCat: print_reg_handler: get country from NL cmd: 00
07-18 07:20:27.801  1547  9906 D fusionconfd: SkinnyCat: print_reg_handler: get country from NL cmd: US
07-18 07:20:27.802  1547  9906 E fusionconfd: SkinnyCat is_country_available: device_ccode=US
07-18 07:20:27.802  1547  9906 D fusionconfd: SkinnyCat: Trying to set an already configured country(US), skipping country-set operation.
07-18 07:20:27.803  1547  9906 D fusionconfd: SkinnyCat: Scan dump is over, status code= 0
07-18 07:20:27.803  1547  9906 D fusionconfd: SkinnyCat: inside listen events
07-18 07:20:27.830  2005  2608 D WificondScannerImpl: Filtering out 17 scan results.
07-18 07:20:27.904  7278  7278 I FusionManager: getCountry ENTER
07-18 07:20:27.905  1332  1332 D vendor.zebra.fusion@1.0-service: is80211dEnabled: returns 1
07-18 07:20:27.906  7300  7317 E z       : is80211dEnabled true
07-18 07:20:27.908  1547  1547 D fusionconfd: SkinnyCat: is_country_available getting country
07-18 07:20:27.908  1547  1547 D fusionconfd: SkinnyCat: print_reg_handler: get country from NL cmd: 00
07-18 07:20:27.908  1547  1547 D fusionconfd: SkinnyCat: print_reg_handler: get country from NL cmd: US
07-18 07:20:27.909  1547  1547 E fusionconfd: SkinnyCat is_country_available: device_ccode=US
07-18 07:20:28.512  3346 10963 W ehwz    : [{0}] Failed to resolve name. status={1}
07-18 07:20:29.446  1339  1339 I vendor.zebra.hardware.health@1.0-service: getZebraHealthInfo
07-18 07:20:29.450  1333  1333 E BattSwapHIDL: Unable open read file /sys/battery_swap/capacity, errno=2
07-18 07:20:29.455  2005  2005 D BatterySaverStateMachine: on BATTERY_CHANGED: current BatteryLevel: 54
07-18 07:20:29.456  2005  2005 D BatterySaverStateMachine: received  intent action android.intent.action.BATTERY_CHANGED
07-18 07:20:29.458  3055  3055 D BatterySwapService: Received Intent.ACTION_BATTERY_CHANGED
07-18 07:20:29.463  8456  8456 D b.b.b.c.a.d.b: Received battery event
07-18 07:20:29.463  8456  8456 D b.b.b.c.a.d.b: BatteryFactory event action = android.intent.action.BATTERY_CHANGED
07-18 07:20:29.466  8365  8365 D HighTemperatureReceiver: Receive action: android.intent.action.BATTERY_CHANGED
07-18 07:20:29.466  4690  4690 D OSUService: dev-dbg:is_charging current_now -114747, batteryLevel: 54, adapter_charge_limit: 500000, isCharging(isCharging): false
07-18 07:20:29.467  4690  4690 D OSUService: dev-dbg: calling for resume
07-18 07:20:29.467  4690  4690 I OSUService: handle_ab_resume -1 3
07-18 07:20:29.467  4690  4690 E OSUService: Can't resume - there are no update in suspended state
07-18 07:20:29.565  1288  1354 I SDM     : DisplayBase::CommitThread: Received idle timeout
07-18 07:20:34.565  1339  1339 I vendor.zebra.hardware.health@1.0-service: getZebraHealthInfo
07-18 07:20:35.963  2005  2603 E WifiScoringParams: Invalid frequency(-1), using 5G as default rssi array
07-18 07:20:35.999  2005  2608 I android_os_HwBinder: HwBinder: Starting thread pool for getting: vendor.zebra.fusion@1.0::IFusionWifi/default
07-18 07:20:36.001  2005  2608 D WifiNl80211Manager: setupFusionHAL on OnBind true
07-18 07:20:36.003  1332  1332 I vendor.zebra.fusion@1.0-service:  getParam: VOICE_CALL_IN_PROGRESS:  0
07-18 07:20:36.003  1332  1332 I vendor.zebra.fusion@1.0-service:  getParam: allow_zebra_app_scans 0
07-18 07:20:36.006  1547  9906 D fusionconfd: SkinnyCat: inside listen events
07-18 07:20:36.006  1528  1581 D SMARTMU : #(1581) [ os_wlan_driver_event.cpp : 40] ------------------>  NL80211_CMD_TRIGGER_SCAN : 33 
07-18 07:20:38.244  1528  1581 D SMARTMU : #(1581) [ os_wlan_driver_event.cpp : 40] ------------------>  NL80211_CMD_NEW_SCAN_RESULTS : 34 
07-18 07:20:38.244  1547  9906 D fusionconfd: SkinnyCat: is_country_available getting country
07-18 07:20:38.246  2005  4926 D WifiNl80211Manager: Scan result ready event
07-18 07:20:38.246  1547  9906 D fusionconfd: SkinnyCat: print_reg_handler: get country from NL cmd: 00
07-18 07:20:38.246  1547  9906 D fusionconfd: SkinnyCat: print_reg_handler: get country from NL cmd: US
07-18 07:20:38.246  2005  4926 D WifiNative: Scan result ready event
07-18 07:20:38.246  1547  9906 E fusionconfd: SkinnyCat is_country_available: device_ccode=US
07-18 07:20:38.246  1547  9906 D fusionconfd: SkinnyCat: inside listen events
07-18 07:20:38.280  2005  2608 D WificondScannerImpl: Filtering out 17 scan results.
07-18 07:20:38.357  7278  7278 I FusionManager: getCountry ENTER
07-18 07:20:38.358  1332  1332 D vendor.zebra.fusion@1.0-service: is80211dEnabled: returns 1
07-18 07:20:38.358  7300  7317 E z       : is80211dEnabled true
07-18 07:20:38.360  1547  1547 D fusionconfd: SkinnyCat: is_country_available getting country
07-18 07:20:38.360  1547  1547 D fusionconfd: SkinnyCat: print_reg_handler: get country from NL cmd: 00
07-18 07:20:38.361  1547  1547 D fusionconfd: SkinnyCat: print_reg_handler: get country from NL cmd: US
07-18 07:20:38.361  1547  1547 E fusionconfd: SkinnyCat is_country_available: device_ccode=US
07-18 07:20:39.688  1339  1339 I vendor.zebra.hardware.health@1.0-service: getZebraHealthInfo
07-18 07:20:39.692  1333  1333 E BattSwapHIDL: Unable open read file /sys/battery_swap/capacity, errno=2
07-18 07:20:39.697  2005  2005 D BatterySaverStateMachine: on BATTERY_CHANGED: current BatteryLevel: 54
07-18 07:20:39.697  2005  2005 D BatterySaverStateMachine: received  intent action android.intent.action.BATTERY_CHANGED
07-18 07:20:39.701  3055  3055 D BatterySwapService: Received Intent.ACTION_BATTERY_CHANGED
07-18 07:20:39.707  4690  4690 D OSUService: dev-dbg:is_charging current_now -112916, batteryLevel: 54, adapter_charge_limit: 500000, isCharging(isCharging): false
07-18 07:20:39.707  4690  4690 D OSUService: dev-dbg: calling for resume
07-18 07:20:39.707  4690  4690 I OSUService: handle_ab_resume -1 3
07-18 07:20:39.707  4690  4690 E OSUService: Can't resume - there are no update in suspended state
07-18 07:20:39.708  8365  8365 D HighTemperatureReceiver: Receive action: android.intent.action.BATTERY_CHANGED
07-18 07:20:39.710  8456  8456 D b.b.b.c.a.d.b: Received battery event
07-18 07:20:39.711  8456  8456 D b.b.b.c.a.d.b: BatteryFactory event action = android.intent.action.BATTERY_CHANGED
07-18 07:20:39.804  1288  1354 I SDM     : DisplayBase::CommitThread: Received idle timeout
07-18 07:20:44.806  1339  1339 I vendor.zebra.hardware.health@1.0-service: getZebraHealthInfo
07-18 07:20:44.810  1333  1333 E BattSwapHIDL: Unable open read file /sys/battery_swap/capacity, errno=2
07-18 07:20:44.814  2005  2005 D BatterySaverStateMachine: on BATTERY_CHANGED: current BatteryLevel: 54
07-18 07:20:44.814  2005  2005 D BatterySaverStateMachine: received  intent action android.intent.action.BATTERY_CHANGED
07-18 07:20:44.817  3055  3055 D BatterySwapService: Received Intent.ACTION_BATTERY_CHANGED
07-18 07:20:44.821  8365  8365 D HighTemperatureReceiver: Receive action: android.intent.action.BATTERY_CHANGED
07-18 07:20:44.826  4690  4690 D OSUService: dev-dbg:is_charging current_now -124513, batteryLevel: 54, adapter_charge_limit: 500000, isCharging(isCharging): false
07-18 07:20:44.826  4690  4690 D OSUService: dev-dbg: calling for resume
07-18 07:20:44.826  4690  4690 I OSUService: handle_ab_resume -1 3
07-18 07:20:44.826  4690  4690 E OSUService: Can't resume - there are no update in suspended state
07-18 07:20:44.828  8456  8456 D b.b.b.c.a.d.b: Received battery event
07-18 07:20:44.828  8456  8456 D b.b.b.c.a.d.b: BatteryFactory event action = android.intent.action.BATTERY_CHANGED
07-18 07:20:44.918  1288  1354 I SDM     : DisplayBase::CommitThread: Received idle timeout
07-18 07:20:45.971  2005  2603 E WifiScoringParams: Invalid frequency(-1), using 5G as default rssi array
07-18 07:20:46.006  2005  2608 I android_os_HwBinder: HwBinder: Starting thread pool for getting: vendor.zebra.fusion@1.0::IFusionWifi/default
07-18 07:20:46.008  2005  2608 D WifiNl80211Manager: setupFusionHAL on OnBind true
07-18 07:20:46.009  1332  1332 I vendor.zebra.fusion@1.0-service:  getParam: VOICE_CALL_IN_PROGRESS:  0
07-18 07:20:46.010  1332  1332 I vendor.zebra.fusion@1.0-service:  getParam: allow_zebra_app_scans 0
07-18 07:20:46.013  1528  1581 D SMARTMU : #(1581) [ os_wlan_driver_event.cpp : 40] ------------------>  NL80211_CMD_TRIGGER_SCAN : 33 
07-18 07:20:46.013  1547  9906 D fusionconfd: SkinnyCat: inside listen events
07-18 07:20:47.803  2005  4926 D WifiNl80211Manager: Scan result ready event
07-18 07:20:47.804  2005  4926 D WifiNative: Scan result ready event
07-18 07:20:47.804  1547  9906 D fusionconfd: SkinnyCat: is_country_available getting country
07-18 07:20:47.804  1547  9906 D fusionconfd: SkinnyCat: print_reg_handler: get country from NL cmd: 00
07-18 07:20:47.805  1547  9906 D fusionconfd: SkinnyCat: print_reg_handler: get country from NL cmd: US
07-18 07:20:47.805  1547  9906 E fusionconfd: SkinnyCat is_country_available: device_ccode=US
07-18 07:20:47.805  1547  9906 D fusionconfd: SkinnyCat: inside listen events
07-18 07:20:47.806  1528  1581 D SMARTMU : #(1581) [ os_wlan_driver_event.cpp : 40] ------------------>  NL80211_CMD_NEW_SCAN_RESULTS : 34 
07-18 07:20:47.834  2005  2608 D WificondScannerImpl: Filtering out 13 scan results.
07-18 07:20:47.901  7278  7278 I FusionManager: getCountry ENTER
07-18 07:20:47.902  1332  1332 D vendor.zebra.fusion@1.0-service: is80211dEnabled: returns 1
07-18 07:20:47.902  7300  7317 E z       : is80211dEnabled true
07-18 07:20:47.904  1547  1547 D fusionconfd: SkinnyCat: is_country_available getting country
07-18 07:20:47.904  1547  1547 D fusionconfd: SkinnyCat: print_reg_handler: get country from NL cmd: 00
07-18 07:20:47.904  1547  1547 D fusionconfd: SkinnyCat: print_reg_handler: get country from NL cmd: US
07-18 07:20:47.904  1547  1547 E fusionconfd: SkinnyCat is_country_available: device_ccode=US
07-18 07:20:49.916  1339  1339 I vendor.zebra.hardware.health@1.0-service: getZebraHealthInfo
07-18 07:20:49.921  1333  1333 E BattSwapHIDL: Unable open read file /sys/battery_swap/capacity, errno=2
07-18 07:20:49.925  2005  2005 D BatterySaverStateMachine: on BATTERY_CHANGED: current BatteryLevel: 54
07-18 07:20:49.925  2005  2005 D BatterySaverStateMachine: received  intent action android.intent.action.BATTERY_CHANGED
07-18 07:20:49.927  3055  3055 D BatterySwapService: Received Intent.ACTION_BATTERY_CHANGED
07-18 07:20:49.933  8365  8365 D HighTemperatureReceiver: Receive action: android.intent.action.BATTERY_CHANGED
07-18 07:20:49.937  4690  4690 D OSUService: dev-dbg:is_charging current_now -105592, batteryLevel: 54, adapter_charge_limit: 500000, isCharging(isCharging): false
07-18 07:20:49.938  4690  4690 D OSUService: dev-dbg: calling for resume
07-18 07:20:49.938  4690  4690 I OSUService: handle_ab_resume -1 3
07-18 07:20:49.938  8456  8456 D b.b.b.c.a.d.b: Received battery event
07-18 07:20:49.938  8456  8456 D b.b.b.c.a.d.b: BatteryFactory event action = android.intent.action.BATTERY_CHANGED
07-18 07:20:49.938  4690  4690 E OSUService: Can't resume - there are no update in suspended state
07-18 07:20:50.029  1288  1354 I SDM     : DisplayBase::CommitThread: Received idle timeout
07-18 07:20:52.350  1179  1237 E minksocket: MinkIPC_QRTR_Service: client with node 1 port 41f1 went down
07-18 07:20:52.353  1179  1237 E minksocket: MinkIPC_QRTR_Service: client with node 1 port 41f2 went down
07-18 07:20:52.357  1179  1237 E minksocket: MinkIPC_QRTR_Service: client with node 1 port 41f3 went down
07-18 07:20:55.043  1339  1339 I vendor.zebra.hardware.health@1.0-service: getZebraHealthInfo
07-18 07:20:55.047  1333  1333 E BattSwapHIDL: Unable open read file /sys/battery_swap/capacity, errno=2
07-18 07:20:55.053  2005  2005 D BatterySaverStateMachine: on BATTERY_CHANGED: current BatteryLevel: 54
07-18 07:20:55.053  2005  2005 D BatterySaverStateMachine: received  intent action android.intent.action.BATTERY_CHANGED
07-18 07:20:55.056  3055  3055 D BatterySwapService: Received Intent.ACTION_BATTERY_CHANGED
07-18 07:20:55.062  8365  8365 D HighTemperatureReceiver: Receive action: android.intent.action.BATTERY_CHANGED
07-18 07:20:55.067  4690  4690 D OSUService: dev-dbg:is_charging current_now -105897, batteryLevel: 54, adapter_charge_limit: 500000, isCharging(isCharging): false
07-18 07:20:55.067  4690  4690 D OSUService: dev-dbg: calling for resume
07-18 07:20:55.067  4690  4690 I OSUService: handle_ab_resume -1 3
07-18 07:20:55.067  4690  4690 E OSUService: Can't resume - there are no update in suspended state
07-18 07:20:55.067  8456  8456 D b.b.b.c.a.d.b: Received battery event
07-18 07:20:55.067  8456  8456 D b.b.b.c.a.d.b: BatteryFactory event action = android.intent.action.BATTERY_CHANGED
07-18 07:20:55.175  1288  1354 I SDM     : DisplayBase::CommitThread: Received idle timeout
07-18 07:20:55.978  2005  2603 E WifiScoringParams: Invalid frequency(-1), using 5G as default rssi array
07-18 07:20:56.010  2005  2608 I android_os_HwBinder: HwBinder: Starting thread pool for getting: vendor.zebra.fusion@1.0::IFusionWifi/default
07-18 07:20:56.012  2005  2608 D WifiNl80211Manager: setupFusionHAL on OnBind true
07-18 07:20:56.013  1332  1332 I vendor.zebra.fusion@1.0-service:  getParam: VOICE_CALL_IN_PROGRESS:  0
07-18 07:20:56.014  1332  1332 I vendor.zebra.fusion@1.0-service:  getParam: allow_zebra_app_scans 0
07-18 07:20:56.016  1528  1581 D SMARTMU : #(1581) [ os_wlan_driver_event.cpp : 40] ------------------>  NL80211_CMD_TRIGGER_SCAN : 33 
07-18 07:20:56.017  1547  9906 D fusionconfd: SkinnyCat: inside listen events
07-18 07:20:57.272  1339  1339 I vendor.zebra.hardware.health@1.0-service: getZebraHealthInfo
07-18 07:20:57.276  1333  1333 E BattSwapHIDL: Unable open read file /sys/battery_swap/capacity, errno=2
07-18 07:20:57.282  2005  2005 D BatterySaverStateMachine: on BATTERY_CHANGED: current BatteryLevel: 54
07-18 07:20:57.282  2005  2005 D BatterySaverStateMachine: received  intent action android.intent.action.BATTERY_CHANGED
07-18 07:20:57.285  3055  3055 D BatterySwapService: Received Intent.ACTION_BATTERY_CHANGED
07-18 07:20:57.291  4690  4690 D OSUService: dev-dbg:is_charging current_now -237430, batteryLevel: 54, adapter_charge_limit: 500000, isCharging(isCharging): false
07-18 07:20:57.291  4690  4690 D OSUService: dev-dbg: calling for resume
07-18 07:20:57.291  4690  4690 I OSUService: handle_ab_resume -1 3
07-18 07:20:57.291  4690  4690 E OSUService: Can't resume - there are no update in suspended state
07-18 07:20:57.291  8365  8365 D HighTemperatureReceiver: Receive action: android.intent.action.BATTERY_CHANGED
07-18 07:20:57.295  8456  8456 D b.b.b.c.a.d.b: Received battery event
07-18 07:20:57.296  8456  8456 D b.b.b.c.a.d.b: BatteryFactory event action = android.intent.action.BATTERY_CHANGED
07-18 07:20:57.357  1179  1218 E sec_channel  : Modemcomm: Init Instance on handle:0 failed with -3 
07-18 07:20:57.357  1179  1218 E sec_channel  : Modemcomm: Failed to get handle of SSGQMSCA service
07-18 07:20:57.359  1179  1237 E minksocket: MinkIPC_QRTR_Service: client with node 1 port 41f4 went down
07-18 07:20:57.360  1179  1237 E minksocket: MinkIPC_QRTR_Service: client with node 1 port 41f5 went down
07-18 07:20:57.364  1179  1237 E minksocket: MinkIPC_QRTR_Service: client with node 1 port 41f6 went down
07-18 07:20:57.396  1288  1354 I SDM     : DisplayBase::CommitThread: Received idle timeout
07-18 07:20:58.253  1528  1581 D SMARTMU : #(1581) [ os_wlan_driver_event.cpp : 40] ------------------>  NL80211_CMD_NEW_SCAN_RESULTS : 34 
07-18 07:20:58.253  1547  9906 D fusionconfd: SkinnyCat: is_country_available getting country
07-18 07:20:58.254  1547  9906 D fusionconfd: SkinnyCat: print_reg_handler: get country from NL cmd: 00
07-18 07:20:58.254  1547  9906 D fusionconfd: SkinnyCat: print_reg_handler: get country from NL cmd: US
07-18 07:20:58.256  1547  9906 E fusionconfd: SkinnyCat is_country_available: device_ccode=US
07-18 07:20:58.256  1547  9906 D fusionconfd: SkinnyCat: inside listen events
07-18 07:20:58.256  2005  3047 D WifiNl80211Manager: Scan result ready event
07-18 07:20:58.257  2005  3047 D WifiNative: Scan result ready event
07-18 07:20:58.293  2005  2608 D WificondScannerImpl: Filtering out 9 scan results.
07-18 07:20:58.373  7278  7278 I FusionManager: getCountry ENTER
07-18 07:20:58.374  1332  1332 D vendor.zebra.fusion@1.0-service: is80211dEnabled: returns 1
07-18 07:20:58.375  7300  7317 E z       : is80211dEnabled true
07-18 07:20:58.377  1547  1547 D fusionconfd: SkinnyCat: is_country_available getting country
07-18 07:20:58.377  1547  1547 D fusionconfd: SkinnyCat: print_reg_handler: get country from NL cmd: 00
07-18 07:20:58.377  1547  1547 D fusionconfd: SkinnyCat: print_reg_handler: get country from NL cmd: US
07-18 07:20:58.377  1547  1547 E fusionconfd: SkinnyCat is_country_available: device_ccode=US
07-18 07:21:00.022  2005  2802 D CompatibilityInfo: mCompatibilityFlags - 4
07-18 07:21:00.023  2005  2802 D CompatibilityInfo: applicationDensity - 240
07-18 07:21:00.023  2005  2802 D CompatibilityInfo: applicationScale - 1.0
07-18 07:21:00.120  1288  1354 I SDM     : DisplayBase::CommitThread: Received idle timeout
07-18 07:21:00.155  1339  1339 I vendor.zebra.hardware.health@1.0-service: getZebraHealthInfo
07-18 07:21:00.159  1333  1333 E BattSwapHIDL: Unable open read file /sys/battery_swap/capacity, errno=2
07-18 07:21:00.164  2005  2005 D BatterySaverStateMachine: on BATTERY_CHANGED: current BatteryLevel: 54
07-18 07:21:00.165  2005  2005 D BatterySaverStateMachine: received  intent action android.intent.action.BATTERY_CHANGED
07-18 07:21:00.168  3055  3055 D BatterySwapService: Received Intent.ACTION_BATTERY_CHANGED
07-18 07:21:00.172  4690  4690 D OSUService: dev-dbg:is_charging current_now -102235, batteryLevel: 54, adapter_charge_limit: 500000, isCharging(isCharging): false
07-18 07:21:00.173  4690  4690 D OSUService: dev-dbg: calling for resume
07-18 07:21:00.173  4690  4690 I OSUService: handle_ab_resume -1 3
07-18 07:21:00.173  4690  4690 E OSUService: Can't resume - there are no update in suspended state
07-18 07:21:00.175  8365  8365 D HighTemperatureReceiver: Receive action: android.intent.action.BATTERY_CHANGED
07-18 07:21:00.180  8456  8456 D b.b.b.c.a.d.b: Received battery event
07-18 07:21:00.180  8456  8456 D b.b.b.c.a.d.b: BatteryFactory event action = android.intent.action.BATTERY_CHANGED
07-18 07:21:00.270  1288  1354 I SDM     : DisplayBase::CommitThread: Received idle timeout
07-18 07:21:02.366  1179  1218 E sec_channel  : Modemcomm: Init Instance on handle:0 failed with -3 
07-18 07:21:02.367  1179  1218 E sec_channel  : Modemcomm: Failed to get handle of SSGSCA service as well - exiting
07-18 07:21:03.350  3655  3693 W TimedProcessReaper: Memory state is: 100
07-18 07:21:04.588  3346 10963 W ehwz    : [{0}] Failed to resolve name. status={1}
07-18 07:21:05.286  1339  1339 I vendor.zebra.hardware.health@1.0-service: getZebraHealthInfo
07-18 07:21:05.290  1333  1333 E BattSwapHIDL: Unable open read file /sys/battery_swap/capacity, errno=2
07-18 07:21:05.295  2005  2005 D BatterySaverStateMachine: on BATTERY_CHANGED: current BatteryLevel: 54
07-18 07:21:05.297  2005  2005 D BatterySaverStateMachine: received  intent action android.intent.action.BATTERY_CHANGED
07-18 07:21:05.300  3055  3055 D BatterySwapService: Received Intent.ACTION_BATTERY_CHANGED
07-18 07:21:05.300  8365  8365 D HighTemperatureReceiver: Receive action: android.intent.action.BATTERY_CHANGED
07-18 07:21:05.306  8456  8456 D b.b.b.c.a.d.b: Received battery event
07-18 07:21:05.306  8456  8456 D b.b.b.c.a.d.b: BatteryFactory event action = android.intent.action.BATTERY_CHANGED
07-18 07:21:05.306  4690  4690 D OSUService: dev-dbg:is_charging current_now -111695, batteryLevel: 54, adapter_charge_limit: 500000, isCharging(isCharging): false
07-18 07:21:05.306  4690  4690 D OSUService: dev-dbg: calling for resume
07-18 07:21:05.306  4690  4690 I OSUService: handle_ab_resume -1 3
07-18 07:21:05.306  4690  4690 E OSUService: Can't resume - there are no update in suspended state
07-18 07:21:05.419  1288  1354 I SDM     : DisplayBase::CommitThread: Received idle timeout
07-18 07:21:05.985  2005  2603 E WifiScoringParams: Invalid frequency(-1), using 5G as default rssi array
07-18 07:21:06.021  2005  2608 I android_os_HwBinder: HwBinder: Starting thread pool for getting: vendor.zebra.fusion@1.0::IFusionWifi/default
07-18 07:21:06.024  2005  2608 D WifiNl80211Manager: setupFusionHAL on OnBind true
07-18 07:21:06.026  1332  1332 I vendor.zebra.fusion@1.0-service:  getParam: VOICE_CALL_IN_PROGRESS:  0
07-18 07:21:06.027  1332  1332 I vendor.zebra.fusion@1.0-service:  getParam: allow_zebra_app_scans 0
07-18 07:21:06.031  1528  1581 D SMARTMU : #(1581) [ os_wlan_driver_event.cpp : 40] ------------------>  NL80211_CMD_TRIGGER_SCAN : 33 
07-18 07:21:06.031  1547  9906 D fusionconfd: SkinnyCat: inside listen events
07-18 07:21:07.824  1528  1581 D SMARTMU : #(1581) [ os_wlan_driver_event.cpp : 40] ------------------>  NL80211_CMD_NEW_SCAN_RESULTS : 34 
07-18 07:21:07.825  1547  9906 D fusionconfd: SkinnyCat: is_country_available getting country
07-18 07:21:07.826  1547  9906 D fusionconfd: SkinnyCat: print_reg_handler: get country from NL cmd: 00
07-18 07:21:07.826  1547  9906 D fusionconfd: SkinnyCat: print_reg_handler: get country from NL cmd: US
07-18 07:21:07.826  2005  2049 D WifiNl80211Manager: Scan result ready event
07-18 07:21:07.827  1547  9906 E fusionconfd: SkinnyCat is_country_available: device_ccode=US
07-18 07:21:07.827  1547  9906 D fusionconfd: SkinnyCat: inside listen events
07-18 07:21:07.827  2005  2049 D WifiNative: Scan result ready event
07-18 07:21:07.855  2005  2608 D WificondScannerImpl: Filtering out 9 scan results.
07-18 07:21:07.923  7278  7278 I FusionManager: getCountry ENTER
07-18 07:21:07.924  1332  1332 D vendor.zebra.fusion@1.0-service: is80211dEnabled: returns 1
07-18 07:21:07.925  7300  7317 E z       : is80211dEnabled true
07-18 07:21:07.926  1547  1547 D fusionconfd: SkinnyCat: is_country_available getting country
07-18 07:21:07.927  1547  1547 D fusionconfd: SkinnyCat: print_reg_handler: get country from NL cmd: 00
07-18 07:21:07.927  1547  1547 D fusionconfd: SkinnyCat: print_reg_handler: get country from NL cmd: US
07-18 07:21:07.927  1547  1547 E fusionconfd: SkinnyCat is_country_available: device_ccode=US
07-18 07:21:10.410  1339  1339 I vendor.zebra.hardware.health@1.0-service: getZebraHealthInfo
07-18 07:21:10.414  1333  1333 E BattSwapHIDL: Unable open read file /sys/battery_swap/capacity, errno=2
07-18 07:21:10.421  2005  2005 D BatterySaverStateMachine: on BATTERY_CHANGED: current BatteryLevel: 54
07-18 07:21:10.421  2005  2005 D BatterySaverStateMachine: received  intent action android.intent.action.BATTERY_CHANGED
07-18 07:21:10.424  3055  3055 D BatterySwapService: Received Intent.ACTION_BATTERY_CHANGED
07-18 07:21:10.430  4690  4690 D OSUService: dev-dbg:is_charging current_now -131532, batteryLevel: 54, adapter_charge_limit: 500000, isCharging(isCharging): false
07-18 07:21:10.431  4690  4690 D OSUService: dev-dbg: calling for resume
07-18 07:21:10.431  4690  4690 I OSUService: handle_ab_resume -1 3
07-18 07:21:10.431  8365  8365 D HighTemperatureReceiver: Receive action: android.intent.action.BATTERY_CHANGED
07-18 07:21:10.431  4690  4690 E OSUService: Can't resume - there are no update in suspended state
07-18 07:21:10.434  8456  8456 D b.b.b.c.a.d.b: Received battery event
07-18 07:21:10.434  8456  8456 D b.b.b.c.a.d.b: BatteryFactory event action = android.intent.action.BATTERY_CHANGED
07-18 07:21:10.528  1288  1354 I SDM     : DisplayBase::CommitThread: Received idle timeout
07-18 07:21:11.788  8456  8456 D c       : 15 min timer
07-18 07:21:11.789  8456  8456 D c       : updateLocalCache, lastUpdated = 1689678000000
07-18 07:21:11.790  8456  8456 D c       : hour is not changed
07-18 07:21:11.790  8456  8456 D a       : Key = utilization, long value = 900
07-18 07:21:11.802  8456  8456 D c       : calculateUtilization, utilizationInSeconds = 900
07-18 07:21:11.802  8456  8456 D a       : Key = screen_on_at, long value = 1689679271000
07-18 07:21:15.521  1339  1339 I vendor.zebra.hardware.health@1.0-service: getZebraHealthInfo
07-18 07:21:15.525  1333  1333 E BattSwapHIDL: Unable open read file /sys/battery_swap/capacity, errno=2
07-18 07:21:15.531  2005  2005 D BatterySaverStateMachine: on BATTERY_CHANGED: current BatteryLevel: 54
07-18 07:21:15.531  2005  2005 D BatterySaverStateMachine: received  intent action android.intent.action.BATTERY_CHANGED
07-18 07:21:15.535  3055  3055 D BatterySwapService: Received Intent.ACTION_BATTERY_CHANGED
07-18 07:21:15.538  4690  4690 D OSUService: dev-dbg:is_charging current_now -102235, batteryLevel: 54, adapter_charge_limit: 500000, isCharging(isCharging): false
07-18 07:21:15.538  4690  4690 D OSUService: dev-dbg: calling for resume
07-18 07:21:15.538  4690  4690 I OSUService: handle_ab_resume -1 3
07-18 07:21:15.538  4690  4690 E OSUService: Can't resume - there are no update in suspended state
