07-18 07:17:27.782  1332  1332 D vendor.zebra.fusion@1.0-service: is80211dEnabled: returns 1
07-18 07:17:27.782  7300  7317 E z       : is80211dEnabled true
07-18 07:17:27.784  1547  1547 D fusionconfd: SkinnyCat: is_country_available getting country
07-18 07:17:27.784  1547  1547 D fusionconfd: SkinnyCat: print_reg_handler: get country from NL cmd: 00
07-18 07:17:27.784  1547  1547 D fusionconfd: SkinnyCat: print_reg_handler: get country from NL cmd: US
07-18 07:17:27.784  1547  1547 E fusionconfd: SkinnyCat is_country_available: device_ccode=US
07-18 07:17:30.273  1339  1339 I vendor.zebra.hardware.health@1.0-service: getZebraHealthInfo
07-18 07:17:30.278  1333  1333 E BattSwapHIDL: Unable open read file /sys/battery_swap/capacity, errno=2
07-18 07:17:30.283  2005  2005 D BatterySaverStateMachine: on BATTERY_CHANGED: current BatteryLevel: 54
07-18 07:17:30.284  2005  2005 D BatterySaverStateMachine: received  intent action android.intent.action.BATTERY_CHANGED
07-18 07:17:30.286  3055  3055 D BatterySwapService: Received Intent.ACTION_BATTERY_CHANGED
07-18 07:17:30.292  4690  4690 D OSUService: dev-dbg:is_charging current_now -125734, batteryLevel: 54, adapter_charge_limit: 500000, isCharging(isCharging): false
07-18 07:17:30.292  4690  4690 D OSUService: dev-dbg: calling for resume
07-18 07:17:30.292  4690  4690 I OSUService: handle_ab_resume -1 3
07-18 07:17:30.292  4690  4690 E OSUService: Can't resume - there are no update in suspended state
07-18 07:17:30.292  8365  8365 D HighTemperatureReceiver: Receive action: android.intent.action.BATTERY_CHANGED
07-18 07:17:30.293  8456  8456 D b.b.b.c.a.d.b: Received battery event
07-18 07:17:30.294  8456  8456 D b.b.b.c.a.d.b: BatteryFactory event action = android.intent.action.BATTERY_CHANGED
07-18 07:17:30.400  1288  1354 I SDM     : DisplayBase::CommitThread: Received idle timeout
07-18 07:17:32.150  9741 10902 I PhenotypeProcessReaper: Memory state is: 400
07-18 07:17:32.151  9741 10902 I PhenotypeProcessReaper: Killing process to refresh experiment configuration
07-18 07:17:32.151  9741 10902 I Process : Sending signal. PID: 9741 SIG: 9
07-18 07:17:32.218  2005  2063 I libprocessgroup: Successfully killed process cgroup uid 10141 pid 9741 in 0ms
07-18 07:17:32.218  1114  1114 I Zygote  : Process 9741 exited due to signal 9 (Killed)
07-18 07:17:32.251  1179  1237 E minksocket: MinkIPC_QRTR_Service: client with node 1 port 41d3 went down
07-18 07:17:32.253  1179  1237 E minksocket: MinkIPC_QRTR_Service: client with node 1 port 41d4 went down
07-18 07:17:32.254  1179  1237 E minksocket: MinkIPC_QRTR_Service: client with node 1 port 41d5 went down
07-18 07:17:35.366  1339  1339 I vendor.zebra.hardware.health@1.0-service: getZebraHealthInfo
07-18 07:17:35.370  1333  1333 E BattSwapHIDL: Unable open read file /sys/battery_swap/capacity, errno=2
07-18 07:17:35.376  2005  2005 D BatterySaverStateMachine: on BATTERY_CHANGED: current BatteryLevel: 54
07-18 07:17:35.376  2005  2005 D BatterySaverStateMachine: received  intent action android.intent.action.BATTERY_CHANGED
07-18 07:17:35.379  3055  3055 D BatterySwapService: Received Intent.ACTION_BATTERY_CHANGED
07-18 07:17:35.384  4690  4690 D OSUService: dev-dbg:is_charging current_now -104066, batteryLevel: 54, adapter_charge_limit: 500000, isCharging(isCharging): false
07-18 07:17:35.384  4690  4690 D OSUService: dev-dbg: calling for resume
07-18 07:17:35.385  4690  4690 I OSUService: handle_ab_resume -1 3
07-18 07:17:35.385  4690  4690 E OSUService: Can't resume - there are no update in suspended state
07-18 07:17:35.386  8456  8456 D b.b.b.c.a.d.b: Received battery event
07-18 07:17:35.386  8365  8365 D HighTemperatureReceiver: Receive action: android.intent.action.BATTERY_CHANGED
07-18 07:17:35.386  8456  8456 D b.b.b.c.a.d.b: BatteryFactory event action = android.intent.action.BATTERY_CHANGED
07-18 07:17:35.496  1288  1354 I SDM     : DisplayBase::CommitThread: Received idle timeout
07-18 07:17:35.846  2005  2603 E WifiScoringParams: Invalid frequency(-1), using 5G as default rssi array
07-18 07:17:35.880  2005  2608 I android_os_HwBinder: HwBinder: Starting thread pool for getting: vendor.zebra.fusion@1.0::IFusionWifi/default
07-18 07:17:35.882  2005  2608 D WifiNl80211Manager: setupFusionHAL on OnBind true
07-18 07:17:35.884  1332  1332 I vendor.zebra.fusion@1.0-service:  getParam: VOICE_CALL_IN_PROGRESS:  0
07-18 07:17:35.884  1332  1332 I vendor.zebra.fusion@1.0-service:  getParam: allow_zebra_app_scans 0
07-18 07:17:35.887  1547  9906 D fusionconfd: SkinnyCat: inside listen events
07-18 07:17:35.887  1528  1581 D SMARTMU : #(1581) [ os_wlan_driver_event.cpp : 40] ------------------>  NL80211_CMD_TRIGGER_SCAN : 33 
07-18 07:17:37.256  1179  1218 E sec_channel  : Modemcomm: Init Instance on handle:0 failed with -3 
07-18 07:17:37.256  1179  1218 E sec_channel  : Modemcomm: Failed to get handle of SSGQMSCA service
07-18 07:17:37.259  1179  1237 E minksocket: MinkIPC_QRTR_Service: client with node 1 port 41d6 went down
07-18 07:17:37.261  1179  1237 E minksocket: MinkIPC_QRTR_Service: client with node 1 port 41d7 went down
07-18 07:17:37.265  1179  1237 E minksocket: MinkIPC_QRTR_Service: client with node 1 port 41d8 went down
07-18 07:17:38.132  1528  1581 D SMARTMU : #(1581) [ os_wlan_driver_event.cpp : 40] ------------------>  NL80211_CMD_NEW_SCAN_RESULTS : 34 
07-18 07:17:38.133  1547  9906 D fusionconfd: SkinnyCat: is_country_available getting country
07-18 07:17:38.134  2005  5056 D WifiNl80211Manager: Scan result ready event
07-18 07:17:38.134  1547  9906 D fusionconfd: SkinnyCat: print_reg_handler: get country from NL cmd: 00
07-18 07:17:38.134  1547  9906 D fusionconfd: SkinnyCat: print_reg_handler: get country from NL cmd: US
07-18 07:17:38.134  2005  5056 D WifiNative: Scan result ready event
07-18 07:17:38.134  1547  9906 E fusionconfd: SkinnyCat is_country_available: device_ccode=US
07-18 07:17:38.134  1547  9906 D fusionconfd: SkinnyCat: inside listen events
07-18 07:17:38.166  2005  2608 D WificondScannerImpl: Filtering out 10 scan results.
07-18 07:17:38.244  7278  7278 I FusionManager: getCountry ENTER
07-18 07:17:38.245  1332  1332 D vendor.zebra.fusion@1.0-service: is80211dEnabled: returns 1
07-18 07:17:38.245  7300  7317 E z       : is80211dEnabled true
07-18 07:17:38.247  1547  1547 D fusionconfd: SkinnyCat: is_country_available getting country
07-18 07:17:38.247  1547  1547 D fusionconfd: SkinnyCat: print_reg_handler: get country from NL cmd: 00
07-18 07:17:38.247  1547  1547 D fusionconfd: SkinnyCat: print_reg_handler: get country from NL cmd: US
07-18 07:17:38.247  1547  1547 E fusionconfd: SkinnyCat is_country_available: device_ccode=US
07-18 07:17:39.840  3346 10890 W ehwz    : [{0}] Failed to resolve name. status={1}
07-18 07:17:40.490  1339  1339 I vendor.zebra.hardware.health@1.0-service: getZebraHealthInfo
07-18 07:17:40.494  1333  1333 E BattSwapHIDL: Unable open read file /sys/battery_swap/capacity, errno=2
07-18 07:17:40.500  2005  2005 D BatterySaverStateMachine: on BATTERY_CHANGED: current BatteryLevel: 54
07-18 07:17:40.500  2005  2005 D BatterySaverStateMachine: received  intent action android.intent.action.BATTERY_CHANGED
07-18 07:17:40.503  3055  3055 D BatterySwapService: Received Intent.ACTION_BATTERY_CHANGED
07-18 07:17:40.509  8365  8365 D HighTemperatureReceiver: Receive action: android.intent.action.BATTERY_CHANGED
07-18 07:17:40.511  4690  4690 D OSUService: dev-dbg:is_charging current_now -116883, batteryLevel: 54, adapter_charge_limit: 500000, isCharging(isCharging): false
07-18 07:17:40.512  4690  4690 D OSUService: dev-dbg: calling for resume
07-18 07:17:40.512  4690  4690 I OSUService: handle_ab_resume -1 3
07-18 07:17:40.513  4690  4690 E OSUService: Can't resume - there are no update in suspended state
07-18 07:17:40.516  8456  8456 D b.b.b.c.a.d.b: Received battery event
07-18 07:17:40.516  8456  8456 D b.b.b.c.a.d.b: BatteryFactory event action = android.intent.action.BATTERY_CHANGED
07-18 07:17:40.607  1288  1354 I SDM     : DisplayBase::CommitThread: Received idle timeout
07-18 07:17:42.267  1179  1218 E sec_channel  : Modemcomm: Init Instance on handle:0 failed with -3 
07-18 07:17:42.267  1179  1218 E sec_channel  : Modemcomm: Failed to get handle of SSGSCA service as well - exiting
07-18 07:17:42.654  9993 10089 I PhenotypeProcessReaper: Memory state is: 400
07-18 07:17:42.654  9993 10089 I PhenotypeProcessReaper: Killing process to refresh experiment configuration
07-18 07:17:42.655  9993 10089 I Process : Sending signal. PID: 9993 SIG: 9
07-18 07:17:42.710  2005  2063 I libprocessgroup: Successfully killed process cgroup uid 10188 pid 9993 in 0ms
07-18 07:17:42.712  1114  1114 I Zygote  : Process 9993 exited due to signal 9 (Killed)
07-18 07:17:45.603  1339  1339 I vendor.zebra.hardware.health@1.0-service: getZebraHealthInfo
07-18 07:17:45.606  1333  1333 E BattSwapHIDL: Unable open read file /sys/battery_swap/capacity, errno=2
07-18 07:17:45.611  2005  2005 D BatterySaverStateMachine: on BATTERY_CHANGED: current BatteryLevel: 54
07-18 07:17:45.612  2005  2005 D BatterySaverStateMachine: received  intent action android.intent.action.BATTERY_CHANGED
07-18 07:17:45.615  3055  3055 D BatterySwapService: Received Intent.ACTION_BATTERY_CHANGED
07-18 07:17:45.619  4690  4690 D OSUService: dev-dbg:is_charging current_now -107728, batteryLevel: 54, adapter_charge_limit: 500000, isCharging(isCharging): false
07-18 07:17:45.619  4690  4690 D OSUService: dev-dbg: calling for resume
07-18 07:17:45.621  8365  8365 D HighTemperatureReceiver: Receive action: android.intent.action.BATTERY_CHANGED
07-18 07:17:45.621  4690  4690 I OSUService: handle_ab_resume -1 3
07-18 07:17:45.621  4690  4690 E OSUService: Can't resume - there are no update in suspended state
07-18 07:17:45.621  8456  8456 D b.b.b.c.a.d.b: Received battery event
07-18 07:17:45.621  8456  8456 D b.b.b.c.a.d.b: BatteryFactory event action = android.intent.action.BATTERY_CHANGED
07-18 07:17:45.738  1288  1354 I SDM     : DisplayBase::CommitThread: Received idle timeout
07-18 07:17:45.855  2005  2603 E WifiScoringParams: Invalid frequency(-1), using 5G as default rssi array
07-18 07:17:45.889  2005  2608 I android_os_HwBinder: HwBinder: Starting thread pool for getting: vendor.zebra.fusion@1.0::IFusionWifi/default
07-18 07:17:45.891  2005  2608 D WifiNl80211Manager: setupFusionHAL on OnBind true
07-18 07:17:45.893  1332  1332 I vendor.zebra.fusion@1.0-service:  getParam: VOICE_CALL_IN_PROGRESS:  0
07-18 07:17:45.893  1332  1332 I vendor.zebra.fusion@1.0-service:  getParam: allow_zebra_app_scans 0
07-18 07:17:45.896  1547  9906 D fusionconfd: SkinnyCat: inside listen events
07-18 07:17:45.897  1528  1581 D SMARTMU : #(1581) [ os_wlan_driver_event.cpp : 40] ------------------>  NL80211_CMD_TRIGGER_SCAN : 33 
07-18 07:17:47.005  3346 10890 W ehwz    : [{0}] Failed to resolve name. status={1}
07-18 07:17:47.684  1528  1581 D SMARTMU : #(1581) [ os_wlan_driver_event.cpp : 40] ------------------>  NL80211_CMD_NEW_SCAN_RESULTS : 34 
07-18 07:17:47.685  1547  9906 D fusionconfd: SkinnyCat: is_country_available getting country
07-18 07:17:47.685  1547  9906 D fusionconfd: SkinnyCat: print_reg_handler: get country from NL cmd: 00
07-18 07:17:47.685  1547  9906 D fusionconfd: SkinnyCat: print_reg_handler: get country from NL cmd: US
07-18 07:17:47.686  2005  4926 D WifiNl80211Manager: Scan result ready event
07-18 07:17:47.686  1547  9906 E fusionconfd: SkinnyCat is_country_available: device_ccode=US
07-18 07:17:47.686  1547  9906 D fusionconfd: SkinnyCat: inside listen events
07-18 07:17:47.686  2005  4926 D WifiNative: Scan result ready event
07-18 07:17:47.713  2005  2608 D WificondScannerImpl: Filtering out 15 scan results.
07-18 07:17:47.778  7278  7278 I FusionManager: getCountry ENTER
07-18 07:17:47.779  1332  1332 D vendor.zebra.fusion@1.0-service: is80211dEnabled: returns 1
07-18 07:17:47.779  7300  7317 E z       : is80211dEnabled true
07-18 07:17:47.781  1547  1547 D fusionconfd: SkinnyCat: is_country_available getting country
07-18 07:17:47.781  1547  1547 D fusionconfd: SkinnyCat: print_reg_handler: get country from NL cmd: 00
07-18 07:17:47.781  1547  1547 D fusionconfd: SkinnyCat: print_reg_handler: get country from NL cmd: US
07-18 07:17:47.781  1547  1547 E fusionconfd: SkinnyCat is_country_available: device_ccode=US
07-18 07:17:50.737  1339  1339 I vendor.zebra.hardware.health@1.0-service: getZebraHealthInfo
07-18 07:17:50.741  1333  1333 E BattSwapHIDL: Unable open read file /sys/battery_swap/capacity, errno=2
07-18 07:17:50.746  2005  2005 D BatterySaverStateMachine: on BATTERY_CHANGED: current BatteryLevel: 54
07-18 07:17:50.746  2005  2005 D BatterySaverStateMachine: received  intent action android.intent.action.BATTERY_CHANGED
07-18 07:17:50.748  3055  3055 D BatterySwapService: Received Intent.ACTION_BATTERY_CHANGED
07-18 07:17:50.754  8365  8365 D HighTemperatureReceiver: Receive action: android.intent.action.BATTERY_CHANGED
07-18 07:17:50.755  8456  8456 D b.b.b.c.a.d.b: Received battery event
07-18 07:17:50.755  8456  8456 D b.b.b.c.a.d.b: BatteryFactory event action = android.intent.action.BATTERY_CHANGED
07-18 07:17:50.759  4690  4690 D OSUService: dev-dbg:is_charging current_now -119020, batteryLevel: 54, adapter_charge_limit: 500000, isCharging(isCharging): false
07-18 07:17:50.759  4690  4690 D OSUService: dev-dbg: calling for resume
07-18 07:17:50.760  4690  4690 I OSUService: handle_ab_resume -1 3
07-18 07:17:50.760  4690  4690 E OSUService: Can't resume - there are no update in suspended state
07-18 07:17:50.849  1288  1354 I SDM     : DisplayBase::CommitThread: Received idle timeout
07-18 07:17:55.853  1339  1339 I vendor.zebra.hardware.health@1.0-service: getZebraHealthInfo
07-18 07:17:55.858  1333  1333 E BattSwapHIDL: Unable open read file /sys/battery_swap/capacity, errno=2
07-18 07:17:55.861  2005  2603 E WifiScoringParams: Invalid frequency(-1), using 5G as default rssi array
07-18 07:17:55.864  2005  2005 D BatterySaverStateMachine: on BATTERY_CHANGED: current BatteryLevel: 54
07-18 07:17:55.865  2005  2005 D BatterySaverStateMachine: received  intent action android.intent.action.BATTERY_CHANGED
07-18 07:17:55.868  3055  3055 D BatterySwapService: Received Intent.ACTION_BATTERY_CHANGED
07-18 07:17:55.875  4690  4690 D OSUService: dev-dbg:is_charging current_now -107118, batteryLevel: 54, adapter_charge_limit: 500000, isCharging(isCharging): false
07-18 07:17:55.876  4690  4690 D OSUService: dev-dbg: calling for resume
07-18 07:17:55.877  4690  4690 I OSUService: handle_ab_resume -1 3
07-18 07:17:55.877  4690  4690 E OSUService: Can't resume - there are no update in suspended state
07-18 07:17:55.879  8365  8365 D HighTemperatureReceiver: Receive action: android.intent.action.BATTERY_CHANGED
07-18 07:17:55.881  8456  8456 D b.b.b.c.a.d.b: Received battery event
07-18 07:17:55.881  8456  8456 D b.b.b.c.a.d.b: BatteryFactory event action = android.intent.action.BATTERY_CHANGED
07-18 07:17:55.894  2005  2608 I android_os_HwBinder: HwBinder: Starting thread pool for getting: vendor.zebra.fusion@1.0::IFusionWifi/default
07-18 07:17:55.896  2005  2608 D WifiNl80211Manager: setupFusionHAL on OnBind true
07-18 07:17:55.897  1332  1332 I vendor.zebra.fusion@1.0-service:  getParam: VOICE_CALL_IN_PROGRESS:  0
07-18 07:17:55.898  1332  1332 I vendor.zebra.fusion@1.0-service:  getParam: allow_zebra_app_scans 0
07-18 07:17:55.900  1547  9906 D fusionconfd: SkinnyCat: inside listen events
07-18 07:17:55.900  1528  1581 D SMARTMU : #(1581) [ os_wlan_driver_event.cpp : 40] ------------------>  NL80211_CMD_TRIGGER_SCAN : 33 
07-18 07:17:55.978  1288  1354 I SDM     : DisplayBase::CommitThread: Received idle timeout
07-18 07:17:58.130  1528  1581 D SMARTMU : #(1581) [ os_wlan_driver_event.cpp : 40] ------------------>  NL80211_CMD_NEW_SCAN_RESULTS : 34 
07-18 07:17:58.130  1547  9906 D fusionconfd: SkinnyCat: is_country_available getting country
07-18 07:17:58.131  1547  9906 D fusionconfd: SkinnyCat: print_reg_handler: get country from NL cmd: 00
07-18 07:17:58.131  1547  9906 D fusionconfd: SkinnyCat: print_reg_handler: get country from NL cmd: US
07-18 07:17:58.131  2005  4926 D WifiNl80211Manager: Scan result ready event
07-18 07:17:58.131  1547  9906 E fusionconfd: SkinnyCat is_country_available: device_ccode=US
07-18 07:17:58.131  1547  9906 D fusionconfd: SkinnyCat: inside listen events
07-18 07:17:58.132  2005  4926 D WifiNative: Scan result ready event
07-18 07:17:58.165  2005  2608 D WificondScannerImpl: Filtering out 6 scan results.
07-18 07:17:58.250  7278  7278 I FusionManager: getCountry ENTER
07-18 07:17:58.251  1332  1332 D vendor.zebra.fusion@1.0-service: is80211dEnabled: returns 1
07-18 07:17:58.251  7300  7317 E z       : is80211dEnabled true
07-18 07:17:58.253  1547  1547 D fusionconfd: SkinnyCat: is_country_available getting country
07-18 07:17:58.253  1547  1547 D fusionconfd: SkinnyCat: print_reg_handler: get country from NL cmd: 00
07-18 07:17:58.253  1547  1547 D fusionconfd: SkinnyCat: print_reg_handler: get country from NL cmd: US
07-18 07:17:58.253  1547  1547 E fusionconfd: SkinnyCat is_country_available: device_ccode=US
07-18 07:18:00.022  2005  2802 D CompatibilityInfo: mCompatibilityFlags - 4
07-18 07:18:00.022  2005  2802 D CompatibilityInfo: applicationDensity - 240
07-18 07:18:00.022  2005  2802 D CompatibilityInfo: applicationScale - 1.0
07-18 07:18:00.120  1288  1354 I SDM     : DisplayBase::CommitThread: Received idle timeout
07-18 07:18:00.962  1339  1339 I vendor.zebra.hardware.health@1.0-service: getZebraHealthInfo
07-18 07:18:05.869  2005  2603 E WifiScoringParams: Invalid frequency(-1), using 5G as default rssi array
07-18 07:18:05.904  2005  2608 I android_os_HwBinder: HwBinder: Starting thread pool for getting: vendor.zebra.fusion@1.0::IFusionWifi/default
07-18 07:18:05.906  2005  2608 D WifiNl80211Manager: setupFusionHAL on OnBind true
07-18 07:18:05.907  1332  1332 I vendor.zebra.fusion@1.0-service:  getParam: VOICE_CALL_IN_PROGRESS:  0
07-18 07:18:05.908  1332  1332 I vendor.zebra.fusion@1.0-service:  getParam: allow_zebra_app_scans 0
07-18 07:18:05.911  1547  9906 D fusionconfd: SkinnyCat: inside listen events
07-18 07:18:05.911  1528  1581 D SMARTMU : #(1581) [ os_wlan_driver_event.cpp : 40] ------------------>  NL80211_CMD_TRIGGER_SCAN : 33 
07-18 07:18:06.076  1339  1339 I vendor.zebra.hardware.health@1.0-service: getZebraHealthInfo
07-18 07:18:06.081  1333  1333 E BattSwapHIDL: Unable open read file /sys/battery_swap/capacity, errno=2
07-18 07:18:06.085  2005  2005 D BatterySaverStateMachine: on BATTERY_CHANGED: current BatteryLevel: 54
07-18 07:18:06.085  2005  2005 D BatterySaverStateMachine: received  intent action android.intent.action.BATTERY_CHANGED
07-18 07:18:06.088  3055  3055 D BatterySwapService: Received Intent.ACTION_BATTERY_CHANGED
07-18 07:18:06.095  8365  8365 D HighTemperatureReceiver: Receive action: android.intent.action.BATTERY_CHANGED
07-18 07:18:06.096  8456  8456 D b.b.b.c.a.d.b: Received battery event
07-18 07:18:06.097  8456  8456 D b.b.b.c.a.d.b: BatteryFactory event action = android.intent.action.BATTERY_CHANGED
07-18 07:18:06.098  4690  4690 D OSUService: dev-dbg:is_charging current_now -99793, batteryLevel: 54, adapter_charge_limit: 500000, isCharging(isCharging): false
07-18 07:18:06.099  4690  4690 D OSUService: dev-dbg: calling for resume
07-18 07:18:06.099  4690  4690 I OSUService: handle_ab_resume -1 3
07-18 07:18:06.099  4690  4690 E OSUService: Can't resume - there are no update in suspended state
07-18 07:18:06.202  1288  1354 I SDM     : DisplayBase::CommitThread: Received idle timeout
07-18 07:18:07.700  1528  1581 D SMARTMU : #(1581) [ os_wlan_driver_event.cpp : 40] ------------------>  NL80211_CMD_NEW_SCAN_RESULTS : 34 
07-18 07:18:07.701  1547  9906 D fusionconfd: SkinnyCat: is_country_available getting country
07-18 07:18:07.701  1547  9906 D fusionconfd: SkinnyCat: print_reg_handler: get country from NL cmd: 00
07-18 07:18:07.701  1547  9906 D fusionconfd: SkinnyCat: print_reg_handler: get country from NL cmd: US
07-18 07:18:07.701  2005  2802 D WifiNl80211Manager: Scan result ready event
07-18 07:18:07.701  1547  9906 E fusionconfd: SkinnyCat is_country_available: device_ccode=US
07-18 07:18:07.701  1547  9906 D fusionconfd: SkinnyCat: inside listen events
07-18 07:18:07.702  2005  2802 D WifiNative: Scan result ready event
07-18 07:18:07.731  2005  2608 D WificondScannerImpl: Filtering out 15 scan results.
07-18 07:18:07.793  7278  7278 I FusionManager: getCountry ENTER
07-18 07:18:07.794  1332  1332 D vendor.zebra.fusion@1.0-service: is80211dEnabled: returns 1
07-18 07:18:07.794  7300  7317 E z       : is80211dEnabled true
07-18 07:18:07.796  1547  1547 D fusionconfd: SkinnyCat: is_country_available getting country
07-18 07:18:07.796  1547  1547 D fusionconfd: SkinnyCat: print_reg_handler: get country from NL cmd: 00
07-18 07:18:07.796  1547  1547 D fusionconfd: SkinnyCat: print_reg_handler: get country from NL cmd: US
07-18 07:18:07.797  1547  1547 E fusionconfd: SkinnyCat is_country_available: device_ccode=US
07-18 07:18:11.212  1339  1339 I vendor.zebra.hardware.health@1.0-service: getZebraHealthInfo
07-18 07:18:11.216  1333  1333 E BattSwapHIDL: Unable open read file /sys/battery_swap/capacity, errno=2
07-18 07:18:11.221  2005  2005 D BatterySaverStateMachine: on BATTERY_CHANGED: current BatteryLevel: 54
07-18 07:18:11.221  2005  2005 D BatterySaverStateMachine: received  intent action android.intent.action.BATTERY_CHANGED
07-18 07:18:11.223  3055  3055 D BatterySwapService: Received Intent.ACTION_BATTERY_CHANGED
07-18 07:18:11.227  8365  8365 D HighTemperatureReceiver: Receive action: android.intent.action.BATTERY_CHANGED
07-18 07:18:11.230  8456  8456 D b.b.b.c.a.d.b: Received battery event
07-18 07:18:11.230  8456  8456 D b.b.b.c.a.d.b: BatteryFactory event action = android.intent.action.BATTERY_CHANGED
07-18 07:18:11.234  4690  4690 D OSUService: dev-dbg:is_charging current_now -108033, batteryLevel: 54, adapter_charge_limit: 500000, isCharging(isCharging): false
07-18 07:18:11.234  4690  4690 D OSUService: dev-dbg: calling for resume
07-18 07:18:11.234  4690  4690 I OSUService: handle_ab_resume -1 3
07-18 07:18:11.235  4690  4690 E OSUService: Can't resume - there are no update in suspended state
07-18 07:18:11.332  1288  1354 I SDM     : DisplayBase::CommitThread: Received idle timeout
07-18 07:18:12.271  1179  1237 E minksocket: MinkIPC_QRTR_Service: client with node 1 port 41d9 went down
07-18 07:18:12.273  1179  1237 E minksocket: MinkIPC_QRTR_Service: client with node 1 port 41da went down
07-18 07:18:12.277  1179  1237 E minksocket: MinkIPC_QRTR_Service: client with node 1 port 41db went down
07-18 07:18:15.291  3346 10890 W ehwz    : [{0}] Failed to resolve name. status={1}
07-18 07:18:15.875  2005  2603 E WifiScoringParams: Invalid frequency(-1), using 5G as default rssi array
07-18 07:18:15.909  2005  2608 I android_os_HwBinder: HwBinder: Starting thread pool for getting: vendor.zebra.fusion@1.0::IFusionWifi/default
07-18 07:18:15.911  2005  2608 D WifiNl80211Manager: setupFusionHAL on OnBind true
07-18 07:18:15.913  1332  1332 I vendor.zebra.fusion@1.0-service:  getParam: VOICE_CALL_IN_PROGRESS:  0
07-18 07:18:15.913  1332  1332 I vendor.zebra.fusion@1.0-service:  getParam: allow_zebra_app_scans 0
07-18 07:18:15.916  1528  1581 D SMARTMU : #(1581) [ os_wlan_driver_event.cpp : 40] ------------------>  NL80211_CMD_TRIGGER_SCAN : 33 
07-18 07:18:15.916  1547  9906 D fusionconfd: SkinnyCat: inside listen events
07-18 07:18:16.333  1339  1339 I vendor.zebra.hardware.health@1.0-service: getZebraHealthInfo
07-18 07:18:16.338  1333  1333 E BattSwapHIDL: Unable open read file /sys/battery_swap/capacity, errno=2
07-18 07:18:16.342  2005  2005 D BatterySaverStateMachine: on BATTERY_CHANGED: current BatteryLevel: 54
07-18 07:18:16.343  2005  2005 D BatterySaverStateMachine: received  intent action android.intent.action.BATTERY_CHANGED
07-18 07:18:16.344  3055  3055 D BatterySwapService: Received Intent.ACTION_BATTERY_CHANGED
07-18 07:18:16.352  8365  8365 D HighTemperatureReceiver: Receive action: android.intent.action.BATTERY_CHANGED
07-18 07:18:16.354  8456  8456 D b.b.b.c.a.d.b: Received battery event
07-18 07:18:16.354  8456  8456 D b.b.b.c.a.d.b: BatteryFactory event action = android.intent.action.BATTERY_CHANGED
07-18 07:18:16.356  4690  4690 D OSUService: dev-dbg:is_charging current_now -326847, batteryLevel: 54, adapter_charge_limit: 500000, isCharging(isCharging): false
07-18 07:18:16.356  4690  4690 D OSUService: dev-dbg: calling for resume
07-18 07:18:16.356  4690  4690 I OSUService: handle_ab_resume -1 3
07-18 07:18:16.356  4690  4690 E OSUService: Can't resume - there are no update in suspended state
07-18 07:18:16.443  1288  1354 I SDM     : DisplayBase::CommitThread: Received idle timeout
07-18 07:18:17.277  1179  1218 E sec_channel  : Modemcomm: Init Instance on handle:0 failed with -3 
07-18 07:18:17.277  1179  1218 E sec_channel  : Modemcomm: Failed to get handle of SSGQMSCA service
07-18 07:18:17.279  1179  1237 E minksocket: MinkIPC_QRTR_Service: client with node 1 port 41dc went down
07-18 07:18:17.281  1179  1237 E minksocket: MinkIPC_QRTR_Service: client with node 1 port 41dd went down
07-18 07:18:17.286  1179  1237 E minksocket: MinkIPC_QRTR_Service: client with node 1 port 41de went down
07-18 07:18:18.151  1528  1581 D SMARTMU : #(1581) [ os_wlan_driver_event.cpp : 40] ------------------>  NL80211_CMD_NEW_SCAN_RESULTS : 34 
07-18 07:18:18.151  1547  9906 D fusionconfd: SkinnyCat: is_country_available getting country
07-18 07:18:18.153  1547  9906 D fusionconfd: SkinnyCat: print_reg_handler: get country from NL cmd: 00
07-18 07:18:18.153  1547  9906 D fusionconfd: SkinnyCat: print_reg_handler: get country from NL cmd: US
07-18 07:18:18.154  1547  9906 E fusionconfd: SkinnyCat is_country_available: device_ccode=US
07-18 07:18:18.154  1547  9906 D fusionconfd: SkinnyCat: inside listen events
07-18 07:18:18.153  2005  3047 D WifiNl80211Manager: Scan result ready event
07-18 07:18:18.155  2005  3047 D WifiNative: Scan result ready event
07-18 07:18:18.186  2005  2608 D WificondScannerImpl: Filtering out 12 scan results.
07-18 07:18:18.269  7278  7278 I FusionManager: getCountry ENTER
07-18 07:18:18.270  1332  1332 D vendor.zebra.fusion@1.0-service: is80211dEnabled: returns 1
07-18 07:18:18.270  7300  7317 E z       : is80211dEnabled true
07-18 07:18:18.271  1547  1547 D fusionconfd: SkinnyCat: is_country_available getting country
07-18 07:18:18.271  1547  1547 D fusionconfd: SkinnyCat: print_reg_handler: get country from NL cmd: 00
07-18 07:18:18.271  1547  1547 D fusionconfd: SkinnyCat: print_reg_handler: get country from NL cmd: US
07-18 07:18:18.272  1547  1547 E fusionconfd: SkinnyCat is_country_available: device_ccode=US
07-18 07:18:18.390  2005  2045 I system_server: Background concurrent copying GC freed 729785(24MB) AllocSpace objects, 4(68KB) LOS objects, 49% free, 23MB/47MB, paused 88us,67us total 150.833ms
07-18 07:18:21.471  1339  1339 I vendor.zebra.hardware.health@1.0-service: getZebraHealthInfo
07-18 07:18:21.475  1333  1333 E BattSwapHIDL: Unable open read file /sys/battery_swap/capacity, errno=2
07-18 07:18:21.481  2005  2005 D BatterySaverStateMachine: on BATTERY_CHANGED: current BatteryLevel: 54
07-18 07:18:21.481  2005  2005 D BatterySaverStateMachine: received  intent action android.intent.action.BATTERY_CHANGED
07-18 07:18:21.484  3055  3055 D BatterySwapService: Received Intent.ACTION_BATTERY_CHANGED
07-18 07:18:21.489  4690  4690 D OSUService: dev-dbg:is_charging current_now -112611, batteryLevel: 54, adapter_charge_limit: 500000, isCharging(isCharging): false
07-18 07:18:21.489  4690  4690 D OSUService: dev-dbg: calling for resume
07-18 07:18:21.489  4690  4690 I OSUService: handle_ab_resume -1 3
07-18 07:18:21.489  4690  4690 E OSUService: Can't resume - there are no update in suspended state
07-18 07:18:21.492  8365  8365 D HighTemperatureReceiver: Receive action: android.intent.action.BATTERY_CHANGED
07-18 07:18:21.498  8456  8456 D b.b.b.c.a.d.b: Received battery event
07-18 07:18:21.498  8456  8456 D b.b.b.c.a.d.b: BatteryFactory event action = android.intent.action.BATTERY_CHANGED
07-18 07:18:21.589  1288  1354 I SDM     : DisplayBase::CommitThread: Received idle timeout
07-18 07:18:22.288  1179  1218 E sec_channel  : Modemcomm: Init Instance on handle:0 failed with -3 
07-18 07:18:22.288  1179  1218 E sec_channel  : Modemcomm: Failed to get handle of SSGSCA service as well - exiting
07-18 07:18:25.882  2005  2603 E WifiScoringParams: Invalid frequency(-1), using 5G as default rssi array
07-18 07:18:25.919  2005  2608 I android_os_HwBinder: HwBinder: Starting thread pool for getting: vendor.zebra.fusion@1.0::IFusionWifi/default
07-18 07:18:25.922  2005  2608 D WifiNl80211Manager: setupFusionHAL on OnBind true
07-18 07:18:25.924  1332  1332 I vendor.zebra.fusion@1.0-service:  getParam: VOICE_CALL_IN_PROGRESS:  0
07-18 07:18:25.925  1332  1332 I vendor.zebra.fusion@1.0-service:  getParam: allow_zebra_app_scans 0
07-18 07:18:25.928  1547  9906 D fusionconfd: SkinnyCat: inside listen events
07-18 07:18:25.928  1528  1581 D SMARTMU : #(1581) [ os_wlan_driver_event.cpp : 40] ------------------>  NL80211_CMD_TRIGGER_SCAN : 33 
07-18 07:18:26.557  1339  1339 I vendor.zebra.hardware.health@1.0-service: getZebraHealthInfo
07-18 07:18:26.561  1333  1333 E BattSwapHIDL: Unable open read file /sys/battery_swap/capacity, errno=2
07-18 07:18:26.567  2005  2005 D BatterySaverStateMachine: on BATTERY_CHANGED: current BatteryLevel: 54
07-18 07:18:26.567  2005  2005 D BatterySaverStateMachine: received  intent action android.intent.action.BATTERY_CHANGED
07-18 07:18:26.569  3055  3055 D BatterySwapService: Received Intent.ACTION_BATTERY_CHANGED
07-18 07:18:26.574  8365  8365 D HighTemperatureReceiver: Receive action: android.intent.action.BATTERY_CHANGED
07-18 07:18:26.575  8456  8456 D b.b.b.c.a.d.b: Received battery event
07-18 07:18:26.575  8456  8456 D b.b.b.c.a.d.b: BatteryFactory event action = android.intent.action.BATTERY_CHANGED
07-18 07:18:26.579  4690  4690 D OSUService: dev-dbg:is_charging current_now -363774, batteryLevel: 54, adapter_charge_limit: 500000, isCharging(isCharging): false
07-18 07:18:26.579  4690  4690 D OSUService: dev-dbg: calling for resume
07-18 07:18:26.580  4690  4690 I OSUService: handle_ab_resume -1 3
07-18 07:18:26.580  4690  4690 E OSUService: Can't resume - there are no update in suspended state
07-18 07:18:26.685  1288  1354 I SDM     : DisplayBase::CommitThread: Received idle timeout
07-18 07:18:26.747  1547  9905 D fusionconfd: SkinnyCat: Finished waiting 60 seconds timer
07-18 07:18:26.747  1547  9905 I fusionconfd: SkinnyCat: dispatch_events initiating scan
07-18 07:18:26.748  1547  9905 D fusionconfd: SkinnyCat: start_reg_scan started
07-18 07:18:26.748  1547  9905 D fusionconfd: SkinnyCat: WW_MODE_CCODE is already set: 00
07-18 07:18:26.749  1547  9905 D fusionconfd: SkinnyCat: set_reg_country setting country 00
07-18 07:18:26.749  1547  9905 E fusionconfd: Skinnycat: fill_worldwidemode_ccode : worldwidemode_code: 00
07-18 07:18:26.749  1547  9905 D fusionconfd: SkinnyCat: is_country_available getting country
07-18 07:18:26.749  1547  9905 D fusionconfd: SkinnyCat: print_reg_handler: get country from NL cmd: 00
07-18 07:18:26.749  1547  9905 D fusionconfd: SkinnyCat: print_reg_handler: get country from NL cmd: US
07-18 07:18:26.750  1547  9905 E fusionconfd: SkinnyCat is_country_available: device_ccode=US
07-18 07:18:26.750  1547  9905 I fusionconfd: SkinnyCat: set country : 00
07-18 07:18:26.750  1547  9905 D fusionconfd: SkinnyCat: DEVICE_DISCONNECTED initiating reg_scan with world wide mode cc(00)
07-18 07:18:26.751  1547  9905 E fusionconfd: SkinnyCat: Scan Trigger failed because of concurrent ongoing scan, err_code=-16
07-18 07:18:26.752  1547  9905 D fusionconfd: SkinnyCat: returning SKU 1
07-18 07:18:26.752  1547  9905 D fusionconfd: SkinnyCat: AP with better RSSI skipped due to SKU mismatch (RSSI: -9999.-99 dBm, Country: IN)
07-18 07:18:26.752  1547  9905 D fusionconfd: SkinnyCat: returning SKU 1
07-18 07:18:26.753  1547  9905 D fusionconfd: SkinnyCat: AP with better RSSI skipped due to SKU mismatch (RSSI: -9999.-99 dBm, Country: IN)
07-18 07:18:26.753  1547  9905 D fusionconfd: SkinnyCat: returning SKU 1
07-18 07:18:26.754  1547  9905 D fusionconfd: SkinnyCat: AP with better RSSI skipped due to SKU mismatch (RSSI: -9999.-99 dBm, Country: IN)
07-18 07:18:26.754  1547  9905 D fusionconfd: SkinnyCat: returning SKU 1
07-18 07:18:26.754  1547  9905 D fusionconfd: SkinnyCat max rssi:  -35.00 dBm country: US
07-18 07:18:26.756  1547  9905 D fusionconfd: SkinnyCat: trying to set country after reg_scan
07-18 07:18:26.756  1547  9905 D fusionconfd: SkinnyCat: found DEVICE_DISCONNECTED
07-18 07:18:26.756  1547  9905 I fusionconfd: SkinnyCat: setting country US
07-18 07:18:26.757  1547  9905 D fusionconfd: SkinnyCat: set_reg_country setting country US
07-18 07:18:26.757  1547  9905 E fusionconfd: Skinnycat: fill_worldwidemode_ccode : worldwidemode_code: 00
07-18 07:18:26.757  1547  9905 D fusionconfd: SkinnyCat: is_country_available getting country
07-18 07:18:26.757  1547  9905 D fusionconfd: SkinnyCat: print_reg_handler: get country from NL cmd: 00
07-18 07:18:26.757  1547  9905 D fusionconfd: SkinnyCat: print_reg_handler: get country from NL cmd: US
07-18 07:18:26.758  1547  9905 E fusionconfd: SkinnyCat is_country_available: device_ccode=US
07-18 07:18:26.758  1547  9905 D fusionconfd: SkinnyCat: Trying to set an already configured country(US), skipping country-set operation.
07-18 07:18:26.758  1547  9905 D fusionconfd: SkinnyCat: after scan dump for reg return value 0
07-18 07:18:26.758  1547  9905 D fusionconfd: SkinnyCat: start_reg_scan completed
07-18 07:18:26.759  1547  9905 I fusionconfd: SkinnyCat: dispatch_events completed scan
07-18 07:18:26.759  1547  9905 D fusionconfd: SkinnyCat: starting 60 seconds timer
07-18 07:18:26.761  1528  1581 D SMARTMU : #(1581) [ os_wlan_driver_event.cpp : 40] ------------------>  NL80211_CMD_WIPHY_REG_CHANGE : 113 
07-18 07:18:26.761  9979  9979 I wpa_supplicant: wlan0: CTRL-EVENT-REGDOM-CHANGE init=DRIVER type=WORLD
07-18 07:18:26.762  2005  3047 D WifiNl80211Manager: OnRegDomainChanged 00
07-18 07:18:26.762  2005  3047 D WifiNative: onCountryCodeChanged: 00
07-18 07:18:26.762  2005  3047 I WifiCountryCode: Receive onDriverCountryCodeChanged 00
07-18 07:18:26.763  2005  3047 D WifiScanRequestProxy: Sending scan available broadcast: true
07-18 07:18:26.763  2005  2608 I WifiScanningService: Received a request to enable scanning, UID = 1000
07-18 07:18:26.763  2005  2608 I WifiScanningService: scanner impls already exists
07-18 07:18:26.763  2005  2608 E WifiScanningService: wifi driver loaded received while already loaded
07-18 07:18:26.764  2005  3047 I WifiScanRequestProxy: Scanning is enabled
07-18 07:18:26.765  2005  3047 I WifiScanRequestProxy: Scanning for hidden networks is enabled
07-18 07:18:26.765  2005  2603 I WifiService: Receive onDriverCountryCodeChanged to 00, update available channel list
07-18 07:18:26.766  7300  7300 I FusionSarManager: state: Intent { act=android.net.wifi.action.WIFI_SCAN_AVAILABILITY_CHANGED flg=0x4000010 (has extras) }
07-18 07:18:26.766  7300  7300 I FusionSarManager: scan only state: true
07-18 07:18:26.770  2005  2603 E ApConfigUtil: Malformed channel value detected: java.lang.NumberFormatException: For input string: ""
07-18 07:18:26.770  2005  2603 I ApConfigUtil: WLAN device we do not support 5Ghz
07-18 07:18:26.774  2005  2603 E ApConfigUtil: Malformed channel value detected: java.lang.NumberFormatException: For input string: ""
07-18 07:18:26.774  2005  2603 I ApConfigUtil: WLAN device we do not support 5Ghz
07-18 07:18:27.722  2005  3047 D WifiNl80211Manager: Scan result ready event
07-18 07:18:27.723  2005  3047 D WifiNative: Scan result ready event
07-18 07:18:27.724  1528  1581 D SMARTMU : #(1581) [ os_wlan_driver_event.cpp : 40] ------------------>  NL80211_CMD_NEW_SCAN_RESULTS : 34 
07-18 07:18:27.725  1547  9906 I fusionconfd: SkinnyCat: Process new scan result event because reg_scan_trigger_failed
07-18 07:18:27.725  1547  9906 I fusionconfd: SkinnyCat: Dump scan results
07-18 07:18:27.726  1547  9906 D fusionconfd: SkinnyCat: returning SKU 1
07-18 07:18:27.726  1547  9906 D fusionconfd: SkinnyCat: AP with better RSSI skipped due to SKU mismatch (RSSI: -9999.-99 dBm, Country: IN)
07-18 07:18:27.726  1547  9906 D fusionconfd: SkinnyCat: returning SKU 1
07-18 07:18:27.726  1547  9906 D fusionconfd: SkinnyCat: AP with better RSSI skipped due to SKU mismatch (RSSI: -9999.-99 dBm, Country: IN)
07-18 07:18:27.726  1547  9906 D fusionconfd: SkinnyCat: returning SKU 1
07-18 07:18:27.726  1547  9906 D fusionconfd: SkinnyCat: AP with better RSSI skipped due to SKU mismatch (RSSI: -9999.-99 dBm, Country: IN)
07-18 07:18:27.726  1547  9906 D fusionconfd: SkinnyCat: returning SKU 1
07-18 07:18:27.726  1547  9906 D fusionconfd: SkinnyCat max rssi:  -35.00 dBm country: US
07-18 07:18:27.729  1547  9906 D fusionconfd: SkinnyCat: trying to set country after reg_scan
07-18 07:18:27.729  1547  9906 D fusionconfd: SkinnyCat: found DEVICE_DISCONNECTED
07-18 07:18:27.731  1547  9906 I fusionconfd: SkinnyCat: setting country US
07-18 07:18:27.732  1547  9906 D fusionconfd: SkinnyCat: set_reg_country setting country US
07-18 07:18:27.732  1547  9906 E fusionconfd: Skinnycat: fill_worldwidemode_ccode : worldwidemode_code: 00
07-18 07:18:27.733  1547  9906 D fusionconfd: SkinnyCat: is_country_available getting country
07-18 07:18:27.734  1547  9906 D fusionconfd: SkinnyCat: print_reg_handler: get country from NL cmd: 00
07-18 07:18:27.735  1547  9906 D fusionconfd: SkinnyCat: print_reg_handler: get country from NL cmd: 00
07-18 07:18:27.735  1547  9906 E fusionconfd: SkinnyCat is_country_available: device_ccode=00
07-18 07:18:27.735  1547  9906 D fusionconfd: SkinnyCat: returning SKU 1
07-18 07:18:27.735  1547  9906 I fusionconfd: SkinnyCat: set country : US
07-18 07:18:27.737  1547  9906 D fusionconfd: SkinnyCat: Scan dump is over, status code= 0
07-18 07:18:27.737  1547  9906 D fusionconfd: SkinnyCat: inside listen events
07-18 07:18:27.749  1528  1581 D SMARTMU : #(1581) [ os_wlan_driver_event.cpp : 40] ------------------>  NL80211_CMD_WIPHY_REG_CHANGE : 113 
07-18 07:18:27.750  9979  9979 I wpa_supplicant: wlan0: CTRL-EVENT-REGDOM-CHANGE init=DRIVER type=COUNTRY alpha2=US
07-18 07:18:27.750  2005  3047 D WifiNl80211Manager: OnRegDomainChanged US
07-18 07:18:27.750  2005  3047 D WifiNative: onCountryCodeChanged: US
07-18 07:18:27.751  2005  3047 I WifiCountryCode: Receive onDriverCountryCodeChanged US
07-18 07:18:27.751  2005  3047 D WifiScanRequestProxy: Sending scan available broadcast: true
07-18 07:18:27.753  2005  3047 I WifiScanRequestProxy: Scanning is enabled
07-18 07:18:27.753  2005  3047 I WifiScanRequestProxy: Scanning for hidden networks is enabled
07-18 07:18:27.754  2005  2608 D WificondScannerImpl: Filtering out 6 scan results.
07-18 07:18:27.754  2005  2603 I WifiService: Receive onDriverCountryCodeChanged to US, update available channel list
07-18 07:18:27.754  2005  2608 I WifiScanningService: Received a request to enable scanning, UID = 1000
07-18 07:18:27.755  2005  2608 I WifiScanningService: scanner impls already exists
07-18 07:18:27.759  2005  2608 E WifiScanningService: wifi driver loaded received while already loaded
07-18 07:18:27.759  7300  7300 I FusionSarManager: state: Intent { act=android.net.wifi.action.WIFI_SCAN_AVAILABILITY_CHANGED flg=0x4000010 (has extras) }
07-18 07:18:27.759  7300  7300 I FusionSarManager: scan only state: true
07-18 07:18:27.759  2005  2603 E ApConfigUtil: Malformed channel value detected: java.lang.NumberFormatException: For input string: ""
07-18 07:18:27.760  2005  2603 I ApConfigUtil: WLAN device we do not support 5Ghz
07-18 07:18:27.763  2005  2603 E ApConfigUtil: Malformed channel value detected: java.lang.NumberFormatException: For input string: ""
07-18 07:18:27.763  2005  2603 I ApConfigUtil: WLAN device we do not support 5Ghz
07-18 07:18:27.825  7278  7278 I FusionManager: getCountry ENTER
07-18 07:18:27.827  1332  1332 D vendor.zebra.fusion@1.0-service: is80211dEnabled: returns 1
07-18 07:18:27.827  7300  7317 E z       : is80211dEnabled true
07-18 07:18:27.829  1547  1547 D fusionconfd: SkinnyCat: is_country_available getting country
07-18 07:18:27.829  1547  1547 D fusionconfd: SkinnyCat: print_reg_handler: get country from NL cmd: 00
07-18 07:18:27.829  1547  1547 D fusionconfd: SkinnyCat: print_reg_handler: get country from NL cmd: US
07-18 07:18:27.830  1547  1547 E fusionconfd: SkinnyCat is_country_available: device_ccode=US
07-18 07:18:31.716  1339  1339 I vendor.zebra.hardware.health@1.0-service: getZebraHealthInfo
07-18 07:18:31.721  1333  1333 E BattSwapHIDL: Unable open read file /sys/battery_swap/capacity, errno=2
07-18 07:18:31.726  2005  2005 D BatterySaverStateMachine: on BATTERY_CHANGED: current BatteryLevel: 54
07-18 07:18:31.726  2005  2005 D BatterySaverStateMachine: received  intent action android.intent.action.BATTERY_CHANGED
07-18 07:18:31.729  3055  3055 D BatterySwapService: Received Intent.ACTION_BATTERY_CHANGED
07-18 07:18:31.733  8365  8365 D HighTemperatureReceiver: Receive action: android.intent.action.BATTERY_CHANGED
07-18 07:18:31.735  8456  8456 D b.b.b.c.a.d.b: Received battery event
07-18 07:18:31.735  8456  8456 D b.b.b.c.a.d.b: BatteryFactory event action = android.intent.action.BATTERY_CHANGED
07-18 07:18:31.739  4690  4690 D OSUService: dev-dbg:is_charging current_now -105592, batteryLevel: 54, adapter_charge_limit: 500000, isCharging(isCharging): false
07-18 07:18:31.740  4690  4690 D OSUService: dev-dbg: calling for resume
07-18 07:18:31.740  4690  4690 I OSUService: handle_ab_resume -1 3
07-18 07:18:31.741  4690  4690 E OSUService: Can't resume - there are no update in suspended state
07-18 07:18:31.831  1288  1354 I SDM     : DisplayBase::CommitThread: Received idle timeout
07-18 07:18:35.890  2005  2603 E WifiScoringParams: Invalid frequency(-1), using 5G as default rssi array
07-18 07:18:35.926  2005  2608 I android_os_HwBinder: HwBinder: Starting thread pool for getting: vendor.zebra.fusion@1.0::IFusionWifi/default
07-18 07:18:35.928  2005  2608 D WifiNl80211Manager: setupFusionHAL on OnBind true
07-18 07:18:35.929  1332  1332 I vendor.zebra.fusion@1.0-service:  getParam: VOICE_CALL_IN_PROGRESS:  0
07-18 07:18:35.930  1332  1332 I vendor.zebra.fusion@1.0-service:  getParam: allow_zebra_app_scans 0
07-18 07:18:35.932  1547  9906 D fusionconfd: SkinnyCat: inside listen events
07-18 07:18:35.933  1528  1581 D SMARTMU : #(1581) [ os_wlan_driver_event.cpp : 40] ------------------>  NL80211_CMD_TRIGGER_SCAN : 33 
07-18 07:18:36.022  1339  1339 I vendor.zebra.hardware.health@1.0-service: getZebraHealthInfo
07-18 07:18:36.026  1333  1333 E BattSwapHIDL: Unable open read file /sys/battery_swap/capacity, errno=2
07-18 07:18:36.031  2005  2005 D BatterySaverStateMachine: on BATTERY_CHANGED: current BatteryLevel: 54
07-18 07:18:36.032  2005  2005 D BatterySaverStateMachine: received  intent action android.intent.action.BATTERY_CHANGED
07-18 07:18:36.035  3055  3055 D BatterySwapService: Received Intent.ACTION_BATTERY_CHANGED
07-18 07:18:36.042  4690  4690 D OSUService: dev-dbg:is_charging current_now -184023, batteryLevel: 54, adapter_charge_limit: 500000, isCharging(isCharging): false
07-18 07:18:36.042  4690  4690 D OSUService: dev-dbg: calling for resume
07-18 07:18:36.042  4690  4690 I OSUService: handle_ab_resume -1 3
07-18 07:18:36.042  4690  4690 E OSUService: Can't resume - there are no update in suspended state
07-18 07:18:36.043  8365  8365 D HighTemperatureReceiver: Receive action: android.intent.action.BATTERY_CHANGED
07-18 07:18:36.044  8456  8456 D b.b.b.c.a.d.b: Received battery event
07-18 07:18:36.044  8456  8456 D b.b.b.c.a.d.b: BatteryFactory event action = android.intent.action.BATTERY_CHANGED
07-18 07:18:36.141  1288  1354 I SDM     : DisplayBase::CommitThread: Received idle timeout
07-18 07:18:36.799  1339  1339 I vendor.zebra.hardware.health@1.0-service: getZebraHealthInfo
07-18 07:18:36.803  1333  1333 E BattSwapHIDL: Unable open read file /sys/battery_swap/capacity, errno=2
07-18 07:18:36.809  2005  2005 D BatterySaverStateMachine: on BATTERY_CHANGED: current BatteryLevel: 54
07-18 07:18:36.810  2005  2005 D BatterySaverStateMachine: received  intent action android.intent.action.BATTERY_CHANGED
07-18 07:18:36.813  3055  3055 D BatterySwapService: Received Intent.ACTION_BATTERY_CHANGED
07-18 07:18:36.818  8456  8456 D b.b.b.c.a.d.b: Received battery event
07-18 07:18:36.819  8456  8456 D b.b.b.c.a.d.b: BatteryFactory event action = android.intent.action.BATTERY_CHANGED
07-18 07:18:36.821  8365  8365 D HighTemperatureReceiver: Receive action: android.intent.action.BATTERY_CHANGED
07-18 07:18:36.824  4690  4690 D OSUService: dev-dbg:is_charging current_now -599983, batteryLevel: 54, adapter_charge_limit: 500000, isCharging(isCharging): false
07-18 07:18:36.824  4690  4690 D OSUService: dev-dbg: calling for resume
07-18 07:18:36.825  4690  4690 I OSUService: handle_ab_resume -1 3
07-18 07:18:36.825  4690  4690 E OSUService: Can't resume - there are no update in suspended state
07-18 07:18:36.909  1288  1354 I SDM     : DisplayBase::CommitThread: Received idle timeout
07-18 07:18:38.172  1528  1581 D SMARTMU : #(1581) [ os_wlan_driver_event.cpp : 40] ------------------>  NL80211_CMD_NEW_SCAN_RESULTS : 34 
07-18 07:18:38.172  1547  9906 D fusionconfd: SkinnyCat: is_country_available getting country
07-18 07:18:38.173  1547  9906 D fusionconfd: SkinnyCat: print_reg_handler: get country from NL cmd: 00
07-18 07:18:38.173  1547  9906 D fusionconfd: SkinnyCat: print_reg_handler: get country from NL cmd: US
07-18 07:18:38.173  2005  4886 D WifiNl80211Manager: Scan result ready event
07-18 07:18:38.173  2005  4886 D WifiNative: Scan result ready event
07-18 07:18:38.173  1547  9906 E fusionconfd: SkinnyCat is_country_available: device_ccode=US
07-18 07:18:38.173  1547  9906 D fusionconfd: SkinnyCat: inside listen events
07-18 07:18:38.207  2005  2608 D WificondScannerImpl: Filtering out 8 scan results.
07-18 07:18:38.291  7278  7278 I FusionManager: getCountry ENTER
07-18 07:18:38.292  1332  1332 D vendor.zebra.fusion@1.0-service: is80211dEnabled: returns 1
07-18 07:18:38.292  7300  7317 E z       : is80211dEnabled true
07-18 07:18:38.294  1547  1547 D fusionconfd: SkinnyCat: is_country_available getting country
07-18 07:18:38.294  1547  1547 D fusionconfd: SkinnyCat: print_reg_handler: get country from NL cmd: 00
07-18 07:18:38.294  1547  1547 D fusionconfd: SkinnyCat: print_reg_handler: get country from NL cmd: US
07-18 07:18:38.295  1547  1547 E fusionconfd: SkinnyCat is_country_available: device_ccode=US
07-18 07:18:41.930  1339  1339 I vendor.zebra.hardware.health@1.0-service: getZebraHealthInfo
07-18 07:18:41.934  1333  1333 E BattSwapHIDL: Unable open read file /sys/battery_swap/capacity, errno=2
07-18 07:18:41.939  2005  2005 D BatterySaverStateMachine: on BATTERY_CHANGED: current BatteryLevel: 54
07-18 07:18:41.939  2005  2005 D BatterySaverStateMachine: received  intent action android.intent.action.BATTERY_CHANGED
07-18 07:18:41.943  3055  3055 D BatterySwapService: Received Intent.ACTION_BATTERY_CHANGED
07-18 07:18:41.948  4690  4690 D OSUService: dev-dbg:is_charging current_now -102235, batteryLevel: 54, adapter_charge_limit: 500000, isCharging(isCharging): false
07-18 07:18:41.948  4690  4690 D OSUService: dev-dbg: calling for resume
07-18 07:18:41.949  4690  4690 I OSUService: handle_ab_resume -1 3
07-18 07:18:41.949  4690  4690 E OSUService: Can't resume - there are no update in suspended state
07-18 07:18:41.951  8365  8365 D HighTemperatureReceiver: Receive action: android.intent.action.BATTERY_CHANGED
07-18 07:18:41.954  8456  8456 D b.b.b.c.a.d.b: Received battery event
07-18 07:18:41.954  8456  8456 D b.b.b.c.a.d.b: BatteryFactory event action = android.intent.action.BATTERY_CHANGED
07-18 07:18:42.058  1288  1354 I SDM     : DisplayBase::CommitThread: Received idle timeout
07-18 07:18:45.898  2005  2603 E WifiScoringParams: Invalid frequency(-1), using 5G as default rssi array
07-18 07:18:45.930  2005  2608 I android_os_HwBinder: HwBinder: Starting thread pool for getting: vendor.zebra.fusion@1.0::IFusionWifi/default
07-18 07:18:45.932  2005  2608 D WifiNl80211Manager: setupFusionHAL on OnBind true
07-18 07:18:45.934  1332  1332 I vendor.zebra.fusion@1.0-service:  getParam: VOICE_CALL_IN_PROGRESS:  0
07-18 07:18:45.934  1332  1332 I vendor.zebra.fusion@1.0-service:  getParam: allow_zebra_app_scans 0
07-18 07:18:45.937  1547  9906 D fusionconfd: SkinnyCat: inside listen events
07-18 07:18:45.937  1528  1581 D SMARTMU : #(1581) [ os_wlan_driver_event.cpp : 40] ------------------>  NL80211_CMD_TRIGGER_SCAN : 33 
07-18 07:18:47.050  1339  1339 I vendor.zebra.hardware.health@1.0-service: getZebraHealthInfo
07-18 07:18:47.054  1333  1333 E BattSwapHIDL: Unable open read file /sys/battery_swap/capacity, errno=2
07-18 07:18:47.060  2005  2005 D BatterySaverStateMachine: on BATTERY_CHANGED: current BatteryLevel: 54
07-18 07:18:47.060  2005  2005 D BatterySaverStateMachine: received  intent action android.intent.action.BATTERY_CHANGED
07-18 07:18:47.063  3055  3055 D BatterySwapService: Received Intent.ACTION_BATTERY_CHANGED
07-18 07:18:47.068  4690  4690 D OSUService: dev-dbg:is_charging current_now -348210, batteryLevel: 54, adapter_charge_limit: 500000, isCharging(isCharging): false
07-18 07:18:47.069  4690  4690 D OSUService: dev-dbg: calling for resume
07-18 07:18:47.069  4690  4690 I OSUService: handle_ab_resume -1 3
07-18 07:18:47.069  4690  4690 E OSUService: Can't resume - there are no update in suspended state
