07-18 07:18:47.070  8365  8365 D HighTemperatureReceiver: Receive action: android.intent.action.BATTERY_CHANGED
07-18 07:18:47.072  8456  8456 D b.b.b.c.a.d.b: Received battery event
07-18 07:18:47.072  8456  8456 D b.b.b.c.a.d.b: BatteryFactory event action = android.intent.action.BATTERY_CHANGED
07-18 07:18:47.167  1288  1354 I SDM     : DisplayBase::CommitThread: Received idle timeout
07-18 07:18:47.719  1528  1581 D SMARTMU : #(1581) [ os_wlan_driver_event.cpp : 40] ------------------>  NL80211_CMD_NEW_SCAN_RESULTS : 34 
07-18 07:18:47.719  1547  9906 D fusionconfd: SkinnyCat: is_country_available getting country
07-18 07:18:47.720  1547  9906 D fusionconfd: SkinnyCat: print_reg_handler: get country from NL cmd: 00
07-18 07:18:47.720  1547  9906 D fusionconfd: SkinnyCat: print_reg_handler: get country from NL cmd: US
07-18 07:18:47.722  2005  4886 D WifiNl80211Manager: Scan result ready event
07-18 07:18:47.722  1547  9906 E fusionconfd: SkinnyCat is_country_available: device_ccode=US
07-18 07:18:47.722  1547  9906 D fusionconfd: SkinnyCat: inside listen events
07-18 07:18:47.722  2005  4886 D WifiNative: Scan result ready event
07-18 07:18:47.754  2005  2608 D WificondScannerImpl: Filtering out 18 scan results.
07-18 07:18:47.817  7278  7278 I FusionManager: getCountry ENTER
07-18 07:18:47.818  1332  1332 D vendor.zebra.fusion@1.0-service: is80211dEnabled: returns 1
07-18 07:18:47.819  7300  7317 E z       : is80211dEnabled true
07-18 07:18:47.821  1547  1547 D fusionconfd: SkinnyCat: is_country_available getting country
07-18 07:18:47.821  1547  1547 D fusionconfd: SkinnyCat: print_reg_handler: get country from NL cmd: 00
07-18 07:18:47.821  1547  1547 D fusionconfd: SkinnyCat: print_reg_handler: get country from NL cmd: US
07-18 07:18:47.821  1547  1547 E fusionconfd: SkinnyCat is_country_available: device_ccode=US
07-18 07:18:52.171  1339  1339 I vendor.zebra.hardware.health@1.0-service: getZebraHealthInfo
07-18 07:18:52.175  1333  1333 E BattSwapHIDL: Unable open read file /sys/battery_swap/capacity, errno=2
07-18 07:18:52.181  2005  2005 D BatterySaverStateMachine: on BATTERY_CHANGED: current BatteryLevel: 54
07-18 07:18:52.182  2005  2005 D BatterySaverStateMachine: received  intent action android.intent.action.BATTERY_CHANGED
07-18 07:18:52.186  3055  3055 D BatterySwapService: Received Intent.ACTION_BATTERY_CHANGED
07-18 07:18:52.190  4690  4690 D OSUService: dev-dbg:is_charging current_now -114442, batteryLevel: 54, adapter_charge_limit: 500000, isCharging(isCharging): false
07-18 07:18:52.192  8365  8365 D HighTemperatureReceiver: Receive action: android.intent.action.BATTERY_CHANGED
07-18 07:18:52.192  4690  4690 D OSUService: dev-dbg: calling for resume
07-18 07:18:52.192  4690  4690 I OSUService: handle_ab_resume -1 3
07-18 07:18:52.192  4690  4690 E OSUService: Can't resume - there are no update in suspended state
07-18 07:18:52.194  8456  8456 D b.b.b.c.a.d.b: Received battery event
07-18 07:18:52.194  8456  8456 D b.b.b.c.a.d.b: BatteryFactory event action = android.intent.action.BATTERY_CHANGED
07-18 07:18:52.291  1179  1237 E minksocket: MinkIPC_QRTR_Service: client with node 1 port 41df went down
07-18 07:18:52.293  1179  1237 E minksocket: MinkIPC_QRTR_Service: client with node 1 port 41e0 went down
07-18 07:18:52.297  1288  1354 I SDM     : DisplayBase::CommitThread: Received idle timeout
07-18 07:18:52.297  1179  1237 E minksocket: MinkIPC_QRTR_Service: client with node 1 port 41e1 went down
07-18 07:18:55.904  2005  2603 E WifiScoringParams: Invalid frequency(-1), using 5G as default rssi array
07-18 07:18:55.941  2005  2608 I android_os_HwBinder: HwBinder: Starting thread pool for getting: vendor.zebra.fusion@1.0::IFusionWifi/default
07-18 07:18:55.943  2005  2608 D WifiNl80211Manager: setupFusionHAL on OnBind true
07-18 07:18:55.945  1332  1332 I vendor.zebra.fusion@1.0-service:  getParam: VOICE_CALL_IN_PROGRESS:  0
07-18 07:18:55.946  1332  1332 I vendor.zebra.fusion@1.0-service:  getParam: allow_zebra_app_scans 0
07-18 07:18:55.950  1547  9906 D fusionconfd: SkinnyCat: inside listen events
07-18 07:18:55.951  1528  1581 D SMARTMU : #(1581) [ os_wlan_driver_event.cpp : 40] ------------------>  NL80211_CMD_TRIGGER_SCAN : 33 
07-18 07:18:57.295  1339  1339 I vendor.zebra.hardware.health@1.0-service: getZebraHealthInfo
07-18 07:18:57.297  1179  1218 E sec_channel  : Modemcomm: Init Instance on handle:0 failed with -3 
07-18 07:18:57.297  1179  1218 E sec_channel  : Modemcomm: Failed to get handle of SSGQMSCA service
07-18 07:18:57.299  1179  1237 E minksocket: MinkIPC_QRTR_Service: client with node 1 port 41e2 went down
07-18 07:18:57.300  1333  1333 E BattSwapHIDL: Unable open read file /sys/battery_swap/capacity, errno=2
07-18 07:18:57.301  1179  1237 E minksocket: MinkIPC_QRTR_Service: client with node 1 port 41e3 went down
07-18 07:18:57.305  2005  2005 D BatterySaverStateMachine: on BATTERY_CHANGED: current BatteryLevel: 54
07-18 07:18:57.305  2005  2005 D BatterySaverStateMachine: received  intent action android.intent.action.BATTERY_CHANGED
07-18 07:18:57.307  1179  1237 E minksocket: MinkIPC_QRTR_Service: client with node 1 port 41e4 went down
07-18 07:18:57.312  8456  8456 D b.b.b.c.a.d.b: Received battery event
07-18 07:18:57.312  8456  8456 D b.b.b.c.a.d.b: BatteryFactory event action = android.intent.action.BATTERY_CHANGED
07-18 07:18:57.313  8365  8365 D HighTemperatureReceiver: Receive action: android.intent.action.BATTERY_CHANGED
07-18 07:18:57.316  4690  4690 D OSUService: dev-dbg:is_charging current_now -225222, batteryLevel: 54, adapter_charge_limit: 500000, isCharging(isCharging): false
07-18 07:18:57.316  4690  4690 D OSUService: dev-dbg: calling for resume
07-18 07:18:57.316  4690  4690 I OSUService: handle_ab_resume -1 3
07-18 07:18:57.316  4690  4690 E OSUService: Can't resume - there are no update in suspended state
07-18 07:18:57.316  3055  3055 D BatterySwapService: Received Intent.ACTION_BATTERY_CHANGED
07-18 07:18:57.413  1288  1354 I SDM     : DisplayBase::CommitThread: Received idle timeout
07-18 07:18:58.195  1528  1581 D SMARTMU : #(1581) [ os_wlan_driver_event.cpp : 40] ------------------>  NL80211_CMD_NEW_SCAN_RESULTS : 34 
07-18 07:18:58.196  1547  9906 D fusionconfd: SkinnyCat: is_country_available getting country
07-18 07:18:58.197  1547  9906 D fusionconfd: SkinnyCat: print_reg_handler: get country from NL cmd: 00
07-18 07:18:58.197  1547  9906 D fusionconfd: SkinnyCat: print_reg_handler: get country from NL cmd: US
07-18 07:18:58.197  2005  2049 D WifiNl80211Manager: Scan result ready event
07-18 07:18:58.197  2005  2049 D WifiNative: Scan result ready event
07-18 07:18:58.197  1547  9906 E fusionconfd: SkinnyCat is_country_available: device_ccode=US
07-18 07:18:58.197  1547  9906 D fusionconfd: SkinnyCat: inside listen events
07-18 07:18:58.230  2005  2608 D WificondScannerImpl: Filtering out 14 scan results.
07-18 07:18:58.309  7278  7278 I FusionManager: getCountry ENTER
07-18 07:18:58.310  1332  1332 D vendor.zebra.fusion@1.0-service: is80211dEnabled: returns 1
07-18 07:18:58.311  7300  7317 E z       : is80211dEnabled true
07-18 07:18:58.313  1547  1547 D fusionconfd: SkinnyCat: is_country_available getting country
07-18 07:18:58.313  1547  1547 D fusionconfd: SkinnyCat: print_reg_handler: get country from NL cmd: 00
07-18 07:18:58.313  1547  1547 D fusionconfd: SkinnyCat: print_reg_handler: get country from NL cmd: US
07-18 07:18:58.313  1547  1547 E fusionconfd: SkinnyCat is_country_available: device_ccode=US
07-18 07:19:00.023  2005  2049 D CompatibilityInfo: mCompatibilityFlags - 4
07-18 07:19:00.023  2005  2049 D CompatibilityInfo: applicationDensity - 240
07-18 07:19:00.023  2005  2049 D CompatibilityInfo: applicationScale - 1.0
07-18 07:19:00.116  1288  1354 I SDM     : DisplayBase::CommitThread: Received idle timeout
07-18 07:19:02.307  1179  1218 E sec_channel  : Modemcomm: Init Instance on handle:0 failed with -3 
07-18 07:19:02.307  1179  1218 E sec_channel  : Modemcomm: Failed to get handle of SSGSCA service as well - exiting
07-18 07:19:02.405  1339  1339 I vendor.zebra.hardware.health@1.0-service: getZebraHealthInfo
07-18 07:19:02.410  1333  1333 E BattSwapHIDL: Unable open read file /sys/battery_swap/capacity, errno=2
07-18 07:19:02.417  2005  2005 D BatterySaverStateMachine: on BATTERY_CHANGED: current BatteryLevel: 54
07-18 07:19:02.417  2005  2005 D BatterySaverStateMachine: received  intent action android.intent.action.BATTERY_CHANGED
07-18 07:19:02.421  3055  3055 D BatterySwapService: Received Intent.ACTION_BATTERY_CHANGED
07-18 07:19:02.427  8365  8365 D HighTemperatureReceiver: Receive action: android.intent.action.BATTERY_CHANGED
07-18 07:19:02.429  8456  8456 D b.b.b.c.a.d.b: Received battery event
07-18 07:19:02.430  8456  8456 D b.b.b.c.a.d.b: BatteryFactory event action = android.intent.action.BATTERY_CHANGED
07-18 07:19:02.433  4690  4690 D OSUService: dev-dbg:is_charging current_now -133974, batteryLevel: 54, adapter_charge_limit: 500000, isCharging(isCharging): false
07-18 07:19:02.433  4690  4690 D OSUService: dev-dbg: calling for resume
07-18 07:19:02.433  4690  4690 I OSUService: handle_ab_resume -1 3
07-18 07:19:02.433  4690  4690 E OSUService: Can't resume - there are no update in suspended state
07-18 07:19:02.538  1288  1354 I SDM     : DisplayBase::CommitThread: Received idle timeout
07-18 07:19:05.911  2005  2603 E WifiScoringParams: Invalid frequency(-1), using 5G as default rssi array
07-18 07:19:05.945  2005  2608 I android_os_HwBinder: HwBinder: Starting thread pool for getting: vendor.zebra.fusion@1.0::IFusionWifi/default
07-18 07:19:05.947  2005  2608 D WifiNl80211Manager: setupFusionHAL on OnBind true
07-18 07:19:05.949  1332  1332 I vendor.zebra.fusion@1.0-service:  getParam: VOICE_CALL_IN_PROGRESS:  0
07-18 07:19:05.950  1332  1332 I vendor.zebra.fusion@1.0-service:  getParam: allow_zebra_app_scans 0
07-18 07:19:05.952  1547  9906 D fusionconfd: SkinnyCat: inside listen events
07-18 07:19:05.953  1528  1581 D SMARTMU : #(1581) [ os_wlan_driver_event.cpp : 40] ------------------>  NL80211_CMD_TRIGGER_SCAN : 33 
07-18 07:19:07.526  1339  1339 I vendor.zebra.hardware.health@1.0-service: getZebraHealthInfo
07-18 07:19:07.530  1333  1333 E BattSwapHIDL: Unable open read file /sys/battery_swap/capacity, errno=2
07-18 07:19:07.534  2005  2005 D BatterySaverStateMachine: on BATTERY_CHANGED: current BatteryLevel: 54
07-18 07:19:07.534  2005  2005 D BatterySaverStateMachine: received  intent action android.intent.action.BATTERY_CHANGED
07-18 07:19:07.537  3055  3055 D BatterySwapService: Received Intent.ACTION_BATTERY_CHANGED
07-18 07:19:07.544  4690  4690 D OSUService: dev-dbg:is_charging current_now -227053, batteryLevel: 54, adapter_charge_limit: 500000, isCharging(isCharging): false
07-18 07:19:07.544  4690  4690 D OSUService: dev-dbg: calling for resume
07-18 07:19:07.544  4690  4690 I OSUService: handle_ab_resume -1 3
07-18 07:19:07.545  4690  4690 E OSUService: Can't resume - there are no update in suspended state
07-18 07:19:07.545  8365  8365 D HighTemperatureReceiver: Receive action: android.intent.action.BATTERY_CHANGED
07-18 07:19:07.550  8456  8456 D b.b.b.c.a.d.b: Received battery event
07-18 07:19:07.550  8456  8456 D b.b.b.c.a.d.b: BatteryFactory event action = android.intent.action.BATTERY_CHANGED
07-18 07:19:07.651  1288  1354 I SDM     : DisplayBase::CommitThread: Received idle timeout
07-18 07:19:07.749  1528  1581 D SMARTMU : #(1581) [ os_wlan_driver_event.cpp : 40] ------------------>  NL80211_CMD_NEW_SCAN_RESULTS : 34 
07-18 07:19:07.749  1547  9906 D fusionconfd: SkinnyCat: is_country_available getting country
07-18 07:19:07.750  1547  9906 D fusionconfd: SkinnyCat: print_reg_handler: get country from NL cmd: 00
07-18 07:19:07.750  1547  9906 D fusionconfd: SkinnyCat: print_reg_handler: get country from NL cmd: US
07-18 07:19:07.750  1547  9906 E fusionconfd: SkinnyCat is_country_available: device_ccode=US
07-18 07:19:07.750  1547  9906 D fusionconfd: SkinnyCat: inside listen events
07-18 07:19:07.751  2005  4886 D WifiNl80211Manager: Scan result ready event
07-18 07:19:07.751  2005  4886 D WifiNative: Scan result ready event
07-18 07:19:07.785  2005  2608 D WificondScannerImpl: Filtering out 10 scan results.
07-18 07:19:07.867  7278  7278 I FusionManager: getCountry ENTER
07-18 07:19:07.868  1332  1332 D vendor.zebra.fusion@1.0-service: is80211dEnabled: returns 1
07-18 07:19:07.868  7300  7317 E z       : is80211dEnabled true
07-18 07:19:07.870  1547  1547 D fusionconfd: SkinnyCat: is_country_available getting country
07-18 07:19:07.870  1547  1547 D fusionconfd: SkinnyCat: print_reg_handler: get country from NL cmd: 00
07-18 07:19:07.870  1547  1547 D fusionconfd: SkinnyCat: print_reg_handler: get country from NL cmd: US
07-18 07:19:07.870  1547  1547 E fusionconfd: SkinnyCat is_country_available: device_ccode=US
07-18 07:19:09.790  6085  6245 I PlayCommon: [68] akra.j(24): Preparing logs for uploading
07-18 07:19:09.794  6085  6245 I PlayCommon: [68] akra.j(142): Connecting to server for timestamp: https://play.googleapis.com/play/log/timestamp
07-18 07:19:09.803  6085  6245 E PlayCommon: [68] akra.j(143): Failed to connect to server for server timestamp: java.net.UnknownHostException: Unable to resolve host "play.googleapis.com": No address associated with hostname
07-18 07:19:09.804  6085  6245 W PlayCommon: [68] akra.l(1): No account for auth token provided
07-18 07:19:09.805  6085  6245 I PlayCommon: [68] akra.j(178): Connecting to server: https://play.googleapis.com/play/log?format=raw&proto_v2=true
07-18 07:19:09.806  6085  6245 E PlayCommon: [68] akra.j(184): Failed to connect to server for log upload.
07-18 07:19:11.573  6246  6593 I PlayCommon: [44] akra.j(24): Preparing logs for uploading
07-18 07:19:11.577  6246  6593 I PlayCommon: [44] akra.j(142): Connecting to server for timestamp: https://play.googleapis.com/play/log/timestamp
07-18 07:19:11.584  6246  6593 E PlayCommon: [44] akra.j(143): Failed to connect to server for server timestamp: java.net.UnknownHostException: Unable to resolve host "play.googleapis.com": No address associated with hostname
07-18 07:19:11.585  6246  6593 W PlayCommon: [44] akra.l(1): No account for auth token provided
07-18 07:19:11.585  6246  6593 I PlayCommon: [44] akra.j(178): Connecting to server: https://play.googleapis.com/play/log?format=raw&proto_v2=true
07-18 07:19:11.587  6246  6593 E PlayCommon: [44] akra.j(184): Failed to connect to server for log upload.
07-18 07:19:12.647  1339  1339 I vendor.zebra.hardware.health@1.0-service: getZebraHealthInfo
07-18 07:19:12.652  1333  1333 E BattSwapHIDL: Unable open read file /sys/battery_swap/capacity, errno=2
07-18 07:19:12.657  2005  2005 D BatterySaverStateMachine: on BATTERY_CHANGED: current BatteryLevel: 54
07-18 07:19:12.657  2005  2005 D BatterySaverStateMachine: received  intent action android.intent.action.BATTERY_CHANGED
07-18 07:19:12.659  3055  3055 D BatterySwapService: Received Intent.ACTION_BATTERY_CHANGED
07-18 07:19:12.663  8456  8456 D b.b.b.c.a.d.b: Received battery event
07-18 07:19:12.663  8456  8456 D b.b.b.c.a.d.b: BatteryFactory event action = android.intent.action.BATTERY_CHANGED
07-18 07:19:12.666  8365  8365 D HighTemperatureReceiver: Receive action: android.intent.action.BATTERY_CHANGED
07-18 07:19:12.669  4690  4690 D OSUService: dev-dbg:is_charging current_now -203249, batteryLevel: 54, adapter_charge_limit: 500000, isCharging(isCharging): false
07-18 07:19:12.669  4690  4690 D OSUService: dev-dbg: calling for resume
07-18 07:19:12.670  4690  4690 I OSUService: handle_ab_resume -1 3
07-18 07:19:12.671  4690  4690 E OSUService: Can't resume - there are no update in suspended state
07-18 07:19:12.763  1288  1354 I SDM     : DisplayBase::CommitThread: Received idle timeout
07-18 07:19:15.917  2005  2603 E WifiScoringParams: Invalid frequency(-1), using 5G as default rssi array
07-18 07:19:15.950  2005  2608 I android_os_HwBinder: HwBinder: Starting thread pool for getting: vendor.zebra.fusion@1.0::IFusionWifi/default
07-18 07:19:15.951  2005  2608 D WifiNl80211Manager: setupFusionHAL on OnBind true
07-18 07:19:15.953  1332  1332 I vendor.zebra.fusion@1.0-service:  getParam: VOICE_CALL_IN_PROGRESS:  0
07-18 07:19:15.954  1332  1332 I vendor.zebra.fusion@1.0-service:  getParam: allow_zebra_app_scans 0
07-18 07:19:15.957  1547  9906 D fusionconfd: SkinnyCat: inside listen events
07-18 07:19:15.957  1528  1581 D SMARTMU : #(1581) [ os_wlan_driver_event.cpp : 40] ------------------>  NL80211_CMD_TRIGGER_SCAN : 33 
07-18 07:19:17.791  1339  1339 I vendor.zebra.hardware.health@1.0-service: getZebraHealthInfo
07-18 07:19:17.796  1333  1333 E BattSwapHIDL: Unable open read file /sys/battery_swap/capacity, errno=2
07-18 07:19:17.800  2005  2005 D BatterySaverStateMachine: on BATTERY_CHANGED: current BatteryLevel: 54
07-18 07:19:17.800  2005  2005 D BatterySaverStateMachine: received  intent action android.intent.action.BATTERY_CHANGED
07-18 07:19:17.803  3055  3055 D BatterySwapService: Received Intent.ACTION_BATTERY_CHANGED
07-18 07:19:17.810  8365  8365 D HighTemperatureReceiver: Receive action: android.intent.action.BATTERY_CHANGED
07-18 07:19:17.812  4690  4690 D OSUService: dev-dbg:is_charging current_now -218814, batteryLevel: 54, adapter_charge_limit: 500000, isCharging(isCharging): false
07-18 07:19:17.812  4690  4690 D OSUService: dev-dbg: calling for resume
07-18 07:19:17.813  4690  4690 I OSUService: handle_ab_resume -1 3
07-18 07:19:17.813  4690  4690 E OSUService: Can't resume - there are no update in suspended state
07-18 07:19:17.814  8456  8456 D b.b.b.c.a.d.b: Received battery event
07-18 07:19:17.815  8456  8456 D b.b.b.c.a.d.b: BatteryFactory event action = android.intent.action.BATTERY_CHANGED
07-18 07:19:17.909  1288  1354 I SDM     : DisplayBase::CommitThread: Received idle timeout
07-18 07:19:18.200  1547  9906 D fusionconfd: SkinnyCat: is_country_available getting country
07-18 07:19:18.201  1547  9906 D fusionconfd: SkinnyCat: print_reg_handler: get country from NL cmd: 00
07-18 07:19:18.201  1547  9906 D fusionconfd: SkinnyCat: print_reg_handler: get country from NL cmd: US
07-18 07:19:18.201  1547  9906 E fusionconfd: SkinnyCat is_country_available: device_ccode=US
07-18 07:19:18.201  1547  9906 D fusionconfd: SkinnyCat: inside listen events
07-18 07:19:18.202  1528  1581 D SMARTMU : #(1581) [ os_wlan_driver_event.cpp : 40] ------------------>  NL80211_CMD_NEW_SCAN_RESULTS : 34 
07-18 07:19:18.204  2005  4886 D WifiNl80211Manager: Scan result ready event
07-18 07:19:18.205  2005  4886 D WifiNative: Scan result ready event
07-18 07:19:18.241  2005  2608 D WificondScannerImpl: Filtering out 10 scan results.
07-18 07:19:18.324  7278  7278 I FusionManager: getCountry ENTER
07-18 07:19:18.325  1332  1332 D vendor.zebra.fusion@1.0-service: is80211dEnabled: returns 1
07-18 07:19:18.325  7300  7317 E z       : is80211dEnabled true
07-18 07:19:18.326  1547  1547 D fusionconfd: SkinnyCat: is_country_available getting country
07-18 07:19:18.326  1547  1547 D fusionconfd: SkinnyCat: print_reg_handler: get country from NL cmd: 00
07-18 07:19:18.326  1547  1547 D fusionconfd: SkinnyCat: print_reg_handler: get country from NL cmd: US
07-18 07:19:18.327  1547  1547 E fusionconfd: SkinnyCat is_country_available: device_ccode=US
07-18 07:19:21.634  3346 10963 W ehwz    : [{0}] Failed to resolve name. status={1}
07-18 07:19:22.886  1339  1339 I vendor.zebra.hardware.health@1.0-service: getZebraHealthInfo
07-18 07:19:22.891  1333  1333 E BattSwapHIDL: Unable open read file /sys/battery_swap/capacity, errno=2
07-18 07:19:22.896  2005  2005 D BatterySaverStateMachine: on BATTERY_CHANGED: current BatteryLevel: 54
07-18 07:19:22.897  2005  2005 D BatterySaverStateMachine: received  intent action android.intent.action.BATTERY_CHANGED
07-18 07:19:22.900  3055  3055 D BatterySwapService: Received Intent.ACTION_BATTERY_CHANGED
07-18 07:19:22.906  4690  4690 D OSUService: dev-dbg:is_charging current_now -112306, batteryLevel: 54, adapter_charge_limit: 500000, isCharging(isCharging): false
07-18 07:19:22.906  4690  4690 D OSUService: dev-dbg: calling for resume
07-18 07:19:22.906  4690  4690 I OSUService: handle_ab_resume -1 3
07-18 07:19:22.906  4690  4690 E OSUService: Can't resume - there are no update in suspended state
07-18 07:19:22.907  8456  8456 D b.b.b.c.a.d.b: Received battery event
07-18 07:19:22.907  8456  8456 D b.b.b.c.a.d.b: BatteryFactory event action = android.intent.action.BATTERY_CHANGED
07-18 07:19:22.909  8365  8365 D HighTemperatureReceiver: Receive action: android.intent.action.BATTERY_CHANGED
07-18 07:19:23.023  1288  1354 I SDM     : DisplayBase::CommitThread: Received idle timeout
07-18 07:19:25.922  2005  2603 E WifiScoringParams: Invalid frequency(-1), using 5G as default rssi array
07-18 07:19:25.958  2005  2608 I android_os_HwBinder: HwBinder: Starting thread pool for getting: vendor.zebra.fusion@1.0::IFusionWifi/default
07-18 07:19:25.960  2005  2608 D WifiNl80211Manager: setupFusionHAL on OnBind true
07-18 07:19:25.962  1332  1332 I vendor.zebra.fusion@1.0-service:  getParam: VOICE_CALL_IN_PROGRESS:  0
07-18 07:19:25.962  1332  1332 I vendor.zebra.fusion@1.0-service:  getParam: allow_zebra_app_scans 0
07-18 07:19:25.965  1547  9906 D fusionconfd: SkinnyCat: inside listen events
07-18 07:19:25.965  1528  1581 D SMARTMU : #(1581) [ os_wlan_driver_event.cpp : 40] ------------------>  NL80211_CMD_TRIGGER_SCAN : 33 
07-18 07:19:26.762  1547  9905 D fusionconfd: SkinnyCat: Finished waiting 60 seconds timer
07-18 07:19:26.762  1547  9905 I fusionconfd: SkinnyCat: dispatch_events initiating scan
07-18 07:19:26.763  1547  9905 D fusionconfd: SkinnyCat: start_reg_scan started
07-18 07:19:26.763  1547  9905 D fusionconfd: SkinnyCat: WW_MODE_CCODE is already set: 00
07-18 07:19:26.763  1547  9905 D fusionconfd: SkinnyCat: set_reg_country setting country 00
07-18 07:19:26.763  1547  9905 E fusionconfd: Skinnycat: fill_worldwidemode_ccode : worldwidemode_code: 00
07-18 07:19:26.763  1547  9905 D fusionconfd: SkinnyCat: is_country_available getting country
07-18 07:19:26.764  1547  9905 D fusionconfd: SkinnyCat: print_reg_handler: get country from NL cmd: 00
07-18 07:19:26.764  1547  9905 D fusionconfd: SkinnyCat: print_reg_handler: get country from NL cmd: US
07-18 07:19:26.764  1547  9905 E fusionconfd: SkinnyCat is_country_available: device_ccode=US
07-18 07:19:26.765  1547  9905 I fusionconfd: SkinnyCat: set country : 00
07-18 07:19:26.765  1547  9905 D fusionconfd: SkinnyCat: DEVICE_DISCONNECTED initiating reg_scan with world wide mode cc(00)
07-18 07:19:26.765  1547  9905 E fusionconfd: SkinnyCat: Scan Trigger failed because of concurrent ongoing scan, err_code=-16
07-18 07:19:26.768  1547  9905 D fusionconfd: SkinnyCat: returning SKU 1
07-18 07:19:26.768  1547  9905 D fusionconfd: SkinnyCat: AP with better RSSI skipped due to SKU mismatch (RSSI: -9999.-99 dBm, Country: IN)
07-18 07:19:26.769  1547  9905 D fusionconfd: SkinnyCat: returning SKU 1
07-18 07:19:26.769  1547  9905 D fusionconfd: SkinnyCat: AP with better RSSI skipped due to SKU mismatch (RSSI: -9999.-99 dBm, Country: IN)
07-18 07:19:26.769  1547  9905 D fusionconfd: SkinnyCat: returning SKU 1
07-18 07:19:26.769  1547  9905 D fusionconfd: SkinnyCat: AP with better RSSI skipped due to SKU mismatch (RSSI: -9999.-99 dBm, Country: IN)
07-18 07:19:26.769  1547  9905 D fusionconfd: SkinnyCat: returning SKU 1
07-18 07:19:26.769  1547  9905 D fusionconfd: SkinnyCat max rssi:  -35.00 dBm country: US
07-18 07:19:26.772  1547  9905 D fusionconfd: SkinnyCat: trying to set country after reg_scan
07-18 07:19:26.772  1547  9905 D fusionconfd: SkinnyCat: found DEVICE_DISCONNECTED
07-18 07:19:26.773  1547  9905 I fusionconfd: SkinnyCat: setting country US
07-18 07:19:26.773  1547  9905 D fusionconfd: SkinnyCat: set_reg_country setting country US
07-18 07:19:26.773  1547  9905 E fusionconfd: Skinnycat: fill_worldwidemode_ccode : worldwidemode_code: 00
07-18 07:19:26.774  9979  9979 I wpa_supplicant: wlan0: CTRL-EVENT-REGDOM-CHANGE init=DRIVER type=WORLD
07-18 07:19:26.774  1547  9905 D fusionconfd: SkinnyCat: is_country_available getting country
07-18 07:19:26.774  1547  9905 D fusionconfd: SkinnyCat: print_reg_handler: get country from NL cmd: 00
07-18 07:19:26.774  1547  9905 D fusionconfd: SkinnyCat: print_reg_handler: get country from NL cmd: 00
07-18 07:19:26.775  1528  1581 D SMARTMU : #(1581) [ os_wlan_driver_event.cpp : 40] ------------------>  NL80211_CMD_WIPHY_REG_CHANGE : 113 
07-18 07:19:26.775  1547  9905 E fusionconfd: SkinnyCat is_country_available: device_ccode=00
07-18 07:19:26.775  1547  9905 D fusionconfd: SkinnyCat: returning SKU 1
07-18 07:19:26.775  1547  9905 I fusionconfd: SkinnyCat: set country : US
07-18 07:19:26.776  1547  9905 D fusionconfd: SkinnyCat: after scan dump for reg return value 0
07-18 07:19:26.776  1547  9905 D fusionconfd: SkinnyCat: start_reg_scan completed
07-18 07:19:26.776  1547  9905 I fusionconfd: SkinnyCat: dispatch_events completed scan
07-18 07:19:26.776  1547  9905 D fusionconfd: SkinnyCat: starting 60 seconds timer
07-18 07:19:26.776  2005  2049 D WifiNl80211Manager: OnRegDomainChanged 00
07-18 07:19:26.777  2005  2049 D WifiNative: onCountryCodeChanged: 00
07-18 07:19:26.777  2005  2049 I WifiCountryCode: Receive onDriverCountryCodeChanged 00
07-18 07:19:26.777  2005  2049 D WifiScanRequestProxy: Sending scan available broadcast: true
07-18 07:19:26.777  2005  2608 I WifiScanningService: Received a request to enable scanning, UID = 1000
07-18 07:19:26.778  2005  2608 I WifiScanningService: scanner impls already exists
07-18 07:19:26.778  2005  2608 E WifiScanningService: wifi driver loaded received while already loaded
07-18 07:19:26.778  2005  2049 I WifiScanRequestProxy: Scanning is enabled
07-18 07:19:26.778  2005  2049 I WifiScanRequestProxy: Scanning for hidden networks is enabled
07-18 07:19:26.779  2005  2603 I WifiService: Receive onDriverCountryCodeChanged to 00, update available channel list
07-18 07:19:26.782  7300  7300 I FusionSarManager: state: Intent { act=android.net.wifi.action.WIFI_SCAN_AVAILABILITY_CHANGED flg=0x4000010 (has extras) }
07-18 07:19:26.782  7300  7300 I FusionSarManager: scan only state: true
07-18 07:19:26.782  1528  1581 D SMARTMU : #(1581) [ os_wlan_driver_event.cpp : 40] ------------------>  NL80211_CMD_WIPHY_REG_CHANGE : 113 
07-18 07:19:26.783  9979  9979 I wpa_supplicant: wlan0: CTRL-EVENT-REGDOM-CHANGE init=DRIVER type=COUNTRY alpha2=US
07-18 07:19:26.786  2005  2603 E ApConfigUtil: Malformed channel value detected: java.lang.NumberFormatException: For input string: ""
07-18 07:19:26.787  2005  2603 I ApConfigUtil: WLAN device we do not support 5Ghz
07-18 07:19:26.791  2005  2603 E ApConfigUtil: Malformed channel value detected: java.lang.NumberFormatException: For input string: ""
07-18 07:19:26.792  2005  2603 I ApConfigUtil: WLAN device we do not support 5Ghz
07-18 07:19:26.795  2005  2049 D WifiNl80211Manager: OnRegDomainChanged US
07-18 07:19:26.795  2005  2049 D WifiNative: onCountryCodeChanged: US
07-18 07:19:26.795  2005  2049 I WifiCountryCode: Receive onDriverCountryCodeChanged US
07-18 07:19:26.796  2005  2049 D WifiScanRequestProxy: Sending scan available broadcast: true
07-18 07:19:26.796  2005  2608 I WifiScanningService: Received a request to enable scanning, UID = 1000
07-18 07:19:26.796  2005  2608 I WifiScanningService: scanner impls already exists
07-18 07:19:26.796  2005  2608 E WifiScanningService: wifi driver loaded received while already loaded
07-18 07:19:26.797  2005  2049 I WifiScanRequestProxy: Scanning is enabled
07-18 07:19:26.797  2005  2049 I WifiScanRequestProxy: Scanning for hidden networks is enabled
07-18 07:19:26.797  2005  2603 I WifiService: Receive onDriverCountryCodeChanged to US, update available channel list
07-18 07:19:26.800  7300  7300 I FusionSarManager: state: Intent { act=android.net.wifi.action.WIFI_SCAN_AVAILABILITY_CHANGED flg=0x4000010 (has extras) }
07-18 07:19:26.800  7300  7300 I FusionSarManager: scan only state: true
07-18 07:19:26.801  2005  2603 E ApConfigUtil: Malformed channel value detected: java.lang.NumberFormatException: For input string: ""
07-18 07:19:26.802  2005  2603 I ApConfigUtil: WLAN device we do not support 5Ghz
07-18 07:19:26.805  2005  2603 E ApConfigUtil: Malformed channel value detected: java.lang.NumberFormatException: For input string: ""
07-18 07:19:26.806  2005  2603 I ApConfigUtil: WLAN device we do not support 5Ghz
07-18 07:19:27.767  1547  9906 I fusionconfd: SkinnyCat: Process new scan result event because reg_scan_trigger_failed
07-18 07:19:27.768  1547  9906 I fusionconfd: SkinnyCat: Dump scan results
07-18 07:19:27.769  1547  9906 D fusionconfd: SkinnyCat: returning SKU 1
07-18 07:19:27.769  1547  9906 D fusionconfd: SkinnyCat: AP with better RSSI skipped due to SKU mismatch (RSSI: -9999.-99 dBm, Country: IN)
07-18 07:19:27.769  1547  9906 D fusionconfd: SkinnyCat: returning SKU 1
07-18 07:19:27.769  1547  9906 D fusionconfd: SkinnyCat: AP with better RSSI skipped due to SKU mismatch (RSSI: -9999.-99 dBm, Country: IN)
07-18 07:19:27.769  1547  9906 D fusionconfd: SkinnyCat: returning SKU 1
07-18 07:19:27.769  1547  9906 D fusionconfd: SkinnyCat: AP with better RSSI skipped due to SKU mismatch (RSSI: -9999.-99 dBm, Country: IN)
07-18 07:19:27.769  1547  9906 D fusionconfd: SkinnyCat: returning SKU 1
07-18 07:19:27.769  1547  9906 D fusionconfd: SkinnyCat max rssi:  -35.00 dBm country: US
07-18 07:19:27.770  2005  2049 D WifiNl80211Manager: Scan result ready event
07-18 07:19:27.770  2005  2049 D WifiNative: Scan result ready event
07-18 07:19:27.772  1528  1581 D SMARTMU : #(1581) [ os_wlan_driver_event.cpp : 40] ------------------>  NL80211_CMD_NEW_SCAN_RESULTS : 34 
07-18 07:19:27.772  1547  9906 D fusionconfd: SkinnyCat: trying to set country after reg_scan
07-18 07:19:27.772  1547  9906 D fusionconfd: SkinnyCat: found DEVICE_DISCONNECTED
07-18 07:19:27.772  1547  9906 I fusionconfd: SkinnyCat: setting country US
07-18 07:19:27.773  1547  9906 D fusionconfd: SkinnyCat: set_reg_country setting country US
07-18 07:19:27.773  1547  9906 E fusionconfd: Skinnycat: fill_worldwidemode_ccode : worldwidemode_code: 00
07-18 07:19:27.773  1547  9906 D fusionconfd: SkinnyCat: is_country_available getting country
07-18 07:19:27.774  1547  9906 D fusionconfd: SkinnyCat: print_reg_handler: get country from NL cmd: 00
07-18 07:19:27.774  1547  9906 D fusionconfd: SkinnyCat: print_reg_handler: get country from NL cmd: US
07-18 07:19:27.775  1547  9906 E fusionconfd: SkinnyCat is_country_available: device_ccode=US
07-18 07:19:27.775  1547  9906 D fusionconfd: SkinnyCat: Trying to set an already configured country(US), skipping country-set operation.
07-18 07:19:27.775  1547  9906 D fusionconfd: SkinnyCat: Scan dump is over, status code= 0
07-18 07:19:27.776  1547  9906 D fusionconfd: SkinnyCat: inside listen events
07-18 07:19:27.799  2005  2608 D WificondScannerImpl: Filtering out 16 scan results.
07-18 07:19:27.866  7278  7278 I FusionManager: getCountry ENTER
07-18 07:19:27.867  1332  1332 D vendor.zebra.fusion@1.0-service: is80211dEnabled: returns 1
07-18 07:19:27.867  7300  7317 E z       : is80211dEnabled true
07-18 07:19:27.868  1547  1547 D fusionconfd: SkinnyCat: is_country_available getting country
07-18 07:19:27.869  1547  1547 D fusionconfd: SkinnyCat: print_reg_handler: get country from NL cmd: 00
07-18 07:19:27.869  1547  1547 D fusionconfd: SkinnyCat: print_reg_handler: get country from NL cmd: US
07-18 07:19:27.869  1547  1547 E fusionconfd: SkinnyCat is_country_available: device_ccode=US
07-18 07:19:28.000  1339  1339 I vendor.zebra.hardware.health@1.0-service: getZebraHealthInfo
07-18 07:19:28.004  1333  1333 E BattSwapHIDL: Unable open read file /sys/battery_swap/capacity, errno=2
07-18 07:19:28.009  2005  2005 D BatterySaverStateMachine: on BATTERY_CHANGED: current BatteryLevel: 54
07-18 07:19:28.010  2005  2005 D BatterySaverStateMachine: received  intent action android.intent.action.BATTERY_CHANGED
07-18 07:19:28.014  3055  3055 D BatterySwapService: Received Intent.ACTION_BATTERY_CHANGED
07-18 07:19:28.018  4690  4690 D OSUService: dev-dbg:is_charging current_now -223086, batteryLevel: 54, adapter_charge_limit: 500000, isCharging(isCharging): false
07-18 07:19:28.018  4690  4690 D OSUService: dev-dbg: calling for resume
07-18 07:19:28.019  4690  4690 I OSUService: handle_ab_resume -1 3
07-18 07:19:28.020  8365  8365 D HighTemperatureReceiver: Receive action: android.intent.action.BATTERY_CHANGED
07-18 07:19:28.020  4690  4690 E OSUService: Can't resume - there are no update in suspended state
07-18 07:19:28.022  8456  8456 D b.b.b.c.a.d.b: Received battery event
07-18 07:19:28.022  8456  8456 D b.b.b.c.a.d.b: BatteryFactory event action = android.intent.action.BATTERY_CHANGED
07-18 07:19:28.116  1288  1354 I SDM     : DisplayBase::CommitThread: Received idle timeout
07-18 07:19:31.034  6724  9173 I zr.Yg   : doWork gets called
07-18 07:19:31.036  6724  6786 I WM-WorkerWrapper: Worker result SUCCESS for Work [ id=6c24b37a-2366-4eba-93bc-b2aa7bf828cf, tags={ 300_SEC, zr.Yg } ]
07-18 07:19:31.063  2005  2005 D CompatibilityInfo: mCompatibilityFlags - 4
07-18 07:19:31.063  2005  2005 D CompatibilityInfo: applicationDensity - 240
07-18 07:19:31.063  2005  2005 D CompatibilityInfo: applicationScale - 1.0
07-18 07:19:31.078  6085  6085 I Finsky  : [2] yhk.onStartJob(4): SCH: job service start with id 9072.
07-18 07:19:31.100  6085 10971 I Finsky  : [182] yft.a(60): SCH: Satisfied jobs for 9072 are: 10-11
07-18 07:19:31.107  6085 10972 I Finsky  : [183] ygh.accept(73): SCH: Job 10-11 starting
07-18 07:19:31.111  6085  6211 I Finsky  : [44] zkx.a(51): Running split install cleaner
07-18 07:19:31.118  6085 10974 I Finsky  : [185] znw.accept(10): Removed 0 obsolete sessions.
07-18 07:19:31.119  6085 10974 I Finsky  : [185] znw.accept(20): Removed 0 corrupted downloaded sessions.
07-18 07:19:31.121  6085 10974 I Finsky  : [185] znw.accept(29): Finished completion of 0 sessions. Successful: 0. Failed: 0.
07-18 07:19:31.127  6085  6235 I Finsky  : [62] yfu.r(4): SCH: jobFinished: 10-11. TimeElapsed: 19ms.
07-18 07:19:31.148  6085  6235 I Finsky  : [62] xii.accept(46): SCH: Scheduling phonesky job Id: 10-4, CT: 1689678517760, Constraints: [{ L: 1200000, D: 86400000, C: 1, I: 1, N: 0 }]
07-18 07:19:31.149  6085  6235 I Finsky  : [62] xii.accept(46): SCH: Scheduling phonesky job Id: 26-1414141414, CT: 1689678518090, Constraints: [{ L: 900000, D: 1800000, C: 1, I: 1, N: 0 }]
07-18 07:19:31.156  6085  6217 I Finsky  : [48] xsj.apply(25): SCH: Scheduling 1 system job(s)
07-18 07:19:31.157  6085  6217 I Finsky  : [48] yfr.d(4): SCH: Scheduling system job Id: 9075, L: 246933, D: 1146933, C: false, I: false, N: 0
07-18 07:19:31.168  6085 10972 I Finsky  : [183] yhk.a(16): SCH: job service finished with id 9072.
07-18 07:19:32.038  6724  6724 I TaskPlannerImpl: onTaskTimerElapsed 300_SEC
07-18 07:19:32.039  6724  6724 I TaskPlannerImpl: taskList size is 1
07-18 07:19:32.039  6724  6724 I TaskPlannerImpl: rescheduling scheduler for =  300_SEC
07-18 07:19:32.040  6724  6724 I zr.PTB  : State for Tag = 300_SEC  is = null OneTimeWorkRequest
07-18 07:19:32.041  6724  6724 D TaskPlannerImpl: onTaskTimerElapsed, conditions are not there , task id = 66
07-18 07:19:32.041  6724  6724 D TaskPlannerImpl: Executing task, id = 66
07-18 07:19:32.041  6724  6724 I TaskPlannerImpl: Command = zr.ow
07-18 07:19:32.041  6724  6724 D Kj      : in poll,  dcaName = com.symbol.dataanalytics.dca.core.DataAnaltyicsDca
07-18 07:19:32.041  6724  6724 D wZ      : getDcaProxy, Found DCA, dcaName = com.symbol.dataanalytics.dca.core.DataAnaltyicsDca
07-18 07:19:32.042  6724  6724 D com.symbol.dataanalytics.dca.core.DataAnaltyicsDca: poll
07-18 07:19:32.043  8456  9203 D DataAnalyticsDca: In poll,  
07-18 07:19:32.044  8456  9203 D a       : onPoll Method Starts
07-18 07:19:32.052  8456  9203 D a       : onPoll Method Ends
07-18 07:19:32.052  8456  9203 D b       : Inside onPoll Method.
07-18 07:19:32.057  8456  9203 D b       : wifiManager is not null
07-18 07:19:32.057  8456  9203 D b       : wifiInfo is not null
07-18 07:19:32.060  8456  9203 D ApplicationUsage: onPoll Called
07-18 07:19:32.064  8456  9203 D ApplicationUsage: Total Apps received : 1
07-18 07:19:32.310  1179  1237 E minksocket: MinkIPC_QRTR_Service: client with node 1 port 41e5 went down
07-18 07:19:32.312  1179  1237 E minksocket: MinkIPC_QRTR_Service: client with node 1 port 41e6 went down
07-18 07:19:32.316  1179  1237 E minksocket: MinkIPC_QRTR_Service: client with node 1 port 41e7 went down
07-18 07:19:33.128  1339  1339 I vendor.zebra.hardware.health@1.0-service: getZebraHealthInfo
07-18 07:19:33.132  1333  1333 E BattSwapHIDL: Unable open read file /sys/battery_swap/capacity, errno=2
07-18 07:19:33.137  2005  2005 D BatterySaverStateMachine: on BATTERY_CHANGED: current BatteryLevel: 54
07-18 07:19:33.138  2005  2005 D BatterySaverStateMachine: received  intent action android.intent.action.BATTERY_CHANGED
07-18 07:19:33.142  3055  3055 D BatterySwapService: Received Intent.ACTION_BATTERY_CHANGED
07-18 07:19:33.152  8365  8365 D HighTemperatureReceiver: Receive action: android.intent.action.BATTERY_CHANGED
07-18 07:19:33.153  4690  4690 D OSUService: dev-dbg:is_charging current_now -112611, batteryLevel: 54, adapter_charge_limit: 500000, isCharging(isCharging): false
07-18 07:19:33.154  4690  4690 D OSUService: dev-dbg: calling for resume
07-18 07:19:33.154  4690  4690 I OSUService: handle_ab_resume -1 3
07-18 07:19:33.154  4690  4690 E OSUService: Can't resume - there are no update in suspended state
07-18 07:19:33.156  8456  8456 D b.b.b.c.a.d.b: Received battery event
07-18 07:19:33.156  8456  8456 D b.b.b.c.a.d.b: BatteryFactory event action = android.intent.action.BATTERY_CHANGED
07-18 07:19:33.244  1288  1354 I SDM     : DisplayBase::CommitThread: Received idle timeout
07-18 07:19:35.928  2005  2603 E WifiScoringParams: Invalid frequency(-1), using 5G as default rssi array
07-18 07:19:35.962  2005  2608 I android_os_HwBinder: HwBinder: Starting thread pool for getting: vendor.zebra.fusion@1.0::IFusionWifi/default
07-18 07:19:35.964  2005  2608 D WifiNl80211Manager: setupFusionHAL on OnBind true
07-18 07:19:35.966  1332  1332 I vendor.zebra.fusion@1.0-service:  getParam: VOICE_CALL_IN_PROGRESS:  0
07-18 07:19:35.967  1332  1332 I vendor.zebra.fusion@1.0-service:  getParam: allow_zebra_app_scans 0
07-18 07:19:35.970  1528  1581 D SMARTMU : #(1581) [ os_wlan_driver_event.cpp : 40] ------------------>  NL80211_CMD_TRIGGER_SCAN : 33 
07-18 07:19:35.970  1547  9906 D fusionconfd: SkinnyCat: inside listen events
07-18 07:19:36.262  6085  6101 W android.vending: Suspending all threads took: 11.822ms
07-18 07:19:37.074  3346 10963 W ehwz    : [{0}] Failed to resolve name. status={1}
07-18 07:19:37.316  1179  1218 E sec_channel  : Modemcomm: Init Instance on handle:0 failed with -3 
07-18 07:19:37.316  1179  1218 E sec_channel  : Modemcomm: Failed to get handle of SSGQMSCA service
07-18 07:19:37.318  1179  1237 E minksocket: MinkIPC_QRTR_Service: client with node 1 port 41e8 went down
07-18 07:19:37.320  1179  1237 E minksocket: MinkIPC_QRTR_Service: client with node 1 port 41e9 went down
07-18 07:19:37.324  1179  1237 E minksocket: MinkIPC_QRTR_Service: client with node 1 port 41ea went down
07-18 07:19:37.435  3346 10963 W ehwz    : [{0}] Failed to resolve name. status={1}
07-18 07:19:38.208  1528  1581 D SMARTMU : #(1581) [ os_wlan_driver_event.cpp : 40] ------------------>  NL80211_CMD_NEW_SCAN_RESULTS : 34 
07-18 07:19:38.209  1547  9906 D fusionconfd: SkinnyCat: is_country_available getting country
07-18 07:19:38.209  1547  9906 D fusionconfd: SkinnyCat: print_reg_handler: get country from NL cmd: 00
07-18 07:19:38.209  1547  9906 D fusionconfd: SkinnyCat: print_reg_handler: get country from NL cmd: US
07-18 07:19:38.210  1547  9906 E fusionconfd: SkinnyCat is_country_available: device_ccode=US
07-18 07:19:38.210  1547  9906 D fusionconfd: SkinnyCat: inside listen events
07-18 07:19:38.211  2005  2049 D WifiNl80211Manager: Scan result ready event
07-18 07:19:38.211  2005  2049 D WifiNative: Scan result ready event
07-18 07:19:38.247  1339  1339 I vendor.zebra.hardware.health@1.0-service: getZebraHealthInfo
07-18 07:19:38.250  1333  1333 E BattSwapHIDL: Unable open read file /sys/battery_swap/capacity, errno=2
07-18 07:19:38.251  2005  2608 D WificondScannerImpl: Filtering out 11 scan results.
07-18 07:19:38.255  2005  2005 D BatterySaverStateMachine: on BATTERY_CHANGED: current BatteryLevel: 54
07-18 07:19:38.255  2005  2005 D BatterySaverStateMachine: received  intent action android.intent.action.BATTERY_CHANGED
07-18 07:19:38.259  3055  3055 D BatterySwapService: Received Intent.ACTION_BATTERY_CHANGED
07-18 07:19:38.261  8365  8365 D HighTemperatureReceiver: Receive action: android.intent.action.BATTERY_CHANGED
07-18 07:19:38.264  8456  8456 D b.b.b.c.a.d.b: Received battery event
07-18 07:19:38.264  8456  8456 D b.b.b.c.a.d.b: BatteryFactory event action = android.intent.action.BATTERY_CHANGED
07-18 07:19:38.270  4690  4690 D OSUService: dev-dbg:is_charging current_now -178835, batteryLevel: 54, adapter_charge_limit: 500000, isCharging(isCharging): false
07-18 07:19:38.270  4690  4690 D OSUService: dev-dbg: calling for resume
07-18 07:19:38.270  4690  4690 I OSUService: handle_ab_resume -1 3
07-18 07:19:38.270  4690  4690 E OSUService: Can't resume - there are no update in suspended state
07-18 07:19:38.314  7278  7278 I FusionManager: getCountry ENTER
07-18 07:19:38.315  1332  1332 D vendor.zebra.fusion@1.0-service: is80211dEnabled: returns 1
07-18 07:19:38.315  7300  7317 E z       : is80211dEnabled true
07-18 07:19:38.316  1547  1547 D fusionconfd: SkinnyCat: is_country_available getting country
07-18 07:19:38.317  1547  1547 D fusionconfd: SkinnyCat: print_reg_handler: get country from NL cmd: 00
07-18 07:19:38.317  1547  1547 D fusionconfd: SkinnyCat: print_reg_handler: get country from NL cmd: US
07-18 07:19:38.317  1547  1547 E fusionconfd: SkinnyCat is_country_available: device_ccode=US
07-18 07:19:38.364  1288  1354 I SDM     : DisplayBase::CommitThread: Received idle timeout
07-18 07:19:42.324  1179  1218 E sec_channel  : Modemcomm: Init Instance on handle:0 failed with -3 
07-18 07:19:42.325  1179  1218 E sec_channel  : Modemcomm: Failed to get handle of SSGSCA service as well - exiting
07-18 07:19:43.366  1339  1339 I vendor.zebra.hardware.health@1.0-service: getZebraHealthInfo
07-18 07:19:43.370  1333  1333 E BattSwapHIDL: Unable open read file /sys/battery_swap/capacity, errno=2
07-18 07:19:43.377  2005  2005 D BatterySaverStateMachine: on BATTERY_CHANGED: current BatteryLevel: 54
07-18 07:19:43.377  2005  2005 D BatterySaverStateMachine: received  intent action android.intent.action.BATTERY_CHANGED
07-18 07:19:43.380  3055  3055 D BatterySwapService: Received Intent.ACTION_BATTERY_CHANGED
07-18 07:19:43.385  8365  8365 D HighTemperatureReceiver: Receive action: android.intent.action.BATTERY_CHANGED
07-18 07:19:43.385  4690  4690 D OSUService: dev-dbg:is_charging current_now -113221, batteryLevel: 54, adapter_charge_limit: 500000, isCharging(isCharging): false
07-18 07:19:43.385  4690  4690 D OSUService: dev-dbg: calling for resume
07-18 07:19:43.385  4690  4690 I OSUService: handle_ab_resume -1 3
07-18 07:19:43.385  4690  4690 E OSUService: Can't resume - there are no update in suspended state
07-18 07:19:43.387  8456  8456 D b.b.b.c.a.d.b: Received battery event
07-18 07:19:43.388  8456  8456 D b.b.b.c.a.d.b: BatteryFactory event action = android.intent.action.BATTERY_CHANGED
07-18 07:19:43.487  1288  1354 I SDM     : DisplayBase::CommitThread: Received idle timeout
07-18 07:19:45.930  2005  2603 E WifiScoringParams: Invalid frequency(-1), using 5G as default rssi array
07-18 07:19:45.964  2005  2608 I android_os_HwBinder: HwBinder: Starting thread pool for getting: vendor.zebra.fusion@1.0::IFusionWifi/default
07-18 07:19:45.966  2005  2608 D WifiNl80211Manager: setupFusionHAL on OnBind true
07-18 07:19:45.968  1332  1332 I vendor.zebra.fusion@1.0-service:  getParam: VOICE_CALL_IN_PROGRESS:  0
07-18 07:19:45.969  1332  1332 I vendor.zebra.fusion@1.0-service:  getParam: allow_zebra_app_scans 0
07-18 07:19:45.971  1547  9906 D fusionconfd: SkinnyCat: inside listen events
07-18 07:19:45.972  1528  1581 D SMARTMU : #(1581) [ os_wlan_driver_event.cpp : 40] ------------------>  NL80211_CMD_TRIGGER_SCAN : 33 
07-18 07:19:47.757  1528  1581 D SMARTMU : #(1581) [ os_wlan_driver_event.cpp : 40] ------------------>  NL80211_CMD_NEW_SCAN_RESULTS : 34 
07-18 07:19:47.758  1547  9906 D fusionconfd: SkinnyCat: is_country_available getting country
07-18 07:19:47.759  2005  4926 D WifiNl80211Manager: Scan result ready event
07-18 07:19:47.759  2005  4926 D WifiNative: Scan result ready event
07-18 07:19:47.760  1547  9906 D fusionconfd: SkinnyCat: print_reg_handler: get country from NL cmd: 00
07-18 07:19:47.760  1547  9906 D fusionconfd: SkinnyCat: print_reg_handler: get country from NL cmd: US
07-18 07:19:47.761  1547  9906 E fusionconfd: SkinnyCat is_country_available: device_ccode=US
07-18 07:19:47.761  1547  9906 D fusionconfd: SkinnyCat: inside listen events
07-18 07:19:47.791  2005  2608 D WificondScannerImpl: Filtering out 9 scan results.
07-18 07:19:47.864  7278  7278 I FusionManager: getCountry ENTER
07-18 07:19:47.865  1332  1332 D vendor.zebra.fusion@1.0-service: is80211dEnabled: returns 1
07-18 07:19:47.865  7300  7317 E z       : is80211dEnabled true
07-18 07:19:47.867  1547  1547 D fusionconfd: SkinnyCat: is_country_available getting country
07-18 07:19:47.867  1547  1547 D fusionconfd: SkinnyCat: print_reg_handler: get country from NL cmd: 00
07-18 07:19:47.867  1547  1547 D fusionconfd: SkinnyCat: print_reg_handler: get country from NL cmd: US
07-18 07:19:47.867  1547  1547 E fusionconfd: SkinnyCat is_country_available: device_ccode=US
07-18 07:19:48.466  1339  1339 I vendor.zebra.hardware.health@1.0-service: getZebraHealthInfo
07-18 07:19:48.470  1333  1333 E BattSwapHIDL: Unable open read file /sys/battery_swap/capacity, errno=2
07-18 07:19:48.475  2005  2005 D BatterySaverStateMachine: on BATTERY_CHANGED: current BatteryLevel: 54
07-18 07:19:48.475  2005  2005 D BatterySaverStateMachine: received  intent action android.intent.action.BATTERY_CHANGED
07-18 07:19:48.480  3055  3055 D BatterySwapService: Received Intent.ACTION_BATTERY_CHANGED
07-18 07:19:48.484  4690  4690 D OSUService: dev-dbg:is_charging current_now -133668, batteryLevel: 54, adapter_charge_limit: 500000, isCharging(isCharging): false
07-18 07:19:48.484  4690  4690 D OSUService: dev-dbg: calling for resume
07-18 07:19:48.485  8365  8365 D HighTemperatureReceiver: Receive action: android.intent.action.BATTERY_CHANGED
07-18 07:19:48.486  8456  8456 D b.b.b.c.a.d.b: Received battery event
07-18 07:19:48.486  8456  8456 D b.b.b.c.a.d.b: BatteryFactory event action = android.intent.action.BATTERY_CHANGED
07-18 07:19:48.487  4690  4690 I OSUService: handle_ab_resume -1 3
07-18 07:19:48.488  4690  4690 E OSUService: Can't resume - there are no update in suspended state
07-18 07:19:48.582  1288  1354 I SDM     : DisplayBase::CommitThread: Received idle timeout
07-18 07:19:52.173  3346 10963 W ehwz    : [{0}] Failed to resolve name. status={1}
07-18 07:19:53.616  1339  1339 I vendor.zebra.hardware.health@1.0-service: getZebraHealthInfo
07-18 07:19:53.619  1333  1333 E BattSwapHIDL: Unable open read file /sys/battery_swap/capacity, errno=2
07-18 07:19:53.625  2005  2005 D BatterySaverStateMachine: on BATTERY_CHANGED: current BatteryLevel: 54
07-18 07:19:53.625  2005  2005 D BatterySaverStateMachine: received  intent action android.intent.action.BATTERY_CHANGED
07-18 07:19:53.628  3055  3055 D BatterySwapService: Received Intent.ACTION_BATTERY_CHANGED
07-18 07:19:53.633  4690  4690 D OSUService: dev-dbg:is_charging current_now -111085, batteryLevel: 54, adapter_charge_limit: 500000, isCharging(isCharging): false
07-18 07:19:53.634  4690  4690 D OSUService: dev-dbg: calling for resume
07-18 07:19:53.634  8365  8365 D HighTemperatureReceiver: Receive action: android.intent.action.BATTERY_CHANGED
07-18 07:19:53.634  4690  4690 I OSUService: handle_ab_resume -1 3
07-18 07:19:53.635  4690  4690 E OSUService: Can't resume - there are no update in suspended state
07-18 07:19:53.637  8456  8456 D b.b.b.c.a.d.b: Received battery event
07-18 07:19:53.637  8456  8456 D b.b.b.c.a.d.b: BatteryFactory event action = android.intent.action.BATTERY_CHANGED
07-18 07:19:53.744  1288  1354 I SDM     : DisplayBase::CommitThread: Received idle timeout
07-18 07:19:55.938  2005  2603 E WifiScoringParams: Invalid frequency(-1), using 5G as default rssi array
07-18 07:19:55.970  2005  2608 I android_os_HwBinder: HwBinder: Starting thread pool for getting: vendor.zebra.fusion@1.0::IFusionWifi/default
07-18 07:19:55.972  2005  2608 D WifiNl80211Manager: setupFusionHAL on OnBind true
07-18 07:19:55.973  1332  1332 I vendor.zebra.fusion@1.0-service:  getParam: VOICE_CALL_IN_PROGRESS:  0
07-18 07:19:55.974  1332  1332 I vendor.zebra.fusion@1.0-service:  getParam: allow_zebra_app_scans 0
07-18 07:19:55.976  1547  9906 D fusionconfd: SkinnyCat: inside listen events
07-18 07:19:55.977  1528  1581 D SMARTMU : #(1581) [ os_wlan_driver_event.cpp : 40] ------------------>  NL80211_CMD_TRIGGER_SCAN : 33 
07-18 07:19:58.217  1528  1581 D SMARTMU : #(1581) [ os_wlan_driver_event.cpp : 40] ------------------>  NL80211_CMD_NEW_SCAN_RESULTS : 34 
07-18 07:19:58.217  1547  9906 D fusionconfd: SkinnyCat: is_country_available getting country
07-18 07:19:58.217  2005  4926 D WifiNl80211Manager: Scan result ready event
07-18 07:19:58.218  2005  4926 D WifiNative: Scan result ready event
