07-18 07:15:47.266  8558  8570 W RegisteredApis: Api =ro.boot.device.def_screen_timeout is either not present or not lazyload
07-18 07:15:47.266  8558  8570 W RegisteredApis: Api =ro.boot.device.dex is either not present or not lazyload
07-18 07:15:47.266  8558  8570 W RegisteredApis: Api =ro.boot.device.digitizer is either not present or not lazyload
07-18 07:15:47.266  8558  8570 W RegisteredApis: Api =ro.boot.device.display is either not present or not lazyload
07-18 07:15:47.266  8558  8570 W RegisteredApis: Api =ro.boot.device.display_backlight is either not present or not lazyload
07-18 07:15:47.266  8558  8570 W RegisteredApis: Api =ro.boot.device.display_height is either not present or not lazyload
07-18 07:15:47.266  8558  8570 W RegisteredApis: Api =ro.boot.device.display_setting_ex is either not present or not lazyload
07-18 07:15:47.266  8558  8570 W RegisteredApis: Api =ro.boot.device.display_width is either not present or not lazyload
07-18 07:15:47.266  8558  8570 W RegisteredApis: Api =ro.boot.device.displaydim is either not present or not lazyload
07-18 07:15:47.266  8558  8570 W RegisteredApis: Api =ro.boot.device.displaytimeoutnever is either not present or not lazyload
07-18 07:15:47.266  8558  8570 W RegisteredApis: Api =ro.boot.device.dsds is either not present or not lazyload
07-18 07:15:47.266  8558  8570 W RegisteredApis: Api =ro.boot.device.ec is either not present or not lazyload
07-18 07:15:47.266  8558  8570 W RegisteredApis: Api =ro.boot.device.eeti_touch_model is either not present or not lazyload
07-18 07:15:47.266  8558  8570 W RegisteredApis: Api =ro.boot.device.en_critical_battery_low_adj is either not present or not lazyload
07-18 07:15:47.266  8558  8570 W RegisteredApis: Api =ro.boot.device.enable_lockscreen_rotation is either not present or not lazyload
07-18 07:15:47.266  8558  8570 W RegisteredApis: Api =ro.boot.device.esim is either not present or not lazyload
07-18 07:15:47.266  8558  8570 W RegisteredApis: Api =ro.boot.device.ether_suspend_en is either not present or not lazyload
07-18 07:15:47.266  8558  8570 W RegisteredApis: Api =ro.boot.device.ethernet is either not present or not lazyload
07-18 07:15:47.266  8558  8570 W RegisteredApis: Api =ro.boot.device.excludeptt is either not present or not lazyload
07-18 07:15:47.266  8558  8570 W RegisteredApis: Api =ro.boot.device.external_ble is either not present or not lazyload
07-18 07:15:47.266  8558  8570 W RegisteredApis: Api =ro.boot.device.extsdcard is either not present or not lazyload
07-18 07:15:47.266  8558  8570 W RegisteredApis: Api =ro.boot.device.flashcfg is either not present or not lazyload
07-18 07:15:47.267  8558  8570 W RegisteredApis: Api =ro.boot.device.formfactor is either not present or not lazyload
07-18 07:15:47.267  8558  8570 W RegisteredApis: Api =ro.boot.device.front_camera_support is either not present or not lazyload
07-18 07:15:47.267  8558  8570 W RegisteredApis: Api =ro.boot.device.gpiocradle is either not present or not lazyload
07-18 07:15:47.267  8558  8570 W RegisteredApis: Api =ro.boot.device.gps is either not present or not lazyload
07-18 07:15:47.267  8558  8570 W RegisteredApis: Api =ro.boot.device.greenport_support is either not present or not lazyload
07-18 07:15:47.267  8558  8570 W RegisteredApis: Api =ro.boot.device.gyro is either not present or not lazyload
07-18 07:15:47.267  8558  8570 W RegisteredApis: Api =ro.boot.device.hall_effect is either not present or not lazyload
07-18 07:15:47.267  8558  8570 W RegisteredApis: Api =ro.boot.device.hdmi_in is either not present or not lazyload
07-18 07:15:47.267  8558  8570 W RegisteredApis: Api =ro.boot.device.heaters is either not present or not lazyload
07-18 07:15:47.267  8558  8570 W RegisteredApis: Api =ro.boot.device.holster is either not present or not lazyload
07-18 07:15:47.267  8558  8570 W RegisteredApis: Api =ro.boot.device.hwrev is either not present or not lazyload
07-18 07:15:47.267  8558  8570 W RegisteredApis: Api =ro.boot.device.iomux is either not present or not lazyload
07-18 07:15:47.267  8558  8570 W RegisteredApis: Api =ro.boot.device.iopanel is either not present or not lazyload
07-18 07:15:47.267  8558  8570 W RegisteredApis: Api =ro.boot.device.irda is either not present or not lazyload
07-18 07:15:47.267  8558  8570 W RegisteredApis: Api =ro.boot.device.juggernaut is either not present or not lazyload
07-18 07:15:47.267  8558  8570 W RegisteredApis: Api =ro.boot.device.keyboard is either not present or not lazyload
07-18 07:15:47.267  8558  8570 W RegisteredApis: Api =ro.boot.device.keylight is either not present or not lazyload
07-18 07:15:47.267  8558  8570 W RegisteredApis: Api =ro.boot.device.keypadsound is either not present or not lazyload
07-18 07:15:47.267  8558  8570 W RegisteredApis: Api =ro.boot.device.lcd_density is either not present or not lazyload
07-18 07:15:47.267  8558  8570 W RegisteredApis: Api =ro.boot.device.lcd_rot_type is either not present or not lazyload
07-18 07:15:47.267  8558  8570 W RegisteredApis: Api =ro.boot.device.lcd_rotation is either not present or not lazyload
07-18 07:15:47.267  8558  8570 W RegisteredApis: Api =ro.boot.device.led_current_level is either not present or not lazyload
07-18 07:15:47.267  8558  8570 W RegisteredApis: Api =ro.boot.device.led_hw_type is either not present or not lazyload
07-18 07:15:47.267  8558  8570 W RegisteredApis: Api =ro.boot.device.led_off_in_dock is either not present or not lazyload
07-18 07:15:47.267  8558  8570 W RegisteredApis: Api =ro.boot.device.lightsensor is either not present or not lazyload
07-18 07:15:47.267  8558  8570 W RegisteredApis: Api =ro.boot.device.lowbattery_shutdown is either not present or not lazyload
07-18 07:15:47.267  8558  8570 W RegisteredApis: Api =ro.boot.device.lowtemp_warning_sound is either not present or not lazyload
07-18 07:15:47.267  8558  8570 W RegisteredApis: Api =ro.boot.device.lte is either not present or not lazyload
07-18 07:15:47.267  8558  8570 W RegisteredApis: Api =ro.boot.device.mbhc_hw is either not present or not lazyload
07-18 07:15:47.267  8558  8570 W RegisteredApis: Api =ro.boot.device.memcfg is either not present or not lazyload
07-18 07:15:47.267  8558  8570 W RegisteredApis: Api =ro.boot.device.memsize is either not present or not lazyload
07-18 07:15:47.267  8558  8570 W RegisteredApis: Api =ro.boot.device.mic is either not present or not lazyload
07-18 07:15:47.267  8558  8570 W RegisteredApis: Api =ro.boot.device.micposition is either not present or not lazyload
07-18 07:15:47.267  8558  8570 W RegisteredApis: Api =ro.boot.device.min_screen_brightness is either not present or not lazyload
07-18 07:15:47.267  8558  8570 W RegisteredApis: Api =ro.boot.device.minosver is either not present or not lazyload
07-18 07:15:47.267  8558  8570 W RegisteredApis: Api =ro.boot.device.minswver is either not present or not lazyload
07-18 07:15:47.267  8558  8570 W RegisteredApis: Api =ro.boot.device.model is either not present or not lazyload
07-18 07:15:47.267  8558  8570 W RegisteredApis: Api =ro.boot.device.modelsupp is either not present or not lazyload
07-18 07:15:47.267  8558  8570 W RegisteredApis: Api =ro.boot.device.modelvariant is either not present or not lazyload
07-18 07:15:47.267  8558  8570 W RegisteredApis: Api =ro.boot.device.msr is either not present or not lazyload
07-18 07:15:47.267  8558  8570 W RegisteredApis: Api =ro.boot.device.name is either not present or not lazyload
07-18 07:15:47.267  8558  8570 W RegisteredApis: Api =ro.boot.device.navpad is either not present or not lazyload
07-18 07:15:47.267  8558  8570 W RegisteredApis: Api =ro.boot.device.nfc is either not present or not lazyload
07-18 07:15:47.267  8558  8570 W RegisteredApis: Api =ro.boot.device.nfcbasic is either not present or not lazyload
07-18 07:15:47.267  8558  8570 W RegisteredApis: Api =ro.boot.device.no_bt_dun is either not present or not lazyload
07-18 07:15:47.267  8558  8570 W RegisteredApis: Api =ro.boot.device.no_dialer is either not present or not lazyload
07-18 07:15:47.267  8558  8570 W RegisteredApis: Api =ro.boot.device.no_voice is either not present or not lazyload
07-18 07:15:47.267  8558  8570 W RegisteredApis: Api =ro.boot.device.notify_led is either not present or not lazyload
07-18 07:15:47.267  8558  8570 W RegisteredApis: Api =ro.boot.device.optimize_stability is either not present or not lazyload
07-18 07:15:47.267  8558  8570 W RegisteredApis: Api =ro.boot.device.pd_max_volt is either not present or not lazyload
07-18 07:15:47.267  8558  8570 W RegisteredApis: Api =ro.boot.device.platform is either not present or not lazyload
07-18 07:15:47.267  8558  8570 W RegisteredApis: Api =ro.boot.device.pressure is either not present or not lazyload
07-18 07:15:47.267  8558  8570 W RegisteredApis: Api =ro.boot.device.proctype is either not present or not lazyload
07-18 07:15:47.267  8558  8570 W RegisteredApis: Api =ro.boot.device.product is either not present or not lazyload
07-18 07:15:47.267  8558  8570 W RegisteredApis: Api =ro.boot.device.prox_mode is either not present or not lazyload
07-18 07:15:47.267  8558  8570 W RegisteredApis: Api =ro.boot.device.proximity is either not present or not lazyload
07-18 07:15:47.267  8558  8570 W RegisteredApis: Api =ro.boot.device.proxscantrig is either not present or not lazyload
07-18 07:15:47.268  8558  8570 W RegisteredApis: Api =ro.boot.device.pssdiagnostic is either not present or not lazyload
07-18 07:15:47.268  8558  8570 W RegisteredApis: Api =ro.boot.device.ptt_express_softbtn is either not present or not lazyload
07-18 07:15:47.268  8558  8570 W RegisteredApis: Api =ro.boot.device.receiver is either not present or not lazyload
07-18 07:15:47.268  8558  8570 W RegisteredApis: Api =ro.boot.device.reduce_notify_count is either not present or not lazyload
07-18 07:15:47.268  8558  8570 W RegisteredApis: Api =ro.boot.device.regioncode is either not present or not lazyload
07-18 07:15:47.268  8558  8570 W RegisteredApis: Api =ro.boot.device.regulatory is either not present or not lazyload
07-18 07:15:47.268  8558  8570 W RegisteredApis: Api =ro.boot.device.rfid is either not present or not lazyload
07-18 07:15:47.268  8558  8570 W RegisteredApis: Api =ro.boot.device.rfidtype is either not present or not lazyload
07-18 07:15:47.268  8558  8570 W RegisteredApis: Api =ro.boot.device.rtt is either not present or not lazyload
07-18 07:15:47.268  8558  8570 W RegisteredApis: Api =ro.boot.device.sambridge is either not present or not lazyload
07-18 07:15:47.268  8558  8570 W RegisteredApis: Api =ro.boot.device.sar is either not present or not lazyload
07-18 07:15:47.268  8558  8570 W RegisteredApis: Api =ro.boot.device.scanner is either not present or not lazyload
07-18 07:15:47.268  8558  8570 W RegisteredApis: Api =ro.boot.device.screenblanking is either not present or not lazyload
07-18 07:15:47.268  8558  8570 W RegisteredApis: Api =ro.boot.device.screensaver is either not present or not lazyload
07-18 07:15:47.268  8558  8570 W RegisteredApis: Api =ro.boot.device.sensor_freefall is either not present or not lazyload
07-18 07:15:47.268  8558  8570 W RegisteredApis: Api =ro.boot.device.sensorproc is either not present or not lazyload
07-18 07:15:47.268  8558  8570 W RegisteredApis: Api =ro.boot.device.sharp_cradle is either not present or not lazyload
07-18 07:15:47.268  8558  8570 W RegisteredApis: Api =ro.boot.device.simulscan is either not present or not lazyload
07-18 07:15:47.268  8558  8570 W RegisteredApis: Api =ro.boot.device.singlebutton is either not present or not lazyload
07-18 07:15:47.268  8558  8570 W RegisteredApis: Api =ro.boot.device.sio_low_latency is either not present or not lazyload
07-18 07:15:47.268  8558  8570 W RegisteredApis: Api =ro.boot.device.skipeblicense is either not present or not lazyload
07-18 07:15:47.268  8558  8570 W RegisteredApis: Api =ro.boot.device.sku is either not present or not lazyload
07-18 07:15:47.268  8558  8570 W RegisteredApis: Api =ro.boot.device.sled_support is either not present or not lazyload
07-18 07:15:47.268  8558  8570 W RegisteredApis: Api =ro.boot.device.softpowerbtn is either not present or not lazyload
07-18 07:15:47.268  8558  8570 W RegisteredApis: Api =ro.boot.device.softpowerbtnrgtside is either not present or not lazyload
07-18 07:15:47.268  8558  8570 W RegisteredApis: Api =ro.boot.device.speaker is either not present or not lazyload
07-18 07:15:47.268  8558  8570 W RegisteredApis: Api =ro.boot.device.spoc is either not present or not lazyload
07-18 07:15:47.268  8558  8570 W RegisteredApis: Api =ro.boot.device.sw_tiering is either not present or not lazyload
07-18 07:15:47.268  8558  8570 W RegisteredApis: Api =ro.boot.device.tof is either not present or not lazyload
07-18 07:15:47.268  8558  8570 W RegisteredApis: Api =ro.boot.device.touch is either not present or not lazyload
07-18 07:15:47.268  8558  8570 W RegisteredApis: Api =ro.boot.device.touch_mode_overlay is either not present or not lazyload
07-18 07:15:47.268  8558  8570 W RegisteredApis: Api =ro.boot.device.touch_modes is either not present or not lazyload
07-18 07:15:47.268  8558  8570 W RegisteredApis: Api =ro.boot.device.touch_term is either not present or not lazyload
07-18 07:15:47.268  8558  8570 W RegisteredApis: Api =ro.boot.device.touchconfigid is either not present or not lazyload
07-18 07:15:47.268  8558  8570 W RegisteredApis: Api =ro.boot.device.touchkey is either not present or not lazyload
07-18 07:15:47.268  8558  8570 W RegisteredApis: Api =ro.boot.device.typec_simu_support is either not present or not lazyload
07-18 07:15:47.268  8558  8570 W RegisteredApis: Api =ro.boot.device.uart is either not present or not lazyload
07-18 07:15:47.268  8558  8570 W RegisteredApis: Api =ro.boot.device.usb is either not present or not lazyload
07-18 07:15:47.268  8558  8570 W RegisteredApis: Api =ro.boot.device.usb_contamination is either not present or not lazyload
07-18 07:15:47.268  8558  8570 W RegisteredApis: Api =ro.boot.device.usb_hid_suspend_en is either not present or not lazyload
07-18 07:15:47.268  8558  8570 W RegisteredApis: Api =ro.boot.device.usb_in_out_simu_support is either not present or not lazyload
07-18 07:15:47.268  8558  8570 W RegisteredApis: Api =ro.boot.device.usb_scanner is either not present or not lazyload
07-18 07:15:47.268  8558  8570 W RegisteredApis: Api =ro.boot.device.usb_skip_delay_en is either not present or not lazyload
07-18 07:15:47.268  8558  8570 W RegisteredApis: Api =ro.boot.device.usb_suspend_en is either not present or not lazyload
07-18 07:15:47.269  8558  8570 W RegisteredApis: Api =ro.boot.device.usbc_therm is either not present or not lazyload
07-18 07:15:47.269  8558  8570 W RegisteredApis: Api =ro.boot.device.vibrator is either not present or not lazyload
07-18 07:15:47.269  8558  8570 W RegisteredApis: Api =ro.boot.device.wakeup_sources is either not present or not lazyload
07-18 07:15:47.269  8558  8570 W RegisteredApis: Api =ro.boot.device.wfcv_pwroptimized is either not present or not lazyload
07-18 07:15:47.269  8558  8570 W RegisteredApis: Api =ro.boot.device.wfcv_support is either not present or not lazyload
07-18 07:15:47.269  8558  8570 W RegisteredApis: Api =ro.boot.device.wifi_mac is either not present or not lazyload
07-18 07:15:47.269  8558  8570 W RegisteredApis: Api =ro.boot.device.wlan is either not present or not lazyload
07-18 07:15:47.269  8558  8570 W RegisteredApis: Api =ro.boot.device.workstation_dock is either not present or not lazyload
07-18 07:15:47.269  8558  8570 W RegisteredApis: Api =ro.boot.device.wwan is either not present or not lazyload
07-18 07:15:47.269  8558  8570 W RegisteredApis: Api =ro.boot.device.zebra_device is either not present or not lazyload
07-18 07:15:47.269  8558  8570 W RegisteredApis: Api =ro.build.ab_update is either not present or not lazyload
07-18 07:15:47.269  8558  8570 W RegisteredApis: Api =ro.build.baseline is either not present or not lazyload
07-18 07:15:47.269  8558  8570 W RegisteredApis: Api =ro.build.characteristics is either not present or not lazyload
07-18 07:15:47.269  8558  8570 W RegisteredApis: Api =ro.build.date is either not present or not lazyload
07-18 07:15:47.269  8558  8570 W RegisteredApis: Api =ro.build.date.utc is either not present or not lazyload
07-18 07:15:47.269  8558  8570 W RegisteredApis: Api =ro.build.description is either not present or not lazyload
07-18 07:15:47.269  8558  8570 W RegisteredApis: Api =ro.build.display.id is either not present or not lazyload
07-18 07:15:47.269  8558  8570 W RegisteredApis: Api =ro.build.fingerprint is either not present or not lazyload
07-18 07:15:47.269  8558  8570 W RegisteredApis: Api =ro.build.flavor is either not present or not lazyload
07-18 07:15:47.269  8558  8570 W RegisteredApis: Api =ro.build.host is either not present or not lazyload
07-18 07:15:47.269  8558  8570 W RegisteredApis: Api =ro.build.id is either not present or not lazyload
07-18 07:15:47.269  8558  8570 W RegisteredApis: Api =ro.build.keys is either not present or not lazyload
07-18 07:15:47.269  8558  8570 W RegisteredApis: Api =ro.build.platform is either not present or not lazyload
07-18 07:15:47.269  8558  8570 W RegisteredApis: Api =ro.build.product is either not present or not lazyload
07-18 07:15:47.269  8558  8570 W RegisteredApis: Api =ro.build.system_root_image is either not present or not lazyload
07-18 07:15:47.269  8558  8570 W RegisteredApis: Api =ro.build.tags is either not present or not lazyload
07-18 07:15:47.269  8558  8570 W RegisteredApis: Api =ro.build.type is either not present or not lazyload
07-18 07:15:47.269  8558  8570 W RegisteredApis: Api =ro.build.user is either not present or not lazyload
07-18 07:15:47.269  8558  8570 W RegisteredApis: Api =ro.build.version.all_codenames is either not present or not lazyload
07-18 07:15:47.269  8558  8570 W RegisteredApis: Api =ro.build.version.base_os is either not present or not lazyload
07-18 07:15:47.269  8558  8570 W RegisteredApis: Api =ro.build.version.codename is either not present or not lazyload
07-18 07:15:47.269  8558  8570 W RegisteredApis: Api =ro.build.version.incremental is either not present or not lazyload
07-18 07:15:47.269  8558  8570 W RegisteredApis: Api =ro.build.version.known_codenames is either not present or not lazyload
07-18 07:15:47.269  8558  8570 W RegisteredApis: Api =ro.build.version.min_supported_target_sdk is either not present or not lazyload
07-18 07:15:47.269  8558  8570 W RegisteredApis: Api =ro.build.version.preview_sdk is either not present or not lazyload
07-18 07:15:47.269  8558  8570 W RegisteredApis: Api =ro.build.version.preview_sdk_fingerprint is either not present or not lazyload
07-18 07:15:47.269  8558  8570 W RegisteredApis: Api =ro.build.version.release is either not present or not lazyload
07-18 07:15:47.269  8558  8570 W RegisteredApis: Api =ro.build.version.release_or_codename is either not present or not lazyload
07-18 07:15:47.269  8558  8570 W RegisteredApis: Api =ro.build.version.release_or_preview_display is either not present or not lazyload
07-18 07:15:47.269  8558  8570 W RegisteredApis: Api =ro.build.version.sdk is either not present or not lazyload
07-18 07:15:47.269  8558  8570 W RegisteredApis: Api =ro.build.version.security_patch is either not present or not lazyload
07-18 07:15:47.269  8558  8570 W RegisteredApis: Api =ro.config.ab_update_level is either not present or not lazyload
07-18 07:15:47.269  8558  8570 W RegisteredApis: Api =ro.config.alarm_alert is either not present or not lazyload
07-18 07:15:47.269  8558  8570 W RegisteredApis: Api =ro.config.bsp.gms is either not present or not lazyload
07-18 07:15:47.269  8558  8570 W RegisteredApis: Api =ro.config.notification_sound is either not present or not lazyload
07-18 07:15:47.269  8558  8570 W RegisteredApis: Api =ro.config.ringtone is either not present or not lazyload
07-18 07:15:47.269  8558  8570 W RegisteredApis: Api =ro.device.patch.version is either not present or not lazyload
07-18 07:15:47.269  8558  8570 W RegisteredApis: Api =ro.product.ab_ota_partitions is either not present or not lazyload
07-18 07:15:47.269  8558  8570 W RegisteredApis: Api =ro.product.board is either not present or not lazyload
07-18 07:15:47.269  8558  8570 W RegisteredApis: Api =ro.product.brand is either not present or not lazyload
07-18 07:15:47.269  8558  8570 W RegisteredApis: Api =ro.product.build.date is either not present or not lazyload
07-18 07:15:47.269  8558  8570 W RegisteredApis: Api =ro.product.build.date.utc is either not present or not lazyload
07-18 07:15:47.269  8558  8570 W RegisteredApis: Api =ro.product.build.fingerprint is either not present or not lazyload
07-18 07:15:47.270  8558  8570 W RegisteredApis: Api =ro.product.build.fp is either not present or not lazyload
07-18 07:15:47.270  8558  8570 W RegisteredApis: Api =ro.product.build.id is either not present or not lazyload
07-18 07:15:47.270  8558  8570 W RegisteredApis: Api =ro.product.build.tags is either not present or not lazyload
07-18 07:15:47.270  8558  8570 W RegisteredApis: Api =ro.product.build.type is either not present or not lazyload
07-18 07:15:47.270  8558  8570 W RegisteredApis: Api =ro.product.build.version.incremental is either not present or not lazyload
07-18 07:15:47.270  8558  8570 W RegisteredApis: Api =ro.product.build.version.release is either not present or not lazyload
07-18 07:15:47.270  8558  8570 W RegisteredApis: Api =ro.product.build.version.release_or_codename is either not present or not lazyload
07-18 07:15:47.270  8558  8570 W RegisteredApis: Api =ro.product.build.version.sdk is either not present or not lazyload
07-18 07:15:47.270  8558  8570 W RegisteredApis: Api =ro.product.cpu.abi is either not present or not lazyload
07-18 07:15:47.270  8558  8570 W RegisteredApis: Api =ro.product.cpu.abilist is either not present or not lazyload
07-18 07:15:47.270  8558  8570 W RegisteredApis: Api =ro.product.cpu.abilist32 is either not present or not lazyload
07-18 07:15:47.270  8558  8570 W RegisteredApis: Api =ro.product.cpu.abilist64 is either not present or not lazyload
07-18 07:15:47.270  8558  8570 W RegisteredApis: Api =ro.product.device is either not present or not lazyload
07-18 07:15:47.270  8558  8570 W RegisteredApis: Api =ro.product.first_api_level is either not present or not lazyload
07-18 07:15:47.270  8558  8570 W RegisteredApis: Api =ro.product.locale is either not present or not lazyload
07-18 07:15:47.270  8558  8570 W RegisteredApis: Api =ro.product.manufacturer is either not present or not lazyload
07-18 07:15:47.270  8558  8570 W RegisteredApis: Api =ro.product.model is either not present or not lazyload
07-18 07:15:47.270  8558  8570 W RegisteredApis: Api =ro.product.name is either not present or not lazyload
07-18 07:15:47.270  8558  8570 W RegisteredApis: Api =ro.product.odm.brand is either not present or not lazyload
07-18 07:15:47.270  8558  8570 W RegisteredApis: Api =ro.product.odm.device is either not present or not lazyload
07-18 07:15:47.270  8558  8570 W RegisteredApis: Api =ro.product.odm.manufacturer is either not present or not lazyload
07-18 07:15:47.270  8558  8570 W RegisteredApis: Api =ro.product.odm.model is either not present or not lazyload
07-18 07:15:47.270  8558  8570 W RegisteredApis: Api =ro.product.odm.name is either not present or not lazyload
07-18 07:15:47.270  8558  8570 W RegisteredApis: Api =ro.product.product.brand is either not present or not lazyload
07-18 07:15:47.270  8558  8570 W RegisteredApis: Api =ro.product.product.device is either not present or not lazyload
07-18 07:15:47.270  8558  8570 W RegisteredApis: Api =ro.product.product.manufacturer is either not present or not lazyload
07-18 07:15:47.270  8558  8570 W RegisteredApis: Api =ro.product.product.model is either not present or not lazyload
07-18 07:15:47.270  8558  8570 W RegisteredApis: Api =ro.product.product.name is either not present or not lazyload
07-18 07:15:47.270  8558  8570 W RegisteredApis: Api =ro.product.system.brand is either not present or not lazyload
07-18 07:15:47.270  8558  8570 W RegisteredApis: Api =ro.product.system.device is either not present or not lazyload
07-18 07:15:47.270  8558  8570 W RegisteredApis: Api =ro.product.system.manufacturer is either not present or not lazyload
07-18 07:15:47.270  8558  8570 W RegisteredApis: Api =ro.product.system.model is either not present or not lazyload
07-18 07:15:47.270  8558  8570 W RegisteredApis: Api =ro.product.system.name is either not present or not lazyload
07-18 07:15:47.270  8558  8570 W RegisteredApis: Api =ro.product.system_ext.brand is either not present or not lazyload
07-18 07:15:47.270  8558  8570 W RegisteredApis: Api =ro.product.system_ext.device is either not present or not lazyload
07-18 07:15:47.270  8558  8570 W RegisteredApis: Api =ro.product.system_ext.manufacturer is either not present or not lazyload
07-18 07:15:47.270  8558  8570 W RegisteredApis: Api =ro.product.system_ext.model is either not present or not lazyload
07-18 07:15:47.270  8558  8570 W RegisteredApis: Api =ro.product.system_ext.name is either not present or not lazyload
07-18 07:15:47.270  8558  8570 W RegisteredApis: Api =ro.product.vendor.brand is either not present or not lazyload
07-18 07:15:47.270  8558  8570 W RegisteredApis: Api =ro.product.vendor.device is either not present or not lazyload
07-18 07:15:47.270  8558  8570 W RegisteredApis: Api =ro.product.vendor.manufacturer is either not present or not lazyload
07-18 07:15:47.270  8558  8570 W RegisteredApis: Api =ro.product.vendor.model is either not present or not lazyload
07-18 07:15:47.270  8558  8570 W RegisteredApis: Api =ro.product.vendor.name is either not present or not lazyload
07-18 07:15:47.270  8558  8570 W RegisteredApis: Api =ro.product.vendor_dlkm.brand is either not present or not lazyload
07-18 07:15:47.270  8558  8570 W RegisteredApis: Api =ro.product.vendor_dlkm.manufacturer is either not present or not lazyload
07-18 07:15:47.270  8558  8570 W RegisteredApis: Api =ro.product.vndk.version is either not present or not lazyload
07-18 07:15:47.270  8558  8570 W RegisteredApis: Api =ro.symbol.osx.ss_support is either not present or not lazyload
07-18 07:15:47.270  8558  8570 W RegisteredApis: Api =ro.symbol.osx.version is either not present or not lazyload
07-18 07:15:47.270  8558  8570 W RegisteredApis: Api =ro.symbol.osx.version_legacy is either not present or not lazyload
07-18 07:15:47.270  8558  8570 W RegisteredApis: Api =ro.symbol.rxlogger.bundle is either not present or not lazyload
07-18 07:15:47.270  8558  8570 W RegisteredApis: Api =ro.vendor.hw_config.partnumber is either not present or not lazyload
07-18 07:15:47.270  8558  8570 D c       : There is no LazyLoad data for provider
07-18 07:15:47.270  8558  8570 I ColumnRowOps: populateColumnRowList
07-18 07:15:47.279  8558  8570 I PrivilegedAppConditions: 1000
07-18 07:15:47.279  8558  8570 I DataLakeProvider: isCallerWhiteListed true
07-18 07:15:47.279  8558  8570 D e       : request for get data
07-18 07:15:47.281  8558  8570 E Path    : There is no DataLake for the group/api = ro.crypto.type
07-18 07:15:47.281  8558  8570 E c       : No data found for uri provided, try to get api data lake
07-18 07:15:47.282  8558  8570 W RegisteredApis: Api =mx_version is either not present or not lazyload
07-18 07:15:47.282  8558  8570 W RegisteredApis: Api =ro.build.baseline is either not present or not lazyload
07-18 07:15:47.282  8558  8570 W RegisteredApis: Api =ro.build.fingerprint is either not present or not lazyload
07-18 07:15:47.282  8558  8570 W RegisteredApis: Api =ro.build.version.security_patch is either not present or not lazyload
07-18 07:15:47.282  8558  8570 W RegisteredApis: Api =ro.crypto.type is either not present or not lazyload
07-18 07:15:47.282  8558  8570 W RegisteredApis: Api =ro.device.patch.version is either not present or not lazyload
07-18 07:15:47.282  8558  8570 W RegisteredApis: Api =ro.os.delta.support.version is either not present or not lazyload
07-18 07:15:47.282  8558  8570 W RegisteredApis: Api =zdm_version is either not present or not lazyload
07-18 07:15:47.282  8558  8570 D c       : There is no LazyLoad data for provider
07-18 07:15:47.282  8558  8570 I ColumnRowOps: populateColumnRowList
07-18 07:15:47.290  7157  9452 I AbstractOutgoingCallback: addIntoDB()+, counter=0
07-18 07:15:47.291  7157  9452 I CommonHelper: printOutgoingJsonData()-
07-18 07:15:47.292  7157  9452 I AbstractOutgoingCallback: addIntoDB()-
07-18 07:15:47.292  7157  9452 I AbstractOutgoingCallback: AbstractOutgoingCallback uploadNowForFotaReady-
07-18 07:15:47.292  7157  9452 I BootCompleteReceiver: BootCompleteReceiver writeToContentUri()+
07-18 07:15:47.293  7157  9452 I BootCompleteReceiver: BootCompleteReceiver writeToContentUri()-
07-18 07:15:47.293  7157 10835 I AbstractOutgoingCallback: addIntoDB() about to send 
07-18 07:15:47.300  7157 10837 I AbstractOutgoingCallback: addIntoDB() on complete 
07-18 07:15:47.301  7157 10837 I AbstractOutgoingCallback: realUploadData() about to be called 
07-18 07:15:47.301  7157 10837 I HttpsOutgoingCallback: realUploadData()+
07-18 07:15:47.301  7157 10837 I FotaOutgoingJsonDataHelper: printOutgoingData()+
07-18 07:15:47.313  7157 10837 I FotaOutgoingJsonDataHelper: outgoing h data = _m: MC9400 _sn: 231595225E0019 _sa: 0 _rt: 1689678946839 _ip:  _fp: Zebra/MC9400PG/MC9400:13/13-06-18.00-TG-U00-PRD-NEM-04/86:user/release-keys
07-18 07:15:47.313  7157 10837 I FotaOutgoingJsonDataHelper: printOutgoingData()-
07-18 07:15:47.314  7157 10837 I HttpsOutgoingCallback: system update off false
07-18 07:15:47.314  7157 10837 I CommonHelper: isRepeatBootCompleteEvent is false as 6 minutes passed
07-18 07:15:47.317  7157 10837 I HttpsOutgoingCallback: ===========> requestCode=0
07-18 07:15:47.317  7157 10837 I CommonHelper: sendBroadcastTOTestApp unable to send intent in prod flavor
07-18 07:15:47.317  7157 10837 I HttpsOutgoingCallback: realUploadData: 
07-18 07:15:47.319  7157 10837 I HttpsOutgoingCallback: realUploadData()-
07-18 07:15:47.327  7157 10840 I FotaDisposableSingleObserver: onError()+Unable to resolve host "fts.zebra.com": No address associated with hostname requestCode=0
07-18 07:15:47.330  7157 10840 I com.symbol.fota.helpers.NetworkHelper: No active network.
07-18 07:15:47.330  7157 10840 I FotaDisposableSingleObserver: Internet not available.
07-18 07:15:47.330  7157 10840 I com.symbol.fota.helpers.NetworkHelper: registerNetworkCallback()+
07-18 07:15:47.332  7157 10840 I com.symbol.fota.helpers.NetworkHelper: registerNetworkCallback()-
07-18 07:15:47.332  2005  2612 D ConnectivityService: Replacing NetworkRequest [ LISTEN id=153, [ Capabilities: INTERNET&NOT_RESTRICTED&TRUSTED&NOT_VPN&NOT_VCN_MANAGED Uid: 10083 RequestorUid: 10083 RequestorPkg: com.symbol.fota UnderlyingNetworks: Null] ] with NetworkRequest [ LISTEN id=174, [ Capabilities: INTERNET&NOT_RESTRICTED&TRUSTED&NOT_VPN&NOT_VCN_MANAGED Uid: 10083 RequestorUid: 10083 RequestorPkg: com.symbol.fota UnderlyingNetworks: Null] ] because their intents matched.
07-18 07:15:47.332  7157 10840 I FotaDisposableSingleObserver: onError()-
07-18 07:15:47.334  2005  2612 D ConnectivityService: NetReassign [no changes] [c 0] [a 0] [i 1]
07-18 07:15:47.599  2005  4940 D WifiNl80211Manager: Scan result ready event
07-18 07:15:47.600  2005  4940 D WifiNative: Scan result ready event
07-18 07:15:47.604  1547  9906 D fusionconfd: SkinnyCat: is_country_available getting country
07-18 07:15:47.604  1547  9906 D fusionconfd: SkinnyCat: print_reg_handler: get country from NL cmd: 00
07-18 07:15:47.604  1547  9906 D fusionconfd: SkinnyCat: print_reg_handler: get country from NL cmd: US
07-18 07:15:47.604  1528  1581 D SMARTMU : #(1581) [ os_wlan_driver_event.cpp : 40] ------------------>  NL80211_CMD_NEW_SCAN_RESULTS : 34 
07-18 07:15:47.605  1547  9906 E fusionconfd: SkinnyCat is_country_available: device_ccode=US
07-18 07:15:47.605  1547  9906 D fusionconfd: SkinnyCat: inside listen events
07-18 07:15:47.636  2005  2608 D WificondScannerImpl: Filtering out 21 scan results.
07-18 07:15:47.721  7278  7278 I FusionManager: getCountry ENTER
07-18 07:15:47.722  1332  1332 D vendor.zebra.fusion@1.0-service: is80211dEnabled: returns 1
07-18 07:15:47.723  7300  7317 E z       : is80211dEnabled true
07-18 07:15:47.724  1547  1547 D fusionconfd: SkinnyCat: is_country_available getting country
07-18 07:15:47.724  1547  1547 D fusionconfd: SkinnyCat: print_reg_handler: get country from NL cmd: 00
07-18 07:15:47.724  1547  1547 D fusionconfd: SkinnyCat: print_reg_handler: get country from NL cmd: US
07-18 07:15:47.724  1547  1547 E fusionconfd: SkinnyCat is_country_available: device_ccode=US
07-18 07:15:47.832  1339  1339 I vendor.zebra.hardware.health@1.0-service: getZebraHealthInfo
07-18 07:15:47.836  1333  1333 E BattSwapHIDL: Unable open read file /sys/battery_swap/capacity, errno=2
07-18 07:15:47.841  2005  2005 D BatterySaverStateMachine: on BATTERY_CHANGED: current BatteryLevel: 54
07-18 07:15:47.842  2005  2005 D BatterySaverStateMachine: received  intent action android.intent.action.BATTERY_CHANGED
07-18 07:15:47.845  3055  3055 D BatterySwapService: Received Intent.ACTION_BATTERY_CHANGED
07-18 07:15:47.850  4690  4690 D OSUService: dev-dbg:is_charging current_now -179140, batteryLevel: 54, adapter_charge_limit: 500000, isCharging(isCharging): false
07-18 07:15:47.850  4690  4690 D OSUService: dev-dbg: calling for resume
07-18 07:15:47.851  4690  4690 I OSUService: handle_ab_resume -1 3
07-18 07:15:47.851  4690  4690 E OSUService: Can't resume - there are no update in suspended state
07-18 07:15:47.851  8365  8365 D HighTemperatureReceiver: Receive action: android.intent.action.BATTERY_CHANGED
07-18 07:15:47.853  8456  8456 D b.b.b.c.a.d.b: Received battery event
07-18 07:15:47.853  8456  8456 D b.b.b.c.a.d.b: BatteryFactory event action = android.intent.action.BATTERY_CHANGED
07-18 07:15:47.954  1288  1354 I SDM     : DisplayBase::CommitThread: Received idle timeout
07-18 07:15:52.965  1339  1339 I vendor.zebra.hardware.health@1.0-service: getZebraHealthInfo
07-18 07:15:52.969  1333  1333 E BattSwapHIDL: Unable open read file /sys/battery_swap/capacity, errno=2
07-18 07:15:52.974  2005  2005 D BatterySaverStateMachine: on BATTERY_CHANGED: current BatteryLevel: 54
07-18 07:15:52.975  2005  2005 D BatterySaverStateMachine: received  intent action android.intent.action.BATTERY_CHANGED
07-18 07:15:52.978  3055  3055 D BatterySwapService: Received Intent.ACTION_BATTERY_CHANGED
07-18 07:15:52.984  8456  8456 D b.b.b.c.a.d.b: Received battery event
07-18 07:15:52.984  8456  8456 D b.b.b.c.a.d.b: BatteryFactory event action = android.intent.action.BATTERY_CHANGED
07-18 07:15:52.985  8365  8365 D HighTemperatureReceiver: Receive action: android.intent.action.BATTERY_CHANGED
07-18 07:15:52.987  4690  4690 D OSUService: dev-dbg:is_charging current_now -97352, batteryLevel: 54, adapter_charge_limit: 500000, isCharging(isCharging): false
07-18 07:15:52.987  4690  4690 D OSUService: dev-dbg: calling for resume
07-18 07:15:52.987  4690  4690 I OSUService: handle_ab_resume -1 3
07-18 07:15:52.987  4690  4690 E OSUService: Can't resume - there are no update in suspended state
07-18 07:15:53.084  1288  1354 I SDM     : DisplayBase::CommitThread: Received idle timeout
07-18 07:15:55.773  2005  2603 E WifiScoringParams: Invalid frequency(-1), using 5G as default rssi array
07-18 07:15:55.807  2005  2608 I android_os_HwBinder: HwBinder: Starting thread pool for getting: vendor.zebra.fusion@1.0::IFusionWifi/default
07-18 07:15:55.809  2005  2608 D WifiNl80211Manager: setupFusionHAL on OnBind true
07-18 07:15:55.810  1332  1332 I vendor.zebra.fusion@1.0-service:  getParam: VOICE_CALL_IN_PROGRESS:  0
07-18 07:15:55.811  1332  1332 I vendor.zebra.fusion@1.0-service:  getParam: allow_zebra_app_scans 0
07-18 07:15:55.813  1547  9906 D fusionconfd: SkinnyCat: inside listen events
07-18 07:15:55.814  1528  1581 D SMARTMU : #(1581) [ os_wlan_driver_event.cpp : 40] ------------------>  NL80211_CMD_TRIGGER_SCAN : 33 
07-18 07:15:58.057  1547  9906 D fusionconfd: SkinnyCat: is_country_available getting country
07-18 07:15:58.059  1528  1581 D SMARTMU : #(1581) [ os_wlan_driver_event.cpp : 40] ------------------>  NL80211_CMD_NEW_SCAN_RESULTS : 34 
07-18 07:15:58.061  1547  9906 D fusionconfd: SkinnyCat: print_reg_handler: get country from NL cmd: 00
07-18 07:15:58.061  1547  9906 D fusionconfd: SkinnyCat: print_reg_handler: get country from NL cmd: US
07-18 07:15:58.064  1547  9906 E fusionconfd: SkinnyCat is_country_available: device_ccode=US
07-18 07:15:58.064  1547  9906 D fusionconfd: SkinnyCat: inside listen events
07-18 07:15:58.064  2005  4940 D WifiNl80211Manager: Scan result ready event
07-18 07:15:58.065  2005  4940 D WifiNative: Scan result ready event
07-18 07:15:58.090  1339  1339 I vendor.zebra.hardware.health@1.0-service: getZebraHealthInfo
07-18 07:15:58.093  1333  1333 E BattSwapHIDL: Unable open read file /sys/battery_swap/capacity, errno=2
07-18 07:15:58.096  2005  2608 D WificondScannerImpl: Filtering out 10 scan results.
07-18 07:15:58.097  2005  2005 D BatterySaverStateMachine: on BATTERY_CHANGED: current BatteryLevel: 54
07-18 07:15:58.099  3055  3055 D BatterySwapService: Received Intent.ACTION_BATTERY_CHANGED
07-18 07:15:58.100  2005  2005 D BatterySaverStateMachine: received  intent action android.intent.action.BATTERY_CHANGED
07-18 07:15:58.103  8365  8365 D HighTemperatureReceiver: Receive action: android.intent.action.BATTERY_CHANGED
07-18 07:15:58.104  8456  8456 D b.b.b.c.a.d.b: Received battery event
07-18 07:15:58.104  8456  8456 D b.b.b.c.a.d.b: BatteryFactory event action = android.intent.action.BATTERY_CHANGED
07-18 07:15:58.111  4690  4690 D OSUService: dev-dbg:is_charging current_now -162966, batteryLevel: 54, adapter_charge_limit: 500000, isCharging(isCharging): false
07-18 07:15:58.111  4690  4690 D OSUService: dev-dbg: calling for resume
07-18 07:15:58.111  4690  4690 I OSUService: handle_ab_resume -1 3
07-18 07:15:58.111  4690  4690 E OSUService: Can't resume - there are no update in suspended state
07-18 07:15:58.155  7278  7278 I FusionManager: getCountry ENTER
07-18 07:15:58.156  1332  1332 D vendor.zebra.fusion@1.0-service: is80211dEnabled: returns 1
07-18 07:15:58.157  7300  7317 E z       : is80211dEnabled true
07-18 07:15:58.158  1547  1547 D fusionconfd: SkinnyCat: is_country_available getting country
07-18 07:15:58.158  1547  1547 D fusionconfd: SkinnyCat: print_reg_handler: get country from NL cmd: 00
07-18 07:15:58.158  1547  1547 D fusionconfd: SkinnyCat: print_reg_handler: get country from NL cmd: US
07-18 07:15:58.158  1547  1547 E fusionconfd: SkinnyCat is_country_available: device_ccode=US
07-18 07:15:58.200  1288  1354 I SDM     : DisplayBase::CommitThread: Received idle timeout
07-18 07:16:00.025  2005  4940 D CompatibilityInfo: mCompatibilityFlags - 4
07-18 07:16:00.026  2005  4940 D CompatibilityInfo: applicationDensity - 240
07-18 07:16:00.026  2005  4940 D CompatibilityInfo: applicationScale - 1.0
07-18 07:16:00.117  1288  1354 I SDM     : DisplayBase::CommitThread: Received idle timeout
07-18 07:16:01.018  3346 10798 W ehwz    : [{0}] Failed to resolve name. status={1}
07-18 07:16:03.210  1339  1339 I vendor.zebra.hardware.health@1.0-service: getZebraHealthInfo
07-18 07:16:03.214  1333  1333 E BattSwapHIDL: Unable open read file /sys/battery_swap/capacity, errno=2
07-18 07:16:03.221  2005  2005 D BatterySaverStateMachine: on BATTERY_CHANGED: current BatteryLevel: 54
07-18 07:16:03.221  2005  2005 D BatterySaverStateMachine: received  intent action android.intent.action.BATTERY_CHANGED
07-18 07:16:03.225  3055  3055 D BatterySwapService: Received Intent.ACTION_BATTERY_CHANGED
07-18 07:16:03.229  4690  4690 D OSUService: dev-dbg:is_charging current_now -116883, batteryLevel: 54, adapter_charge_limit: 500000, isCharging(isCharging): false
07-18 07:16:03.229  4690  4690 D OSUService: dev-dbg: calling for resume
07-18 07:16:03.229  4690  4690 I OSUService: handle_ab_resume -1 3
07-18 07:16:03.230  4690  4690 E OSUService: Can't resume - there are no update in suspended state
07-18 07:16:03.234  8365  8365 D HighTemperatureReceiver: Receive action: android.intent.action.BATTERY_CHANGED
07-18 07:16:03.235  8456  8456 D b.b.b.c.a.d.b: Received battery event
07-18 07:16:03.235  8456  8456 D b.b.b.c.a.d.b: BatteryFactory event action = android.intent.action.BATTERY_CHANGED
07-18 07:16:03.342  1288  1354 I SDM     : DisplayBase::CommitThread: Received idle timeout
07-18 07:16:05.781  2005  2603 E WifiScoringParams: Invalid frequency(-1), using 5G as default rssi array
07-18 07:16:05.812  2005  2608 I android_os_HwBinder: HwBinder: Starting thread pool for getting: vendor.zebra.fusion@1.0::IFusionWifi/default
07-18 07:16:05.814  2005  2608 D WifiNl80211Manager: setupFusionHAL on OnBind true
07-18 07:16:05.815  1332  1332 I vendor.zebra.fusion@1.0-service:  getParam: VOICE_CALL_IN_PROGRESS:  0
07-18 07:16:05.816  1332  1332 I vendor.zebra.fusion@1.0-service:  getParam: allow_zebra_app_scans 0
07-18 07:16:05.818  1547  9906 D fusionconfd: SkinnyCat: inside listen events
07-18 07:16:05.818  1528  1581 D SMARTMU : #(1581) [ os_wlan_driver_event.cpp : 40] ------------------>  NL80211_CMD_TRIGGER_SCAN : 33 
07-18 07:16:07.607  1528  1581 D SMARTMU : #(1581) [ os_wlan_driver_event.cpp : 40] ------------------>  NL80211_CMD_NEW_SCAN_RESULTS : 34 
07-18 07:16:07.607  1547  9906 D fusionconfd: SkinnyCat: is_country_available getting country
07-18 07:16:07.608  2005  4942 D WifiNl80211Manager: Scan result ready event
07-18 07:16:07.608  2005  4942 D WifiNative: Scan result ready event
07-18 07:16:07.609  1547  9906 D fusionconfd: SkinnyCat: print_reg_handler: get country from NL cmd: 00
07-18 07:16:07.609  1547  9906 D fusionconfd: SkinnyCat: print_reg_handler: get country from NL cmd: US
07-18 07:16:07.609  1547  9906 E fusionconfd: SkinnyCat is_country_available: device_ccode=US
07-18 07:16:07.609  1547  9906 D fusionconfd: SkinnyCat: inside listen events
07-18 07:16:07.646  2005  2608 D WificondScannerImpl: Filtering out 9 scan results.
07-18 07:16:07.727  7278  7278 I FusionManager: getCountry ENTER
07-18 07:16:07.728  1332  1332 D vendor.zebra.fusion@1.0-service: is80211dEnabled: returns 1
07-18 07:16:07.729  7300  7317 E z       : is80211dEnabled true
07-18 07:16:07.730  1547  1547 D fusionconfd: SkinnyCat: is_country_available getting country
07-18 07:16:07.730  1547  1547 D fusionconfd: SkinnyCat: print_reg_handler: get country from NL cmd: 00
07-18 07:16:07.730  1547  1547 D fusionconfd: SkinnyCat: print_reg_handler: get country from NL cmd: US
07-18 07:16:07.731  1547  1547 E fusionconfd: SkinnyCat is_country_available: device_ccode=US
07-18 07:16:08.324  1339  1339 I vendor.zebra.hardware.health@1.0-service: getZebraHealthInfo
07-18 07:16:08.328  1333  1333 E BattSwapHIDL: Unable open read file /sys/battery_swap/capacity, errno=2
07-18 07:16:08.333  2005  2005 D BatterySaverStateMachine: on BATTERY_CHANGED: current BatteryLevel: 54
07-18 07:16:08.333  2005  2005 D BatterySaverStateMachine: received  intent action android.intent.action.BATTERY_CHANGED
07-18 07:16:08.336  3055  3055 D BatterySwapService: Received Intent.ACTION_BATTERY_CHANGED
07-18 07:16:08.342  8365  8365 D HighTemperatureReceiver: Receive action: android.intent.action.BATTERY_CHANGED
07-18 07:16:08.343  8456  8456 D b.b.b.c.a.d.b: Received battery event
07-18 07:16:08.343  8456  8456 D b.b.b.c.a.d.b: BatteryFactory event action = android.intent.action.BATTERY_CHANGED
07-18 07:16:08.349  4690  4690 D OSUService: dev-dbg:is_charging current_now -125123, batteryLevel: 54, adapter_charge_limit: 500000, isCharging(isCharging): false
07-18 07:16:08.350  4690  4690 D OSUService: dev-dbg: calling for resume
07-18 07:16:08.350  4690  4690 I OSUService: handle_ab_resume -1 3
07-18 07:16:08.350  4690  4690 E OSUService: Can't resume - there are no update in suspended state
07-18 07:16:08.456  1288  1354 I SDM     : DisplayBase::CommitThread: Received idle timeout
07-18 07:16:11.455  2669  2761 D ControlsListingControllerImpl: Subscribing callback, service count: 0
07-18 07:16:11.497  2669  2761 D ControlsListingControllerImpl: Unsubscribing callback
07-18 07:16:12.207  1179  1237 E minksocket: MinkIPC_QRTR_Service: client with node 1 port 41c7 went down
07-18 07:16:12.209  1179  1237 E minksocket: MinkIPC_QRTR_Service: client with node 1 port 41c8 went down
07-18 07:16:12.213  1179  1237 E minksocket: MinkIPC_QRTR_Service: client with node 1 port 41c9 went down
07-18 07:16:13.461  1339  1339 I vendor.zebra.hardware.health@1.0-service: getZebraHealthInfo
07-18 07:16:13.465  1333  1333 E BattSwapHIDL: Unable open read file /sys/battery_swap/capacity, errno=2
07-18 07:16:13.471  2005  2005 D BatterySaverStateMachine: on BATTERY_CHANGED: current BatteryLevel: 54
07-18 07:16:13.471  2005  2005 D BatterySaverStateMachine: received  intent action android.intent.action.BATTERY_CHANGED
07-18 07:16:13.474  3055  3055 D BatterySwapService: Received Intent.ACTION_BATTERY_CHANGED
07-18 07:16:13.478  4690  4690 D OSUService: dev-dbg:is_charging current_now -117189, batteryLevel: 54, adapter_charge_limit: 500000, isCharging(isCharging): false
07-18 07:16:13.479  4690  4690 D OSUService: dev-dbg: calling for resume
07-18 07:16:13.479  4690  4690 I OSUService: handle_ab_resume -1 3
07-18 07:16:13.479  4690  4690 E OSUService: Can't resume - there are no update in suspended state
07-18 07:16:13.482  8365  8365 D HighTemperatureReceiver: Receive action: android.intent.action.BATTERY_CHANGED
07-18 07:16:13.483  8456  8456 D b.b.b.c.a.d.b: Received battery event
07-18 07:16:13.483  8456  8456 D b.b.b.c.a.d.b: BatteryFactory event action = android.intent.action.BATTERY_CHANGED
07-18 07:16:13.583  1288  1354 I SDM     : DisplayBase::CommitThread: Received idle timeout
07-18 07:16:15.789  2005  2603 E WifiScoringParams: Invalid frequency(-1), using 5G as default rssi array
07-18 07:16:15.824  2005  2608 I android_os_HwBinder: HwBinder: Starting thread pool for getting: vendor.zebra.fusion@1.0::IFusionWifi/default
07-18 07:16:15.826  2005  2608 D WifiNl80211Manager: setupFusionHAL on OnBind true
07-18 07:16:15.828  1332  1332 I vendor.zebra.fusion@1.0-service:  getParam: VOICE_CALL_IN_PROGRESS:  0
07-18 07:16:15.828  1332  1332 I vendor.zebra.fusion@1.0-service:  getParam: allow_zebra_app_scans 0
07-18 07:16:15.831  1547  9906 D fusionconfd: SkinnyCat: inside listen events
07-18 07:16:15.831  1528  1581 D SMARTMU : #(1581) [ os_wlan_driver_event.cpp : 40] ------------------>  NL80211_CMD_TRIGGER_SCAN : 33 
07-18 07:16:17.215  1179  1218 E sec_channel  : Modemcomm: Init Instance on handle:0 failed with -3 
07-18 07:16:17.215  1179  1218 E sec_channel  : Modemcomm: Failed to get handle of SSGQMSCA service
07-18 07:16:17.218  1179  1237 E minksocket: MinkIPC_QRTR_Service: client with node 1 port 41ca went down
07-18 07:16:17.220  1179  1237 E minksocket: MinkIPC_QRTR_Service: client with node 1 port 41cb went down
07-18 07:16:17.224  1179  1237 E minksocket: MinkIPC_QRTR_Service: client with node 1 port 41cc went down
07-18 07:16:18.072  1528  1581 D SMARTMU : #(1581) [ os_wlan_driver_event.cpp : 40] ------------------>  NL80211_CMD_NEW_SCAN_RESULTS : 34 
07-18 07:16:18.073  1547  9906 D fusionconfd: SkinnyCat: is_country_available getting country
07-18 07:16:18.073  1547  9906 D fusionconfd: SkinnyCat: print_reg_handler: get country from NL cmd: 00
07-18 07:16:18.074  1547  9906 D fusionconfd: SkinnyCat: print_reg_handler: get country from NL cmd: US
07-18 07:16:18.074  2005  4942 D WifiNl80211Manager: Scan result ready event
07-18 07:16:18.074  2005  4942 D WifiNative: Scan result ready event
07-18 07:16:18.074  1547  9906 E fusionconfd: SkinnyCat is_country_available: device_ccode=US
07-18 07:16:18.074  1547  9906 D fusionconfd: SkinnyCat: inside listen events
07-18 07:16:18.109  2005  2608 D WificondScannerImpl: Filtering out 17 scan results.
07-18 07:16:18.185  7278  7278 I FusionManager: getCountry ENTER
07-18 07:16:18.186  1332  1332 D vendor.zebra.fusion@1.0-service: is80211dEnabled: returns 1
07-18 07:16:18.187  7300  7317 E z       : is80211dEnabled true
07-18 07:16:18.189  1547  1547 D fusionconfd: SkinnyCat: is_country_available getting country
07-18 07:16:18.189  1547  1547 D fusionconfd: SkinnyCat: print_reg_handler: get country from NL cmd: 00
07-18 07:16:18.189  1547  1547 D fusionconfd: SkinnyCat: print_reg_handler: get country from NL cmd: US
07-18 07:16:18.190  1547  1547 E fusionconfd: SkinnyCat is_country_available: device_ccode=US
07-18 07:16:18.566  1339  1339 I vendor.zebra.hardware.health@1.0-service: getZebraHealthInfo
07-18 07:16:18.570  1333  1333 E BattSwapHIDL: Unable open read file /sys/battery_swap/capacity, errno=2
07-18 07:16:18.575  2005  2005 D BatterySaverStateMachine: on BATTERY_CHANGED: current BatteryLevel: 54
07-18 07:16:18.576  2005  2005 D BatterySaverStateMachine: received  intent action android.intent.action.BATTERY_CHANGED
07-18 07:16:18.578  3055  3055 D BatterySwapService: Received Intent.ACTION_BATTERY_CHANGED
07-18 07:16:18.582  8365  8365 D HighTemperatureReceiver: Receive action: android.intent.action.BATTERY_CHANGED
07-18 07:16:18.583  8456  8456 D b.b.b.c.a.d.b: Received battery event
07-18 07:16:18.583  8456  8456 D b.b.b.c.a.d.b: BatteryFactory event action = android.intent.action.BATTERY_CHANGED
07-18 07:16:18.590  4690  4690 D OSUService: dev-dbg:is_charging current_now -116578, batteryLevel: 54, adapter_charge_limit: 500000, isCharging(isCharging): false
07-18 07:16:18.590  4690  4690 D OSUService: dev-dbg: calling for resume
07-18 07:16:18.590  4690  4690 I OSUService: handle_ab_resume -1 3
07-18 07:16:18.590  4690  4690 E OSUService: Can't resume - there are no update in suspended state
07-18 07:16:18.694  1288  1354 I SDM     : DisplayBase::CommitThread: Received idle timeout
