--------- beginning of system
07-18 06:53:27.952  2005  2005 D SystemServerTiming: ssm.onStartUser-0_com.android.server.adb.AdbService$Lifecycle
07-18 06:53:27.952  2005  2005 D SystemServerTiming: ssm.onStartUser-0_com.android.server.usb.UsbService$Lifecycle
07-18 06:53:27.952  2005  2005 D SystemServerTiming: ssm.onStartUser-0_com.android.server.twilight.TwilightService
07-18 06:53:27.952  2005  2005 D SystemServerTiming: ssm.onStartUser-0_com.android.server.display.color.ColorDisplayService
07-18 06:53:27.952  2005  2005 D SystemServerTiming: ssm.onStartUser-0_com.android.server.job.JobSchedulerService
07-18 06:53:27.952  2005  2005 D SystemServerTiming: ssm.onStartUser-0_com.android.server.soundtrigger.SoundTriggerService
07-18 06:53:27.952  2005  2005 D SystemServerTiming: ssm.onStartUser-0_com.android.server.trust.TrustManagerService
07-18 06:53:27.952  2005  2005 D SystemServerTiming: ssm.onStartUser-0_com.android.server.backup.BackupManagerService$Lifecycle
07-18 06:53:27.952  2005  2005 D SystemServerTiming: ssm.onStartUser-0_com.android.server.appwidget.AppWidgetService
07-18 06:53:27.952  2005  2005 D SystemServerTiming: ssm.onStartUser-0_com.android.server.voiceinteraction.VoiceInteractionManagerService
07-18 06:53:27.954  2005  2005 D SystemServerTiming: ssm.onStartUser-0_com.android.server.apphibernation.AppHibernationService
07-18 06:53:27.954  2005  2005 D SystemServerTiming: ssm.onStartUser-0_com.android.server.GestureLauncherService
07-18 06:53:27.954  2005  2005 D SystemServerTiming: ssm.onStartUser-0_com.android.server.SensorNotificationService
07-18 06:53:27.954  2005  2005 D SystemServerTiming: ssm.onStartUser-0_com.android.server.emergency.EmergencyAffordanceService
07-18 06:53:27.954  2005  2005 D SystemServerTiming: ssm.onStartUser-0_com.android.server.blob.BlobStoreManagerService
07-18 06:53:27.954  2005  2005 D SystemServerTiming: ssm.onStartUser-0_com.android.server.dreams.DreamManagerService
07-18 06:53:27.955  2005  2005 D SystemServerTiming: ssm.onStartUser-0_com.android.server.print.PrintManagerService
07-18 06:53:27.955  2005  2005 D SystemServerTiming: ssm.onStartUser-0_com.android.server.security.AttestationVerificationManagerService
07-18 06:53:27.955  2005  2005 D SystemServerTiming: ssm.onStartUser-0_com.android.server.companion.CompanionDeviceManagerService
07-18 06:53:27.955  2005  2005 D SystemServerTiming: ssm.onStartUser-0_com.android.server.companion.virtual.VirtualDeviceManagerService
07-18 06:53:27.956  2005  2005 D SystemServerTiming: ssm.onStartUser-0_com.android.server.restrictions.RestrictionsManagerService
07-18 06:53:27.956  2005  2005 D SystemServerTiming: ssm.onStartUser-0_com.android.server.media.MediaSessionService
07-18 06:53:27.956  2005  2005 D SystemServerTiming: ssm.onStartUser-0_com.android.server.media.MediaResourceMonitorService
07-18 06:53:27.956  2005  2005 D SystemServerTiming: ssm.onStartUser-0_com.android.server.biometrics.BiometricService
07-18 06:53:27.956  2005  2005 D SystemServerTiming: ssm.onStartUser-0_com.android.server.biometrics.AuthService
07-18 06:53:27.956  2005  2005 D SystemServerTiming: ssm.onStartUser-0_com.android.server.pm.ShortcutService$Lifecycle
07-18 06:53:27.956  2005  2005 D SystemServerTiming: ssm.onStartUser-0_com.android.server.pm.LauncherAppsService
07-18 06:53:27.956  2005  2005 D SystemServerTiming: ssm.onStartUser-0_com.android.server.pm.CrossProfileAppsService
07-18 06:53:27.956  2005  2005 D SystemServerTiming: ssm.onStartUser-0_com.android.server.people.PeopleService
07-18 06:53:27.956  2005  2005 D SystemServerTiming: ssm.onStartUser-0_com.android.server.media.metrics.MediaMetricsManagerService
07-18 06:53:27.956  2005  2005 D SystemServerTiming: ssm.onStartUser-0_com.android.server.media.projection.MediaProjectionManagerService
07-18 06:53:27.956  2005  2005 D SystemServerTiming: ssm.onStartUser-0_com.android.server.slice.SliceManagerService$Lifecycle
07-18 06:53:27.956  2005  2005 D SystemServerTiming: ssm.onStartUser-0_com.android.server.stats.StatsCompanion$Lifecycle
07-18 06:53:27.956  2005  2005 D SystemServerTiming: ssm.onStartUser-0_com.android.server.scheduling.RebootReadinessManagerService$Lifecycle
07-18 06:53:27.956  2005  2005 D SystemServerTiming: ssm.onStartUser-0_com.android.server.stats.pull.StatsPullAtomService
07-18 06:53:27.956  2005  2005 D SystemServerTiming: ssm.onStartUser-0_com.android.server.stats.bootstrap.StatsBootstrapAtomService$Lifecycle
07-18 06:53:27.957  2005  2005 D SystemServerTiming: ssm.onStartUser-0_com.android.server.incident.IncidentCompanionService
07-18 06:53:27.957  2005  2005 D SystemServerTiming: ssm.onStartUser-0_com.android.server.sdksandbox.SdkSandboxManagerService$Lifecycle
07-18 06:53:27.957  2005  2005 D SystemServerTiming: ssm.onStartUser-0_com.android.server.adservices.AdServicesManagerService$Lifecycle
07-18 06:53:27.957  2005  2005 D SystemServerTiming: ssm.onStartUser-0_com.android.server.autofill.AutofillManagerService
07-18 06:53:27.957  2005  2005 D SystemServerTiming: ssm.onStartUser-0_com.android.server.clipboard.ClipboardService
07-18 06:53:27.957  2005  2005 D SystemServerTiming: ssm.onStartUser-0_com.android.server.appbinding.AppBindingService$Lifecycle
07-18 06:53:27.958  2005  2005 W AppBindingService: [Default SMS app] u0 Target package not found
07-18 06:53:27.958  2005  2005 D SystemServerTiming: ssm.onStartUser-0_com.android.server.tracing.TracingServiceProxy
07-18 06:53:27.958  2005  2005 D SystemServerTiming: ssm.onStartUser-0_com.android.server.policy.PermissionPolicyService
07-18 06:53:27.958  2005  2005 D SystemServerTiming: ssm.onStartUser-0_com.android.server.pm.StagingManager$Lifecycle
07-18 06:53:27.958  2005  2005 D SystemServerTiming: ssm.onStartUser-0_com.android.server.app.GameManagerService$Lifecycle
07-18 06:53:27.959  2005  2005 V GameManagerService: Settings file doesn't exists, skip reading
07-18 06:53:27.959  2005  2005 D SystemServerTiming: ssm.onStartUser-0_com.android.safetycenter.SafetyCenterService
07-18 06:53:27.959  2005  2005 D SystemServerTiming: ssm.onStartUser-0_com.android.server.appsearch.AppSearchModule$Lifecycle
07-18 06:53:27.959  2005  2005 D SystemServerTiming: ssm.onStartUser-0_com.android.server.media.MediaCommunicationService
07-18 06:53:27.959  2005  2005 D SystemServerTiming: ssm.onStartUser-0_com.android.server.compat.overrides.AppCompatOverridesService$Lifecycle
07-18 06:53:27.959  2005  2005 D SystemServerTiming: startPersistentApps
07-18 06:53:27.960  2005  2005 D CompatibilityChangeReporter: Compat change id reported: 135634846; UID 1000; state: DISABLED
07-18 06:53:27.960  2005  2005 D CompatibilityChangeReporter: Compat change id reported: 177438394; UID 1000; state: DISABLED
07-18 06:53:27.960  2005  2005 D CompatibilityChangeReporter: Compat change id reported: 135772972; UID 1000; state: DISABLED
07-18 06:53:27.961  2005  2005 D CompatibilityChangeReporter: Compat change id reported: 135754954; UID 1000; state: ENABLED
07-18 06:53:27.961  2005  2062 W ActivityManager: com.symbol.osx.proxyframework inode == 0 (b/152760674)
07-18 06:53:27.961  2005  2062 W ActivityManager: com.google.android.gms inode == 0 (b/152760674)
07-18 06:53:27.962  2005  2005 D CompatibilityChangeReporter: Compat change id reported: 135634846; UID 1001; state: DISABLED
07-18 06:53:27.963  2005  2005 D CompatibilityChangeReporter: Compat change id reported: 177438394; UID 1001; state: DISABLED
07-18 06:53:27.963  2005  2005 D CompatibilityChangeReporter: Compat change id reported: 135772972; UID 1001; state: DISABLED
07-18 06:53:27.963  2005  2005 D CompatibilityChangeReporter: Compat change id reported: 135754954; UID 1001; state: ENABLED
07-18 06:53:27.963  2005  2005 D CompatibilityChangeReporter: Compat change id reported: 135634846; UID 10126; state: DISABLED
07-18 06:53:27.964  2005  2005 D CompatibilityChangeReporter: Compat change id reported: 177438394; UID 10126; state: DISABLED
07-18 06:53:27.964  2005  2005 D CompatibilityChangeReporter: Compat change id reported: 135772972; UID 10126; state: DISABLED
07-18 06:53:27.964  2005  2005 D CompatibilityChangeReporter: Compat change id reported: 135754954; UID 10126; state: ENABLED
07-18 06:53:27.966  2005  2005 D CompatibilityChangeReporter: Compat change id reported: 135634846; UID 10107; state: DISABLED
07-18 06:53:27.966  2005  2005 D CompatibilityChangeReporter: Compat change id reported: 177438394; UID 10107; state: DISABLED
07-18 06:53:27.966  2005  2005 D CompatibilityChangeReporter: Compat change id reported: 135772972; UID 10107; state: DISABLED
07-18 06:53:27.966  2005  2005 D CompatibilityChangeReporter: Compat change id reported: 135754954; UID 10107; state: ENABLED
07-18 06:53:27.967  2005  2005 D CompatibilityChangeReporter: Compat change id reported: 135634846; UID 10208; state: DISABLED
07-18 06:53:27.967  2005  2005 D CompatibilityChangeReporter: Compat change id reported: 177438394; UID 10208; state: DISABLED
07-18 06:53:27.967  2005  2005 D CompatibilityChangeReporter: Compat change id reported: 135772972; UID 10208; state: DISABLED
07-18 06:53:27.967  2005  2005 D CompatibilityChangeReporter: Compat change id reported: 135754954; UID 10208; state: ENABLED
07-18 06:53:27.968  2005  2005 D CompatibilityChangeReporter: Compat change id reported: 135634846; UID 10191; state: DISABLED
07-18 06:53:27.968  2005  2005 D CompatibilityChangeReporter: Compat change id reported: 177438394; UID 10191; state: DISABLED
07-18 06:53:27.968  2005  2005 D CompatibilityChangeReporter: Compat change id reported: 135772972; UID 10191; state: DISABLED
07-18 06:53:27.969  2005  2005 D CompatibilityChangeReporter: Compat change id reported: 135754954; UID 10191; state: ENABLED
07-18 06:53:27.970  2005  2005 D CompatibilityChangeReporter: Compat change id reported: 135634846; UID 10106; state: DISABLED
07-18 06:53:27.970  2005  2005 D CompatibilityChangeReporter: Compat change id reported: 177438394; UID 10106; state: DISABLED
07-18 06:53:27.971  2005  2005 D CompatibilityChangeReporter: Compat change id reported: 135772972; UID 10106; state: DISABLED
07-18 06:53:27.971  2005  2005 D CompatibilityChangeReporter: Compat change id reported: 135754954; UID 10106; state: ENABLED
07-18 06:53:27.972  2005  2005 D CompatibilityChangeReporter: Compat change id reported: 135634846; UID 1068; state: DISABLED
07-18 06:53:27.972  2005  2005 D CompatibilityChangeReporter: Compat change id reported: 135634846; UID 10203; state: DISABLED
07-18 06:53:27.973  2005  2005 D CompatibilityChangeReporter: Compat change id reported: 177438394; UID 10203; state: DISABLED
07-18 06:53:27.973  2005  2005 D CompatibilityChangeReporter: Compat change id reported: 135772972; UID 10203; state: DISABLED
07-18 06:53:27.973  2005  2005 D CompatibilityChangeReporter: Compat change id reported: 135754954; UID 10203; state: ENABLED
07-18 06:53:27.974  2005  2005 D CompatibilityChangeReporter: Compat change id reported: 135634846; UID 10202; state: DISABLED
07-18 06:53:27.974  2005  2005 D CompatibilityChangeReporter: Compat change id reported: 177438394; UID 10202; state: DISABLED
07-18 06:53:27.974  2005  2005 D CompatibilityChangeReporter: Compat change id reported: 135772972; UID 10202; state: DISABLED
07-18 06:53:27.974  2005  2005 D CompatibilityChangeReporter: Compat change id reported: 135754954; UID 10202; state: ENABLED
07-18 06:53:27.975  2005  2005 D SystemServerTiming: startHomeOnAllDisplays
07-18 06:53:27.976  2005  2005 I ActivityTaskManager: START u0 {act=android.intent.action.MAIN cat=[android.intent.category.HOME] flg=0x10000100 cmp=com.google.android.setupwizard/.SetupWizardActivity (has extras)} from uid 0
07-18 06:53:27.988  2005  2005 D CompatibilityChangeReporter: Compat change id reported: 184838306; UID 10188; state: DISABLED
07-18 06:53:27.988  2005  2005 D CompatibilityChangeReporter: Compat change id reported: 185004937; UID 10188; state: DISABLED
07-18 06:53:27.988  2005  2005 D CompatibilityChangeReporter: Compat change id reported: 181136395; UID 10188; state: DISABLED
07-18 06:53:27.989  2005  2005 D CompatibilityChangeReporter: Compat change id reported: 174042936; UID 10188; state: DISABLED
07-18 06:53:27.989  2005  2005 D CompatibilityChangeReporter: Compat change id reported: 174042980; UID 10188; state: DISABLED
07-18 06:53:27.989  2005  2005 D CompatibilityChangeReporter: Compat change id reported: 194480991; UID 10188; state: ENABLED
07-18 06:53:27.997  2005  2005 D CompatibilityChangeReporter: Compat change id reported: 197654537; UID 10188; state: ENABLED
07-18 06:53:28.006  2005  2920 W ContextImpl: Calling a method in the system process without a qualified user: android.app.ContextImpl.bindService:1950 android.content.ContextWrapper.bindService:853 com.qualcomm.qti.activityextension.ActivityNotifier.bindToDynamicDDSService:103 com.qualcomm.qti.activityextension.ActivityNotifier.handleSendActivityInvokeNotification:184 com.qualcomm.qti.activityextension.ActivityNotifier.access$300:26 
07-18 06:53:28.014  2005  2005 D SystemServerTiming: showSystemReadyErrorDialogs
07-18 06:53:28.017  1276  1276 I android.hardware.wifi@1.0-service: Adding interface handle for wlan0
07-18 06:53:28.017  1276  1276 I android.hardware.wifi@1.0-service: Adding interface handle for p2p0
07-18 06:53:28.017  1276  1276 W android.hardware.wifi@1.0-service: No active wlan interfaces in use! Using default
07-18 06:53:28.017  1276  1276 W android.hardware.wifi@1.0-service: No active wlan interfaces in use! Using default
07-18 06:53:28.019  1276  1276 I android.hardware.wifi@1.0-service: Configured chip in mode 3
07-18 06:53:28.019  1276  1276 W android.hardware.wifi@1.0-service: No active wlan interfaces in use! Using default
07-18 06:53:28.034  1547  1547 I fusionconfd: fusion SetupInit
07-18 06:53:28.035  1547  1547 I fusionconfd: ifaceInit: setCountry return 0
07-18 06:53:28.035  1547  1547 I fusionconfd: SkinnyCat: init fusionreg with 11d 1
07-18 06:53:28.035  1547  1547 I fusionconfd: SkinnyCat: init fusionreg with autotime 0
07-18 06:53:28.036  1547  1547 I fusionconfd: got valid interface 
07-18 06:53:28.037  1532  1532 I wificond: createClientInterface: wiphy_index 0 iface_name wlan0
07-18 06:53:28.037  1532  1532 I wificond: create scanner for interface with index: 16
07-18 06:53:28.037  1532  1532 I wificond: subscribe scan result for interface with index: 16
07-18 06:53:28.038  1532  1532 I wificond: add channel type 0 support at wiphy index: 0
07-18 06:53:28.038  1532  1532 I wificond: add channel type 1 support at wiphy index: 0
07-18 06:53:28.038  1532  1532 I wificond: add channel type 3 support at wiphy index: 0
07-18 06:53:28.051  2005  2005 D SystemServerTiming: sendUserStartBroadcast
07-18 06:53:28.051  2005  2005 D SystemServerTiming: resumeTopActivities
07-18 06:53:28.052  2005  2005 D SystemServerTiming: sendUserSwitchBroadcasts
07-18 06:53:28.052  2005  2005 D SystemServerTiming: setBinderProxies
07-18 06:53:28.052  2005  2005 D SystemServerTiming: componentAlias
07-18 06:53:28.052  2005  2005 D ComponentAliasResolver: Compat listener set.
07-18 06:53:28.052  2005  2005 D SystemServerTiming: StartSystemUI
07-18 06:53:28.053  2005  2062 W ActivityManager: Slow operation: 94ms so far, now at startProcess: done updating battery stats
07-18 06:53:28.053  2005  2062 W ActivityManager: Slow operation: 94ms so far, now at startProcess: building log message
07-18 06:53:28.053  2005  2062 I ActivityManager: Start proc 2902:com.zebra.batteryswapnotification/1000 for added application com.zebra.batteryswapnotification
07-18 06:53:28.053  2005  2062 W ActivityManager: Slow operation: 94ms so far, now at startProcess: starting to update pids map
07-18 06:53:28.053  2005  2062 W ActivityManager: Slow operation: 94ms so far, now at startProcess: done updating pids map
07-18 06:53:28.053  2005  2062 W ActivityManager: Slow operation: 92ms so far, now at startProcess: asking zygote to start proc
07-18 06:53:28.054  2005  2062 W ActivityManager: com.symbol.osx.proxyframework inode == 0 (b/152760674)
07-18 06:53:28.054  2005  2062 W ActivityManager: com.google.android.gms inode == 0 (b/152760674)
07-18 06:53:28.061  2005  2062 W ActivityManager: Slow operation: 99ms so far, now at startProcess: returned from zygote!
07-18 06:53:28.064  2005  2723 D CompatibilityChangeReporter: Compat change id reported: 168419799; UID 1000; state: DISABLED
07-18 06:53:28.070  2005  2055 D CompatibilityChangeReporter: Compat change id reported: 135634846; UID 10188; state: DISABLED
07-18 06:53:28.070  2005  2055 D CompatibilityChangeReporter: Compat change id reported: 177438394; UID 10188; state: DISABLED
07-18 06:53:28.070  2005  2055 D CompatibilityChangeReporter: Compat change id reported: 135772972; UID 10188; state: DISABLED
07-18 06:53:28.070  2005  2055 D CompatibilityChangeReporter: Compat change id reported: 135754954; UID 10188; state: ENABLED
07-18 06:53:28.070  2005  2160 D CompatibilityChangeReporter: Compat change id reported: 161145287; UID 1002; state: DISABLED
07-18 06:53:28.082  2005  2062 W ActivityManager: Slow operation: 121ms so far, now at startProcess: done updating battery stats
07-18 06:53:28.083  2005  2062 W ActivityManager: Slow operation: 121ms so far, now at startProcess: building log message
07-18 06:53:28.083  2005  2062 I ActivityManager: Start proc 2929:com.zebra.keyeventservice/1000 for added application com.zebra.keyeventservice
07-18 06:53:28.083  2005  2062 W ActivityManager: Slow operation: 122ms so far, now at startProcess: starting to update pids map
07-18 06:53:28.083  2005  2062 W ActivityManager: Slow operation: 122ms so far, now at startProcess: done updating pids map
07-18 06:53:28.083  2005  2062 W ActivityManager: Slow operation: 121ms so far, now at startProcess: asking zygote to start proc
07-18 06:53:28.083  2005  2062 W ActivityManager: com.qualcomm.qti.dynamicddsservice inode == 0 (b/152760674)
07-18 06:53:28.083  2005  2062 W ActivityManager: com.google.android.gms inode == 0 (b/152760674)
07-18 06:53:28.085  2005  2005 D CompatibilityChangeReporter: Compat change id reported: 168419799; UID 10193; state: DISABLED
07-18 06:53:28.087  2005  2170 D CompatibilityChangeReporter: Compat change id reported: 218533173; UID 10212; state: DISABLED
07-18 06:53:28.087  2005  2170 D CompatibilityChangeReporter: Compat change id reported: 218533173; UID 10175; state: ENABLED
07-18 06:53:28.088  2005  2170 D CompatibilityChangeReporter: Compat change id reported: 218533173; UID 10227; state: ENABLED
07-18 06:53:28.089  2005  2170 D CompatibilityChangeReporter: Compat change id reported: 218533173; UID 10123; state: ENABLED
07-18 06:53:28.089  2005  2170 D CompatibilityChangeReporter: Compat change id reported: 218533173; UID 10036; state: ENABLED
07-18 06:53:28.090  2005  2170 D CompatibilityChangeReporter: Compat change id reported: 218533173; UID 10221; state: ENABLED
07-18 06:53:28.090  2005  2170 D CompatibilityChangeReporter: Compat change id reported: 218533173; UID 10030; state: ENABLED
07-18 06:53:28.091  2005  2170 D CompatibilityChangeReporter: Compat change id reported: 171306433; UID 10083; state: ENABLED
07-18 06:53:28.091  2005  2170 D CompatibilityChangeReporter: Compat change id reported: 226439802; UID 10083; state: DISABLED
07-18 06:53:28.092  2005  2170 D CompatibilityChangeReporter: Compat change id reported: 218533173; UID 10040; state: DISABLED
07-18 06:53:28.092  2005  2170 D CompatibilityChangeReporter: Compat change id reported: 218533173; UID 10184; state: ENABLED
07-18 06:53:28.093  2005  2005 D SystemServerTiming: startApexServices
07-18 06:53:28.093  2005  2005 D SystemServerTiming: starting com.android.server.scheduling.RebootReadinessManagerService$Lifecycle
07-18 06:53:28.093  2005  2005 I SystemServiceManager: Starting com.android.server.scheduling.RebootReadinessManagerService$Lifecycle
07-18 06:53:28.093  2005  2005 I SystemServiceManager: Not starting an already started service com.android.server.scheduling.RebootReadinessManagerService$Lifecycle
07-18 06:53:28.093  2005  2170 D CompatibilityChangeReporter: Compat change id reported: 218533173; UID 10052; state: DISABLED
07-18 06:53:28.094  2005  2170 D CompatibilityChangeReporter: Compat change id reported: 171306433; UID 10149; state: ENABLED
07-18 06:53:28.094  2005  2170 D CompatibilityChangeReporter: Compat change id reported: 226439802; UID 10149; state: DISABLED
07-18 06:53:28.095  2005  2170 D CompatibilityChangeReporter: Compat change id reported: 218533173; UID 10044; state: ENABLED
07-18 06:53:28.095  2005  2170 D CompatibilityChangeReporter: Compat change id reported: 218533173; UID 10050; state: ENABLED
07-18 06:53:28.096  2005  2170 D CompatibilityChangeReporter: Compat change id reported: 218533173; UID 10199; state: ENABLED
07-18 06:53:28.097  2005  2170 D CompatibilityChangeReporter: Compat change id reported: 218533173; UID 10137; state: ENABLED
07-18 06:53:28.097  2005  2170 D CompatibilityChangeReporter: Compat change id reported: 218533173; UID 10102; state: ENABLED
07-18 06:53:28.098  2005  2170 D CompatibilityChangeReporter: Compat change id reported: 218533173; UID 10006; state: ENABLED
07-18 06:53:28.098  2005  2005 W Looper  : Slow delivery took 21720ms main h=android.app.PropertyInvalidatedCache$AutoCorker$1 c=null m=0
07-18 06:53:28.098  2005  2170 D CompatibilityChangeReporter: Compat change id reported: 218533173; UID 10179; state: ENABLED
07-18 06:53:28.099  2005  2170 D CompatibilityChangeReporter: Compat change id reported: 218533173; UID 10105; state: ENABLED
07-18 06:53:28.100  2005  2170 D CompatibilityChangeReporter: Compat change id reported: 218533173; UID 10119; state: ENABLED
07-18 06:53:28.100  2005  2170 D CompatibilityChangeReporter: Compat change id reported: 218533173; UID 10018; state: ENABLED
07-18 06:53:28.100  2005  2062 W ActivityManager: Slow operation: 137ms so far, now at startProcess: returned from zygote!
07-18 06:53:28.101  2005  2170 D CompatibilityChangeReporter: Compat change id reported: 218533173; UID 10064; state: ENABLED
07-18 06:53:28.101  2005  2170 D CompatibilityChangeReporter: Compat change id reported: 218533173; UID 10096; state: ENABLED
07-18 06:53:28.102  2005  2170 D CompatibilityChangeReporter: Compat change id reported: 218533173; UID 10113; state: ENABLED
07-18 06:53:28.103  2005  2170 D CompatibilityChangeReporter: Compat change id reported: 218533173; UID 10012; state: ENABLED
07-18 06:53:28.103  2005  2170 D CompatibilityChangeReporter: Compat change id reported: 218533173; UID 10058; state: ENABLED
07-18 06:53:28.104  2005  2170 D CompatibilityChangeReporter: Compat change id reported: 218533173; UID 10126; state: ENABLED
07-18 06:53:28.104  2005  2170 D CompatibilityChangeReporter: Compat change id reported: 218533173; UID 10180; state: ENABLED
07-18 06:53:28.105  2005  2170 D CompatibilityChangeReporter: Compat change id reported: 218533173; UID 10049; state: DISABLED
07-18 06:53:28.105  2005  2170 D CompatibilityChangeReporter: Compat change id reported: 218533173; UID 10062; state: ENABLED
07-18 06:53:28.106  2005  2170 D CompatibilityChangeReporter: Compat change id reported: 218533173; UID 10198; state: ENABLED
07-18 06:53:28.107  2005  2062 W ActivityManager: Slow operation: 145ms so far, now at startProcess: done updating battery stats
07-18 06:53:28.107  2005  2062 W ActivityManager: Slow operation: 145ms so far, now at startProcess: building log message
07-18 06:53:28.107  2005  2062 I ActivityManager: Start proc 2946:.dataservices/1001 for added application .dataservices
07-18 06:53:28.107  2005  2062 W ActivityManager: Slow operation: 145ms so far, now at startProcess: starting to update pids map
07-18 06:53:28.108  2005  2170 D CompatibilityChangeReporter: Compat change id reported: 218533173; UID 10140; state: ENABLED
07-18 06:53:28.108  2005  2062 W ActivityManager: Slow operation: 146ms so far, now at startProcess: done updating pids map
07-18 06:53:28.108  2005  2062 W ActivityManager: Slow operation: 145ms so far, now at startProcess: asking zygote to start proc
07-18 06:53:28.108  2005  2170 D CompatibilityChangeReporter: Compat change id reported: 218533173; UID 10220; state: ENABLED
07-18 06:53:28.108  2005  2062 D CompatibilityChangeReporter: Compat change id reported: 143937733; UID 10126; state: ENABLED
07-18 06:53:28.108  2005  2062 W ActivityManager: vendor.qti.hardware.cacert.server inode == 0 (b/152760674)
07-18 06:53:28.109  2005  2062 W ActivityManager: com.google.android.gms inode == 0 (b/152760674)
07-18 06:53:28.109  2005  2170 D CompatibilityChangeReporter: Compat change id reported: 218533173; UID 10026; state: ENABLED
07-18 06:53:28.109  2005  2005 D CompatibilityChangeReporter: Compat change id reported: 194532703; UID 1000; state: ENABLED
07-18 06:53:28.109  2005  2170 D CompatibilityChangeReporter: Compat change id reported: 218533173; UID 10117; state: ENABLED
07-18 06:53:28.109  2005  2005 D CompatibilityChangeReporter: Compat change id reported: 194532703; UID 1000; state: DISABLED
07-18 06:53:28.109  2005  2170 D CompatibilityChangeReporter: Compat change id reported: 218533173; UID 10007; state: ENABLED
07-18 06:53:28.110  2005  2170 D CompatibilityChangeReporter: Compat change id reported: 218533173; UID 10061; state: ENABLED
07-18 06:53:28.110  2005  2170 D CompatibilityChangeReporter: Compat change id reported: 218533173; UID 10147; state: ENABLED
07-18 06:53:28.111  2005  2170 D CompatibilityChangeReporter: Compat change id reported: 218533173; UID 10107; state: ENABLED
07-18 06:53:28.111  2005  2170 D CompatibilityChangeReporter: Compat change id reported: 218533173; UID 10068; state: ENABLED
07-18 06:53:28.112  2005  2170 D CompatibilityChangeReporter: Compat change id reported: 218533173; UID 10000; state: ENABLED
07-18 06:53:28.112  2005  2170 D CompatibilityChangeReporter: Compat change id reported: 218533173; UID 10222; state: ENABLED
07-18 06:53:28.113  2005  2170 D CompatibilityChangeReporter: Compat change id reported: 218533173; UID 10034; state: ENABLED
07-18 06:53:28.113  2005  2170 D CompatibilityChangeReporter: Compat change id reported: 218533173; UID 10022; state: ENABLED
07-18 06:53:28.114  2005  2170 D CompatibilityChangeReporter: Compat change id reported: 218533173; UID 10032; state: ENABLED
07-18 06:53:28.114  2005  2170 D CompatibilityChangeReporter: Compat change id reported: 218533173; UID 10111; state: ENABLED
07-18 06:53:28.115  2005  2170 D CompatibilityChangeReporter: Compat change id reported: 218533173; UID 10092; state: ENABLED
07-18 06:53:28.115  2005  2052 W QuotaTracker: Alarm not scheduled because boot isn't completed
07-18 06:53:28.115  2005  2170 D CompatibilityChangeReporter: Compat change id reported: 218533173; UID 10186; state: ENABLED
07-18 06:53:28.116  2005  2170 D CompatibilityChangeReporter: Compat change id reported: 218533173; UID 10172; state: ENABLED
07-18 06:53:28.116  2005  2170 D CompatibilityChangeReporter: Compat change id reported: 218533173; UID 10003; state: ENABLED
07-18 06:53:28.117  2005  2170 D CompatibilityChangeReporter: Compat change id reported: 218533173; UID 10060; state: ENABLED
07-18 06:53:28.117  2005  2170 D CompatibilityChangeReporter: Compat change id reported: 218533173; UID 10225; state: ENABLED
07-18 06:53:28.119  2005  2170 D CompatibilityChangeReporter: Compat change id reported: 218533173; UID 10195; state: ENABLED
07-18 06:53:28.119  2005  2170 D CompatibilityChangeReporter: Compat change id reported: 218533173; UID 10208; state: ENABLED
07-18 06:53:28.120  2005  2170 D CompatibilityChangeReporter: Compat change id reported: 218533173; UID 10191; state: ENABLED
07-18 06:53:28.120  2005  2170 D CompatibilityChangeReporter: Compat change id reported: 218533173; UID 10031; state: ENABLED
07-18 06:53:28.121  2005  2752 D CompatibilityChangeReporter: Compat change id reported: 168419799; UID 1000; state: DISABLED
07-18 06:53:28.121  2005  2170 D CompatibilityChangeReporter: Compat change id reported: 218533173; UID 10223; state: ENABLED
07-18 06:53:28.121  2005  2170 D CompatibilityChangeReporter: Compat change id reported: 218533173; UID 10109; state: ENABLED
07-18 06:53:28.122  2005  2170 D CompatibilityChangeReporter: Compat change id reported: 218533173; UID 10190; state: ENABLED
07-18 06:53:28.123  2005  2170 D CompatibilityChangeReporter: Compat change id reported: 218533173; UID 10073; state: ENABLED
07-18 06:53:28.124  2005  2170 D CompatibilityChangeReporter: Compat change id reported: 218533173; UID 10088; state: ENABLED
07-18 06:53:28.124  2005  2170 D CompatibilityChangeReporter: Compat change id reported: 218533173; UID 10075; state: ENABLED
07-18 06:53:28.125  2005  2170 D CompatibilityChangeReporter: Compat change id reported: 218533173; UID 10146; state: ENABLED
07-18 06:53:28.126  2005  2170 D CompatibilityChangeReporter: Compat change id reported: 218533173; UID 10164; state: ENABLED
07-18 06:53:28.127  2005  2062 W ActivityManager: Slow operation: 163ms so far, now at startProcess: returned from zygote!
07-18 06:53:28.127  2005  2062 W ActivityManager: Slow operation: 164ms so far, now at startProcess: done updating battery stats
07-18 06:53:28.127  2005  2062 W ActivityManager: Slow operation: 164ms so far, now at startProcess: building log message
07-18 06:53:28.127  2005  2062 I ActivityManager: Start proc 2965:.qtidataservices/u0a126 for added application .qtidataservices
07-18 06:53:28.127  2005  2062 W ActivityManager: Slow operation: 164ms so far, now at startProcess: starting to update pids map
07-18 06:53:28.127  2005  2062 W ActivityManager: Slow operation: 164ms so far, now at startProcess: done updating pids map
07-18 06:53:28.128  2005  2062 W ActivityManager: Slow operation: 163ms so far, now at startProcess: asking zygote to start proc
07-18 06:53:28.128  2005  2062 D CompatibilityChangeReporter: Compat change id reported: 143937733; UID 10107; state: ENABLED
07-18 06:53:28.128  2005  2062 W ActivityManager: com.android.pacprocessor inode == 0 (b/152760674)
07-18 06:53:28.128  2005  2062 W ActivityManager: com.google.android.gms inode == 0 (b/152760674)
07-18 06:53:28.128  2005  2170 D CompatibilityChangeReporter: Compat change id reported: 218533173; UID 10039; state: DISABLED
07-18 06:53:28.135  2005  2170 D CompatibilityChangeReporter: Compat change id reported: 218533173; UID 10167; state: ENABLED
07-18 06:53:28.135  2005  2170 D CompatibilityChangeReporter: Compat change id reported: 218533173; UID 10206; state: ENABLED
07-18 06:53:28.136  2005  2170 D CompatibilityChangeReporter: Compat change id reported: 218533173; UID 10020; state: ENABLED
07-18 06:53:28.136  2005  2170 D CompatibilityChangeReporter: Compat change id reported: 218533173; UID 10130; state: ENABLED
07-18 06:53:28.137  2005  2170 D CompatibilityChangeReporter: Compat change id reported: 218533173; UID 10136; state: DISABLED
07-18 06:53:28.138  2005  2170 D CompatibilityChangeReporter: Compat change id reported: 218533173; UID 10016; state: ENABLED
07-18 06:53:28.138  2005  2170 D CompatibilityChangeReporter: Compat change id reported: 218533173; UID 10216; state: ENABLED
07-18 06:53:28.139  2005  2170 D CompatibilityChangeReporter: Compat change id reported: 218533173; UID 10188; state: ENABLED
07-18 06:53:28.140  2005  2170 D CompatibilityChangeReporter: Compat change id reported: 218533173; UID 10106; state: ENABLED
07-18 06:53:28.141  2005  2170 D CompatibilityChangeReporter: Compat change id reported: 218533173; UID 10067; state: ENABLED
07-18 06:53:28.142  2005  2170 D CompatibilityChangeReporter: Compat change id reported: 218533173; UID 10094; state: ENABLED
07-18 06:53:28.142  2005  2170 D CompatibilityChangeReporter: Compat change id reported: 218533173; UID 10085; state: ENABLED
07-18 06:53:28.143  2005  2170 D CompatibilityChangeReporter: Compat change id reported: 218533173; UID 10187; state: ENABLED
07-18 06:53:28.144  2005  2170 D CompatibilityChangeReporter: Compat change id reported: 218533173; UID 10014; state: ENABLED
07-18 06:53:28.144  2005  2170 D CompatibilityChangeReporter: Compat change id reported: 218533173; UID 10087; state: ENABLED
07-18 06:53:28.145  2005  2170 D CompatibilityChangeReporter: Compat change id reported: 218533173; UID 10002; state: ENABLED
07-18 06:53:28.146  2005  2170 D CompatibilityChangeReporter: Compat change id reported: 218533173; UID 10142; state: ENABLED
07-18 06:53:28.146  2005  2062 W ActivityManager: Slow operation: 181ms so far, now at startProcess: returned from zygote!
07-18 06:53:28.146  2005  2062 W ActivityManager: Slow operation: 182ms so far, now at startProcess: done updating battery stats
07-18 06:53:28.147  2005  2062 W ActivityManager: Slow operation: 182ms so far, now at startProcess: building log message
07-18 06:53:28.147  2005  2062 I ActivityManager: Start proc 2967:com.android.pacprocessor/u0a107 for added application com.android.pacprocessor
07-18 06:53:28.147  2005  2062 W ActivityManager: Slow operation: 182ms so far, now at startProcess: starting to update pids map
07-18 06:53:28.147  2005  2170 D CompatibilityChangeReporter: Compat change id reported: 218533173; UID 10131; state: ENABLED
07-18 06:53:28.147  2005  2062 W ActivityManager: Slow operation: 183ms so far, now at startProcess: done updating pids map
07-18 06:53:28.147  2005  2062 W ActivityManager: Slow operation: 181ms so far, now at startProcess: asking zygote to start proc
07-18 06:53:28.147  2005  2062 D CompatibilityChangeReporter: Compat change id reported: 143937733; UID 10208; state: ENABLED
07-18 06:53:28.147  2005  2062 W ActivityManager: com.qualcomm.qtil.aptxacu inode == 0 (b/152760674)
07-18 06:53:28.147  2005  2062 W ActivityManager: com.google.android.gms inode == 0 (b/152760674)
07-18 06:53:28.148  2005  2005 D CompatibilityChangeReporter: Compat change id reported: 161145287; UID 1000; state: DISABLED
07-18 06:53:28.148  2005  2723 D CoreBackPreview: Window{4ef9355 u0 ScreenDecorOverlay}: Setting back callback OnBackInvokedCallbackInfo{mCallback=android.window.IOnBackInvokedCallback$Stub$Proxy@cb7d80d, mPriority=0}
07-18 06:53:28.148  2005  2170 D CompatibilityChangeReporter: Compat change id reported: 171306433; UID 10145; state: ENABLED
07-18 06:53:28.148  2005  2170 D CompatibilityChangeReporter: Compat change id reported: 226439802; UID 10145; state: DISABLED
07-18 06:53:28.149  2005  2170 D CompatibilityChangeReporter: Compat change id reported: 218533173; UID 10001; state: ENABLED
07-18 06:53:28.150  2005  2170 D CompatibilityChangeReporter: Compat change id reported: 218533173; UID 10148; state: ENABLED
07-18 06:53:28.150  2005  2170 D CompatibilityChangeReporter: Compat change id reported: 218533173; UID 10023; state: ENABLED
07-18 06:53:28.151  2005  2170 D CompatibilityChangeReporter: Compat change id reported: 218533173; UID 10070; state: ENABLED
07-18 06:53:28.152  2005  2170 D CompatibilityChangeReporter: Compat change id reported: 218533173; UID 10099; state: ENABLED
07-18 06:53:28.152  2005  2170 D CompatibilityChangeReporter: Compat change id reported: 218533173; UID 10033; state: ENABLED
07-18 06:53:28.153  2005  2170 D CompatibilityChangeReporter: Compat change id reported: 218533173; UID 10045; state: ENABLED
07-18 06:53:28.153  2005  2170 D CompatibilityChangeReporter: Compat change id reported: 218533173; UID 10035; state: ENABLED
07-18 06:53:28.154  2005  2170 D CompatibilityChangeReporter: Compat change id reported: 218533173; UID 10154; state: ENABLED
07-18 06:53:28.155  2005  2170 D CompatibilityChangeReporter: Compat change id reported: 171306433; UID 10178; state: ENABLED
07-18 06:53:28.155  2005  2005 D ConditionProviders.SCP: onConnected
07-18 06:53:28.155  2005  2170 D CompatibilityChangeReporter: Compat change id reported: 226439802; UID 10178; state: DISABLED
07-18 06:53:28.156  2005  2170 D CompatibilityChangeReporter: Compat change id reported: 218533173; UID 10155; state: ENABLED
07-18 06:53:28.157  2005  2170 D CompatibilityChangeReporter: Compat change id reported: 171306433; UID 10072; state: ENABLED
07-18 06:53:28.157  2005  2170 D CompatibilityChangeReporter: Compat change id reported: 226439802; UID 10072; state: DISABLED
07-18 06:53:28.157  2005  2170 D CompatibilityChangeReporter: Compat change id reported: 218533173; UID 10046; state: ENABLED
07-18 06:53:28.158  2005  2170 D CompatibilityChangeReporter: Compat change id reported: 218533173; UID 10151; state: ENABLED
07-18 06:53:28.159  2005  2170 D CompatibilityChangeReporter: Compat change id reported: 218533173; UID 10037; state: ENABLED
07-18 06:53:28.159  2005  2170 D CompatibilityChangeReporter: Compat change id reported: 218533173; UID 10165; state: ENABLED
07-18 06:53:28.160  2005  2170 D CompatibilityChangeReporter: Compat change id reported: 218533173; UID 10114; state: ENABLED
07-18 06:53:28.161  2005  2170 D CompatibilityChangeReporter: Compat change id reported: 218533173; UID 10038; state: DISABLED
07-18 06:53:28.161  2005  2170 D CompatibilityChangeReporter: Compat change id reported: 218533173; UID 10150; state: ENABLED
07-18 06:53:28.162  2005  2170 D CompatibilityChangeReporter: Compat change id reported: 218533173; UID 10177; state: ENABLED
07-18 06:53:28.163  2005  2170 D CompatibilityChangeReporter: Compat change id reported: 218533173; UID 10081; state: ENABLED
07-18 06:53:28.163  2005  2170 D CompatibilityChangeReporter: Compat change id reported: 218533173; UID 10047; state: ENABLED
07-18 06:53:28.164  2005  2170 D CompatibilityChangeReporter: Compat change id reported: 218533173; UID 10141; state: ENABLED
07-18 06:53:28.164  2005  2816 D CoreBackPreview: Window{d88ac2f u0 ScreenDecorOverlayBottom}: Setting back callback OnBackInvokedCallbackInfo{mCallback=android.window.IOnBackInvokedCallback$Stub$Proxy@cce579, mPriority=0}
07-18 06:53:28.164  2005  2170 D CompatibilityChangeReporter: Compat change id reported: 218533173; UID 10132; state: ENABLED
07-18 06:53:28.165  2005  2170 D CompatibilityChangeReporter: Compat change id reported: 218533173; UID 10074; state: ENABLED
07-18 06:53:28.165  2005  2808 D CompatibilityChangeReporter: Compat change id reported: 168419799; UID 1001; state: DISABLED
07-18 06:53:28.166  2005  2170 D CompatibilityChangeReporter: Compat change id reported: 218533173; UID 10174; state: ENABLED
07-18 06:53:28.166  2005  2170 D CompatibilityChangeReporter: Compat change id reported: 218533173; UID 10224; state: ENABLED
07-18 06:53:28.167  2005  2170 D CompatibilityChangeReporter: Compat change id reported: 218533173; UID 10079; state: ENABLED
07-18 06:53:28.167  2005  2170 D CompatibilityChangeReporter: Compat change id reported: 218533173; UID 10057; state: ENABLED
07-18 06:53:28.168  2005  2808 D CompatibilityChangeReporter: Compat change id reported: 168419799; UID 1001; state: DISABLED
07-18 06:53:28.168  2005  2170 D CompatibilityChangeReporter: Compat change id reported: 218533173; UID 10201; state: ENABLED
07-18 06:53:28.169  2005  2170 D CompatibilityChangeReporter: Compat change id reported: 218533173; UID 10143; state: ENABLED
07-18 06:53:28.169  2005  2170 D CompatibilityChangeReporter: Compat change id reported: 218533173; UID 10005; state: ENABLED
07-18 06:53:28.175  2005  2170 D CompatibilityChangeReporter: Compat change id reported: 218533173; UID 10090; state: ENABLED
07-18 06:53:28.176  2005  2170 D CompatibilityChangeReporter: Compat change id reported: 218533173; UID 10153; state: ENABLED
07-18 06:53:28.177  2005  2170 D CompatibilityChangeReporter: Compat change id reported: 218533173; UID 10027; state: ENABLED
07-18 06:53:28.179  2005  2170 D CompatibilityChangeReporter: Compat change id reported: 218533173; UID 10010; state: ENABLED
07-18 06:53:28.180  2005  2170 D CompatibilityChangeReporter: Compat change id reported: 218533173; UID 10218; state: ENABLED
07-18 06:53:28.180  2005  2062 W ActivityManager: Slow operation: 214ms so far, now at startProcess: returned from zygote!
07-18 06:53:28.181  2005  2170 D CompatibilityChangeReporter: Compat change id reported: 218533173; UID 10200; state: ENABLED
07-18 06:53:28.182  2005  2170 D CompatibilityChangeReporter: Compat change id reported: 218533173; UID 10080; state: ENABLED
07-18 06:53:28.182  2005  2170 D CompatibilityChangeReporter: Compat change id reported: 218533173; UID 10203; state: ENABLED
07-18 06:53:28.183  2005  2170 D CompatibilityChangeReporter: Compat change id reported: 218533173; UID 10009; state: ENABLED
07-18 06:53:28.183  2005  2170 D CompatibilityChangeReporter: Compat change id reported: 218533173; UID 10056; state: ENABLED
07-18 06:53:28.184  2005  2170 D CompatibilityChangeReporter: Compat change id reported: 218533173; UID 10215; state: ENABLED
07-18 06:53:28.185  2005  2170 D CompatibilityChangeReporter: Compat change id reported: 218533173; UID 10011; state: ENABLED
07-18 06:53:28.185  2005  2062 W ActivityManager: Slow operation: 219ms so far, now at startProcess: done updating battery stats
07-18 06:53:28.185  2005  2062 W ActivityManager: Slow operation: 219ms so far, now at startProcess: building log message
07-18 06:53:28.185  2005  2062 I ActivityManager: Start proc 2977:com.qualcomm.qtil.aptxacu/u0a208 for added application com.qualcomm.qtil.aptxacu
07-18 06:53:28.186  2005  2062 W ActivityManager: Slow operation: 219ms so far, now at startProcess: starting to update pids map
07-18 06:53:28.186  2005  2170 D CompatibilityChangeReporter: Compat change id reported: 218533173; UID 10041; state: ENABLED
07-18 06:53:28.186  2005  2062 W ActivityManager: Slow operation: 220ms so far, now at startProcess: done updating pids map
07-18 06:53:28.186  2005  2062 W ActivityManager: Slow operation: 219ms so far, now at startProcess: asking zygote to start proc
07-18 06:53:28.186  2005  2062 D CompatibilityChangeReporter: Compat change id reported: 143937733; UID 10191; state: ENABLED
07-18 06:53:28.186  2005  2062 W ActivityManager: com.qualcomm.qtil.aptxals inode == 0 (b/152760674)
07-18 06:53:28.186  2005  2062 W ActivityManager: com.google.android.gms inode == 0 (b/152760674)
07-18 06:53:28.187  2005  2170 D CompatibilityChangeReporter: Compat change id reported: 218533173; UID 10204; state: ENABLED
07-18 06:53:28.188  2005  2079 I DisplayPowerController[0]: BrightnessEvent: disp=0, physDisp=local:4630946894014811521, brt=0.084(user_set), initBrt=0.084, rcmdBrt=NaN, preBrt=NaN, lux=0.0, preLux=0.0, hbmMax=1.0, hbmMode=off, rbcStrength=0, powerFactor=1.0, thrmMax=1.0, wasShortTermModelActive=false, flags=user_set , reason=override, autoBrightness=true
07-18 06:53:28.188  2005  2005 D ConditionProviders: Subscribing to condition://android/event?userId=-10000&calendar=&reply=1 with ComponentInfo{android/com.android.server.notification.EventConditionProvider}
07-18 06:53:28.207  2005  2005 D ConditionProviders: Subscribing to condition://android/schedule?days=1.2.3.4.5.6.7&start=22.0&end=7.0&exitAtAlarm=true with ComponentInfo{android/com.android.server.notification.ScheduleConditionProvider}
07-18 06:53:28.207  2005  2170 D CompatibilityChangeReporter: Compat change id reported: 218533173; UID 10082; state: ENABLED
07-18 06:53:28.208  2005  2160 D CompatibilityChangeReporter: Compat change id reported: 168419799; UID 10126; state: DISABLED
07-18 06:53:28.209  2005  2170 D CompatibilityChangeReporter: Compat change id reported: 218533173; UID 10217; state: ENABLED
07-18 06:53:28.212  2005  2062 W ActivityManager: Slow operation: 236ms so far, now at startProcess: returned from zygote!
07-18 06:53:28.213  2005  2170 D CompatibilityChangeReporter: Compat change id reported: 218533173; UID 10024; state: ENABLED
07-18 06:53:28.214  2005  2170 D CompatibilityChangeReporter: Compat change id reported: 218533173; UID 10095; state: ENABLED
07-18 06:53:28.215  2005  2005 I ContentCaptureManagerService: Updating for user 0: disabled=false
07-18 06:53:28.215  2005  2170 D CompatibilityChangeReporter: Compat change id reported: 218533173; UID 10181; state: ENABLED
07-18 06:53:28.215  2005  2170 D CompatibilityChangeReporter: Compat change id reported: 218533173; UID 10112; state: ENABLED
07-18 06:53:28.216  2005  2170 D CompatibilityChangeReporter: Compat change id reported: 218533173; UID 10157; state: ENABLED
07-18 06:53:28.217  2005  2170 D CompatibilityChangeReporter: Compat change id reported: 218533173; UID 10048; state: ENABLED
07-18 06:53:28.217  2005  2062 W ActivityManager: Slow operation: 250ms so far, now at startProcess: done updating battery stats
07-18 06:53:28.218  2005  2062 W ActivityManager: Slow operation: 251ms so far, now at startProcess: building log message
07-18 06:53:28.218  2005  2062 I ActivityManager: Start proc 2989:com.qualcomm.qtil.aptxals/u0a191 for added application com.qualcomm.qtil.aptxals
07-18 06:53:28.218  2005  2062 W ActivityManager: Slow operation: 251ms so far, now at startProcess: starting to update pids map
07-18 06:53:28.218  2005  2062 W ActivityManager: Slow operation: 251ms so far, now at startProcess: done updating pids map
07-18 06:53:28.218  2005  2062 W ActivityManager: Slow operation: 249ms so far, now at startProcess: asking zygote to start proc
07-18 06:53:28.218  2005  2062 W ActivityManager: com.symbol.osx.proxyframework inode == 0 (b/152760674)
07-18 06:53:28.219  2005  2062 W ActivityManager: com.google.android.gms inode == 0 (b/152760674)
07-18 06:53:28.219  2005  2170 D CompatibilityChangeReporter: Compat change id reported: 218533173; UID 10168; state: ENABLED
07-18 06:53:28.220  2005  2170 D CompatibilityChangeReporter: Compat change id reported: 218533173; UID 10084; state: ENABLED
07-18 06:53:28.221  2005  2170 D CompatibilityChangeReporter: Compat change id reported: 218533173; UID 10055; state: ENABLED
07-18 06:53:28.221  2005  2005 E ContentCapturePerUserService: Bad service name: com.google.android.as/com.google.android.apps.miphone.aiai.app.AiAiContentCaptureService
07-18 06:53:28.222  2005  2170 D CompatibilityChangeReporter: Compat change id reported: 218533173; UID 10077; state: ENABLED
07-18 06:53:28.222  2005  2170 D CompatibilityChangeReporter: Compat change id reported: 218533173; UID 10170; state: DISABLED
07-18 06:53:28.223  2005  2170 D CompatibilityChangeReporter: Compat change id reported: 218533173; UID 10160; state: ENABLED
07-18 06:53:28.223  2005  2170 D CompatibilityChangeReporter: Compat change id reported: 218533173; UID 10078; state: ENABLED
07-18 06:53:28.223  2005  2005 E ContentCapturePerUserService: Bad service name: com.google.android.as/com.google.android.apps.miphone.aiai.app.AiAiContentCaptureService
07-18 06:53:28.224  2005  2170 D CompatibilityChangeReporter: Compat change id reported: 218533173; UID 10076; state: ENABLED
07-18 06:53:28.225  2005  2005 E ContentCapturePerUserService: Bad service name: com.google.android.as/com.google.android.apps.miphone.aiai.app.AiAiContentCaptureService
07-18 06:53:28.225  2005  2170 D CompatibilityChangeReporter: Compat change id reported: 218533173; UID 10101; state: ENABLED
07-18 06:53:28.226  2005  2170 D CompatibilityChangeReporter: Compat change id reported: 218533173; UID 10210; state: ENABLED
07-18 06:53:28.226  2005  2170 D CompatibilityChangeReporter: Compat change id reported: 218533173; UID 10019; state: ENABLED
07-18 06:53:28.227  2005  2170 D CompatibilityChangeReporter: Compat change id reported: 218533173; UID 10100; state: ENABLED
07-18 06:53:28.227  2005  2170 D CompatibilityChangeReporter: Compat change id reported: 218533173; UID 10043; state: ENABLED
07-18 06:53:28.227  2005  2005 I AutofillManagerService: Updating for user 0: disabled=false
07-18 06:53:28.228  2005  2005 E AutofillManagerServiceImpl: Bad service name: com.google.android.gms/.autofill.service.AutofillService
07-18 06:53:28.229  2005  2170 D CompatibilityChangeReporter: Compat change id reported: 218533173; UID 10156; state: ENABLED
07-18 06:53:28.229  2005  2170 D CompatibilityChangeReporter: Compat change id reported: 218533173; UID 10144; state: ENABLED
07-18 06:53:28.230  2005  2170 D CompatibilityChangeReporter: Compat change id reported: 218533173; UID 10121; state: ENABLED
07-18 06:53:28.238  2005  2170 D CompatibilityChangeReporter: Compat change id reported: 218533173; UID 10042; state: ENABLED
07-18 06:53:28.239  2005  2062 W ActivityManager: Slow operation: 270ms so far, now at startProcess: returned from zygote!
07-18 06:53:28.242  2005  2062 W ActivityManager: Slow operation: 273ms so far, now at startProcess: done updating battery stats
07-18 06:53:28.242  2005  2062 W ActivityManager: Slow operation: 273ms so far, now at startProcess: building log message
07-18 06:53:28.242  2005  2062 I ActivityManager: Start proc 3013:vendor.qti.qesdk.sysservice/1000 for added application vendor.qti.qesdk.sysservice
07-18 06:53:28.242  2005  2062 W ActivityManager: Slow operation: 273ms so far, now at startProcess: starting to update pids map
07-18 06:53:28.242  2005  2062 W ActivityManager: Slow operation: 273ms so far, now at startProcess: done updating pids map
07-18 06:53:28.242  2005  2062 W ActivityManager: Slow operation: 273ms so far, now at startProcess: asking zygote to start proc
07-18 06:53:28.243  2005  2062 D CompatibilityChangeReporter: Compat change id reported: 143937733; UID 10106; state: ENABLED
07-18 06:53:28.244  2005  2062 W ActivityManager: com.zebra.zvahelper inode == 0 (b/152760674)
07-18 06:53:28.244  2005  2062 W ActivityManager: com.google.android.gms inode == 0 (b/152760674)
07-18 06:53:28.254  2005  2816 D CompatibilityChangeReporter: Compat change id reported: 168419799; UID 10208; state: DISABLED
07-18 06:53:28.257  2005  2170 D CompatibilityChangeReporter: Compat change id reported: 171306433; UID 10135; state: ENABLED
07-18 06:53:28.265  2005  2062 W ActivityManager: Slow operation: 296ms so far, now at startProcess: returned from zygote!
07-18 06:53:28.289  2005  2062 W ActivityManager: Slow operation: 319ms so far, now at startProcess: done updating battery stats
