07-18 06:53:34.633  2005  2062 W ActivityManager: Slow operation: 1077ms so far, now at startProcess: done updating pids map
07-18 06:53:34.633  2005  2062 W ActivityManager: Slow operation: 1042ms so far, now at startProcess: asking zygote to start proc
07-18 06:53:34.634  2005  2062 D CompatibilityChangeReporter: Compat change id reported: 143937733; UID 10141; state: ENABLED
07-18 06:53:34.655  2005  2062 W ActivityManager: Slow operation: 1064ms so far, now at startProcess: returned from zygote!
07-18 06:53:34.655  2005  2062 W ActivityManager: Slow operation: 1064ms so far, now at startProcess: done updating battery stats
07-18 06:53:34.655  2005  2062 W ActivityManager: Slow operation: 1064ms so far, now at startProcess: building log message
07-18 06:53:34.655  2005  2062 I ActivityManager: Start proc 5148:com.google.process.gapps/u0a141 for content provider {com.google.android.gsf/com.google.android.gsf.settings.GoogleSettingsProvider}
07-18 06:53:34.655  2005  2062 W ActivityManager: Slow operation: 1064ms so far, now at startProcess: starting to update pids map
07-18 06:53:34.655  2005  2062 W ActivityManager: Slow operation: 1064ms so far, now at startProcess: done updating pids map
07-18 06:53:34.655  2005  2062 W ActivityManager: Slow operation: 700ms so far, now at startProcess: asking zygote to start proc
07-18 06:53:34.655  2005  2062 D CompatibilityChangeReporter: Compat change id reported: 143937733; UID 10057; state: ENABLED
07-18 06:53:34.666  2005  2160 D CompatibilityChangeReporter: Compat change id reported: 168419799; UID 10094; state: DISABLED
07-18 06:53:34.690  2005  3118 I ActivityTaskManager: START u0 {act=com.android.wizard.NEXT cmp=com.google.android.setupwizard/.WizardManagerActivity (has extras)} from uid 10188
07-18 06:53:34.707  2005  2752 I ActivityTaskManager: The Process com.google.android.setupwizard Already Exists in BG. So sending its PID: 3101
07-18 06:53:34.707  2005  2752 W ActivityTaskManager: Tried to set launchTime (0) < mLastActivityLaunchTime (44250)
07-18 06:53:34.710  2005  2062 W ActivityManager: Slow operation: 755ms so far, now at startProcess: returned from zygote!
07-18 06:53:34.727  2005  2160 W ActivityManager: Slow operation: 71ms so far, now at attachApplicationLocked: after mServices.attachApplicationLocked
07-18 06:53:34.734  2005  4926 I ActivityTaskManager: START u0 {act=com.android.setupwizard.SIM_READY flg=0x4000000 cmp=com.google.android.setupwizard/.carrier.SimReadyActivity (has extras)} from uid 10188
07-18 06:53:34.744  2005  4911 D CompatibilityChangeReporter: Compat change id reported: 168419799; UID 10198; state: DISABLED
07-18 06:53:34.747  2005  4911 I ActivityTaskManager: The Process com.google.android.setupwizard Already Exists in BG. So sending its PID: 3101
07-18 06:53:34.752  2005  3118 I ActivityTaskManager: The Process com.google.android.setupwizard Already Exists in BG. So sending its PID: 3101
07-18 06:53:34.763  2005  3118 W ActivityTaskManager: Tried to set launchTime (0) < mLastActivityLaunchTime (44389)
07-18 06:53:34.785  2005  4926 I ActivityTaskManager: START u0 {act=com.android.wizard.NEXT cmp=com.google.android.setupwizard/.WizardManagerActivity (has extras)} from uid 10188
07-18 06:53:34.791  2005  5026 D CompatibilityChangeReporter: Compat change id reported: 168419799; UID 10084; state: DISABLED
07-18 06:53:34.793  2005  5026 I ActivityTaskManager: The Process com.google.android.setupwizard Already Exists in BG. So sending its PID: 3101
07-18 06:53:34.794  2005  4926 I ActivityTaskManager: The Process com.google.android.setupwizard Already Exists in BG. So sending its PID: 3101
07-18 06:53:34.795  2005  4926 W ActivityTaskManager: Tried to set launchTime (0) < mLastActivityLaunchTime (44445)
07-18 06:53:34.806  2005  4911 I ActivityTaskManager: START u0 {act=com.android.setupwizard.CARRIER_SETUP flg=0x4000000 cmp=com.google.android.setupwizard/.carrier.CarrierSetupWrapper (has extras)} from uid 10188
07-18 06:53:34.807  2005  2062 W ActivityManager: Slow operation: 852ms so far, now at startProcess: done updating battery stats
07-18 06:53:34.808  2005  2062 W ActivityManager: Slow operation: 852ms so far, now at startProcess: building log message
07-18 06:53:34.808  2005  2062 I ActivityManager: Start proc 5189:android.process.acore/u0a57 for content provider {com.android.providers.contacts/com.android.providers.contacts.ContactsProvider2}
07-18 06:53:34.808  2005  2062 W ActivityManager: Slow operation: 852ms so far, now at startProcess: starting to update pids map
07-18 06:53:34.815  2005  2062 W ActivityManager: Slow operation: 860ms so far, now at startProcess: done updating pids map
07-18 06:53:34.820  2005  2159 D CompatibilityChangeReporter: Compat change id reported: 168419799; UID 10057; state: DISABLED
07-18 06:53:34.820  2005  2159 I ActivityTaskManager: The Process com.google.android.setupwizard Already Exists in BG. So sending its PID: 3101
07-18 06:53:34.824  2005  2049 D CompatibilityChangeReporter: Compat change id reported: 168419799; UID 1000; state: DISABLED
07-18 06:53:34.826  2005  2159 D CompatibilityChangeReporter: Compat change id reported: 194532703; UID 10145; state: ENABLED
07-18 06:53:34.828  4794  4794 W ContextImpl: Calling a method in the system process without a qualified user: android.app.ContextImpl.startService:1863 android.content.ContextWrapper.startService:817 com.zebra.indicators.KeypadIndicator.onCreate:1 android.app.Instrumentation.callApplicationOnCreate:1278 android.app.ActivityThread.handleBindApplication:6790 
07-18 06:53:34.828  2005  2752 D CompatibilityChangeReporter: Compat change id reported: 168419799; UID 10141; state: DISABLED
07-18 06:53:34.830  2005  2159 I ActivityTaskManager: The Process com.google.android.setupwizard Already Exists in BG. So sending its PID: 3101
07-18 06:53:34.830  2005  2159 W ActivityTaskManager: Tried to set launchTime (0) < mLastActivityLaunchTime (44477)
07-18 06:53:34.844  2005  2802 I ActivityTaskManager: START u0 {act=com.android.wizard.NEXT cmp=com.google.android.setupwizard/.WizardManagerActivity (has extras)} from uid 10188
07-18 06:53:34.860  2005  4942 D CompatibilityChangeReporter: Compat change id reported: 135634846; UID 10149; state: DISABLED
07-18 06:53:34.861  2005  4942 D CompatibilityChangeReporter: Compat change id reported: 177438394; UID 10149; state: DISABLED
07-18 06:53:34.861  2005  4942 D CompatibilityChangeReporter: Compat change id reported: 135772972; UID 10149; state: DISABLED
07-18 06:53:34.861  2005  4942 D CompatibilityChangeReporter: Compat change id reported: 135754954; UID 10149; state: ENABLED
07-18 06:53:34.863  2005  2062 D CompatibilityChangeReporter: Compat change id reported: 143937733; UID 10149; state: ENABLED
07-18 06:53:34.864  2005  2802 I ActivityTaskManager: The Process com.google.android.setupwizard Already Exists in BG. So sending its PID: 3101
07-18 06:53:34.864  2005  2802 W ActivityTaskManager: Tried to set launchTime (0) < mLastActivityLaunchTime (44512)
07-18 06:53:34.892  2005  4940 I ActivityTaskManager: START u0 {act=com.android.setupwizard.SIM_SETUP flg=0x4000000 cmp=com.google.android.setupwizard/.carrier.SimSetupActivity (has extras)} from uid 10188
07-18 06:53:34.901  2005  2316 E BatteryService: level : 54 / status : 3/Health : 2/Decommission : 0/error status : 0
07-18 06:53:34.906  2005  2159 I ActivityTaskManager: The Process com.google.android.setupwizard Already Exists in BG. So sending its PID: 3101
07-18 06:53:34.907  2005  2159 W ActivityTaskManager: Tried to set launchTime (0) < mLastActivityLaunchTime (44546)
07-18 06:53:34.913  2005  2062 W ActivityManager: Slow operation: 53ms so far, now at startProcess: done updating battery stats
07-18 06:53:34.913  2005  2062 W ActivityManager: Slow operation: 53ms so far, now at startProcess: building log message
07-18 06:53:34.913  2005  2062 I ActivityManager: Start proc 5244:com.google.android.googlequicksearchbox:search/u0a149 for service {com.google.android.googlequicksearchbox/com.google.android.hotword.service.HotwordService}
07-18 06:53:34.913  2005  2062 W ActivityManager: Slow operation: 53ms so far, now at startProcess: starting to update pids map
07-18 06:53:34.926  2005  2062 W ActivityManager: Slow operation: 66ms so far, now at startProcess: done updating pids map
07-18 06:53:34.936  2005  2802 I ActivityTaskManager: START u0 {act=com.android.wizard.NEXT cmp=com.google.android.setupwizard/.WizardManagerActivity (has extras)} from uid 10188
07-18 06:53:34.943  2005  4376 I StorageUserConnection: Service: [ComponentInfo{com.google.android.providers.media.module/com.android.providers.media.fuse.ExternalStorageServiceImpl}] connected. User [0]
07-18 06:53:34.952  2005  3583 I ActivityTaskManager: The Process com.google.android.setupwizard Already Exists in BG. So sending its PID: 3101
07-18 06:53:34.952  2005  3583 W ActivityTaskManager: Tried to set launchTime (0) < mLastActivityLaunchTime (44589)
07-18 06:53:34.965  2005  3492 I ActivityTaskManager: START u0 {act=com.google.android.setupwizard.DEVICE_OWNER_WARNING flg=0x4000000 cmp=com.google.android.setupwizard/.user.DeviceOwnerWarningActivity (has extras)} from uid 10188
07-18 06:53:35.000  2005  4911 D CompatibilityChangeReporter: Compat change id reported: 168419799; UID 10149; state: DISABLED
07-18 06:53:35.001  2005  4911 I ActivityTaskManager: The Process com.google.android.setupwizard Already Exists in BG. So sending its PID: 3101
07-18 06:53:35.015  2005  2049 I ActivityTaskManager: The Process com.google.android.setupwizard Already Exists in BG. So sending its PID: 3101
07-18 06:53:35.016  2005  2049 W ActivityTaskManager: Tried to set launchTime (0) < mLastActivityLaunchTime (44634)
07-18 06:53:35.055  2005  4941 I ActivityTaskManager: START u0 {act=com.android.wizard.NEXT cmp=com.google.android.setupwizard/.WizardManagerActivity (has extras)} from uid 10188
07-18 06:53:35.074  2005  2752 I ActivityTaskManager: The Process com.google.android.setupwizard Already Exists in BG. So sending its PID: 3101
07-18 06:53:35.075  2005  2752 W ActivityTaskManager: Tried to set launchTime (0) < mLastActivityLaunchTime (44698)
07-18 06:53:35.106  2005  3121 D CompatibilityChangeReporter: Compat change id reported: 161252188; UID 10114; state: DISABLED
07-18 06:53:35.113  2005  3121 D CompatibilityChangeReporter: Compat change id reported: 135634846; UID 10114; state: DISABLED
07-18 06:53:35.113  2005  3121 D CompatibilityChangeReporter: Compat change id reported: 177438394; UID 10114; state: DISABLED
07-18 06:53:35.113  2005  3121 D CompatibilityChangeReporter: Compat change id reported: 135772972; UID 10114; state: DISABLED
07-18 06:53:35.113  2005  3121 D CompatibilityChangeReporter: Compat change id reported: 135754954; UID 10114; state: ENABLED
07-18 06:53:35.113  2005  2062 D CompatibilityChangeReporter: Compat change id reported: 143937733; UID 10114; state: ENABLED
07-18 06:53:35.129  2005  2731 D CompatibilityChangeReporter: Compat change id reported: 161145287; UID 1000; state: DISABLED
07-18 06:53:35.131  2005  3118 I ActivityTaskManager: START u0 {act=com.google.android.setupwizard.CHECK_FRP flg=0x4000000 cmp=com.google.android.setupwizard/.account.CheckFrp (has extras)} from uid 10188
07-18 06:53:35.143  3509  4826 W PackageParser: Unknown element under <manifest>: queries at /data/user_de/0/com.google.android.gms/app_chimera/m/00000000/AdsDynamite.apk Binary XML file line #11
07-18 06:53:35.150  2005  4940 D CompatibilityChangeReporter: Compat change id reported: 135634846; UID 10050; state: DISABLED
07-18 06:53:35.150  2005  4940 D CompatibilityChangeReporter: Compat change id reported: 177438394; UID 10050; state: DISABLED
07-18 06:53:35.153  2005  4940 D CompatibilityChangeReporter: Compat change id reported: 135772972; UID 10050; state: DISABLED
07-18 06:53:35.153  2005  4940 D CompatibilityChangeReporter: Compat change id reported: 135754954; UID 10050; state: ENABLED
07-18 06:53:35.158  2005  2086 I ActivityManager: Killing 5130:com.qualcomm.qti.performancemode/u0a198 (adj 0): change com.qualcomm.qti.performancemode
07-18 06:53:35.162  2005  3118 I ActivityTaskManager: The Process com.google.android.setupwizard Already Exists in BG. So sending its PID: 3101
07-18 06:53:35.163  2005  3118 W ActivityTaskManager: Tried to set launchTime (0) < mLastActivityLaunchTime (44758)
07-18 06:53:35.194  2005  2062 W ActivityManager: Slow operation: 82ms so far, now at startProcess: done updating battery stats
07-18 06:53:35.194  2005  2062 W ActivityManager: Slow operation: 82ms so far, now at startProcess: building log message
07-18 06:53:35.194  2005  2062 I ActivityManager: Start proc 5300:com.zebra.valueadd.enfc/u0a114 for service {com.zebra.valueadd.enfc/com.zebra.valueadd.enfc.ENFCSettingsService}
07-18 06:53:35.194  2005  2062 W ActivityManager: Slow operation: 82ms so far, now at startProcess: starting to update pids map
07-18 06:53:35.194  2005  2062 W ActivityManager: Slow operation: 82ms so far, now at startProcess: done updating pids map
07-18 06:53:35.195  2005  2062 D CompatibilityChangeReporter: Compat change id reported: 143937733; UID 10050; state: ENABLED
07-18 06:53:35.221  2005  2170 D CompatibilityChangeReporter: Compat change id reported: 218533173; UID 10198; state: ENABLED
07-18 06:53:35.226  2005  2062 W ActivityManager: Slow operation: 77ms so far, now at startProcess: returned from zygote!
07-18 06:53:35.235  2005  4940 I ActivityTaskManager: START u0 {act=com.android.wizard.NEXT cmp=com.google.android.setupwizard/.WizardManagerActivity (has extras)} from uid 10188
07-18 06:53:35.249  2005  4926 D CompatibilityChangeReporter: Compat change id reported: 194532703; UID 1000; state: ENABLED
07-18 06:53:35.251  2005  4926 D CompatibilityChangeReporter: Compat change id reported: 194532703; UID 1000; state: DISABLED
07-18 06:53:35.253  2005  2752 I ActivityTaskManager: The Process com.google.android.setupwizard Already Exists in BG. So sending its PID: 3101
07-18 06:53:35.253  2005  2752 W ActivityTaskManager: Tried to set launchTime (0) < mLastActivityLaunchTime (44846)
07-18 06:53:35.261  5104  5104 I ZebraRttProvider.IniParser: /enterprise/usr/persist/rtt/rtt_properties.ini: open failed: ENOENT (No such file or directory)
07-18 06:53:35.263  2005  2753 I ActivityTaskManager: START u0 {act=com.android.setupwizard.CHECK_QUICK_START flg=0x4000000 cmp=com.google.android.setupwizard/.quickstart.CheckQuickStartActivity (has extras)} from uid 10188
07-18 06:53:35.272  2005  2802 D CompatibilityChangeReporter: Compat change id reported: 168419799; UID 10114; state: DISABLED
07-18 06:53:35.274  2005  2802 I ActivityTaskManager: The Process com.google.android.setupwizard Already Exists in BG. So sending its PID: 3101
07-18 06:53:35.282  2005  3492 I ActivityTaskManager: The Process com.google.android.setupwizard Already Exists in BG. So sending its PID: 3101
07-18 06:53:35.283  2005  3492 W ActivityTaskManager: Tried to set launchTime (0) < mLastActivityLaunchTime (44936)
07-18 06:53:35.289  2005  2062 W ActivityManager: Slow operation: 140ms so far, now at startProcess: done updating battery stats
07-18 06:53:35.289  2005  2062 W ActivityManager: Slow operation: 140ms so far, now at startProcess: building log message
07-18 06:53:35.289  2005  2062 I ActivityManager: Start proc 5327:android.process.media/u0a50 for content provider {com.android.providers.media/com.android.providers.media.LegacyMediaProvider}
07-18 06:53:35.289  2005  2062 W ActivityManager: Slow operation: 140ms so far, now at startProcess: starting to update pids map
07-18 06:53:35.289  2005  2062 W ActivityManager: Slow operation: 140ms so far, now at startProcess: done updating pids map
07-18 06:53:35.292  2005  3583 V ActivityManager: Got obituary of 5130:com.qualcomm.qti.performancemode
07-18 06:53:35.296  2005  2005 I Telecom : DefaultDialerCache: Refreshing default dialer for user 0: now null: DDC.oR@AAo
07-18 06:53:35.310  5104  5104 I ZebraRtt.Persistence: ZebraRttPersistenceUtility init
07-18 06:53:35.310  5104  5104 I ZebraRtt.Persistence: Reading from Fusion Persistence
07-18 06:53:35.322  2005  2050 I ActivityTaskManager: START u0 {act=com.android.wizard.NEXT cmp=com.google.android.setupwizard/.WizardManagerActivity (has extras)} from uid 10188
07-18 06:53:35.329  2005  2159 D CompatibilityChangeReporter: Compat change id reported: 168419799; UID 10050; state: DISABLED
07-18 06:53:35.331  2005  2159 I ActivityTaskManager: The Process com.google.android.setupwizard Already Exists in BG. So sending its PID: 3101
07-18 06:53:35.350  2005  4954 I ActivityTaskManager: The Process com.google.android.setupwizard Already Exists in BG. So sending its PID: 3101
07-18 06:53:35.350  2005  4954 W ActivityTaskManager: Tried to set launchTime (0) < mLastActivityLaunchTime (44965)
07-18 06:53:35.361  2005  2061 D CompatibilityChangeReporter: Compat change id reported: 135634846; UID 10200; state: DISABLED
07-18 06:53:35.362  2005  2061 D CompatibilityChangeReporter: Compat change id reported: 177438394; UID 10200; state: DISABLED
07-18 06:53:35.363  2005  2061 D CompatibilityChangeReporter: Compat change id reported: 135772972; UID 10200; state: DISABLED
07-18 06:53:35.363  2005  2061 D CompatibilityChangeReporter: Compat change id reported: 135754954; UID 10200; state: ENABLED
07-18 06:53:35.363  2005  4926 I ActivityTaskManager: START u0 {act=com.android.wizard.LOAD flg=0x4000000 cmp=com.google.android.setupwizard/.WizardManagerActivity (has extras)} from uid 10188
07-18 06:53:35.364  5104  5104 I ZebraRttProvider.FusionNeighborReport: Infra Mode = 0
07-18 06:53:35.364  5104  5104 I ZebraRttProvider.FusionEngine: Stopping Alarm Manager
07-18 06:53:35.364  5104  5104 I ZebraRttProvider.FusionEngine: Scan Accuracy = -1
07-18 06:53:35.366  5104  5104 I ZebraRttProvider.RangeRequestCacheBuilder: AP File Location = false
07-18 06:53:35.366  5104  5104 I ZebraRttProvider: Enabling RTT Provider.
07-18 06:53:35.366  5104  5104 I ZebraRttProvider.FusionEngine: engine started (com.zebra.location)
07-18 06:53:35.366  5104  5104 I ZebraRttProvider.FusionEngine: RTT provider enabled
07-18 06:53:35.366  5104  5104 I ZebraRttProvider: Configuration applied = true for RTT enable = true
07-18 06:53:35.370  2005  4954 W ActivityTaskManager: Duplicate finish request for r=ActivityRecord{ddcd872 u0 com.google.android.setupwizard/.WizardManagerActivity} t8 f}}
07-18 06:53:35.374  2005  4926 D CompatibilityChangeReporter: Compat change id reported: 161145287; UID 10057; state: DISABLED
07-18 06:53:35.379  2005  5026 I ActivityTaskManager: The Process com.google.android.setupwizard Already Exists in BG. So sending its PID: 3101
07-18 06:53:35.379  2005  5026 W ActivityTaskManager: Tried to set launchTime (0) < mLastActivityLaunchTime (45032)
07-18 06:53:35.388  2005  5026 I ActivityTaskManager: START u0 {act=com.android.setupwizard.PROV_PROFILE_CHECKING flg=0x4000000 cmp=com.google.android.setupwizard/.network.ProvisioningProfileCheckerFragment (has extras)} from uid 10188
07-18 06:53:35.396  2005  2062 D CompatibilityChangeReporter: Compat change id reported: 143937733; UID 10200; state: ENABLED
07-18 06:53:35.406  2005  2062 W ActivityManager: Slow operation: 53ms so far, now at startProcess: returned from zygote!
07-18 06:53:35.408  5104  5104 I ZebraRttProvider.FusionEngine: Stopping Alarm Manager
07-18 06:53:35.424  2005  4911 I ActivityTaskManager: The Process com.google.android.setupwizard Already Exists in BG. So sending its PID: 3101
07-18 06:53:35.425  2005  2062 W ActivityManager: Slow operation: 72ms so far, now at startProcess: done updating battery stats
07-18 06:53:35.425  2005  2062 W ActivityManager: Slow operation: 73ms so far, now at startProcess: building log message
07-18 06:53:35.425  2005  2062 I ActivityManager: Start proc 5376:com.qualcomm.qti.powersavemode/u0a200 for broadcast {com.qualcomm.qti.powersavemode/com.qualcomm.qti.powersavemode.SystemEventReceiver}
07-18 06:53:35.425  2005  2062 W ActivityManager: Slow operation: 73ms so far, now at startProcess: starting to update pids map
07-18 06:53:35.425  2005  4911 W ActivityTaskManager: Tried to set launchTime (0) < mLastActivityLaunchTime (45061)
07-18 06:53:35.429  2005  2062 W ActivityManager: Slow operation: 77ms so far, now at startProcess: done updating pids map
07-18 06:53:35.429  5104  5104 I ZebraRttProvider.FusionEngine: Scan Accuracy = -1
07-18 06:53:35.436  2005  2802 D CountryDetector: The first listener is added
07-18 06:53:35.455  2005  2802 I ActivityTaskManager: START u0 {act=com.android.wizard.NEXT cmp=com.google.android.setupwizard/.WizardManagerActivity (has extras)} from uid 10188
07-18 06:53:35.470  2005  4954 I ActivityTaskManager: The Process com.google.android.setupwizard Already Exists in BG. So sending its PID: 3101
07-18 06:53:35.473  2005  4954 W ActivityTaskManager: Tried to set launchTime (0) < mLastActivityLaunchTime (45107)
07-18 06:53:35.500  2005  4968 I ActivityTaskManager: START u0 {act=com.android.setupwizard.NETWORK_SETTINGS flg=0x4000000 cmp=com.google.android.setupwizard/.network.NetworkActivity (has extras)} from uid 10188
07-18 06:53:35.506  2005  2731 D CompatibilityChangeReporter: Compat change id reported: 168419799; UID 10200; state: DISABLED
07-18 06:53:35.508  2005  2731 I ActivityTaskManager: The Process com.google.android.setupwizard Already Exists in BG. So sending its PID: 3101
07-18 06:53:35.510  2005  4926 I ActivityTaskManager: The Process com.google.android.setupwizard Already Exists in BG. So sending its PID: 3101
07-18 06:53:35.510  2005  4926 W ActivityTaskManager: Tried to set launchTime (0) < mLastActivityLaunchTime (45156)
07-18 06:53:35.521  2005  2752 D CompatibilityChangeReporter: Compat change id reported: 168936375; UID 10141; state: ENABLED
07-18 06:53:35.521  2005  2752 D CompatibilityChangeReporter: Compat change id reported: 73144566; UID 10141; state: ENABLED
07-18 06:53:35.555  2005  2055 D ColorDisplayService: GlobalSaturationTintController Animation cancelled: false to matrix: 
07-18 06:53:35.555  2005  2055 D ColorDisplayService:        1.000000 0.000000 0.000000 0.000000 0.000000 1.000000 0.000000 0.000000 0.000000 0.000000 1.000000 0.000000 0.000000 0.000000 0.000000 1.000000 min matrix coefficients: 
07-18 06:53:35.555  2005  2055 D ColorDisplayService:        1.000000 0.000000 0.000000 0.000000 0.000000 1.000000 0.000000 0.000000 0.000000 0.000000 1.000000 0.000000 0.000000 0.000000 0.000000 1.000000 max matrix coefficients: 
07-18 06:53:35.555  2005  2055 D ColorDisplayService:        1.000000 0.000000 0.000000 0.000000 0.000000 1.000000 0.000000 0.000000 0.000000 0.000000 1.000000 0.000000 0.000000 0.000000 0.000000 1.000000
07-18 06:53:35.592  2005  2159 D CoreBackPreview: Window{a98509b u0 com.google.android.setupwizard/com.google.android.setupwizard.network.NetworkActivity}: Setting back callback OnBackInvokedCallbackInfo{mCallback=android.window.IOnBackInvokedCallback$Stub$Proxy@22dda50, mPriority=0}
07-18 06:53:35.706  2005  4941 I Telecom : DefaultDialerCache: current default pkg: null: TSI.gDDP@AAs
07-18 06:53:35.706  2005  4941 I Telecom : DefaultDialerCache: current returning default pkg: com.google.android.dialer: TSI.gDDP@AAs
07-18 06:53:35.724  2005  3118 D CompatibilityChangeReporter: Compat change id reported: 161145287; UID 10149; state: DISABLED
07-18 06:53:35.740  2005  4940 I PreBootBroadcaster: Pre-boot of {com.android.providers.calendar/com.android.providers.calendar.CalendarUpgradeReceiver} for user 0
07-18 06:53:35.745  2005  3121 I Telecom : DefaultDialerCache: current default pkg: null: TSI.gDDP@AA0
07-18 06:53:35.745  2005  3121 I Telecom : DefaultDialerCache: current returning default pkg: com.google.android.dialer: TSI.gDDP@AA0
07-18 06:53:35.754  2005  2086 I ActivityManager: Killing 5376:com.qualcomm.qti.powersavemode/u0a200 (adj 0): change com.qualcomm.qti.powersavemode
07-18 06:53:35.758  2005  2061 D CompatibilityChangeReporter: Compat change id reported: 135634846; UID 10128; state: DISABLED
07-18 06:53:35.758  2005  2061 D CompatibilityChangeReporter: Compat change id reported: 177438394; UID 10128; state: DISABLED
07-18 06:53:35.758  2005  2061 D CompatibilityChangeReporter: Compat change id reported: 135772972; UID 10128; state: DISABLED
07-18 06:53:35.759  2005  2061 D CompatibilityChangeReporter: Compat change id reported: 135754954; UID 10128; state: ENABLED
07-18 06:53:35.759  2005  2062 D CompatibilityChangeReporter: Compat change id reported: 143937733; UID 10128; state: ENABLED
07-18 06:53:35.765  2005  2170 D CompatibilityChangeReporter: Compat change id reported: 218533173; UID 10200; state: ENABLED
07-18 06:53:35.850  2005  2159 D CompatibilityChangeReporter: Compat change id reported: 194532703; UID 10050; state: ENABLED
07-18 06:53:35.855  2005  2005 I Telecom : DefaultDialerCache: Refreshing default dialer for user 0: now null: DDC.oR@AA8
07-18 06:53:35.861  2005  2062 W ActivityManager: Slow operation: 104ms so far, now at startProcess: done updating battery stats
07-18 06:53:35.861  2005  2062 W ActivityManager: Slow operation: 104ms so far, now at startProcess: building log message
07-18 06:53:35.861  2005  2062 I ActivityManager: Start proc 5468:com.qualcomm.qti.smq/u0a128 for broadcast {com.qualcomm.qti.smq/com.qualcomm.qti.smq.receiver.BootReceiver}
07-18 06:53:35.862  2005  2062 W ActivityManager: Slow operation: 104ms so far, now at startProcess: starting to update pids map
07-18 06:53:35.862  2005  2062 W ActivityManager: Slow operation: 104ms so far, now at startProcess: done updating pids map
07-18 06:53:35.868  2005  2753 D CompatibilityChangeReporter: Compat change id reported: 161145287; UID 10141; state: DISABLED
07-18 06:53:35.868  2005  3118 V ActivityManager: Got obituary of 5376:com.qualcomm.qti.powersavemode
07-18 06:53:35.877  2005  4926 D CompatibilityChangeReporter: Compat change id reported: 168419799; UID 10128; state: DISABLED
07-18 06:53:35.903  5244  5459 E ActivityThread: Failed to find provider info for com.google.android.voicesearch
07-18 06:53:35.929  2005  2731 D CompatibilityChangeReporter: Compat change id reported: 168936375; UID 10146; state: ENABLED
07-18 06:53:35.951  2005  3121 W ActivityManager: Permission Denial: not allowed to send broadcast com.symbol.scanning.action.READY from pid=4269, uid=10048
07-18 06:53:35.961  2005  4954 D OomAdjuster: Not killing cached processes
07-18 06:53:35.982  2005  2802 D CompatibilityChangeReporter: Compat change id reported: 168419799; UID 10149; state: DISABLED
07-18 06:53:35.986   856   856 I vold    : Bind mounting //data/media/0/Android/data on /mnt/user/0/emulated/0/Android/data
07-18 06:53:35.992   856   856 I vold    : Bind mounted //data/media/0/Android/data on /mnt/user/0/emulated/0/Android/data
07-18 06:53:35.992   856   856 I vold    : Bind mounting //data/media/0/Android/obb on /mnt/user/0/emulated/0/Android/obb
07-18 06:53:36.005   856   856 I vold    : Bind mounted //data/media/0/Android/obb on /mnt/user/0/emulated/0/Android/obb
07-18 06:53:36.005   856   856 I vold    : Configuring read_ahead of /mnt/user/0/emulated fuse filesystem to 256kb
07-18 06:53:36.006   856   856 I vold    : Writing 256 to /sys/class/bdi/0:51/read_ahead_kb
07-18 06:53:36.006   856   856 I vold    : Configuring max_ratio of /mnt/user/0/emulated fuse filesystem to 40
07-18 06:53:36.006   856   856 I vold    : Writing 40 to /sys/class/bdi/0:51/max_ratio
07-18 06:53:36.010  2005  2328 I StorageManagerService: Mounted volume VolumeInfo{emulated;0}:
07-18 06:53:36.010  2005  2328 I StorageManagerService:     type=EMULATED diskId=null partGuid= mountFlags=PRIMARY|VISIBLE_FOR_WRITE 
07-18 06:53:36.010  2005  2328 I StorageManagerService:     mountUserId=0 state=MOUNTED 
07-18 06:53:36.010  2005  2328 I StorageManagerService:     fsType=null fsUuid=null fsLabel=null 
07-18 06:53:36.010  2005  2328 I StorageManagerService:     path=/storage/emulated internalPath=/data/media 
07-18 06:53:36.022  2005  2328 I StorageSessionController: Notifying volume state changed for session with id: emulated;0
07-18 06:53:36.034  2005  2328 I StorageSessionController: Notifying volume state changed for session with id: emulated;0
07-18 06:53:36.047  2005  2328 I StorageSessionController: Notifying volume state changed for session with id: emulated;0
07-18 06:53:36.058  2005  4954 D CompatibilityChangeReporter: Compat change id reported: 177438394; UID 10165; state: DISABLED
07-18 06:53:36.058  2005  4954 D CompatibilityChangeReporter: Compat change id reported: 135772972; UID 10165; state: DISABLED
07-18 06:53:36.058  2005  4954 D CompatibilityChangeReporter: Compat change id reported: 135754954; UID 10165; state: ENABLED
07-18 06:53:36.058  2005  2062 D CompatibilityChangeReporter: Compat change id reported: 143937733; UID 10165; state: ENABLED
07-18 06:53:36.071  2005  2731 D CompatibilityChangeReporter: Compat change id reported: 194532703; UID 10220; state: ENABLED
07-18 06:53:36.073  2005  2731 D CompatibilityChangeReporter: Compat change id reported: 168419799; UID 10220; state: DISABLED
07-18 06:53:36.075  2005  2062 I ActivityManager: Start proc 5509:com.google.android.contacts/u0a165 for content provider {com.google.android.contacts/com.google.android.apps.contacts.othercontacts.OtherContactsProvider}
07-18 06:53:36.120  2005  2060 D AppWidgetServiceImpl: Provider info from ComponentInfo{com.android.chrome/org.chromium.chrome.browser.quickactionsearchwidget.QuickActionSearchWidgetProvider$QuickActionSearchWidgetProviderSearch} won't be persisted.
07-18 06:53:36.120  2005  2060 D AppWidgetServiceImpl: Provider info from ComponentInfo{com.android.chrome/org.chromium.chrome.browser.quickactionsearchwidget.QuickActionSearchWidgetProvider$QuickActionSearchWidgetProviderDino} won't be persisted.
07-18 06:53:36.120  2005  2060 D AppWidgetServiceImpl: Provider info from ComponentInfo{com.android.chrome/com.google.android.apps.chrome.appwidget.bookmarks.BookmarkThumbnailWidgetProvider} won't be persisted.
07-18 06:53:36.120  2005  2060 D AppWidgetServiceImpl: Provider info from ComponentInfo{com.android.chrome/org.chromium.chrome.browser.searchwidget.SearchWidgetProvider} won't be persisted.
07-18 06:53:36.120  2005  2060 D AppWidgetServiceImpl: Provider info from ComponentInfo{com.android.deskclock/com.android.alarmclock.AnalogAppWidgetProvider} won't be persisted.
07-18 06:53:36.120  2005  2060 D AppWidgetServiceImpl: Provider info from ComponentInfo{com.android.deskclock/com.android.alarmclock.DigitalAppWidgetProvider} won't be persisted.
07-18 06:53:36.120  2005  2060 D AppWidgetServiceImpl: Provider info from ComponentInfo{com.android.systemui/com.android.systemui.people.widget.PeopleSpaceWidgetProvider} won't be persisted.
07-18 06:53:36.120  2005  2060 D AppWidgetServiceImpl: Provider info from ComponentInfo{com.google.android.apps.docs/com.google.android.apps.docs.drive.widget.suggestion.SuggestionAppWidgetProvider} won't be persisted.
07-18 06:53:36.120  2005  2060 D AppWidgetServiceImpl: Provider info from ComponentInfo{com.google.android.apps.docs/com.google.android.apps.docs.drive.widget.CakemixAppWidgetProvider} won't be persisted.
07-18 06:53:36.120  2005  2060 D AppWidgetServiceImpl: Provider info from ComponentInfo{com.google.android.apps.maps/com.google.android.apps.gmm.widget.SearchWidgetProvider} won't be persisted.
07-18 06:53:36.120  2005  2060 D AppWidgetServiceImpl: Provider info from ComponentInfo{com.google.android.apps.maps/com.google.android.apps.gmm.widget.traffic.TrafficWidgetProvider} won't be persisted.
07-18 06:53:36.120  2005  2060 D AppWidgetServiceImpl: Provider info from ComponentInfo{com.google.android.apps.photos/com.google.android.apps.photos.widget.people.WidgetProviderPeoplePets} won't be persisted.
07-18 06:53:36.120  2005  2060 D AppWidgetServiceImpl: Provider info from ComponentInfo{com.google.android.apps.photos/com.google.android.apps.photos.widget.WidgetProvider} won't be persisted.
07-18 06:53:36.120  2005  2060 D AppWidgetServiceImpl: Provider info from ComponentInfo{com.google.android.apps.wellbeing/com.google.android.apps.wellbeing.widget.screentime.ScreenTimeWidgetProviderReceiver_Receiver} won't be persisted.
07-18 06:53:36.120  2005  2060 D AppWidgetServiceImpl: Provider info from ComponentInfo{com.google.android.apps.youtube.music/com.google.android.apps.youtube.music.player.widget.MusicWidgetProvider} won't be persisted.
07-18 06:53:36.120  2005  2060 D AppWidgetServiceImpl: Provider info from ComponentInfo{com.google.android.apps.youtube.music/com.google.android.apps.youtube.music.player.widget.gm3.FreeformMusicWidgetProvider} won't be persisted.
07-18 06:53:36.120  2005  2060 D AppWidgetServiceImpl: Provider info from ComponentInfo{com.google.android.calendar/com.android.calendar.widget.CalendarAppWidgetProvider} won't be persisted.
07-18 06:53:36.120  2005  2060 D AppWidgetServiceImpl: Provider info from ComponentInfo{com.google.android.calendar/com.google.android.calendar.widgetmonth.MonthViewWidgetProvider} won't be persisted.
07-18 06:53:36.120  2005  2060 D AppWidgetServiceImpl: Provider info from ComponentInfo{com.google.android.gm/com.google.android.gm.widget.GmailWidgetProvider} won't be persisted.
07-18 06:53:36.120  2005  2060 D AppWidgetServiceImpl: Provider info from ComponentInfo{com.google.android.gm/com.google.android.gm.widget.GoogleMailWidgetProvider} won't be persisted.
07-18 06:53:36.121  2005  2060 D AppWidgetServiceImpl: Provider info from ComponentInfo{com.google.android.keep/com.google.android.keep.homescreenwidget.MemoryAppWidgetProvider} won't be persisted.
07-18 06:53:36.121  2005  2060 D AppWidgetServiceImpl: Provider info from ComponentInfo{com.google.android.keep/com.google.android.keep.quickaddwidget.QuickAddWidgetProvider} won't be persisted.
07-18 06:53:36.121  2005  2060 D AppWidgetServiceImpl: Provider info from ComponentInfo{com.google.android.keep/com.google.android.apps.keep.ui.widgets.singlenote.SingleNoteWidgetProvider} won't be persisted.
07-18 06:53:36.128  2005  4370 D CompatibilityChangeReporter: Compat change id reported: 135634846; UID 1000; state: DISABLED
07-18 06:53:36.128  2005  4370 D CompatibilityChangeReporter: Compat change id reported: 177438394; UID 1000; state: DISABLED
07-18 06:53:36.128  2005  4370 D CompatibilityChangeReporter: Compat change id reported: 135772972; UID 1000; state: DISABLED
07-18 06:53:36.128  2005  4370 D CompatibilityChangeReporter: Compat change id reported: 135754954; UID 1000; state: ENABLED
07-18 06:53:36.150  2005  2328 D StorageManagerService: Volume emulated;0 broadcasting checking to UserHandle{0}
07-18 06:53:36.157  2005  2328 D StorageManagerService: Volume emulated;0 broadcasting mounted to UserHandle{0}
07-18 06:53:36.180  2005  2062 W ActivityManager: Slow operation: 66ms so far, now at startProcess: returned from zygote!
07-18 06:53:36.181  2005  2062 W ActivityManager: Slow operation: 66ms so far, now at startProcess: done updating battery stats
07-18 06:53:36.181  2005  2062 W ActivityManager: Slow operation: 66ms so far, now at startProcess: building log message
07-18 06:53:36.181  2005  2062 I ActivityManager: Start proc 5522:com.android.localtransport/1000 for service {com.android.localtransport/com.android.localtransport.LocalTransportService}
07-18 06:53:36.181  2005  2062 W ActivityManager: Slow operation: 66ms so far, now at startProcess: starting to update pids map
07-18 06:53:36.184  2005  2062 W ActivityManager: Slow operation: 70ms so far, now at startProcess: done updating pids map
07-18 06:53:36.219  2005  3492 D CompatibilityChangeReporter: Compat change id reported: 161145287; UID 10128; state: DISABLED
07-18 06:53:36.233  2005  5026 D CompatibilityChangeReporter: Compat change id reported: 168419799; UID 10165; state: DISABLED
07-18 06:53:36.269  2005  2731 W ActivityManager: Unable to start service Intent { cmp=com.qualcomm.qti.qccauthmgr/.services.IsvService } U=0: not found
07-18 06:53:36.298  2005  3492 D CompatibilityChangeReporter: Compat change id reported: 168419799; UID 1001; state: DISABLED
07-18 06:53:36.307  2005  2752 D CompatibilityChangeReporter: Compat change id reported: 168419799; UID 10208; state: DISABLED
07-18 06:53:36.323  2005  2731 D CompatibilityChangeReporter: Compat change id reported: 135634846; UID 10197; state: DISABLED
07-18 06:53:36.323  2005  2731 D CompatibilityChangeReporter: Compat change id reported: 177438394; UID 10197; state: DISABLED
07-18 06:53:36.323  2005  2731 D CompatibilityChangeReporter: Compat change id reported: 135772972; UID 10197; state: DISABLED
07-18 06:53:36.323  2005  2731 D CompatibilityChangeReporter: Compat change id reported: 135754954; UID 10197; state: ENABLED
07-18 06:53:36.323  2005  2062 D CompatibilityChangeReporter: Compat change id reported: 143937733; UID 10197; state: ENABLED
07-18 06:53:36.327  2005  3492 I AppsFilter: Invalidating cache: grantImplicitAccess: 1000 -> 10149
07-18 06:53:36.335  2005  2062 I ActivityManager: Start proc 5562:com.qualcomm.qtil.aptxui/u0a197 for broadcast {com.qualcomm.qtil.aptxui/com.qualcomm.qtil.aptxui.aptxuiBootReceiver}
07-18 06:53:36.410  1547  1547 I fusionconfd: getVoiceCallState: returns 0
07-18 06:53:36.427  2005  2159 D CompatibilityChangeReporter: Compat change id reported: 168419799; UID 10197; state: DISABLED
07-18 06:53:36.436  2005  2060 D CompatibilityChangeReporter: Compat change id reported: 171306433; UID 1000; state: ENABLED
07-18 06:53:36.466  2005  2060 D CompatibilityChangeReporter: Compat change id reported: 218533173; UID 1000; state: ENABLED
07-18 06:53:36.484  2005  2005 I TransportConnection: LocalTransportService#0: Notifying [TransportManager.registerTransport()] transport = BackupTransportClient
07-18 06:53:36.488  2005  4941 D CompatibilityChangeReporter: Compat change id reported: 171306433; UID 10141; state: ENABLED
07-18 06:53:36.489  2005  4941 D CompatibilityChangeReporter: Compat change id reported: 218533173; UID 10141; state: ENABLED
07-18 06:53:36.512  2005  2060 D AppWidgetServiceImpl: Provider info from ComponentInfo{com.android.chrome/org.chromium.chrome.browser.quickactionsearchwidget.QuickActionSearchWidgetProvider$QuickActionSearchWidgetProviderSearch} won't be persisted.
07-18 06:53:36.512  2005  2060 D AppWidgetServiceImpl: Provider info from ComponentInfo{com.android.chrome/org.chromium.chrome.browser.quickactionsearchwidget.QuickActionSearchWidgetProvider$QuickActionSearchWidgetProviderDino} won't be persisted.
07-18 06:53:36.512  2005  2060 D AppWidgetServiceImpl: Provider info from ComponentInfo{com.android.chrome/com.google.android.apps.chrome.appwidget.bookmarks.BookmarkThumbnailWidgetProvider} won't be persisted.
07-18 06:53:36.512  2005  2060 D AppWidgetServiceImpl: Provider info from ComponentInfo{com.android.chrome/org.chromium.chrome.browser.searchwidget.SearchWidgetProvider} won't be persisted.
07-18 06:53:36.512  2005  2060 D AppWidgetServiceImpl: Provider info from ComponentInfo{com.android.deskclock/com.android.alarmclock.AnalogAppWidgetProvider} won't be persisted.
07-18 06:53:36.512  2005  2060 D AppWidgetServiceImpl: Provider info from ComponentInfo{com.android.deskclock/com.android.alarmclock.DigitalAppWidgetProvider} won't be persisted.
07-18 06:53:36.512  2005  2060 D AppWidgetServiceImpl: Provider info from ComponentInfo{com.android.systemui/com.android.systemui.people.widget.PeopleSpaceWidgetProvider} won't be persisted.
07-18 06:53:36.512  2005  2060 D AppWidgetServiceImpl: Provider info from ComponentInfo{com.google.android.apps.docs/com.google.android.apps.docs.drive.widget.suggestion.SuggestionAppWidgetProvider} won't be persisted.
07-18 06:53:36.512  2005  2060 D AppWidgetServiceImpl: Provider info from ComponentInfo{com.google.android.apps.docs/com.google.android.apps.docs.drive.widget.CakemixAppWidgetProvider} won't be persisted.
07-18 06:53:36.512  2005  2060 D AppWidgetServiceImpl: Provider info from ComponentInfo{com.google.android.apps.maps/com.google.android.apps.gmm.widget.SearchWidgetProvider} won't be persisted.
07-18 06:53:36.512  2005  2060 D AppWidgetServiceImpl: Provider info from ComponentInfo{com.google.android.apps.maps/com.google.android.apps.gmm.widget.traffic.TrafficWidgetProvider} won't be persisted.
07-18 06:53:36.512  2005  2060 D AppWidgetServiceImpl: Provider info from ComponentInfo{com.google.android.apps.photos/com.google.android.apps.photos.widget.people.WidgetProviderPeoplePets} won't be persisted.
07-18 06:53:36.512  2005  2060 D AppWidgetServiceImpl: Provider info from ComponentInfo{com.google.android.apps.photos/com.google.android.apps.photos.widget.WidgetProvider} won't be persisted.
07-18 06:53:36.512  2005  2060 D AppWidgetServiceImpl: Provider info from ComponentInfo{com.google.android.apps.wellbeing/com.google.android.apps.wellbeing.widget.screentime.ScreenTimeWidgetProviderReceiver_Receiver} won't be persisted.
07-18 06:53:36.512  2005  2060 D AppWidgetServiceImpl: Provider info from ComponentInfo{com.google.android.apps.youtube.music/com.google.android.apps.youtube.music.player.widget.MusicWidgetProvider} won't be persisted.
07-18 06:53:36.512  2005  2060 D AppWidgetServiceImpl: Provider info from ComponentInfo{com.google.android.apps.youtube.music/com.google.android.apps.youtube.music.player.widget.gm3.FreeformMusicWidgetProvider} won't be persisted.
07-18 06:53:36.512  2005  2060 D AppWidgetServiceImpl: Provider info from ComponentInfo{com.google.android.calendar/com.android.calendar.widget.CalendarAppWidgetProvider} won't be persisted.
07-18 06:53:36.513  2005  2060 D AppWidgetServiceImpl: Provider info from ComponentInfo{com.google.android.calendar/com.google.android.calendar.widgetmonth.MonthViewWidgetProvider} won't be persisted.
07-18 06:53:36.513  2005  2060 D AppWidgetServiceImpl: Provider info from ComponentInfo{com.google.android.gm/com.google.android.gm.widget.GmailWidgetProvider} won't be persisted.
07-18 06:53:36.513  2005  2060 D AppWidgetServiceImpl: Provider info from ComponentInfo{com.google.android.gm/com.google.android.gm.widget.GoogleMailWidgetProvider} won't be persisted.
07-18 06:53:36.513  2005  2060 D AppWidgetServiceImpl: Provider info from ComponentInfo{com.google.android.keep/com.google.android.keep.homescreenwidget.MemoryAppWidgetProvider} won't be persisted.
07-18 06:53:36.513  2005  2060 D AppWidgetServiceImpl: Provider info from ComponentInfo{com.google.android.keep/com.google.android.keep.quickaddwidget.QuickAddWidgetProvider} won't be persisted.
07-18 06:53:36.513  2005  2060 D AppWidgetServiceImpl: Provider info from ComponentInfo{com.google.android.keep/com.google.android.apps.keep.ui.widgets.singlenote.SingleNoteWidgetProvider} won't be persisted.
07-18 06:53:36.514  2005  4370 D BackupTransportManager: Transport com.android.localtransport/.LocalTransportService registered
07-18 06:53:36.514  2005  4370 D BackupManagerService: [UserID:0] Transport com.android.localtransport/.LocalTransport registered 3444ms after first request (delay = 3000ms)
07-18 06:53:36.622  2005  2802 D CompatibilityChangeReporter: Compat change id reported: 194532703; UID 10149; state: ENABLED
07-18 06:53:36.627  2005  2049 D CompatibilityChangeReporter: Compat change id reported: 177438394; UID 10164; state: DISABLED
07-18 06:53:36.627  2005  2049 D CompatibilityChangeReporter: Compat change id reported: 135772972; UID 10164; state: DISABLED
07-18 06:53:36.628  2005  2049 D CompatibilityChangeReporter: Compat change id reported: 135754954; UID 10164; state: ENABLED
07-18 06:53:36.628  2005  2062 D CompatibilityChangeReporter: Compat change id reported: 143937733; UID 10164; state: ENABLED
07-18 06:53:36.668  2005  2062 I ActivityManager: Start proc 5622:com.google.android.gm/u0a164 for content provider {com.google.android.gm/com.android.exchange.provider.ExchangeDirectoryProvider}
07-18 06:53:36.681  2005  3118 D CompatibilityChangeReporter: Compat change id reported: 161145287; UID 10165; state: DISABLED
07-18 06:53:36.716  2005  2816 D CompatibilityChangeReporter: Compat change id reported: 135634846; UID 10211; state: DISABLED
07-18 06:53:36.716  2005  2816 D CompatibilityChangeReporter: Compat change id reported: 177438394; UID 10211; state: DISABLED
07-18 06:53:36.716  2005  2816 D CompatibilityChangeReporter: Compat change id reported: 135772972; UID 10211; state: DISABLED
07-18 06:53:36.716  2005  2816 D CompatibilityChangeReporter: Compat change id reported: 135754954; UID 10211; state: ENABLED
07-18 06:53:36.720  2005  2062 D CompatibilityChangeReporter: Compat change id reported: 143937733; UID 10211; state: ENABLED
07-18 06:53:36.736  2005  2062 I ActivityManager: Start proc 5647:com.qualcomm.qtil.btdsda/u0a211 for broadcast {com.qualcomm.qtil.btdsda/com.qualcomm.qtil.btdsda.BtStateReceiver}
07-18 06:53:36.760  2005  2723 D CompatibilityChangeReporter: Compat change id reported: 135634846; UID 10141; state: DISABLED
07-18 06:53:36.761  2005  2723 D CompatibilityChangeReporter: Compat change id reported: 177438394; UID 10141; state: DISABLED
07-18 06:53:36.762  2005  2723 D CompatibilityChangeReporter: Compat change id reported: 135772972; UID 10141; state: DISABLED
07-18 06:53:36.771  2005  2723 D CompatibilityChangeReporter: Compat change id reported: 135754954; UID 10141; state: ENABLED
07-18 06:53:36.771  2005  2062 D CompatibilityChangeReporter: Compat change id reported: 143937733; UID 10141; state: ENABLED
07-18 06:53:36.776  2005  2159 D CompatibilityChangeReporter: Compat change id reported: 168419799; UID 10164; state: DISABLED
07-18 06:53:36.802  2005  3461 D CompatibilityChangeReporter: Compat change id reported: 194532703; UID 10165; state: ENABLED
07-18 06:53:36.802  2005  2049 D CompatibilityChangeReporter: Compat change id reported: 168419799; UID 10211; state: DISABLED
07-18 06:53:36.808  2005  2062 W ActivityManager: Slow operation: 54ms so far, now at startProcess: returned from zygote!
07-18 06:53:36.877  2005  2062 W ActivityManager: Slow operation: 122ms so far, now at startProcess: done updating battery stats
07-18 06:53:36.877  2005  2062 W ActivityManager: Slow operation: 123ms so far, now at startProcess: building log message
07-18 06:53:36.877  2005  2062 I ActivityManager: Start proc 5668:com.google.android.gms.unstable/u0a141 for service {com.google.android.gms/com.google.android.gms.droidguard.DroidGuardService}
07-18 06:53:36.877  2005  2062 W ActivityManager: Slow operation: 123ms so far, now at startProcess: starting to update pids map
07-18 06:53:36.877  2005  2062 W ActivityManager: Slow operation: 123ms so far, now at startProcess: done updating pids map
07-18 06:53:37.015  2005  2005 I TransportConnection: BackupTransportService#1: Notifying [TransportManager.registerTransport()] transport = BackupTransportClient
07-18 06:53:37.072  2005  4370 D BackupTransportManager: Transport com.google.android.gms/.backup.BackupTransportService registered
07-18 06:53:37.072  2005  4370 D BackupManagerService: [UserID:0] Transport com.google.android.gms/.backup.BackupTransportService registered 4001ms after first request (delay = 3000ms)
07-18 06:53:37.085  2005  2005 I Telecom : DefaultDialerCache: Refreshing default dialer for user 0: now null: DDC.oR@ABA
07-18 06:53:37.086  2005  2170 D CompatibilityChangeReporter: Compat change id reported: 171306433; UID 10149; state: ENABLED
07-18 06:53:37.087  2005  2170 D CompatibilityChangeReporter: Compat change id reported: 226439802; UID 10149; state: DISABLED
07-18 06:53:37.093  2005  2005 I Telecom : DefaultDialerCache: Refreshing default dialer for user 0: now null: DDC.oR@ABE
07-18 06:53:37.100  2005  2170 D CompatibilityChangeReporter: Compat change id reported: 218533173; UID 10220; state: ENABLED
07-18 06:53:37.101  2005  2170 D CompatibilityChangeReporter: Compat change id reported: 218533173; UID 10146; state: ENABLED
07-18 06:53:37.101  2005  2753 D CompatibilityChangeReporter: Compat change id reported: 194532703; UID 1000; state: ENABLED
07-18 06:53:37.101  2005  2005 I Telecom : DefaultDialerCache: Refreshing default dialer for user 0: now null: DDC.oR@ABI
07-18 06:53:37.102  2005  2005 I Telecom : DefaultDialerCache: Refreshing default dialer for user 0: now null: DDC.oR@ABM
07-18 06:53:37.104  2005  2753 D CompatibilityChangeReporter: Compat change id reported: 194532703; UID 1000; state: DISABLED
07-18 06:53:37.170  2005  2005 I Telecom : DefaultDialerCache: Refreshing default dialer for user 0: now null: DDC.oR@ABQ
07-18 06:53:37.191  2005  2160 D CompatibilityChangeReporter: Compat change id reported: 182734110; UID 10220; state: ENABLED
07-18 06:53:37.240  2005  2005 I Telecom : DefaultDialerCache: Refreshing default dialer for user 0: now null: DDC.oR@ABU
07-18 06:53:37.244  2005  2005 V ConditionProviders: enabling condition provider for 0: ComponentInfo{com.google.android.apps.wellbeing/com.google.android.apps.wellbeing.dnd.impl.DndConditionProviderService}
07-18 06:53:37.244  2005  2005 V ConditionProviders: Not registering ComponentInfo{com.google.android.apps.wellbeing/com.google.android.apps.wellbeing.dnd.impl.DndConditionProviderService} is already bound
07-18 06:53:37.258  2005  2170 D CompatibilityChangeReporter: Compat change id reported: 218533173; UID 10165; state: ENABLED
07-18 06:53:37.285  3509  5762 W PackageParser: Unknown element under <manifest>: queries at /data/user_de/0/com.google.android.gms/app_chimera/m/00000000/AdsDynamite.apk Binary XML file line #11
07-18 06:53:37.299  2005  2005 I Telecom : DefaultDialerCache: Refreshing default dialer for user 0: now null: DDC.oR@ABY
07-18 06:53:37.347  2005  2005 I Telecom : DefaultDialerCache: Refreshing default dialer for user 0: now null: DDC.oR@ABc
07-18 06:53:37.348  2005  2005 V ConditionProviders: enabling condition provider for 0: ComponentInfo{com.google.android.apps.wellbeing/com.google.android.apps.wellbeing.dnd.impl.DndConditionProviderService}
