07-18 06:53:30.642  2005  2086 W ActivityManager: Scheduling restart of crashed service com.google.android.permissioncontroller/com.android.permissioncontroller.permission.service.PermissionControllerServiceImpl in 11000ms for connection
07-18 06:53:30.642  2005  2086 W ActivityManager: Scheduling restart of crashed service com.google.android.permissioncontroller/com.android.permissioncontroller.role.service.RoleControllerServiceImpl in 20999ms for connection
07-18 06:53:30.647  2005  2086 I ActivityManager:   Force stopping service ServiceRecord{e407dd3 u0 com.google.android.permissioncontroller/com.android.permissioncontroller.permission.service.v33.SafetyCenterQsTileService}
07-18 06:53:30.654  2005  2005 I Telecom : DefaultDialerCache: Refreshing default dialer for user 0: now null: DDC.oR@AAM
07-18 06:53:30.666  2005  2753 V ActivityManager: Got obituary of 2673:com.google.android.permissioncontroller
07-18 06:53:30.680  2005  3583 I Telecom : DefaultDialerCache: current default pkg: null: TSI.getCallStateUsingPackage@AAQ
07-18 06:53:30.680  2005  3583 I Telecom : DefaultDialerCache: current returning default pkg: com.google.android.dialer: TSI.getCallStateUsingPackage@AAQ
07-18 06:53:30.681  2005  3583 I Telecom : DefaultDialerCache: current default pkg: null: TSI.getCallStateUsingPackage@AAU
07-18 06:53:30.681  2005  3583 I Telecom : DefaultDialerCache: current returning default pkg: com.google.android.dialer: TSI.getCallStateUsingPackage@AAU
07-18 06:53:30.750  2005  2159 I ActivityTaskManager: START u0 {act=android.intent.action.MAIN cat=[android.intent.category.HOME] flg=0x10000100 cmp=com.google.android.setupwizard/.SetupWizardActivity (has extras)} from uid 0
07-18 06:53:30.751  2005  2159 D CompatibilityChangeReporter: Compat change id reported: 181136395; UID 10188; state: DISABLED
07-18 06:53:30.751  2005  2159 D CompatibilityChangeReporter: Compat change id reported: 174042936; UID 10188; state: DISABLED
07-18 06:53:30.752  2005  2159 D CompatibilityChangeReporter: Compat change id reported: 174042980; UID 10188; state: DISABLED
07-18 06:53:30.752  2005  2159 D CompatibilityChangeReporter: Compat change id reported: 194480991; UID 10188; state: ENABLED
07-18 06:53:30.755  2005  2159 I ActivityTaskManager: The Process com.google.android.setupwizard Already Exists in BG. So sending its PID: 3101
07-18 06:53:30.755  2005  2159 W ActivityTaskManager: Tried to set launchTime (0) < mLastActivityLaunchTime (38167)
07-18 06:53:30.766  2005  2061 W BroadcastQueue: Background execution not allowed: receiving Intent { act=android.os.UpdateLock.UPDATE_LOCK_CHANGED flg=0x4000010 (has extras) } to com.google.android.gms/.chimera.GmsIntentOperationService$PersistentTrustedReceiver
07-18 06:53:30.768  2005  2055 W WindowManager: App freeze timeout expired.
07-18 06:53:30.776  2005  3583 I ActivityTaskManager: START u0 {act=com.android.setupwizard.WELCOME flg=0x4000000 cmp=com.google.android.setupwizard/.user.WelcomeActivity (has extras)} from uid 10188
07-18 06:53:30.790  2005  3583 I ActivityTaskManager: The Process com.google.android.setupwizard Already Exists in BG. So sending its PID: 3101
07-18 06:53:30.790  2005  3583 W ActivityTaskManager: Tried to set launchTime (0) < mLastActivityLaunchTime (40438)
07-18 06:53:30.937  2005  2159 D TextToSpeechManagerPerUserService: Trying to start connection to TTS engine: com.google.android.tts
07-18 06:53:30.939  2005  2005 D CompatibilityChangeReporter: Compat change id reported: 135634846; UID 10174; state: DISABLED
07-18 06:53:30.939  2005  2005 D CompatibilityChangeReporter: Compat change id reported: 177438394; UID 10174; state: DISABLED
07-18 06:53:30.939  2005  2005 D CompatibilityChangeReporter: Compat change id reported: 135772972; UID 10174; state: DISABLED
07-18 06:53:30.939  2005  2005 D CompatibilityChangeReporter: Compat change id reported: 135754954; UID 10174; state: ENABLED
07-18 06:53:30.940  2005  2062 D CompatibilityChangeReporter: Compat change id reported: 143937733; UID 10174; state: ENABLED
07-18 06:53:30.940  2005  2062 W ActivityManager: com.google.android.tts inode == 0 (b/152760674)
07-18 06:53:30.940  2005  2062 W ActivityManager: com.google.android.gms inode == 0 (b/152760674)
07-18 06:53:30.948  2005  2808 I ActivityTaskManager: Config changes=4 {1.0 ?mcc?mnc [en_US] ldltr sw320dp w320dp h461dp 240dpi nrml port night finger qwerty/v/v -nav/h winConfig={ mBounds=Rect(0, 0 - 480, 800) mAppBounds=Rect(0, 0 - 480, 728) mMaxBounds=Rect(0, 0 - 480, 800) mDisplayRotation=ROTATION_0 mWindowingMode=fullscreen mDisplayWindowingMode=fullscreen mActivityType=undefined mAlwaysOnTop=undefined mRotation=ROTATION_0} as.2 s.112 fontWeightAdjustment=0}
07-18 06:53:30.948  2005  2808 I WindowManager: Override config changes=4 {1.0 ?mcc?mnc [en_US] ldltr sw320dp w320dp h461dp 240dpi nrml port night finger qwerty/v/v -nav/h winConfig={ mBounds=Rect(0, 0 - 480, 800) mAppBounds=Rect(0, 0 - 480, 728) mMaxBounds=Rect(0, 0 - 480, 800) mDisplayRotation=ROTATION_0 mWindowingMode=fullscreen mDisplayWindowingMode=fullscreen mActivityType=undefined mAlwaysOnTop=undefined mRotation=ROTATION_0} as.2 s.112 fontWeightAdjustment=0} for displayId=0
07-18 06:53:30.949  2005  2808 D CompatibilityChangeReporter: Compat change id reported: 184838306; UID 10079; state: DISABLED
07-18 06:53:30.949  2005  2808 D CompatibilityChangeReporter: Compat change id reported: 185004937; UID 10079; state: DISABLED
07-18 06:53:30.955  2005  2061 D OomAdjuster: Not killing cached processes
07-18 06:53:30.957  2669  2669 V WindowManagerShell: Display changed: 0
07-18 06:53:30.958  2005  2061 D CompatibilityChangeReporter: Compat change id reported: 135634846; UID 10159; state: DISABLED
07-18 06:53:30.958  2005  2005 I Telecom : : Locale change; recreating channels.
07-18 06:53:30.958  2005  2061 D CompatibilityChangeReporter: Compat change id reported: 177438394; UID 10159; state: DISABLED
07-18 06:53:30.959  2005  2061 D CompatibilityChangeReporter: Compat change id reported: 135772972; UID 10159; state: DISABLED
07-18 06:53:30.959  2005  2061 D CompatibilityChangeReporter: Compat change id reported: 135754954; UID 10159; state: ENABLED
07-18 06:53:30.959  2005  2062 I ActivityManager: Start proc 3597:com.google.android.tts/u0a174 for service {com.google.android.tts/com.google.android.apps.speech.tts.googletts.service.GoogleTtsService}
07-18 06:53:30.960  2005  2062 D CompatibilityChangeReporter: Compat change id reported: 143937733; UID 10159; state: ENABLED
07-18 06:53:30.960  2005  2062 W ActivityManager: com.android.deskclock inode == 0 (b/152760674)
07-18 06:53:30.960  2005  2062 W ActivityManager: com.google.android.gms inode == 0 (b/152760674)
07-18 06:53:30.972  2005  2062 I ActivityManager: Start proc 3601:com.android.deskclock/u0a159 for broadcast {com.android.deskclock/com.android.deskclock.AlarmInitReceiver}
07-18 06:53:30.976  2005  2159 D CoreBackPreview: Window{142481c u0 com.google.android.setupwizard/com.google.android.setupwizard.user.WelcomeActivity}: Setting back callback OnBackInvokedCallbackInfo{mCallback=android.window.IOnBackInvokedCallback$Stub$Proxy@12481fa, mPriority=0}
07-18 06:53:30.988  2005  2159 W ActivityManager: Unable to start service Intent { act=com.google.android.setupcompat.SetupCompatService.BIND pkg=com.google.android.setupwizard } U=0: not found
07-18 06:53:30.989  2005  2159 D CompatibilityChangeReporter: Compat change id reported: 168419799; UID 10174; state: DISABLED
07-18 06:53:30.997  2005  2159 D CompatibilityChangeReporter: Compat change id reported: 168419799; UID 10159; state: DISABLED
07-18 06:53:31.052  2005  2159 D CompatibilityChangeReporter: Compat change id reported: 161145287; UID 10159; state: DISABLED
07-18 06:53:31.057  2005  2159 D CompatibilityChangeReporter: Compat change id reported: 161145287; UID 10174; state: DISABLED
07-18 06:53:31.091  2005  2159 W ActivityManager: Unable to start service Intent { act=com.google.android.gms.phenotype.service.START pkg=com.google.android.gms } U=0: not found
07-18 06:53:31.092  2005  2159 W ActivityManager: Unbind failed: could not find connection for android.os.BinderProxy@fa9b8ba
07-18 06:53:31.112  2005  2808 D CompatibilityChangeReporter: Compat change id reported: 135634846; UID 10145; state: DISABLED
07-18 06:53:31.113  2005  2808 D CompatibilityChangeReporter: Compat change id reported: 177438394; UID 10145; state: DISABLED
07-18 06:53:31.113  2005  2808 D CompatibilityChangeReporter: Compat change id reported: 135772972; UID 10145; state: DISABLED
07-18 06:53:31.113  2005  2808 D CompatibilityChangeReporter: Compat change id reported: 135754954; UID 10145; state: ENABLED
07-18 06:53:31.113  2005  2062 D CompatibilityChangeReporter: Compat change id reported: 143937733; UID 10145; state: ENABLED
07-18 06:53:31.113  2005  2062 W ActivityManager: com.google.android.apps.wellbeing inode == 0 (b/152760674)
07-18 06:53:31.113  2005  2062 W ActivityManager: com.google.android.gms inode == 0 (b/152760674)
07-18 06:53:31.123  2005  2062 I ActivityManager: Start proc 3655:com.google.android.apps.wellbeing/u0a145 for broadcast {com.google.android.apps.wellbeing/com.google.android.apps.wellbeing.winddown.impl.WindDownRefreshStateBroadcastReceiver_Receiver}
07-18 06:53:31.131  2005  2005 D TextToSpeechManagerPerUserService: Connected successfully to TTS engine: com.google.android.tts
07-18 06:53:31.153  2005  2808 D CompatibilityChangeReporter: Compat change id reported: 168419799; UID 10145; state: DISABLED
07-18 06:53:31.155  2005  2055 D ActivityManagerTiming: FinishBooting
07-18 06:53:31.188  2005  2808 W ActivityManager: Unable to start service Intent { act=com.google.android.gms.phenotype.service.START pkg=com.google.android.gms } U=0: not found
07-18 06:53:31.188  2005  2808 W ActivityManager: Unbind failed: could not find connection for android.os.BinderProxy@e549ac5
07-18 06:53:31.217  2005  3118 W ActivityManager: Unable to start service Intent { act=com.google.android.chimera.BoundService.START dat=chimera-action: cmp=com.google.android.gms/.chimera.PersistentBoundBrokerService } U=0: not found
07-18 06:53:31.218  2005  2159 W ActivityManager: Unbind failed: could not find connection for android.os.BinderProxy@2225479
07-18 06:53:31.247  2005  2816 W ActivityManager: Unable to start service Intent { act=com.google.android.chimera.BoundService.START dat=chimera-action: cmp=com.google.android.gms/.chimera.PersistentBoundBrokerService } U=0: not found
07-18 06:53:31.247  2005  3118 W ActivityManager: Unbind failed: could not find connection for android.os.BinderProxy@47a1a17
07-18 06:53:31.257  3346  3550 W FileUtils: Failed to chmod(/data/user/0/com.google.android.gms/app_usage_reporting_db): android.system.ErrnoException: chmod failed: ENOENT (No such file or directory)
07-18 06:53:31.276  3655  3655 V ActivityThread: getPackageInfo() caused update to cached ApplicationInfo for package com.google.android.apps.wellbeing
07-18 06:53:31.276  2005  2005 V ConditionProviders: 0 condition provider service connected: ComponentInfo{com.google.android.apps.wellbeing/com.google.android.apps.wellbeing.dnd.impl.DndConditionProviderService}
07-18 06:53:31.282  2005  2159 D CompatibilityChangeReporter: Compat change id reported: 161145287; UID 10145; state: DISABLED
07-18 06:53:31.292  2005  2816 W ActivityManager: Unable to start service Intent { act=com.google.android.gms.phenotype.service.START pkg=com.google.android.gms } U=0: not found
07-18 06:53:31.293  2005  2816 W ActivityManager: Unbind failed: could not find connection for android.os.BinderProxy@f485a6e
07-18 06:53:31.297  2005  2055 I WindowManager: ******* TELLING SURFACE FLINGER WE ARE BOOTED!
07-18 06:53:31.299  2005  2816 W ActivityManager: Unable to start service Intent { act=com.google.android.gms.phenotype.service.START pkg=com.google.android.gms } U=0: not found
07-18 06:53:31.300  2005  2816 W ActivityManager: Unbind failed: could not find connection for android.os.BinderProxy@c70350f
07-18 06:53:31.305  2005  2055 D ActivityManagerTiming: FinishBooting
07-18 06:53:31.308  2005  2055 D CompatibilityChangeReporter: Compat change id reported: 161145287; UID 1000; state: DISABLED
07-18 06:53:31.309  2005  2055 I ActivityManager: About to commit checkpoint
07-18 06:53:31.310  2005  2816 W ActivityManager: Unable to start service Intent { act=com.google.android.contextmanager.service.ContextManagerService.START pkg=com.google.android.gms } U=0: not found
07-18 06:53:31.310  2005  2816 W ActivityManager: Unbind failed: could not find connection for android.os.BinderProxy@4bfb707
07-18 06:53:31.310  2005  2055 I SystemServiceManager: Starting phase 1000
07-18 06:53:31.311  2005  2055 D ActivityManagerTiming: OnBootPhase_1000
07-18 06:53:31.311  2005  2055 D ActivityManagerTiming: OnBootPhase_1000_com.android.server.security.FileIntegrityService
07-18 06:53:31.311  2005  2055 D ActivityManagerTiming: OnBootPhase_1000_com.android.server.pm.Installer
07-18 06:53:31.311  2005  2055 D ActivityManagerTiming: OnBootPhase_1000_com.android.server.os.DeviceIdentifiersPolicyService
07-18 06:53:31.311  2005  2055 D ActivityManagerTiming: OnBootPhase_1000_com.android.server.uri.UriGrantsManagerService$Lifecycle
07-18 06:53:31.311  2005  2055 D ActivityManagerTiming: OnBootPhase_1000_com.android.server.powerstats.PowerStatsService
07-18 06:53:31.311  2005  2055 E PowerStatsService: Failed to start PowerStatsService loggers
07-18 06:53:31.311  2005  2055 D ActivityManagerTiming: OnBootPhase_1000_com.android.server.wm.ActivityTaskManagerService$Lifecycle
07-18 06:53:31.311  2005  2055 D ActivityManagerTiming: OnBootPhase_1000_com.android.server.am.ActivityManagerService$Lifecycle
07-18 06:53:31.311  2005  2055 D ActivityManagerTiming: OnBootPhase_1000_com.android.server.pm.DataLoaderManagerService
07-18 06:53:31.311  2005  2055 D ActivityManagerTiming: OnBootPhase_1000_com.android.server.power.PowerManagerService
07-18 06:53:31.312  2005  2055 D ActivityManagerTiming: OnBootPhase_1000_com.android.server.power.ThermalManagerService
07-18 06:53:31.312  2005  2055 D ActivityManagerTiming: OnBootPhase_1000_com.android.server.power.hint.HintManagerService
07-18 06:53:31.313  2005  2055 D ActivityManagerTiming: OnBootPhase_1000_com.android.server.recoverysystem.RecoverySystemService$Lifecycle
07-18 06:53:31.313  2005  2055 D ActivityManagerTiming: OnBootPhase_1000_com.android.server.lights.LightsService
07-18 06:53:31.313  2005  2055 D ActivityManagerTiming: OnBootPhase_1000_com.android.server.display.DisplayManagerService
07-18 06:53:31.313  2005  2055 D ActivityManagerTiming: OnBootPhase_1000_com.android.server.pm.verify.domain.DomainVerificationService
07-18 06:53:31.313  2005  2055 D ActivityManagerTiming: OnBootPhase_1000_com.android.server.pm.PackageInstallerService$Lifecycle
07-18 06:53:31.313  2005  2055 D ActivityManagerTiming: OnBootPhase_1000_com.android.server.pm.UserManagerService$LifeCycle
07-18 06:53:31.313  2005  2055 D ActivityManagerTiming: OnBootPhase_1000_com.android.server.om.OverlayManagerService
07-18 06:53:31.313  2005  2055 D ActivityManagerTiming: OnBootPhase_1000_com.android.server.resources.ResourcesManagerService
07-18 06:53:31.313  2005  2055 D ActivityManagerTiming: OnBootPhase_1000_com.android.server.sensorprivacy.SensorPrivacyService
07-18 06:53:31.313  2005  2055 D ActivityManagerTiming: OnBootPhase_1000_com.android.server.sensors.SensorService
07-18 06:53:31.313  2005  2055 D ActivityManagerTiming: OnBootPhase_1000_com.android.server.SystemConfigService
07-18 06:53:31.313  2005  2055 D ActivityManagerTiming: OnBootPhase_1000_com.android.server.BatteryService
07-18 06:53:31.313  2005  2055 D ActivityManagerTiming: OnBootPhase_1000_com.android.server.usage.UsageStatsService
07-18 06:53:31.313  2005  2055 D ActivityManagerTiming: OnBootPhase_1000_com.android.server.webkit.WebViewUpdateService
07-18 06:53:31.313  2005  2055 D ActivityManagerTiming: OnBootPhase_1000_com.android.server.CachedDeviceStateService
07-18 06:53:31.313  2005  2055 D ActivityManagerTiming: OnBootPhase_1000_com.android.server.BinderCallsStatsService$LifeCycle
07-18 06:53:31.313  2005  2055 D ActivityManagerTiming: OnBootPhase_1000_com.android.server.LooperStatsService$Lifecycle
07-18 06:53:31.313  2005  2055 D ActivityManagerTiming: OnBootPhase_1000_com.android.server.rollback.RollbackManagerService
07-18 06:53:31.315  2005  2055 D ActivityManagerTiming: OnBootPhase_1000_com.android.server.os.NativeTombstoneManagerService
07-18 06:53:31.315  2005  2055 D ActivityManagerTiming: OnBootPhase_1000_com.android.server.os.BugreportManagerService
07-18 06:53:31.315  2005  2055 D ActivityManagerTiming: OnBootPhase_1000_com.android.server.gpu.GpuService
07-18 06:53:31.315  2005  2055 D ActivityManagerTiming: OnBootPhase_1000_com.android.server.security.KeyChainSystemService
07-18 06:53:31.315  2005  2055 D ActivityManagerTiming: OnBootPhase_1000_com.android.server.BinaryTransparencyService
07-18 06:53:31.315  2005  2055 I TransparencyService: Boot completed. Getting VBMeta Digest.
07-18 06:53:31.315  2005  2055 D TransparencyService: VBMeta Digest: 07983eaf59e39f4554024ef08b992e53a955f7405d5c7c56c48b001f591067d4
07-18 06:53:31.315  2005  2055 I TransparencyService: Scheduling APEX and Module measurements to be updated.
07-18 06:53:31.315  2005  2172 D RollbackManager: mRollbackLifetimeDurationInMillis=1209600000
07-18 06:53:31.315  2005  2055 I TransparencyService: Scheduling APEX & Module SHA256 digest computation job
07-18 06:53:31.317  2005  2055 D CompatibilityChangeReporter: Compat change id reported: 194532703; UID 1000; state: ENABLED
07-18 06:53:31.318  2005  2079 V DisplayPowerController[0]: Brightness [0.39736736] reason changing to: 'manual', previous reason: 'override'.
07-18 06:53:31.318  2005  2079 I DisplayPowerController[0]: BrightnessEvent: disp=0, physDisp=local:4630946894014811521, brt=0.39736736, initBrt=0.084, rcmdBrt=NaN, preBrt=0.0, lux=NaN, preLux=0.0, hbmMax=1.0, hbmMode=off, rbcStrength=0, powerFactor=1.0, thrmMax=1.0, wasShortTermModelActive=false, flags=invalid_lux , reason=manual, autoBrightness=true
07-18 06:53:31.318  2005  2055 D CompatibilityChangeReporter: Compat change id reported: 194532703; UID 1000; state: DISABLED
07-18 06:53:31.319  2005  2159 D CompatibilityChangeReporter: Compat change id reported: 214016041; UID 10188; state: ENABLED
07-18 06:53:31.320  2005  2055 D TransparencyService: Job 72253439 to update binary measurements scheduled successfully.
07-18 06:53:31.320  2005  2055 D ActivityManagerTiming: OnBootPhase_1000_com.android.server.telecom.TelecomLoaderService
07-18 06:53:31.320  2005  2055 D ActivityManagerTiming: OnBootPhase_1000_com.android.server.accounts.AccountManagerService$Lifecycle
07-18 06:53:31.320  2005  2055 D ActivityManagerTiming: OnBootPhase_1000_com.android.server.content.ContentService$Lifecycle
07-18 06:53:31.320  2005  2055 D ActivityManagerTiming: OnBootPhase_1000_com.android.server.DropBoxManagerService
07-18 06:53:31.320  2005  2055 D ActivityManagerTiming: OnBootPhase_1000_com.android.role.RoleService
07-18 06:53:31.320  2005  2055 D ActivityManagerTiming: OnBootPhase_1000_com.android.server.vibrator.VibratorManagerService$Lifecycle
07-18 06:53:31.320  2005  2055 D ActivityManagerTiming: OnBootPhase_1000_com.android.server.tare.InternalResourceService
07-18 06:53:31.320  2005  2055 D ActivityManagerTiming: OnBootPhase_1000_com.android.server.alarm.AlarmManagerService
07-18 06:53:31.320  2005  2055 D ActivityManagerTiming: OnBootPhase_1000_com.android.server.devicestate.DeviceStateManagerService
07-18 06:53:31.320  2005  2055 D ActivityManagerTiming: OnBootPhase_1000_com.android.server.camera.CameraServiceProxy
07-18 06:53:31.321  2005  2159 D CompatibilityChangeReporter: Compat change id reported: 135634846; UID 10171; state: DISABLED
07-18 06:53:31.322  2005  2055 D ActivityManagerTiming: OnBootPhase_1000_com.android.server.bluetooth.BluetoothService
07-18 06:53:31.322  2005  2055 D ActivityManagerTiming: OnBootPhase_1000_com.android.server.connectivity.IpConnectivityMetrics
07-18 06:53:31.322  2005  2055 D ActivityManagerTiming: OnBootPhase_1000_com.android.server.net.watchlist.NetworkWatchlistService$Lifecycle
07-18 06:53:31.322  2005  2055 D ActivityManagerTiming: OnBootPhase_1000_com.android.server.PinnerService
07-18 06:53:31.322  2005  2055 D ActivityManagerTiming: OnBootPhase_1000_com.android.server.ActivityTriggerService
07-18 06:53:31.322  2005  2055 D ActivityManagerTiming: OnBootPhase_1000_com.android.server.integrity.AppIntegrityManagerService
07-18 06:53:31.322  2005  2055 D ActivityManagerTiming: OnBootPhase_1000_com.android.server.logcat.LogcatManagerService
07-18 06:53:31.322  2005  2055 D ActivityManagerTiming: OnBootPhase_1000_com.android.server.inputmethod.InputMethodManagerService$Lifecycle
07-18 06:53:31.322  2005  2055 D ActivityManagerTiming: OnBootPhase_1000_com.android.server.accessibility.AccessibilityManagerService$Lifecycle
07-18 06:53:31.322  2005  2055 D ActivityManagerTiming: OnBootPhase_1000_com.android.server.StorageManagerService$Lifecycle
07-18 06:53:31.322  2005  2055 D ActivityManagerTiming: OnBootPhase_1000_com.android.server.usage.StorageStatsService$Lifecycle
07-18 06:53:31.322  2005  2055 D ActivityManagerTiming: OnBootPhase_1000_com.android.server.UiModeManagerService
07-18 06:53:31.322  2005  2055 D ActivityManagerTiming: OnBootPhase_1000_com.android.server.locales.LocaleManagerService
07-18 06:53:31.322  2005  2055 D ActivityManagerTiming: OnBootPhase_1000_com.android.server.locksettings.LockSettingsService$Lifecycle
07-18 06:53:31.322  2005  2055 D ActivityManagerTiming: OnBootPhase_1000_com.android.server.PersistentDataBlockService
07-18 06:53:31.322  2005  2055 D ActivityManagerTiming: OnBootPhase_1000_com.android.server.testharness.TestHarnessModeService
07-18 06:53:31.322  2005  2328 D StorageManagerService: Thinking about init, mBootCompleted=true, mDaemonConnected=true
07-18 06:53:31.322  2005  2328 D StorageManagerService: Thinking about reset, mBootCompleted=true, mDaemonConnected=true
07-18 06:53:31.322  2005  2055 D TestHarnessModeService: Completing Test Harness Mode setup.
07-18 06:53:31.322  2005  2328 I StorageSessionController: Started resetting external storage service...
07-18 06:53:31.322  2005  2328 I StorageSessionController: Finished resetting external storage service
07-18 06:53:31.322  2005  2328 I StorageManagerService: Resetting vold...
07-18 06:53:31.322  2005  2328 I StorageManagerService: Reset vold
07-18 06:53:31.322   856   856 I vold    : onUserAdded: 0
07-18 06:53:31.322  2005  2159 D CompatibilityChangeReporter: Compat change id reported: 177438394; UID 10171; state: DISABLED
07-18 06:53:31.323  2005  2159 D CompatibilityChangeReporter: Compat change id reported: 135772972; UID 10171; state: DISABLED
07-18 06:53:31.323  2005  2159 D CompatibilityChangeReporter: Compat change id reported: 135754954; UID 10171; state: ENABLED
07-18 06:53:31.323  2005  2062 D CompatibilityChangeReporter: Compat change id reported: 143937733; UID 10171; state: ENABLED
07-18 06:53:31.323  2005  2062 W ActivityManager: com.google.android.inputmethod.latin inode == 0 (b/152760674)
07-18 06:53:31.323  2005  2062 W ActivityManager: com.google.android.gms inode == 0 (b/152760674)
07-18 06:53:31.324  2005  2079 V DisplayPowerController[0]: Brightness [0.14580926] reason changing to: 'automatic', previous reason: 'manual'.
07-18 06:53:31.324  2005  2079 I DisplayPowerController[0]: BrightnessEvent: disp=0, physDisp=local:4630946894014811521, brt=0.14580926, initBrt=0.39736736, rcmdBrt=0.14580926, preBrt=NaN, lux=18.675001, preLux=0.0, hbmMax=1.0, hbmMode=off, rbcStrength=0, powerFactor=1.0, thrmMax=1.0, wasShortTermModelActive=false, flags=, reason=automatic, autoBrightness=true
07-18 06:53:31.324  2005  2079 I DisplayPowerController[0]: BrightnessEvent: disp=0, physDisp=local:4630946894014811521, brt=0.14580926, initBrt=0.14580926, rcmdBrt=0.14580926, preBrt=NaN, lux=18.675001, preLux=0.0, hbmMax=1.0, hbmMode=off, rbcStrength=0, powerFactor=1.0, thrmMax=1.0, wasShortTermModelActive=false, flags=, reason=automatic, autoBrightness=true
07-18 06:53:31.326  2005  2055 D ActivityManagerTiming: OnBootPhase_1000_com.android.server.oemlock.OemLockService
07-18 06:53:31.326  2005  2055 D ActivityManagerTiming: OnBootPhase_1000_com.android.server.DeviceIdleController
07-18 06:53:31.326  2005  2055 D ActivityManagerTiming: OnBootPhase_1000_com.android.server.devicepolicy.DevicePolicyManagerService$Lifecycle
07-18 06:53:31.326  2005  2055 D ActivityManagerTiming: OnBootPhase_1000_com.android.server.contentcapture.ContentCaptureManagerService
07-18 06:53:31.326  2005  2055 D ActivityManagerTiming: OnBootPhase_1000_com.android.server.attention.AttentionManagerService
07-18 06:53:31.326  2005  2055 D ActivityManagerTiming: OnBootPhase_1000_com.android.server.systemcaptions.SystemCaptionsManagerService
07-18 06:53:31.326  2005  2055 D ActivityManagerTiming: OnBootPhase_1000_com.android.server.texttospeech.TextToSpeechManagerService
07-18 06:53:31.326  2005  2055 D ActivityManagerTiming: OnBootPhase_1000_com.android.server.ambientcontext.AmbientContextManagerService
07-18 06:53:31.326  2005  2055 D ActivityManagerTiming: OnBootPhase_1000_com.android.server.speech.SpeechRecognitionManagerService
07-18 06:53:31.326  2005  2055 D ActivityManagerTiming: OnBootPhase_1000_com.android.server.appprediction.AppPredictionManagerService
07-18 06:53:31.326  2005  2055 D ActivityManagerTiming: OnBootPhase_1000_com.android.server.searchui.SearchUiManagerService
07-18 06:53:31.326  2005  2055 D ActivityManagerTiming: OnBootPhase_1000_com.android.server.smartspace.SmartspaceManagerService
07-18 06:53:31.326  2005  2055 D ActivityManagerTiming: OnBootPhase_1000_com.android.server.graphics.fonts.FontManagerService$Lifecycle
07-18 06:53:31.326  2005  2055 D ActivityManagerTiming: OnBootPhase_1000_com.android.server.textservices.TextServicesManagerService$Lifecycle
07-18 06:53:31.326  2005  2055 D ActivityManagerTiming: OnBootPhase_1000_com.android.server.textclassifier.TextClassificationManagerService$Lifecycle
07-18 06:53:31.326  2005  2055 D ActivityManagerTiming: OnBootPhase_1000_com.android.server.NetworkScoreService$Lifecycle
07-18 06:53:31.326  2005  2055 D ActivityManagerTiming: OnBootPhase_1000_com.android.server.NetworkStatsServiceInitializer
07-18 06:53:31.326  2005  2055 D ActivityManagerTiming: OnBootPhase_1000_com.android.server.wifi.WifiService
07-18 06:53:31.326  2005  2055 D ActivityManagerTiming: OnBootPhase_1000_com.android.server.wifi.scanner.WifiScanningService
07-18 06:53:31.326  2005  2055 D ActivityManagerTiming: OnBootPhase_1000_com.android.server.wifi.rtt.RttService
07-18 06:53:31.326  2005  2055 D ActivityManagerTiming: OnBootPhase_1000_com.android.server.wifi.p2p.WifiP2pService
07-18 06:53:31.326  2005  2055 D ActivityManagerTiming: OnBootPhase_1000_com.android.server.ConnectivityServiceInitializer
07-18 06:53:31.327  2005  2061 D CompatibilityChangeReporter: Compat change id reported: 168419799; UID 10141; state: DISABLED
07-18 06:53:31.332  2005  2055 D ActivityManagerTiming: OnBootPhase_1000_com.android.server.notification.NotificationManagerService
07-18 06:53:31.332  2005  2055 D ActivityManagerTiming: OnBootPhase_1000_com.android.server.storage.DeviceStorageMonitorService
07-18 06:53:31.332  2005  2055 D ActivityManagerTiming: OnBootPhase_1000_com.android.server.location.LocationManagerService$Lifecycle
07-18 06:53:31.332  2005  2055 D ActivityManagerTiming: OnBootPhase_1000_com.android.server.timedetector.TimeDetectorService$Lifecycle
07-18 06:53:31.332  2005  2055 D ActivityManagerTiming: OnBootPhase_1000_com.android.server.timezonedetector.TimeZoneDetectorService$Lifecycle
07-18 06:53:31.332  2005  2055 D ActivityManagerTiming: OnBootPhase_1000_com.android.server.timezonedetector.location.LocationTimeZoneManagerService$Lifecycle
07-18 06:53:31.332  2005  2055 D ActivityManagerTiming: OnBootPhase_1000_com.android.server.search.SearchManagerService$Lifecycle
07-18 06:53:31.332  2005  2055 D ActivityManagerTiming: OnBootPhase_1000_com.android.server.wallpaper.WallpaperManagerService$Lifecycle
07-18 06:53:31.332  2005  2055 D ActivityManagerTiming: OnBootPhase_1000_com.android.server.wallpapereffectsgeneration.WallpaperEffectsGenerationManagerService
07-18 06:53:31.332  2005  2055 D ActivityManagerTiming: OnBootPhase_1000_com.android.server.audio.AudioService$Lifecycle
07-18 06:53:31.332  2005  2055 D ActivityManagerTiming: OnBootPhase_1000_com.android.server.soundtrigger_middleware.SoundTriggerMiddlewareService$Lifecycle
07-18 06:53:31.332  2005  2055 D ActivityManagerTiming: OnBootPhase_1000_com.android.server.DockObserver
07-18 06:53:31.332  2005  2055 D ActivityManagerTiming: OnBootPhase_1000_com.android.server.midi.MidiService$Lifecycle
07-18 06:53:31.332  2005  2055 D ActivityManagerTiming: OnBootPhase_1000_com.android.server.adb.AdbService$Lifecycle
07-18 06:53:31.333  2005  2055 D ActivityManagerTiming: OnBootPhase_1000_com.android.server.usb.UsbService$Lifecycle
07-18 06:53:31.333  2005  2055 D ActivityManagerTiming: OnBootPhase_1000_com.android.server.twilight.TwilightService
07-18 06:53:31.333  2005  2055 D ActivityManagerTiming: OnBootPhase_1000_com.android.server.display.color.ColorDisplayService
07-18 06:53:31.333  2005  2055 D ActivityManagerTiming: OnBootPhase_1000_com.android.server.job.JobSchedulerService
07-18 06:53:31.333  2005  2055 D ActivityManagerTiming: OnBootPhase_1000_com.android.server.soundtrigger.SoundTriggerService
07-18 06:53:31.333  2005  2055 D SoundTriggerService: onBootPhase: 1000 : false
07-18 06:53:31.333  2005  2055 D ActivityManagerTiming: OnBootPhase_1000_com.android.server.trust.TrustManagerService
07-18 06:53:31.334  2005  2052 I UsbDeviceManager: Setting USB config to 
07-18 06:53:31.334  2005  2052 D UsbDeviceManager: setUsbConfig(4) request:1
07-18 06:53:31.336  2005  2170 D AppStandbyController: Loaded headless system app cache in 23 ms: appIdleEnabled=true
07-18 06:53:31.336  2005  2055 D ActivityManagerTiming: OnBootPhase_1000_com.android.server.backup.BackupManagerService$Lifecycle
07-18 06:53:31.336  2005  2055 D ActivityManagerTiming: OnBootPhase_1000_com.android.server.appwidget.AppWidgetService
07-18 06:53:31.336  2005  2055 D ActivityManagerTiming: OnBootPhase_1000_com.android.server.voiceinteraction.VoiceInteractionManagerService
07-18 06:53:31.336  2005  2055 D ActivityManagerTiming: OnBootPhase_1000_com.android.server.apphibernation.AppHibernationService
07-18 06:53:31.336  2005  2055 D ActivityManagerTiming: OnBootPhase_1000_com.android.server.GestureLauncherService
07-18 06:53:31.336  2005  2055 D ActivityManagerTiming: OnBootPhase_1000_com.android.server.SensorNotificationService
07-18 06:53:31.337  2005  3707 I HibernationStateDiskStore: No hibernation file on disk for file /data/system/hibernation/states
07-18 06:53:31.339  2005  2055 D CompatibilityChangeReporter: Compat change id reported: 168936375; UID 1000; state: ENABLED
07-18 06:53:31.339  2005  2055 D CompatibilityChangeReporter: Compat change id reported: 168936375; UID 1000; state: DISABLED
07-18 06:53:31.349  2005  2603 D CompatibilityChangeReporter: Compat change id reported: 157233955; UID 1000; state: ENABLED
07-18 06:53:31.350  2005  2170 D CompatibilityChangeReporter: Compat change id reported: 218533173; UID 10107; state: ENABLED
07-18 06:53:31.350  2005  2055 D CompatibilityChangeReporter: Compat change id reported: 73144566; UID 1000; state: ENABLED
07-18 06:53:31.350  2005  2062 I ActivityManager: Start proc 3709:com.google.android.inputmethod.latin/u0a171 for service {com.google.android.inputmethod.latin/com.android.inputmethod.latin.LatinIME}
07-18 06:53:31.351  2005  2055 D CompatibilityChangeReporter: Compat change id reported: 73144566; UID 1000; state: DISABLED
07-18 06:53:31.353  2005  2055 D ActivityManagerTiming: OnBootPhase_1000_com.android.server.emergency.EmergencyAffordanceService
07-18 06:53:31.353  2005  2055 D ActivityManagerTiming: OnBootPhase_1000_com.android.server.blob.BlobStoreManagerService
07-18 06:53:31.353  2005  2170 D CompatibilityChangeReporter: Compat change id reported: 218533173; UID 10208; state: ENABLED
07-18 06:53:31.353  2005  2170 D CompatibilityChangeReporter: Compat change id reported: 218533173; UID 10191; state: ENABLED
07-18 06:53:31.354  2005  2170 D CompatibilityChangeReporter: Compat change id reported: 218533173; UID 10190; state: ENABLED
07-18 06:53:31.355  2005  2055 D ActivityManagerTiming: OnBootPhase_1000_com.android.server.dreams.DreamManagerService
07-18 06:53:31.355  2005  2055 D ActivityManagerTiming: OnBootPhase_1000_com.android.server.print.PrintManagerService
07-18 06:53:31.355  2005  2055 D ActivityManagerTiming: OnBootPhase_1000_com.android.server.security.AttestationVerificationManagerService
07-18 06:53:31.355  2005  2055 D ActivityManagerTiming: OnBootPhase_1000_com.android.server.companion.CompanionDeviceManagerService
07-18 06:53:31.356  2005  2055 I CompanionDeviceManagerService: Scheduling the Association Removal job
07-18 06:53:31.356  2005  2170 D CompatibilityChangeReporter: Compat change id reported: 218533173; UID 10188; state: ENABLED
07-18 06:53:31.357  2005  2170 D CompatibilityChangeReporter: Compat change id reported: 218533173; UID 10106; state: ENABLED
07-18 06:53:31.358  2005  2055 D ActivityManagerTiming: OnBootPhase_1000_com.android.server.companion.virtual.VirtualDeviceManagerService
07-18 06:53:31.358  2005  2055 D ActivityManagerTiming: OnBootPhase_1000_com.android.server.restrictions.RestrictionsManagerService
07-18 06:53:31.358  2005  2055 D ActivityManagerTiming: OnBootPhase_1000_com.android.server.media.MediaSessionService
07-18 06:53:31.360  2005  2055 D ActivityManagerTiming: OnBootPhase_1000_com.android.server.media.MediaResourceMonitorService
07-18 06:53:31.360  2005  2055 D ActivityManagerTiming: OnBootPhase_1000_com.android.server.biometrics.BiometricService
07-18 06:53:31.360  2005  2055 D ActivityManagerTiming: OnBootPhase_1000_com.android.server.biometrics.AuthService
07-18 06:53:31.360  2005  2055 D ActivityManagerTiming: OnBootPhase_1000_com.android.server.pm.ShortcutService$Lifecycle
07-18 06:53:31.360  2005  2055 D ActivityManagerTiming: OnBootPhase_1000_com.android.server.pm.LauncherAppsService
07-18 06:53:31.360  2005  2055 D ActivityManagerTiming: OnBootPhase_1000_com.android.server.pm.CrossProfileAppsService
07-18 06:53:31.360  2005  2055 D ActivityManagerTiming: OnBootPhase_1000_com.android.server.people.PeopleService
07-18 06:53:31.360  2005  2055 D ActivityManagerTiming: OnBootPhase_1000_com.android.server.media.metrics.MediaMetricsManagerService
07-18 06:53:31.360  2005  2055 D ActivityManagerTiming: OnBootPhase_1000_com.android.server.media.projection.MediaProjectionManagerService
07-18 06:53:31.360  2005  2055 D ActivityManagerTiming: OnBootPhase_1000_com.android.server.slice.SliceManagerService$Lifecycle
07-18 06:53:31.360  2005  2055 D ActivityManagerTiming: OnBootPhase_1000_com.android.server.stats.StatsCompanion$Lifecycle
07-18 06:53:31.360  2005  2055 D ActivityManagerTiming: OnBootPhase_1000_com.android.server.scheduling.RebootReadinessManagerService$Lifecycle
07-18 06:53:31.360  2005  2055 D ActivityManagerTiming: OnBootPhase_1000_com.android.server.stats.pull.StatsPullAtomService
07-18 06:53:31.360  2005  2055 D ActivityManagerTiming: OnBootPhase_1000_com.android.server.stats.bootstrap.StatsBootstrapAtomService$Lifecycle
07-18 06:53:31.360  2005  2055 D ActivityManagerTiming: OnBootPhase_1000_com.android.server.incident.IncidentCompanionService
07-18 06:53:31.360  2005  2055 D ActivityManagerTiming: OnBootPhase_1000_com.android.server.sdksandbox.SdkSandboxManagerService$Lifecycle
07-18 06:53:31.360  2005  2055 D ActivityManagerTiming: OnBootPhase_1000_com.android.server.adservices.AdServicesManagerService$Lifecycle
07-18 06:53:31.360  2005  2055 D ActivityManagerTiming: OnBootPhase_1000_com.android.server.autofill.AutofillManagerService
07-18 06:53:31.360  2005  2055 D ActivityManagerTiming: OnBootPhase_1000_com.android.server.clipboard.ClipboardService
07-18 06:53:31.360  2005  2055 D ActivityManagerTiming: OnBootPhase_1000_com.android.server.appbinding.AppBindingService$Lifecycle
07-18 06:53:31.360  2005  2055 D ActivityManagerTiming: OnBootPhase_1000_com.android.server.tracing.TracingServiceProxy
07-18 06:53:31.360  2005  2055 D ActivityManagerTiming: OnBootPhase_1000_com.android.server.policy.PermissionPolicyService
07-18 06:53:31.360  2005  2055 D ActivityManagerTiming: OnBootPhase_1000_com.android.server.pm.StagingManager$Lifecycle
07-18 06:53:31.365  2005  2055 D ActivityManagerTiming: OnBootPhase_1000_com.android.server.app.GameManagerService$Lifecycle
07-18 06:53:31.365  2005  2055 D GameManagerService: onBootCompleted
07-18 06:53:31.365  2005  2055 D ActivityManagerTiming: OnBootPhase_1000_com.android.safetycenter.SafetyCenterService
07-18 06:53:31.365  2005  2055 D ActivityManagerTiming: OnBootPhase_1000_com.android.server.appsearch.AppSearchModule$Lifecycle
07-18 06:53:31.368  2005  2170 D CompatibilityChangeReporter: Compat change id reported: 218533173; UID 10141; state: ENABLED
07-18 06:53:31.369  2005  2170 D CompatibilityChangeReporter: Compat change id reported: 218533173; UID 10174; state: ENABLED
07-18 06:53:31.370  2005  2055 D ActivityManagerTiming: OnBootPhase_1000_com.android.server.media.MediaCommunicationService
07-18 06:53:31.370  2005  2055 D ActivityManagerTiming: OnBootPhase_1000_com.android.server.compat.overrides.AppCompatOverridesService$Lifecycle
07-18 06:53:31.370  2005  2055 V ActivityManagerTiming: TotalBootTime took to complete: 25570ms
07-18 06:53:31.370  2005  2055 D SystemServerInitThreadPool: Shutdown requested
07-18 06:53:31.370  2005  2055 D SystemServerTiming: WaitInitThreadPoolShutdown
07-18 06:53:31.370  2005  2170 D CompatibilityChangeReporter: Compat change id reported: 218533173; UID 10079; state: ENABLED
07-18 06:53:31.371  2005  2055 D SystemServerInitThreadPool: Shutdown successful
07-18 06:53:31.371  2005  2055 D CompatibilityChangeReporter: Compat change id reported: 135634846; UID 10221; state: DISABLED
07-18 06:53:31.372  2005  2055 D CompatibilityChangeReporter: Compat change id reported: 177438394; UID 10221; state: DISABLED
07-18 06:53:31.372  2005  2055 D CompatibilityChangeReporter: Compat change id reported: 135772972; UID 10221; state: DISABLED
07-18 06:53:31.372  2005  2055 D CompatibilityChangeReporter: Compat change id reported: 135754954; UID 10221; state: ENABLED
07-18 06:53:31.373  2005  2062 D CompatibilityChangeReporter: Compat change id reported: 143937733; UID 10221; state: ENABLED
07-18 06:53:31.373  2005  2062 W ActivityManager: com.google.android.ext.services inode == 0 (b/152760674)
07-18 06:53:31.373  2005  2062 W ActivityManager: com.google.android.gms inode == 0 (b/152760674)
07-18 06:53:31.374  2005  2055 D CompatibilityChangeReporter: Compat change id reported: 135634846; UID 1000; state: DISABLED
07-18 06:53:31.374  2005  2055 D CompatibilityChangeReporter: Compat change id reported: 177438394; UID 1000; state: DISABLED
07-18 06:53:31.374  2005  2055 D CompatibilityChangeReporter: Compat change id reported: 135772972; UID 1000; state: DISABLED
07-18 06:53:31.374  2005  2055 D CompatibilityChangeReporter: Compat change id reported: 135754954; UID 1000; state: ENABLED
07-18 06:53:31.375  2005  2055 D CompatibilityChangeReporter: Compat change id reported: 135634846; UID 10056; state: DISABLED
07-18 06:53:31.375  2005  2055 D CompatibilityChangeReporter: Compat change id reported: 177438394; UID 10056; state: DISABLED
07-18 06:53:31.375  2005  2055 D CompatibilityChangeReporter: Compat change id reported: 135772972; UID 10056; state: DISABLED
07-18 06:53:31.376  2005  2055 D CompatibilityChangeReporter: Compat change id reported: 135754954; UID 10056; state: ENABLED
07-18 06:53:31.376  2005  2170 D CompatibilityChangeReporter: Compat change id reported: 218533173; UID 10203; state: ENABLED
07-18 06:53:31.381  2005  2170 D CompatibilityChangeReporter: Compat change id reported: 218533173; UID 10048; state: ENABLED
07-18 06:53:31.382  2005  2055 I ActivityManager: User 0 state changed from BOOTING to RUNNING_LOCKED
07-18 06:53:31.382  2005  2055 W ActivityManager: UserLifecycleEvent 4 received without an active userJourneySession.
07-18 06:53:31.383  2005  2055 D SystemServerTiming: finishUserUnlocking-0
07-18 06:53:31.383  2005  2055 W ActivityManager: UserLifecycleEvent 5 received without an active userJourneySession.
07-18 06:53:31.384  2005  2055 D ActivityManager: Started unlocking user 0
07-18 06:53:31.384  2005  2055 D ActivityManager: Unlocking user 0 progress 0
07-18 06:53:31.384  2005  2055 D ActivityManager: Unlocking user 0 progress 5
07-18 06:53:31.384  2005  2052 D SystemServerTiming: UM.onBeforeUnlockUser-0
07-18 06:53:31.384  2005  2052 D SystemServerTiming: prepareUserData-0
07-18 06:53:31.385   856   856 D vold    : fscrypt_prepare_user_storage for volume null, user 0, serial 0, flags 2
07-18 06:53:31.385   856   856 D vold    : Preparing: /data/system_ce/0
07-18 06:53:31.385   856   856 D vold    : Preparing: /data/vendor_ce/0
07-18 06:53:31.385   856   856 D vold    : Preparing: /data/media/0
07-18 06:53:31.385   856   856 D vold    : Preparing: /data/misc_ce/0
07-18 06:53:31.385   856   856 D vold    : Preparing: /data/data
07-18 06:53:31.385   856   856 I vold    : Encryption policy of /data/system_ce/0 set to 90983226b4e1cdf103f796c0b46fda44 v2 modes 1/4 flags 0xa
07-18 06:53:31.385   856   856 I vold    : Encryption policy of /data/vendor_ce/0 set to 90983226b4e1cdf103f796c0b46fda44 v2 modes 1/4 flags 0xa
07-18 06:53:31.385   856   856 I vold    : Encryption policy of /data/media/0 set to 90983226b4e1cdf103f796c0b46fda44 v2 modes 1/4 flags 0xa
07-18 06:53:31.385   856   856 I vold    : Encryption policy of /data/misc_ce/0 set to 90983226b4e1cdf103f796c0b46fda44 v2 modes 1/4 flags 0xa
07-18 06:53:31.385   856   856 I vold    : Encryption policy of /data/data set to 90983226b4e1cdf103f796c0b46fda44 v2 modes 1/4 flags 0xa
07-18 06:53:31.385   856   856 D vold    : Starting restorecon of /data/system_ce/0
07-18 06:53:31.387  2005  3118 D CompatibilityChangeReporter: Compat change id reported: 168419799; UID 10171; state: DISABLED
07-18 06:53:31.391  2005  2170 D CompatibilityChangeReporter: Compat change id reported: 218533173; UID 10065; state: ENABLED
07-18 06:53:31.392   856   856 D vold    : Finished restorecon of /data/system_ce/0
07-18 06:53:31.392   856   856 D vold    : Starting restorecon of /data/vendor_ce/0
07-18 06:53:31.396  2005  2005 I BrightnessSynchronizer: [4] New Update 0.14580926(f) set brightness values:  38(i)
07-18 06:53:31.396  2005  2005 I BrightnessSynchronizer: New PendingUpdate: {[5] 0.14580926(f), mUpdatedTypes=0, mConfirmedTypes=0, mTimeUpdated=0}, prev=null
07-18 06:53:31.396  2005  2005 I BrightnessSynchronizer: New PendingUpdate: {[6] 0.14580926(f), mUpdatedTypes=0, mConfirmedTypes=0, mTimeUpdated=0}, prev={[5] 0.14580926(f), mUpdatedTypes=0, mConfirmedTypes=0, mTimeUpdated=0}
07-18 06:53:31.397  2005  2005 I BrightnessSynchronizer: Swallowing update of 38(i) by update: {[4] 0.14580926(f), mUpdatedTypes=1, mConfirmedTypes=1, mTimeUpdated=41078}
07-18 06:53:31.397  2005  2005 I BrightnessSynchronizer: Completed Update: {[4] 0.14580926(f), mUpdatedTypes=1, mConfirmedTypes=1, mTimeUpdated=41078}
07-18 06:53:31.398   856   856 D vold    : Finished restorecon of /data/vendor_ce/0
07-18 06:53:31.398   856   856 D vold    : Starting restorecon of /data/misc_ce/0
07-18 06:53:31.399  2005  2062 I ActivityManager: Start proc 3728:com.google.android.ext.services/u0a221 for on-hold
07-18 06:53:31.399  2005  2062 W ActivityManager: com.symbol.osx.threatdetectionservice inode == 0 (b/152760674)
07-18 06:53:31.399  2005  2062 W ActivityManager: com.google.android.gms inode == 0 (b/152760674)
07-18 06:53:31.399  2005  2170 D CompatibilityChangeReporter: Compat change id reported: 171306433; UID 10202; state: ENABLED
07-18 06:53:31.400  2005  2170 D CompatibilityChangeReporter: Compat change id reported: 226439802; UID 10202; state: DISABLED
07-18 06:53:31.401   856   856 D vold    : Finished restorecon of /data/misc_ce/0
07-18 06:53:31.401   856   856 D vold    : /system/bin/vold_prepare_subdirs
07-18 06:53:31.401   856   856 D vold    :     prepare
07-18 06:53:31.402   856   856 D vold    :     
07-18 06:53:31.402   856   856 D vold    :     0
07-18 06:53:31.402   856   856 D vold    :     2
07-18 06:53:31.403  2005  2170 D CompatibilityChangeReporter: Compat change id reported: 218533173; UID 10171; state: ENABLED
07-18 06:53:31.407  1547  1547 I fusionconfd: getVoiceCallState: returns 0
07-18 06:53:31.409  2005  2062 I ActivityManager: Start proc 3736:com.zebra.dhcpoptionmgr/1000 for on-hold
07-18 06:53:31.409  2005  2062 D CompatibilityChangeReporter: Compat change id reported: 143937733; UID 10056; state: ENABLED
07-18 06:53:31.409  2005  2062 W ActivityManager: com.android.proxyhandler inode == 0 (b/152760674)
07-18 06:53:31.409  2005  2062 W ActivityManager: com.google.android.gms inode == 0 (b/152760674)
07-18 06:53:31.418  2005  2062 I ActivityManager: Start proc 3744:com.android.proxyhandler/u0a56 for on-hold
07-18 06:53:31.418  2005  2062 W ActivityManager: com.symbol.osx.threatdetectionservice inode == 0 (b/152760674)
07-18 06:53:31.418  2005  2062 W ActivityManager: com.google.android.gms inode == 0 (b/152760674)
07-18 06:53:31.438  2005  2062 I ActivityManager: Start proc 3753:com.symbol.csp.audiovoluimgr/1000 for broadcast {com.symbol.csp.audiovoluimgr/com.symbol.csp.audiovoluimgr.BootCompletedReceiver}
07-18 06:53:31.454  2005  2052 V UserDataPreparer: Found /data/user/0 with serial number 0
07-18 06:53:31.454  2005  2052 V UserDataPreparer: Found /data/system_ce/0 with serial number -1
07-18 06:53:31.454  2005  2052 D UserDataPreparer: Serial number missing on /data/system_ce/0; assuming current is valid
07-18 06:53:31.460  2005  2159 D CompatibilityChangeReporter: Compat change id reported: 168419799; UID 10221; state: DISABLED
07-18 06:53:31.462  2005  2052 D UserDataPreparer: Setting property: sys.user.0.ce_available=true
07-18 06:53:31.469  2005  2052 D SystemServerTiming: reconcileAppsData-0
07-18 06:53:31.469  2005  2052 V PackageManager: reconcileAppsData for null u0 0x2 migrateAppData=true
07-18 06:53:31.473  2005  2052 W PackageManager: Skipping preparing app data for com.google.android.sdksandbox
07-18 06:53:31.477  2005  2808 D CompatibilityChangeReporter: Compat change id reported: 168419799; UID 10056; state: DISABLED
07-18 06:53:31.493  2005  3118 D CompatibilityChangeReporter: Compat change id reported: 168419799; UID 1000; state: DISABLED
07-18 06:53:31.495  2005  2079 I DisplayPowerController[0]: BrightnessEvent: disp=0, physDisp=local:4630946894014811521, brt=0.14580926, initBrt=0.14580926, rcmdBrt=0.14580926, preBrt=NaN, lux=18.675001, preLux=0.0, hbmMax=1.0, hbmMode=off, rbcStrength=0, powerFactor=1.0, thrmMax=1.0, wasShortTermModelActive=false, flags=, reason=automatic, autoBrightness=true
07-18 06:53:31.535  2005  2182 D CompatibilityChangeReporter: Compat change id reported: 135634846; UID 10216; state: DISABLED
07-18 06:53:31.535  2005  2182 D CompatibilityChangeReporter: Compat change id reported: 177438394; UID 10216; state: DISABLED
07-18 06:53:31.535  2005  2182 D CompatibilityChangeReporter: Compat change id reported: 135772972; UID 10216; state: DISABLED
07-18 06:53:31.535  2005  2182 D CompatibilityChangeReporter: Compat change id reported: 135754954; UID 10216; state: ENABLED
07-18 06:53:31.535  2005  2062 D CompatibilityChangeReporter: Compat change id reported: 143937733; UID 10216; state: ENABLED
07-18 06:53:31.536  2005  2062 W ActivityManager: com.google.android.permissioncontroller inode == 0 (b/152760674)
07-18 06:53:31.536  2005  2062 W ActivityManager: com.google.android.gms inode == 0 (b/152760674)
07-18 06:53:31.586  2005  2062 W ActivityManager: Slow operation: 63ms so far, now at startProcess: done updating battery stats
07-18 06:53:31.586  2005  2062 W ActivityManager: Slow operation: 64ms so far, now at startProcess: building log message
07-18 06:53:31.586  2005  2062 I ActivityManager: Start proc 3829:com.google.android.permissioncontroller/u0a216 for service {com.google.android.permissioncontroller/com.android.permissioncontroller.role.service.RoleControllerServiceImpl}
07-18 06:53:31.586  2005  2062 W ActivityManager: Slow operation: 64ms so far, now at startProcess: starting to update pids map
07-18 06:53:31.586  2005  2062 W ActivityManager: Slow operation: 64ms so far, now at startProcess: done updating pids map
07-18 06:53:31.587  2005  3118 D CompatibilityChangeReporter: Compat change id reported: 168419799; UID 1000; state: DISABLED
07-18 06:53:31.632  2005  2784 W UsageStatsService: Failed to query usage stats for locked user 0
07-18 06:53:31.660  2005  3862 I DropBoxManagerService: add tag=system_app_wtf isTagEnabled=true flags=0x2
07-18 06:53:31.666  2005  3118 W ActivityManager: Unable to start service Intent { act=com.google.android.chimera.BoundService.START dat=chimera-action: cmp=com.google.android.gms/.chimera.PersistentBoundBrokerService } U=0: not found
07-18 06:53:31.667  2005  3118 W ActivityManager: Unbind failed: could not find connection for android.os.BinderProxy@34f310
07-18 06:53:31.687  2005  2159 D CompatibilityChangeReporter: Compat change id reported: 161145287; UID 10221; state: DISABLED
07-18 06:53:31.692  2005  2802 W ActivityManager: Unable to start service Intent { act=com.google.android.gms.phenotype.service.START pkg=com.google.android.gms } U=0: not found
07-18 06:53:31.692  2005  2802 W ActivityManager: Unbind failed: could not find connection for android.os.BinderProxy@bb501c5
07-18 06:53:31.702  2005  3871 I DropBoxManagerService: add tag=system_app_wtf isTagEnabled=true flags=0x2
