07-18 06:53:33.084  2005  2061 D CompatibilityChangeReporter: Compat change id reported: 177438394; UID 10060; state: DISABLED
07-18 06:53:33.084  2005  4370 V BackupManagerConstants: getKeyValueBackupRequiredNetworkType(...) returns 1
07-18 06:53:33.084  2005  4370 V BackupManagerConstants: getKeyValueBackupRequireCharging(...) returns true
07-18 06:53:33.084  2005  2061 D CompatibilityChangeReporter: Compat change id reported: 135772972; UID 10060; state: DISABLED
07-18 06:53:33.084  2005  4370 V KeyValueBackupJob: Scheduling k/v pass in 248 minutes
07-18 06:53:33.084  2005  2061 D CompatibilityChangeReporter: Compat change id reported: 135754954; UID 10060; state: ENABLED
07-18 06:53:33.087  2005  2061 D CompatibilityChangeReporter: Compat change id reported: 135634846; UID 1027; state: DISABLED
07-18 06:53:33.090  2005  2061 D CompatibilityChangeReporter: Compat change id reported: 135634846; UID 10130; state: DISABLED
07-18 06:53:33.090  2005  2061 D CompatibilityChangeReporter: Compat change id reported: 177438394; UID 10130; state: DISABLED
07-18 06:53:33.091  2005  2635 V BackupManagerService: [UserID:0] No ancestral data
07-18 06:53:33.094  2005  2170 D CompatibilityChangeReporter: Compat change id reported: 218533173; UID 10048; state: ENABLED
07-18 06:53:33.094  2005  2061 D CompatibilityChangeReporter: Compat change id reported: 135772972; UID 10130; state: DISABLED
07-18 06:53:33.094  2005  2061 D CompatibilityChangeReporter: Compat change id reported: 135754954; UID 10130; state: ENABLED
07-18 06:53:33.096  2005  2170 D CompatibilityChangeReporter: Compat change id reported: 218533173; UID 10055; state: ENABLED
07-18 06:53:33.096  2005  2061 D CompatibilityChangeReporter: Compat change id reported: 135634846; UID 10187; state: DISABLED
07-18 06:53:33.097  2005  2061 D CompatibilityChangeReporter: Compat change id reported: 177438394; UID 10187; state: DISABLED
07-18 06:53:33.097  2005  2061 D CompatibilityChangeReporter: Compat change id reported: 135772972; UID 10187; state: DISABLED
07-18 06:53:33.097  2005  2061 D CompatibilityChangeReporter: Compat change id reported: 135754954; UID 10187; state: ENABLED
07-18 06:53:33.097  2005  2170 D CompatibilityChangeReporter: Compat change id reported: 218533173; UID 10078; state: ENABLED
07-18 06:53:33.098  2005  2061 D CompatibilityChangeReporter: Compat change id reported: 135634846; UID 10080; state: DISABLED
07-18 06:53:33.100  2005  2170 D CompatibilityChangeReporter: Compat change id reported: 218533173; UID 10059; state: ENABLED
07-18 06:53:33.101  2005  2061 D CompatibilityChangeReporter: Compat change id reported: 177438394; UID 10080; state: DISABLED
07-18 06:53:33.101  2005  2061 D CompatibilityChangeReporter: Compat change id reported: 135772972; UID 10080; state: DISABLED
07-18 06:53:33.101  2005  2061 D CompatibilityChangeReporter: Compat change id reported: 135754954; UID 10080; state: ENABLED
07-18 06:53:33.102  2005  2061 D CompatibilityChangeReporter: Compat change id reported: 135634846; UID 10204; state: DISABLED
07-18 06:53:33.103  2005  2061 D CompatibilityChangeReporter: Compat change id reported: 177438394; UID 10204; state: DISABLED
07-18 06:53:33.103  2005  2061 D CompatibilityChangeReporter: Compat change id reported: 135772972; UID 10204; state: DISABLED
07-18 06:53:33.103  2005  2061 D CompatibilityChangeReporter: Compat change id reported: 135754954; UID 10204; state: ENABLED
07-18 06:53:33.106  2005  2061 D CompatibilityChangeReporter: Compat change id reported: 135634846; UID 1002; state: DISABLED
07-18 06:53:33.106  2005  2061 D CompatibilityChangeReporter: Compat change id reported: 177438394; UID 1002; state: DISABLED
07-18 06:53:33.106  2005  2061 D CompatibilityChangeReporter: Compat change id reported: 135772972; UID 1002; state: DISABLED
07-18 06:53:33.106  2005  2061 D CompatibilityChangeReporter: Compat change id reported: 135754954; UID 1002; state: ENABLED
07-18 06:53:33.114  2005  2808 W ActivityManager: Slow operation: 66ms so far, now at startProcess: done updating battery stats
07-18 06:53:33.114  2005  2808 I Watchdog: Interesting Java process com.google.android.providers.media.module started. Pid 4389
07-18 06:53:33.114  2005  2808 W ActivityManager: Slow operation: 66ms so far, now at startProcess: building log message
07-18 06:53:33.114  2005  2808 I ActivityManager: Start proc 4389:com.google.android.providers.media.module/u0a220 for service {com.google.android.providers.media.module/com.android.providers.media.fuse.ExternalStorageServiceImpl}
07-18 06:53:33.114  2005  2808 W ActivityManager: Slow operation: 66ms so far, now at startProcess: starting to update pids map
07-18 06:53:33.115  2005  2808 W ActivityManager: Slow operation: 66ms so far, now at startProcess: done updating pids map
07-18 06:53:33.116  2005  2808 D CompatibilityChangeReporter: Compat change id reported: 168419799; UID 10220; state: DISABLED
07-18 06:53:33.121  2005  2061 I PreBootBroadcaster: Pre-boot of {com.symbol.mxmf.proxyframework/com.symbol.mxmf.proxyframework.BootCompleteReceiver} for user 0
07-18 06:53:33.121  2005  3492 D CompatibilityChangeReporter: Compat change id reported: 168419799; UID 10149; state: DISABLED
07-18 06:53:33.125  2005  2062 W ActivityManager: Slow operation: 71ms so far, now at startProcess: asking zygote to start proc
07-18 06:53:33.125  2005  2062 D CompatibilityChangeReporter: Compat change id reported: 143937733; UID 10146; state: ENABLED
07-18 06:53:33.135  2005  2062 W ActivityManager: Slow operation: 81ms so far, now at startProcess: returned from zygote!
07-18 06:53:33.136  2005  2060 D WallpaperManagerService: Wallpaper_selinux_restorecon-0
07-18 06:53:33.144  2005  2802 W BroadcastQueue: Background execution not allowed: receiving Intent { act=android.intent.action.DROPBOX_ENTRY_ADDED flg=0x10 (has extras) } to com.google.android.gms/.stats.service.DropBoxEntryAddedReceiver
07-18 06:53:33.149  2005  2060 D CompatibilityChangeReporter: Compat change id reported: 135634846; UID 10094; state: DISABLED
07-18 06:53:33.150  2005  2060 D CompatibilityChangeReporter: Compat change id reported: 177438394; UID 10094; state: DISABLED
07-18 06:53:33.150  2005  2060 D CompatibilityChangeReporter: Compat change id reported: 135772972; UID 10094; state: DISABLED
07-18 06:53:33.150  2005  2060 D CompatibilityChangeReporter: Compat change id reported: 135754954; UID 10094; state: ENABLED
07-18 06:53:33.156  2005  2062 W ActivityManager: Slow operation: 102ms so far, now at startProcess: done updating battery stats
07-18 06:53:33.156  2005  2062 W ActivityManager: Slow operation: 102ms so far, now at startProcess: building log message
07-18 06:53:33.156  2005  2062 I ActivityManager: Start proc 4430:com.google.android.as/u0a146 for service {com.google.android.as/com.google.android.apps.miphone.aiai.app.AiAiContentCaptureService}
07-18 06:53:33.156  2005  2062 W ActivityManager: Slow operation: 102ms so far, now at startProcess: starting to update pids map
07-18 06:53:33.156  2005  2062 W ActivityManager: Slow operation: 102ms so far, now at startProcess: done updating pids map
07-18 06:53:33.156  2005  2062 W ActivityManager: Slow operation: 99ms so far, now at startProcess: asking zygote to start proc
07-18 06:53:33.156  2005  2062 D CompatibilityChangeReporter: Compat change id reported: 143937733; UID 10131; state: ENABLED
07-18 06:53:33.158  2005  2635 D CompatibilityChangeReporter: Compat change id reported: 161145287; UID 1000; state: DISABLED
07-18 06:53:33.164  2005  2061 W BroadcastQueue: Background execution not allowed: receiving Intent { act=android.intent.action.DROPBOX_ENTRY_ADDED flg=0x10 (has extras) } to com.google.android.gms/.chimera.GmsIntentOperationService$PersistentTrustedReceiver
07-18 06:53:33.171  2005  2635 I BackupManagerService: isBackupEnabled() => false due to absent settings file
07-18 06:53:33.172  2005  2635 D BackupManagerService: user:0 readBackupEnableState enabled:false
07-18 06:53:33.172  2005  2635 I BackupManagerService: [UserID:0] Backup enabled => false
07-18 06:53:33.177  2005  2062 W ActivityManager: Slow operation: 119ms so far, now at startProcess: returned from zygote!
07-18 06:53:33.182  2005  2052 D CompatibilityChangeReporter: Compat change id reported: 168419799; UID 10141; state: DISABLED
07-18 06:53:33.188  2005  2062 W ActivityManager: Slow operation: 130ms so far, now at startProcess: done updating battery stats
07-18 06:53:33.188  2005  2062 W ActivityManager: Slow operation: 131ms so far, now at startProcess: building log message
07-18 06:53:33.188  2005  2062 I ActivityManager: Start proc 4445:com.qualcomm.qti.biometrics.fingerprint.service/u0a131 for broadcast {com.qualcomm.qti.biometrics.fingerprint.service/com.qualcomm.qti.biometrics.fingerprint.service.ShutdownReceiver}
07-18 06:53:33.188  2005  2062 W ActivityManager: Slow operation: 131ms so far, now at startProcess: starting to update pids map
07-18 06:53:33.188  2005  2062 W ActivityManager: Slow operation: 131ms so far, now at startProcess: done updating pids map
07-18 06:53:33.188  2005  2062 W ActivityManager: Slow operation: 127ms so far, now at startProcess: asking zygote to start proc
07-18 06:53:33.188  2005  2062 D CompatibilityChangeReporter: Compat change id reported: 143937733; UID 10052; state: ENABLED
07-18 06:53:33.207  2005  3583 D CompatibilityChangeReporter: Compat change id reported: 168419799; UID 10146; state: DISABLED
07-18 06:53:33.218  2005  2062 W ActivityManager: Slow operation: 157ms so far, now at startProcess: returned from zygote!
07-18 06:53:33.235  2005  3461 I Telecom : DefaultDialerCache: current default pkg: null: TSI.getCallStateUsingPackage@AAg
07-18 06:53:33.235  2005  3461 I Telecom : DefaultDialerCache: current returning default pkg: com.google.android.dialer: TSI.getCallStateUsingPackage@AAg
07-18 06:53:33.239  2005  2723 I Telecom : DefaultDialerCache: current default pkg: null: TSI.getCallStateUsingPackage@AAk
07-18 06:53:33.239  2005  2723 I Telecom : DefaultDialerCache: current returning default pkg: com.google.android.dialer: TSI.getCallStateUsingPackage@AAk
07-18 06:53:33.253  2005  2808 I PreBootBroadcaster: Pre-boot of {com.android.managedprovisioning/com.android.managedprovisioning.ota.PreBootListener} for user 0
07-18 06:53:33.255  2005  2808 I ActivityManager: com.android.managedprovisioning is exempt from freezer
07-18 06:53:33.256  2005  2808 D CompatibilityChangeReporter: Compat change id reported: 135634846; UID 10084; state: DISABLED
07-18 06:53:33.256  2005  2808 D CompatibilityChangeReporter: Compat change id reported: 177438394; UID 10084; state: DISABLED
07-18 06:53:33.256  2005  2808 D CompatibilityChangeReporter: Compat change id reported: 135772972; UID 10084; state: DISABLED
07-18 06:53:33.256  2005  2808 D CompatibilityChangeReporter: Compat change id reported: 135754954; UID 10084; state: ENABLED
07-18 06:53:33.266  2005  3492 D CompatibilityChangeReporter: Compat change id reported: 168419799; UID 10131; state: DISABLED
07-18 06:53:33.272  2005  2062 W ActivityManager: Slow operation: 211ms so far, now at startProcess: done updating battery stats
07-18 06:53:33.272  2005  2062 W ActivityManager: Slow operation: 211ms so far, now at startProcess: building log message
07-18 06:53:33.272  2005  2062 I ActivityManager: Start proc 4456:com.zebra.zcm/u0a52 for added application com.zebra.zcm
07-18 06:53:33.272  2005  2062 W ActivityManager: Slow operation: 211ms so far, now at startProcess: starting to update pids map
07-18 06:53:33.272  2005  2062 W ActivityManager: Slow operation: 211ms so far, now at startProcess: done updating pids map
07-18 06:53:33.273  2005  2062 W ActivityManager: Slow operation: 210ms so far, now at startProcess: asking zygote to start proc
07-18 06:53:33.277  2005  2005 V NotificationAssistants: disabling notification assistant for user 0: ComponentInfo{com.google.android.ext.services/android.ext.services.notification.Assistant}
07-18 06:53:33.278  2005  2005 D NotificationListeners: Removing active service ComponentInfo{com.google.android.ext.services/android.ext.services.notification.Assistant}
07-18 06:53:33.280  2005  2005 V NotificationAssistants: enabling notification assistant for 0: ComponentInfo{com.google.android.ext.services/android.ext.services.notification.Assistant}
07-18 06:53:33.281  2005  2005 V NotificationAssistants: binding: Intent { act=android.service.notification.NotificationAssistantService cmp=com.google.android.ext.services/android.ext.services.notification.Assistant (has extras) }
07-18 06:53:33.281  2005  3583 D CompatibilityChangeReporter: Compat change id reported: 161145287; UID 10149; state: DISABLED
07-18 06:53:33.284  2005  2062 W ActivityManager: Slow operation: 221ms so far, now at startProcess: returned from zygote!
07-18 06:53:33.285  2005  2005 D CompatibilityChangeReporter: Compat change id reported: 168419799; UID 10221; state: DISABLED
07-18 06:53:33.292  2005  2005 V ConditionProviders: enabling condition provider for 0: ComponentInfo{com.google.android.apps.wellbeing/com.google.android.apps.wellbeing.dnd.impl.DndConditionProviderService}
07-18 06:53:33.292  2005  2005 V ConditionProviders: Not registering ComponentInfo{com.google.android.apps.wellbeing/com.google.android.apps.wellbeing.dnd.impl.DndConditionProviderService} is already bound
07-18 06:53:33.292  2005  2005 V NotificationListeners: enabling notification listener for 0: ComponentInfo{com.android.launcher3/com.android.launcher3.notification.NotificationListener}
07-18 06:53:33.293  2005  2005 V NotificationListeners: binding: Intent { act=android.service.notification.NotificationListenerService cmp=com.android.launcher3/.notification.NotificationListener (has extras) }
07-18 06:53:33.298  2005  2005 D CompatibilityChangeReporter: Compat change id reported: 168419799; UID 10190; state: DISABLED
07-18 06:53:33.302  2005  2062 W ActivityManager: Slow operation: 240ms so far, now at startProcess: done updating battery stats
07-18 06:53:33.302  2005  2062 W ActivityManager: Slow operation: 240ms so far, now at startProcess: building log message
07-18 06:53:33.302  2005  2062 I ActivityManager: Start proc 4504:com.zebra.bluetoothsystem/1000 for added application com.zebra.bluetoothsystem
07-18 06:53:33.302  2005  2062 W ActivityManager: Slow operation: 240ms so far, now at startProcess: starting to update pids map
07-18 06:53:33.302  2005  2062 W ActivityManager: Slow operation: 240ms so far, now at startProcess: done updating pids map
07-18 06:53:33.303  2005  2062 W ActivityManager: Slow operation: 237ms so far, now at startProcess: asking zygote to start proc
07-18 06:53:33.310  2005  2731 D CompatibilityChangeReporter: Compat change id reported: 168419799; UID 10052; state: DISABLED
07-18 06:53:33.344  2005  2062 W ActivityManager: Slow operation: 267ms so far, now at startProcess: returned from zygote!
07-18 06:53:33.348  2005  2062 W ActivityManager: Slow operation: 283ms so far, now at startProcess: done updating battery stats
07-18 06:53:33.348  2005  2062 I Watchdog: Interesting Java process com.android.phone started. Pid 4514
07-18 06:53:33.348  2005  2062 W ActivityManager: Slow operation: 283ms so far, now at startProcess: building log message
07-18 06:53:33.348  2005  2062 I ActivityManager: Start proc 4514:com.android.phone/1001 for added application com.android.phone
07-18 06:53:33.348  2005  2062 W ActivityManager: Slow operation: 283ms so far, now at startProcess: starting to update pids map
07-18 06:53:33.349  2005  2062 W ActivityManager: Slow operation: 284ms so far, now at startProcess: done updating pids map
07-18 06:53:33.349  2005  2062 W ActivityManager: Slow operation: 283ms so far, now at startProcess: asking zygote to start proc
07-18 06:53:33.370  2005  2062 W ActivityManager: Slow operation: 303ms so far, now at startProcess: returned from zygote!
07-18 06:53:33.372  2005  2062 W ActivityManager: Slow operation: 306ms so far, now at startProcess: done updating battery stats
07-18 06:53:33.373  2005  2062 W ActivityManager: Slow operation: 306ms so far, now at startProcess: building log message
07-18 06:53:33.373  2005  2062 I ActivityManager: Start proc 4548:com.zebra.backio/1000 for added application com.zebra.backio
07-18 06:53:33.373  2005  2062 W ActivityManager: Slow operation: 306ms so far, now at startProcess: starting to update pids map
07-18 06:53:33.373  2005  2062 W ActivityManager: Slow operation: 307ms so far, now at startProcess: done updating pids map
07-18 06:53:33.373  2005  2062 W ActivityManager: Slow operation: 305ms so far, now at startProcess: asking zygote to start proc
07-18 06:53:33.394  2005  2005 W Looper  : Slow delivery took 204ms main h=com.android.server.power.Notifier$NotifierHandler c=null m=7
07-18 06:53:33.399  2005  2664 I SyncManager: Loaded persisted syncs: 0 periodic syncs, 0 oneshot syncs, 16 total system server jobs, JobStats: FirstLoad: 0/0/0 LastSave: 2/1/0
07-18 06:53:33.421  2005  2062 W ActivityManager: Slow operation: 352ms so far, now at startProcess: returned from zygote!
07-18 06:53:33.450  2005  2062 W ActivityManager: Slow operation: 382ms so far, now at startProcess: done updating battery stats
07-18 06:53:33.450  2005  2062 W ActivityManager: Slow operation: 382ms so far, now at startProcess: building log message
07-18 06:53:33.450  2005  2062 I ActivityManager: Start proc 4567:com.symbol.osx.threatdetectionservice/1000 for added application com.symbol.osx.threatdetectionservice
07-18 06:53:33.450  2005  2062 W ActivityManager: Slow operation: 382ms so far, now at startProcess: starting to update pids map
07-18 06:53:33.452  2005  2062 W ActivityManager: Slow operation: 383ms so far, now at startProcess: done updating pids map
07-18 06:53:33.452  2005  2062 W ActivityManager: Slow operation: 383ms so far, now at startProcess: asking zygote to start proc
07-18 06:53:33.463  2005  2062 W ActivityManager: Slow operation: 394ms so far, now at startProcess: returned from zygote!
07-18 06:53:33.487  2005  2062 W ActivityManager: Slow operation: 418ms so far, now at startProcess: done updating battery stats
07-18 06:53:33.487  2005  2062 W ActivityManager: Slow operation: 418ms so far, now at startProcess: building log message
07-18 06:53:33.487  2005  2062 I ActivityManager: Start proc 4589:com.zebra.zdatafileio/1000 for added application com.zebra.zdatafileio
07-18 06:53:33.487  2005  2062 W ActivityManager: Slow operation: 418ms so far, now at startProcess: starting to update pids map
07-18 06:53:33.488  2005  2062 W ActivityManager: Slow operation: 419ms so far, now at startProcess: done updating pids map
07-18 06:53:33.488  2005  2062 W ActivityManager: Slow operation: 416ms so far, now at startProcess: asking zygote to start proc
07-18 06:53:33.500  2005  2005 V NotificationAssistants: 0 notification assistant service connected: ComponentInfo{com.google.android.ext.services/android.ext.services.notification.Assistant}
07-18 06:53:33.500  2005  2731 D CompatibilityChangeReporter: Compat change id reported: 168419799; UID 1000; state: DISABLED
07-18 06:53:33.509  2005  4370 V BackupManagerConstants: getKeyValueBackupIntervalMilliseconds(...) returns 14400000
07-18 06:53:33.509  2005  4370 V BackupManagerConstants: getKeyValueBackupFuzzMilliseconds(...) returns 600000
07-18 06:53:33.509  2005  4370 V BackupManagerConstants: getKeyValueBackupRequiredNetworkType(...) returns 1
07-18 06:53:33.509  2005  4370 V BackupManagerConstants: getKeyValueBackupRequireCharging(...) returns true
07-18 06:53:33.509  2005  4370 V KeyValueBackupJob: Scheduling k/v pass in 245 minutes
07-18 06:53:33.510  2005  4370 D CompatibilityChangeReporter: Compat change id reported: 194532703; UID 1000; state: ENABLED
07-18 06:53:33.515  2005  2062 W ActivityManager: Slow operation: 443ms so far, now at startProcess: returned from zygote!
07-18 06:53:33.516  2005  3461 D CompatibilityChangeReporter: Compat change id reported: 168419799; UID 10126; state: DISABLED
07-18 06:53:33.520  2005  2062 W ActivityManager: Slow operation: 448ms so far, now at startProcess: done updating battery stats
07-18 06:53:33.520  2005  2062 W ActivityManager: Slow operation: 448ms so far, now at startProcess: building log message
07-18 06:53:33.520  2005  2062 I ActivityManager: Start proc 4610:com.zebra.ethtracker/1000 for added application com.zebra.ethtracker
07-18 06:53:33.520  2005  2062 W ActivityManager: Slow operation: 448ms so far, now at startProcess: starting to update pids map
07-18 06:53:33.521  2005  2062 W ActivityManager: Slow operation: 449ms so far, now at startProcess: done updating pids map
07-18 06:53:33.521  2005  2062 W ActivityManager: Slow operation: 447ms so far, now at startProcess: asking zygote to start proc
07-18 06:53:33.542  2005  2816 D CompatibilityChangeReporter: Compat change id reported: 161145287; UID 10141; state: DISABLED
07-18 06:53:33.549  2005  2062 W ActivityManager: Slow operation: 475ms so far, now at startProcess: returned from zygote!
07-18 06:53:33.550  2005  2062 W ActivityManager: Slow operation: 475ms so far, now at startProcess: done updating battery stats
07-18 06:53:33.550  2005  2062 W ActivityManager: Slow operation: 476ms so far, now at startProcess: building log message
07-18 06:53:33.550  2005  2062 I ActivityManager: Start proc 4621:com.symbol.cu/1000 for added application com.symbol.cu
07-18 06:53:33.550  2005  2062 W ActivityManager: Slow operation: 476ms so far, now at startProcess: starting to update pids map
07-18 06:53:33.550  2005  2062 W ActivityManager: Slow operation: 476ms so far, now at startProcess: done updating pids map
07-18 06:53:33.550  2005  2062 W ActivityManager: Slow operation: 474ms so far, now at startProcess: asking zygote to start proc
07-18 06:53:33.556  2005  2731 D CompatibilityChangeReporter: Compat change id reported: 135634846; UID 10198; state: DISABLED
07-18 06:53:33.556  2005  2731 D CompatibilityChangeReporter: Compat change id reported: 177438394; UID 10198; state: DISABLED
07-18 06:53:33.556  2005  2731 D CompatibilityChangeReporter: Compat change id reported: 135772972; UID 10198; state: DISABLED
07-18 06:53:33.556  2005  2731 D CompatibilityChangeReporter: Compat change id reported: 135754954; UID 10198; state: ENABLED
07-18 06:53:33.561  2005  2005 W NotificationHistory: Attempted to add notif for locked/gone/disabled user 0
07-18 06:53:33.574  2005  4370 D CompatibilityChangeReporter: Compat change id reported: 194532703; UID 1000; state: DISABLED
07-18 06:53:33.590  2005  2062 W ActivityManager: Slow operation: 514ms so far, now at startProcess: returned from zygote!
07-18 06:53:33.592  2005  3461 D CompatibilityChangeReporter: Compat change id reported: 135634846; UID 10141; state: DISABLED
07-18 06:53:33.601  2005  3461 D CompatibilityChangeReporter: Compat change id reported: 177438394; UID 10141; state: DISABLED
07-18 06:53:33.601  2005  3461 D CompatibilityChangeReporter: Compat change id reported: 135772972; UID 10141; state: DISABLED
07-18 06:53:33.601  2005  3461 D CompatibilityChangeReporter: Compat change id reported: 135754954; UID 10141; state: ENABLED
07-18 06:53:33.614  2005  2062 W ActivityManager: Slow operation: 538ms so far, now at startProcess: done updating battery stats
07-18 06:53:33.614  2005  2062 W ActivityManager: Slow operation: 538ms so far, now at startProcess: building log message
07-18 06:53:33.614  2005  2062 I ActivityManager: Start proc 4648:com.symbol.dd/1000 for added application com.symbol.dd
07-18 06:53:33.614  2005  2062 W ActivityManager: Slow operation: 538ms so far, now at startProcess: starting to update pids map
07-18 06:53:33.614  2005  2062 W ActivityManager: Slow operation: 538ms so far, now at startProcess: done updating pids map
07-18 06:53:33.614  2005  2062 W ActivityManager: Slow operation: 532ms so far, now at startProcess: asking zygote to start proc
07-18 06:53:33.614  2005  2062 D CompatibilityChangeReporter: Compat change id reported: 143937733; UID 10060; state: ENABLED
07-18 06:53:33.619  2005  2723 D CompatibilityChangeReporter: Compat change id reported: 168419799; UID 1000; state: DISABLED
07-18 06:53:33.632  2005  2062 W ActivityManager: Slow operation: 550ms so far, now at startProcess: returned from zygote!
07-18 06:53:33.652  2005  2062 W ActivityManager: Slow operation: 570ms so far, now at startProcess: done updating battery stats
07-18 06:53:33.653  2005  2062 W ActivityManager: Slow operation: 570ms so far, now at startProcess: building log message
07-18 06:53:33.653  2005  2062 I ActivityManager: Start proc 4659:com.symbol.osx.rootdetection/u0a60 for added application com.symbol.osx.rootdetection
07-18 06:53:33.653  2005  2062 W ActivityManager: Slow operation: 570ms so far, now at startProcess: starting to update pids map
07-18 06:53:33.653  2005  2062 W ActivityManager: Slow operation: 571ms so far, now at startProcess: done updating pids map
07-18 06:53:33.653  2005  2062 W ActivityManager: Slow operation: 568ms so far, now at startProcess: asking zygote to start proc
07-18 06:53:33.660  2005  2005 W Looper  : Drained
07-18 06:53:33.682  2005  2062 W ActivityManager: Slow operation: 597ms so far, now at startProcess: returned from zygote!
07-18 06:53:33.683  2005  2062 W ActivityManager: Slow operation: 598ms so far, now at startProcess: done updating battery stats
07-18 06:53:33.683  2005  2062 W ActivityManager: Slow operation: 598ms so far, now at startProcess: building log message
07-18 06:53:33.683  2005  2062 I ActivityManager: Start proc 4690:com.zebra.server/1000 for added application com.zebra.server
07-18 06:53:33.683  3509  3576 W PackageParser: Unknown element under <manifest>: queries at /data/user_de/0/com.google.android.gms/app_chimera/m/00000000/AdsDynamite.apk Binary XML file line #11
07-18 06:53:33.683  2005  2062 W ActivityManager: Slow operation: 598ms so far, now at startProcess: starting to update pids map
07-18 06:53:33.683  2005  2062 W ActivityManager: Slow operation: 598ms so far, now at startProcess: done updating pids map
07-18 06:53:33.683  2005  2062 W ActivityManager: Slow operation: 596ms so far, now at startProcess: asking zygote to start proc
07-18 06:53:33.692  2005  3583 D CompatibilityChangeReporter: Compat change id reported: 161145287; UID 10126; state: DISABLED
07-18 06:53:33.693  2005  2062 W ActivityManager: Slow operation: 606ms so far, now at startProcess: returned from zygote!
07-18 06:53:33.697  2005  2062 W ActivityManager: Slow operation: 610ms so far, now at startProcess: done updating battery stats
07-18 06:53:33.697  2005  2062 W ActivityManager: Slow operation: 610ms so far, now at startProcess: building log message
07-18 06:53:33.697  2005  2062 I ActivityManager: Start proc 4709:com.android.nfc/1027 for added application com.android.nfc
07-18 06:53:33.697  2005  2062 W ActivityManager: Slow operation: 610ms so far, now at startProcess: starting to update pids map
07-18 06:53:33.698  2005  2062 W ActivityManager: Slow operation: 611ms so far, now at startProcess: done updating pids map
07-18 06:53:33.711  2005  2062 W ActivityManager: Slow operation: 610ms so far, now at startProcess: asking zygote to start proc
07-18 06:53:33.723  2005  3118 D CompatibilityChangeReporter: Compat change id reported: 168419799; UID 1000; state: DISABLED
07-18 06:53:33.732  2005  2062 W ActivityManager: Slow operation: 644ms so far, now at startProcess: returned from zygote!
07-18 06:53:33.748  2005  3583 D CompatibilityChangeReporter: Compat change id reported: 168419799; UID 1000; state: DISABLED
07-18 06:53:33.751  2005  2816 W AppWidgetServiceImpl: Failed to read state: java.io.FileNotFoundException: /data/system/users/0/appwidgets.xml: open failed: ENOENT (No such file or directory)
07-18 06:53:33.751  2005  2816 V AppWidgetServiceImpl: Upgrading widget database from 0 to 1
07-18 06:53:33.755  2005  2808 D CompatibilityChangeReporter: Compat change id reported: 168419799; UID 1000; state: DISABLED
07-18 06:53:33.758  2005  2062 W ActivityManager: Slow operation: 670ms so far, now at startProcess: done updating battery stats
07-18 06:53:33.758  2005  2062 W ActivityManager: Slow operation: 670ms so far, now at startProcess: building log message
07-18 06:53:33.758  2005  2062 I ActivityManager: Start proc 4727:com.symbol.batterymanager/1000 for added application com.symbol.batterymanager
07-18 06:53:33.758  2005  2062 W ActivityManager: Slow operation: 670ms so far, now at startProcess: starting to update pids map
07-18 06:53:33.758  2005  2062 W ActivityManager: Slow operation: 670ms so far, now at startProcess: done updating pids map
07-18 06:53:33.759  2005  2062 W ActivityManager: Slow operation: 668ms so far, now at startProcess: asking zygote to start proc
07-18 06:53:33.759  2005  2723 D CompatibilityChangeReporter: Compat change id reported: 168419799; UID 1000; state: DISABLED
07-18 06:53:33.765  2005  2062 D CompatibilityChangeReporter: Compat change id reported: 143937733; UID 10130; state: ENABLED
07-18 06:53:33.776  2005  2062 W ActivityManager: Slow operation: 686ms so far, now at startProcess: returned from zygote!
07-18 06:53:33.809  2005  2062 W ActivityManager: Slow operation: 719ms so far, now at startProcess: done updating battery stats
07-18 06:53:33.809  2005  2062 W ActivityManager: Slow operation: 719ms so far, now at startProcess: building log message
07-18 06:53:33.809  2005  2062 I ActivityManager: Start proc 4739:.pasr/u0a130 for added application .pasr
07-18 06:53:33.809  2005  2062 W ActivityManager: Slow operation: 719ms so far, now at startProcess: starting to update pids map
07-18 06:53:33.809  2005  2062 W ActivityManager: Slow operation: 719ms so far, now at startProcess: done updating pids map
07-18 06:53:33.810  2005  2062 W ActivityManager: Slow operation: 714ms so far, now at startProcess: asking zygote to start proc
07-18 06:53:33.810  2005  2062 D CompatibilityChangeReporter: Compat change id reported: 143937733; UID 10187; state: ENABLED
07-18 06:53:33.822  2005  2005 V NotificationListeners: 0 notification listener service connected: ComponentInfo{com.android.launcher3/com.android.launcher3.notification.NotificationListener}
07-18 06:53:33.827  2005  2062 W ActivityManager: Slow operation: 732ms so far, now at startProcess: returned from zygote!
07-18 06:53:33.828  2005  2062 W ActivityManager: Slow operation: 733ms so far, now at startProcess: done updating battery stats
07-18 06:53:33.828  2005  2062 W ActivityManager: Slow operation: 733ms so far, now at startProcess: building log message
07-18 06:53:33.828  2005  2062 I ActivityManager: Start proc 4781:com.qualcomm.qti.services.systemhelper:systemhelper_service/u0a187 for added application com.qualcomm.qti.services.systemhelper:systemhelper_service
07-18 06:53:33.829  2005  2062 W ActivityManager: Slow operation: 733ms so far, now at startProcess: starting to update pids map
07-18 06:53:33.829  2005  2062 W ActivityManager: Slow operation: 734ms so far, now at startProcess: done updating pids map
07-18 06:53:33.829  2005  2062 W ActivityManager: Slow operation: 732ms so far, now at startProcess: asking zygote to start proc
07-18 06:53:33.852  2005  2062 W ActivityManager: Slow operation: 755ms so far, now at startProcess: returned from zygote!
07-18 06:53:33.852  2005  2062 W ActivityManager: Slow operation: 755ms so far, now at startProcess: done updating battery stats
07-18 06:53:33.852  2005  2062 W ActivityManager: Slow operation: 755ms so far, now at startProcess: building log message
07-18 06:53:33.852  2005  2062 I ActivityManager: Start proc 4794:com.zebra.indicators/1000 for added application com.zebra.indicators
07-18 06:53:33.853  2005  2062 W ActivityManager: Slow operation: 755ms so far, now at startProcess: starting to update pids map
07-18 06:53:33.853  2005  2062 W ActivityManager: Slow operation: 755ms so far, now at startProcess: done updating pids map
07-18 06:53:33.853  2005  2062 W ActivityManager: Slow operation: 754ms so far, now at startProcess: asking zygote to start proc
07-18 06:53:33.853  2005  2062 D CompatibilityChangeReporter: Compat change id reported: 143937733; UID 10080; state: ENABLED
07-18 06:53:33.871  2005  2062 W ActivityManager: Slow operation: 773ms so far, now at startProcess: returned from zygote!
07-18 06:53:33.906  2005  2808 D CompatibilityChangeReporter: Compat change id reported: 168419799; UID 1027; state: DISABLED
07-18 06:53:33.910  2005  2808 W ActivityManager: Slow operation: 51ms so far, now at attachApplicationLocked: after updateOomAdjLocked
07-18 06:53:33.910  2005  3461 D CompatibilityChangeReporter: Compat change id reported: 168419799; UID 10060; state: DISABLED
07-18 06:53:33.913  2005  3492 D CompatibilityChangeReporter: Compat change id reported: 168419799; UID 1000; state: DISABLED
07-18 06:53:33.948  2005  2062 W ActivityManager: Slow operation: 850ms so far, now at startProcess: done updating battery stats
07-18 06:53:33.948  2005  2062 W ActivityManager: Slow operation: 850ms so far, now at startProcess: building log message
07-18 06:53:33.948  2005  2062 I ActivityManager: Start proc 4799:com.zebra.greenmode/u0a80 for added application com.zebra.greenmode
07-18 06:53:33.948  2005  2062 W ActivityManager: Slow operation: 850ms so far, now at startProcess: starting to update pids map
07-18 06:53:33.948  2005  2062 W ActivityManager: Slow operation: 850ms so far, now at startProcess: done updating pids map
07-18 06:53:33.948  2005  2062 W ActivityManager: Slow operation: 846ms so far, now at startProcess: asking zygote to start proc
07-18 06:53:33.949  2005  2062 D CompatibilityChangeReporter: Compat change id reported: 143937733; UID 10204; state: ENABLED
07-18 06:53:33.955  2005  4373 D CompatibilityChangeReporter: Compat change id reported: 135634846; UID 10057; state: DISABLED
07-18 06:53:33.955  2005  4373 D CompatibilityChangeReporter: Compat change id reported: 177438394; UID 10057; state: DISABLED
07-18 06:53:33.956  2005  4373 D CompatibilityChangeReporter: Compat change id reported: 135772972; UID 10057; state: DISABLED
07-18 06:53:33.956  2005  4373 D CompatibilityChangeReporter: Compat change id reported: 135754954; UID 10057; state: ENABLED
07-18 06:53:33.990  2005  2062 W ActivityManager: Slow operation: 888ms so far, now at startProcess: returned from zygote!
07-18 06:53:33.995  2005  2731 I ActivityTaskManager: START u0 {act=com.android.wizard.NEXT cmp=com.google.android.setupwizard/.WizardManagerActivity (has extras)} from uid 10188
07-18 06:53:34.006  2005  2723 D CompatibilityChangeReporter: Compat change id reported: 168419799; UID 1000; state: DISABLED
07-18 06:53:34.010  2005  2723 I ActivityTaskManager: The Process com.google.android.setupwizard Already Exists in BG. So sending its PID: 3101
07-18 06:53:34.019  2005  2731 D CompatibilityChangeReporter: Compat change id reported: 161145287; UID 10146; state: DISABLED
07-18 06:53:34.021  2005  2808 D CompatibilityChangeReporter: Compat change id reported: 194532703; UID 10174; state: ENABLED
07-18 06:53:34.028  2005  2062 W ActivityManager: Slow operation: 926ms so far, now at startProcess: done updating battery stats
07-18 06:53:34.028  2005  2062 W ActivityManager: Slow operation: 926ms so far, now at startProcess: building log message
07-18 06:53:34.028  2005  2062 I ActivityManager: Start proc 4827:com.qualcomm.qti.workloadclassifier/u0a204 for added application com.qualcomm.qti.workloadclassifier
07-18 06:53:34.028  2005  2062 W ActivityManager: Slow operation: 926ms so far, now at startProcess: starting to update pids map
07-18 06:53:34.067  3509  4826 W PackageParser: Unknown element under <manifest>: queries at /data/user_de/0/com.google.android.gms/app_chimera/m/00000000/AdsDynamite.apk Binary XML file line #11
07-18 06:53:34.095  2005  2062 W ActivityManager: Slow operation: 993ms so far, now at startProcess: done updating pids map
07-18 06:53:34.095  2005  2062 W ActivityManager: Slow operation: 992ms so far, now at startProcess: asking zygote to start proc
07-18 06:53:34.140  2005  2062 W ActivityManager: Slow operation: 1036ms so far, now at startProcess: returned from zygote!
07-18 06:53:34.140  2005  3121 I ActivityTaskManager: The Process com.google.android.setupwizard Already Exists in BG. So sending its PID: 3101
07-18 06:53:34.140  2005  2062 W ActivityManager: Slow operation: 1037ms so far, now at startProcess: done updating battery stats
07-18 06:53:34.140  2005  2062 W ActivityManager: Slow operation: 1037ms so far, now at startProcess: building log message
07-18 06:53:34.140  2005  2062 I ActivityManager: Start proc 4896:com.zebra.persistencedataservice/1000 for added application com.zebra.persistencedataservice
07-18 06:53:34.140  2005  2062 W ActivityManager: Slow operation: 1037ms so far, now at startProcess: starting to update pids map
07-18 06:53:34.157  2005  3121 W ActivityTaskManager: Tried to set launchTime (0) < mLastActivityLaunchTime (40473)
07-18 06:53:34.185  2005  2005 W NotificationHistory: Attempted to add notif for locked/gone/disabled user 0
07-18 06:53:34.192  2005  2062 W ActivityManager: Slow operation: 1089ms so far, now at startProcess: done updating pids map
07-18 06:53:34.192  2005  2062 W ActivityManager: Slow operation: 1087ms so far, now at startProcess: asking zygote to start proc
07-18 06:53:34.208  2005  2062 W ActivityManager: Slow operation: 1103ms so far, now at startProcess: returned from zygote!
07-18 06:53:34.218  2005  2062 W ActivityManager: Slow operation: 1112ms so far, now at startProcess: done updating battery stats
07-18 06:53:34.218  2005  2062 W ActivityManager: Slow operation: 1112ms so far, now at startProcess: building log message
07-18 06:53:34.218  2005  2062 I ActivityManager: Start proc 4956:com.zebra.beaconconfigservice/1002 for added application com.zebra.beaconconfigservice
07-18 06:53:34.218  2005  2062 W ActivityManager: Slow operation: 1112ms so far, now at startProcess: starting to update pids map
07-18 06:53:34.218  2005  2062 W ActivityManager: Slow operation: 1112ms so far, now at startProcess: done updating pids map
07-18 06:53:34.218  2005  2062 W ActivityManager: Slow operation: 1111ms so far, now at startProcess: asking zygote to start proc
07-18 06:53:34.231  2005  2753 I ActivityTaskManager: START u0 {act=com.android.setupwizard.CHECK_USER_UNLOCK flg=0x4000000 cmp=com.google.android.setupwizard/.account.CheckUserUnlock (has extras)} from uid 10188
07-18 06:53:34.245  2005  2062 W ActivityManager: Slow operation: 1137ms so far, now at startProcess: returned from zygote!
07-18 06:53:34.253  2005  2062 W ActivityManager: Slow operation: 1146ms so far, now at startProcess: done updating battery stats
07-18 06:53:34.253  2005  2062 W ActivityManager: Slow operation: 1146ms so far, now at startProcess: building log message
07-18 06:53:34.253  2005  2062 I ActivityManager: Start proc 4972:com.qualcomm.qti.services.secureui:sui_service/1000 for added application com.qualcomm.qti.services.secureui:sui_service
07-18 06:53:34.253  2005  2062 W ActivityManager: Slow operation: 1146ms so far, now at startProcess: starting to update pids map
07-18 06:53:34.253  2005  2062 W ActivityManager: Slow operation: 1146ms so far, now at startProcess: done updating pids map
07-18 06:53:34.253  2005  2062 W ActivityManager: Slow operation: 1144ms so far, now at startProcess: asking zygote to start proc
07-18 06:53:34.257  2005  2802 D CompatibilityChangeReporter: Compat change id reported: 168419799; UID 10080; state: DISABLED
07-18 06:53:34.258  2005  2802 I ActivityTaskManager: The Process com.google.android.setupwizard Already Exists in BG. So sending its PID: 3101
07-18 06:53:34.276  2005  2062 W ActivityManager: Slow operation: 1167ms so far, now at startProcess: returned from zygote!
07-18 06:53:34.276  2005  2816 I ActivityTaskManager: The Process com.google.android.setupwizard Already Exists in BG. So sending its PID: 3101
07-18 06:53:34.277  2005  2816 W ActivityTaskManager: Tried to set launchTime (0) < mLastActivityLaunchTime (43840)
07-18 06:53:34.289  2005  2723 D CompatibilityChangeReporter: Compat change id reported: 168419799; UID 10130; state: DISABLED
07-18 06:53:34.315  2005  3118 D CompatibilityChangeReporter: Compat change id reported: 161145287; UID 10220; state: DISABLED
07-18 06:53:34.328  2005  3583 D CompatibilityChangeReporter: Compat change id reported: 168419799; UID 10204; state: DISABLED
07-18 06:53:34.336  2005  4811 I ActivityTaskManager: START u0 {act=com.android.wizard.NEXT cmp=com.google.android.setupwizard/.WizardManagerActivity (has extras)} from uid 10188
07-18 06:53:34.347  2005  4954 D CompatibilityChangeReporter: Compat change id reported: 168419799; UID 1000; state: DISABLED
07-18 06:53:34.351  2005  4954 I ActivityTaskManager: The Process com.google.android.setupwizard Already Exists in BG. So sending its PID: 3101
07-18 06:53:34.354  2005  2062 W ActivityManager: Slow operation: 1245ms so far, now at startProcess: done updating battery stats
07-18 06:53:34.354  2005  2062 W ActivityManager: Slow operation: 1245ms so far, now at startProcess: building log message
07-18 06:53:34.354  2005  2062 I ActivityManager: Start proc 4980:com.symbol.osx.securestorage/1000 for added application com.symbol.osx.securestorage
07-18 06:53:34.354  2005  2062 W ActivityManager: Slow operation: 1245ms so far, now at startProcess: starting to update pids map
07-18 06:53:34.360  2005  3121 I ActivityTaskManager: The Process com.google.android.setupwizard Already Exists in BG. So sending its PID: 3101
07-18 06:53:34.360  2005  3121 W ActivityTaskManager: Tried to set launchTime (0) < mLastActivityLaunchTime (43959)
07-18 06:53:34.373  2005  2062 W ActivityManager: Slow operation: 1264ms so far, now at startProcess: done updating pids map
07-18 06:53:34.373  2005  2062 W ActivityManager: Slow operation: 1224ms so far, now at startProcess: asking zygote to start proc
07-18 06:53:34.373  2005  2062 D CompatibilityChangeReporter: Compat change id reported: 143937733; UID 10094; state: ENABLED
07-18 06:53:34.374  2005  4941 D CompatibilityChangeReporter: Compat change id reported: 161145287; UID 1000; state: DISABLED
07-18 06:53:34.377  2005  2802 D CompatibilityChangeReporter: Compat change id reported: 168419799; UID 1002; state: DISABLED
07-18 06:53:34.389  2005  2062 W ActivityManager: Slow operation: 1240ms so far, now at startProcess: returned from zygote!
07-18 06:53:34.390  2005  2062 W ActivityManager: Slow operation: 1240ms so far, now at startProcess: done updating battery stats
07-18 06:53:34.390  2005  2062 W ActivityManager: Slow operation: 1240ms so far, now at startProcess: building log message
07-18 06:53:34.390  2005  2062 I ActivityManager: Start proc 5047:com.android.printspooler/u0a94 for service {com.android.printspooler/com.android.printspooler.model.PrintSpoolerService}
07-18 06:53:34.390  2005  2062 W ActivityManager: Slow operation: 1240ms so far, now at startProcess: starting to update pids map
07-18 06:53:34.390  2005  2062 W ActivityManager: Slow operation: 1241ms so far, now at startProcess: done updating pids map
07-18 06:53:34.390  2005  2062 W ActivityManager: Slow operation: 1204ms so far, now at startProcess: asking zygote to start proc
07-18 06:53:34.391  2005  2050 D CompatibilityChangeReporter: Compat change id reported: 168419799; UID 10187; state: DISABLED
07-18 06:53:34.398  2005  2159 D CompatibilityChangeReporter: Compat change id reported: 168419799; UID 1000; state: DISABLED
07-18 06:53:34.402  2005  3461 I ActivityTaskManager: START u0 {act=com.android.setupwizard.SLOTS_SELECTION flg=0x4000000 cmp=com.google.android.setupwizard/.carrier.SlotsSelectionActivity (has extras)} from uid 10188
07-18 06:53:34.409  2005  4968 D CompatibilityChangeReporter: Compat change id reported: 168419799; UID 1000; state: DISABLED
07-18 06:53:34.409  2005  4968 I ActivityTaskManager: The Process com.google.android.setupwizard Already Exists in BG. So sending its PID: 3101
07-18 06:53:34.419  2005  2753 D CompatibilityChangeReporter: Compat change id reported: 168419799; UID 1000; state: DISABLED
07-18 06:53:34.424  2005  4926 I ActivityTaskManager: The Process com.google.android.setupwizard Already Exists in BG. So sending its PID: 3101
07-18 06:53:34.424  2005  4926 W ActivityTaskManager: Tried to set launchTime (0) < mLastActivityLaunchTime (44042)
07-18 06:53:34.438  2005  2816 I ActivityTaskManager: START u0 {act=com.android.wizard.NEXT cmp=com.google.android.setupwizard/.WizardManagerActivity (has extras)} from uid 10188
07-18 06:53:34.443  2005  4886 D CompatibilityChangeReporter: Compat change id reported: 194532703; UID 10146; state: ENABLED
07-18 06:53:34.454  2005  2062 W ActivityManager: Slow operation: 1268ms so far, now at startProcess: returned from zygote!
07-18 06:53:34.458  2005  4926 I ActivityTaskManager: The Process com.google.android.setupwizard Already Exists in BG. So sending its PID: 3101
07-18 06:53:34.459  2005  4926 W ActivityTaskManager: Tried to set launchTime (0) < mLastActivityLaunchTime (44106)
07-18 06:53:34.465  2005  2753 W ActivityManager: Slow operation: 53ms so far, now at attachApplicationLocked: after updateOomAdjLocked
07-18 06:53:34.468  2005  3583 D CompatibilityChangeReporter: Compat change id reported: 161252188; UID 10141; state: DISABLED
07-18 06:53:34.525  2005  4941 I ActivityTaskManager: START u0 {act=com.android.setupwizard.SIM_MISSING flg=0x4000000 cmp=com.google.android.setupwizard/.carrier.SimMissingActivity (has extras)} from uid 10188
07-18 06:53:34.530  2005  2062 W ActivityManager: Slow operation: 1344ms so far, now at startProcess: done updating battery stats
07-18 06:53:34.531  2005  2062 W ActivityManager: Slow operation: 1344ms so far, now at startProcess: building log message
07-18 06:53:34.531  2005  2062 I ActivityManager: Start proc 5053:com.android.keychain/1000 for service {com.android.keychain/com.android.keychain.KeyChainService}
07-18 06:53:34.531  2005  2062 W ActivityManager: Slow operation: 1344ms so far, now at startProcess: starting to update pids map
07-18 06:53:34.545  2005  2062 W ActivityManager: Slow operation: 1359ms so far, now at startProcess: done updating pids map
07-18 06:53:34.546  2005  2062 W ActivityManager: Slow operation: 1307ms so far, now at startProcess: asking zygote to start proc
07-18 06:53:34.560  2005  2159 I ActivityTaskManager: The Process com.google.android.setupwizard Already Exists in BG. So sending its PID: 3101
07-18 06:53:34.568  2005  2062 W ActivityManager: Slow operation: 1330ms so far, now at startProcess: returned from zygote!
07-18 06:53:34.568  2005  2159 W ActivityTaskManager: Tried to set launchTime (0) < mLastActivityLaunchTime (44141)
07-18 06:53:34.572  1547  1547 I fusionconfd: getVoiceCallState: returns 0
07-18 06:53:34.576  2005  2049 D CompatibilityChangeReporter: Compat change id reported: 168419799; UID 1000; state: DISABLED
07-18 06:53:34.584  2005  2062 W ActivityManager: Slow operation: 1345ms so far, now at startProcess: done updating battery stats
07-18 06:53:34.584  2005  2062 W ActivityManager: Slow operation: 1345ms so far, now at startProcess: building log message
07-18 06:53:34.584  2005  2062 I ActivityManager: Start proc 5104:com.zebra.location/1000 for service {com.zebra.location/com.zebra.location.ZebraRttLocationService}
07-18 06:53:34.584  2005  2062 W ActivityManager: Slow operation: 1345ms so far, now at startProcess: starting to update pids map
07-18 06:53:34.584  2005  2062 W ActivityManager: Slow operation: 1346ms so far, now at startProcess: done updating pids map
07-18 06:53:34.584  2005  2062 W ActivityManager: Slow operation: 1329ms so far, now at startProcess: asking zygote to start proc
07-18 06:53:34.584  2005  2062 D CompatibilityChangeReporter: Compat change id reported: 143937733; UID 10084; state: ENABLED
07-18 06:53:34.598  2005  2062 W ActivityManager: Slow operation: 1343ms so far, now at startProcess: returned from zygote!
07-18 06:53:34.598  2005  2062 W ActivityManager: Slow operation: 1343ms so far, now at startProcess: done updating battery stats
07-18 06:53:34.598  2005  2062 W ActivityManager: Slow operation: 1343ms so far, now at startProcess: building log message
07-18 06:53:34.598  2005  2062 I ActivityManager: Start proc 5119:com.android.managedprovisioning/u0a84 for broadcast {com.android.managedprovisioning/com.android.managedprovisioning.ota.PreBootListener}
07-18 06:53:34.598  2005  2062 W ActivityManager: Slow operation: 1343ms so far, now at startProcess: starting to update pids map
07-18 06:53:34.598  2005  2062 W ActivityManager: Slow operation: 1343ms so far, now at startProcess: done updating pids map
07-18 06:53:34.598  2005  2062 W ActivityManager: Slow operation: 1042ms so far, now at startProcess: asking zygote to start proc
07-18 06:53:34.598  2005  2062 D CompatibilityChangeReporter: Compat change id reported: 143937733; UID 10198; state: ENABLED
07-18 06:53:34.606  2005  3118 D CompatibilityChangeReporter: Compat change id reported: 168419799; UID 1000; state: DISABLED
07-18 06:53:34.621  2005  2062 W ActivityManager: Slow operation: 1065ms so far, now at startProcess: returned from zygote!
07-18 06:53:34.628  2005  2160 D CompatibilityChangeReporter: Compat change id reported: 168419799; UID 10146; state: DISABLED
07-18 06:53:34.633  2005  2062 W ActivityManager: Slow operation: 1077ms so far, now at startProcess: done updating battery stats
07-18 06:53:34.633  2005  2062 W ActivityManager: Slow operation: 1077ms so far, now at startProcess: building log message
07-18 06:53:34.633  2005  2062 I ActivityManager: Start proc 5130:com.qualcomm.qti.performancemode/u0a198 for broadcast {com.qualcomm.qti.performancemode/com.qualcomm.qti.performancemode.SystemEventReceiver}
07-18 06:53:34.633  2005  2062 W ActivityManager: Slow operation: 1077ms so far, now at startProcess: starting to update pids map
